<!doctype html public "-//w3c//dtd html 4.0 transitional//en">
<html><head>
<title>Static Call Graph - [.\Objects\project.axf]</title></head>
<body><HR>
<H1>Static Call Graph for image .\Objects\project.axf</H1><HR>
<BR><P>#&#060CALLGRAPH&#062# ARM Linker, 6130100: Last Updated: Tue Jun 23 14:17:22 2020
<BR><P>
<H3>Maximum Stack Usage =        352 bytes + Unknown(Functions without stacksize, Cycles, Untraceable Function Pointers)</H3><H3>
Call chain for Maximum Stack Depth:</H3>
main &rArr; BOARD_BootClockRUN &rArr; CLOCK_SetPLL0Freq &rArr; SDK_DelayAtLeastUs &rArr; __aeabi_assert &rArr; DbgConsole_Printf &rArr;  __aeabi_assert (Cycle)
<P>
<H3>
Functions with no stack information
</H3><UL>
 <LI><a href="#[0]">Reset_Handler</a>
 <LI><a href="#[62]">ACMP_DriverIRQHandler</a>
 <LI><a href="#[60]">ADC0_DriverIRQHandler</a>
 <LI><a href="#[4]">BusFault_Handler</a>
 <LI><a href="#[81]">CASER_DriverIRQHandler</a>
 <LI><a href="#[4b]">DMA0_DriverIRQHandler</a>
 <LI><a href="#[84]">DMA1_DriverIRQHandler</a>
 <LI><a href="#[8]">DebugMon_Handler</a>
 <LI><a href="#[8b]">DefaultISR</a>
 <LI><a href="#[4c]">GINT0_DriverIRQHandler</a>
 <LI><a href="#[4d]">GINT1_DriverIRQHandler</a>
 <LI><a href="#[80]">HASHCRYPT_DriverIRQHandler</a>
 <LI><a href="#[69]">MAILBOX_DriverIRQHandler</a>
 <LI><a href="#[53]">MRT0_DriverIRQHandler</a>
 <LI><a href="#[3]">MemManage_Handler</a>
 <LI><a href="#[70]">OS_EVENT_DriverIRQHandler</a>
 <LI><a href="#[4e]">PIN_INT0_DriverIRQHandler</a>
 <LI><a href="#[4f]">PIN_INT1_DriverIRQHandler</a>
 <LI><a href="#[50]">PIN_INT2_DriverIRQHandler</a>
 <LI><a href="#[51]">PIN_INT3_DriverIRQHandler</a>
 <LI><a href="#[6a]">PIN_INT4_DriverIRQHandler</a>
 <LI><a href="#[6b]">PIN_INT5_DriverIRQHandler</a>
 <LI><a href="#[6c]">PIN_INT6_DriverIRQHandler</a>
 <LI><a href="#[6d]">PIN_INT7_DriverIRQHandler</a>
 <LI><a href="#[7e]">PLU_DriverIRQHandler</a>
 <LI><a href="#[83]">PQ_DriverIRQHandler</a>
 <LI><a href="#[82]">PUF_DriverIRQHandler</a>
 <LI><a href="#[67]">RTC_DriverIRQHandler</a>
 <LI><a href="#[61]">Reserved39_DriverIRQHandler</a>
 <LI><a href="#[63]">Reserved41_DriverIRQHandler</a>
 <LI><a href="#[64]">Reserved42_DriverIRQHandler</a>
 <LI><a href="#[68]">Reserved46_DriverIRQHandler</a>
 <LI><a href="#[71]">Reserved55_DriverIRQHandler</a>
 <LI><a href="#[72]">Reserved56_DriverIRQHandler</a>
 <LI><a href="#[73]">Reserved57_DriverIRQHandler</a>
 <LI><a href="#[75]">Reserved59_DriverIRQHandler</a>
 <LI><a href="#[76]">Reserved60_DriverIRQHandler</a>
 <LI><a href="#[77]">Reserved61_DriverIRQHandler</a>
 <LI><a href="#[56]">SCT0_DriverIRQHandler</a>
 <LI><a href="#[74]">SDIO_DriverIRQHandler</a>
 <LI><a href="#[7c]">SEC_GPIO_INT0_IRQ0_DriverIRQHandler</a>
 <LI><a href="#[7d]">SEC_GPIO_INT0_IRQ1_DriverIRQHandler</a>
 <LI><a href="#[7b]">SEC_HYPERVISOR_CALL_DriverIRQHandler</a>
 <LI><a href="#[7f]">SEC_VIO_DriverIRQHandler</a>
 <LI><a href="#[6]">SecureFault_Handler</a>
 <LI><a href="#[66]">USB0_DriverIRQHandler</a>
 <LI><a href="#[65]">USB0_NEEDCLK_DriverIRQHandler</a>
 <LI><a href="#[79]">USB1_DriverIRQHandler</a>
 <LI><a href="#[7a]">USB1_NEEDCLK_DriverIRQHandler</a>
 <LI><a href="#[78]">USB1_PHY_DriverIRQHandler</a>
 <LI><a href="#[52]">UTICK0_DriverIRQHandler</a>
 <LI><a href="#[5]">UsageFault_Handler</a>
 <LI><a href="#[4a]">WDT_BOD_DriverIRQHandler</a>
 <LI><a href="#[1]">NMI_Handler</a>
 <LI><a href="#[2]">HardFault_Handler</a>
 <LI><a href="#[b]">WDT_BOD_IRQHandler</a>
 <LI><a href="#[c]">DMA0_IRQHandler</a>
 <LI><a href="#[d]">GINT0_IRQHandler</a>
 <LI><a href="#[e]">GINT1_IRQHandler</a>
 <LI><a href="#[f]">PIN_INT0_IRQHandler</a>
 <LI><a href="#[10]">PIN_INT1_IRQHandler</a>
 <LI><a href="#[11]">PIN_INT2_IRQHandler</a>
 <LI><a href="#[12]">PIN_INT3_IRQHandler</a>
 <LI><a href="#[13]">UTICK0_IRQHandler</a>
 <LI><a href="#[14]">MRT0_IRQHandler</a>
 <LI><a href="#[15]">CTIMER0_IRQHandler</a>
 <LI><a href="#[16]">CTIMER1_IRQHandler</a>
 <LI><a href="#[17]">SCT0_IRQHandler</a>
 <LI><a href="#[18]">CTIMER3_IRQHandler</a>
 <LI><a href="#[19]">FLEXCOMM0_IRQHandler</a>
 <LI><a href="#[1a]">FLEXCOMM1_IRQHandler</a>
 <LI><a href="#[1b]">FLEXCOMM2_IRQHandler</a>
 <LI><a href="#[1c]">FLEXCOMM3_IRQHandler</a>
 <LI><a href="#[1d]">FLEXCOMM4_IRQHandler</a>
 <LI><a href="#[1e]">FLEXCOMM5_IRQHandler</a>
 <LI><a href="#[1f]">FLEXCOMM6_IRQHandler</a>
 <LI><a href="#[20]">FLEXCOMM7_IRQHandler</a>
 <LI><a href="#[21]">ADC0_IRQHandler</a>
 <LI><a href="#[22]">Reserved39_IRQHandler</a>
 <LI><a href="#[23]">ACMP_IRQHandler</a>
 <LI><a href="#[24]">Reserved41_IRQHandler</a>
 <LI><a href="#[25]">Reserved42_IRQHandler</a>
 <LI><a href="#[26]">USB0_NEEDCLK_IRQHandler</a>
 <LI><a href="#[27]">USB0_IRQHandler</a>
 <LI><a href="#[28]">RTC_IRQHandler</a>
 <LI><a href="#[29]">Reserved46_IRQHandler</a>
 <LI><a href="#[2a]">MAILBOX_IRQHandler</a>
 <LI><a href="#[2b]">PIN_INT4_IRQHandler</a>
 <LI><a href="#[2c]">PIN_INT5_IRQHandler</a>
 <LI><a href="#[2d]">PIN_INT6_IRQHandler</a>
 <LI><a href="#[2e]">PIN_INT7_IRQHandler</a>
 <LI><a href="#[2f]">CTIMER2_IRQHandler</a>
 <LI><a href="#[30]">CTIMER4_IRQHandler</a>
 <LI><a href="#[31]">OS_EVENT_IRQHandler</a>
 <LI><a href="#[32]">Reserved55_IRQHandler</a>
 <LI><a href="#[33]">Reserved56_IRQHandler</a>
 <LI><a href="#[34]">Reserved57_IRQHandler</a>
 <LI><a href="#[35]">SDIO_IRQHandler</a>
 <LI><a href="#[36]">Reserved59_IRQHandler</a>
 <LI><a href="#[37]">Reserved60_IRQHandler</a>
 <LI><a href="#[38]">Reserved61_IRQHandler</a>
 <LI><a href="#[39]">USB1_PHY_IRQHandler</a>
 <LI><a href="#[3a]">USB1_IRQHandler</a>
 <LI><a href="#[3b]">USB1_NEEDCLK_IRQHandler</a>
 <LI><a href="#[3c]">SEC_HYPERVISOR_CALL_IRQHandler</a>
 <LI><a href="#[3d]">SEC_GPIO_INT0_IRQ0_IRQHandler</a>
 <LI><a href="#[3e]">SEC_GPIO_INT0_IRQ1_IRQHandler</a>
 <LI><a href="#[3f]">PLU_IRQHandler</a>
 <LI><a href="#[40]">SEC_VIO_IRQHandler</a>
 <LI><a href="#[41]">HASHCRYPT_IRQHandler</a>
 <LI><a href="#[42]">CASER_IRQHandler</a>
 <LI><a href="#[43]">PUF_IRQHandler</a>
 <LI><a href="#[44]">PQ_IRQHandler</a>
 <LI><a href="#[45]">DMA1_IRQHandler</a>
 <LI><a href="#[46]">FLEXCOMM8_IRQHandler</a>
 <LI><a href="#[97]">POWER_SetVoltageForFreq</a>
 <LI><a href="#[b9]">lowpower_set_dcdc_power_profile</a>
 <LI><a href="#[c2]">lowpower_set_system_voltage</a>
 <LI><a href="#[ba]">lowpower_set_voltage_for_process</a>
</UL>
</UL>
<P>
<H3>
Mutually Recursive functions
</H3> <LI><a href="#[b8]">USART_WriteBlocking</a>&nbsp;&nbsp;&nbsp;&rArr;&nbsp;&nbsp;&nbsp;<a href="#[a2]">__aeabi_assert</a><BR>
 <LI><a href="#[b7]">HAL_UartSendBlocking</a>&nbsp;&nbsp;&nbsp;&rArr;&nbsp;&nbsp;&nbsp;<a href="#[a2]">__aeabi_assert</a><BR>
 <LI><a href="#[bc]">Serial_UartWrite</a>&nbsp;&nbsp;&nbsp;&rArr;&nbsp;&nbsp;&nbsp;<a href="#[a2]">__aeabi_assert</a><BR>
 <LI><a href="#[a3]">SerialManager_WriteBlocking</a>&nbsp;&nbsp;&nbsp;&rArr;&nbsp;&nbsp;&nbsp;<a href="#[a2]">__aeabi_assert</a><BR>
 <LI><a href="#[a4]">DbgConsole_Printf</a>&nbsp;&nbsp;&nbsp;&rArr;&nbsp;&nbsp;&nbsp;<a href="#[a2]">__aeabi_assert</a><BR>
</UL>
<P>
<H3>
Function Pointers
</H3><UL>
 <LI><a href="#[62]">ACMP_DriverIRQHandler</a> from startup_lpc55s69_cm33_core0.o(.text) referenced from startup_lpc55s69_cm33_core0.o(.text)
 <LI><a href="#[23]">ACMP_IRQHandler</a> from startup_lpc55s69_cm33_core0.o(.text) referenced from startup_lpc55s69_cm33_core0.o(.isr_vector)
 <LI><a href="#[60]">ADC0_DriverIRQHandler</a> from startup_lpc55s69_cm33_core0.o(.text) referenced from startup_lpc55s69_cm33_core0.o(.text)
 <LI><a href="#[21]">ADC0_IRQHandler</a> from startup_lpc55s69_cm33_core0.o(.text) referenced from startup_lpc55s69_cm33_core0.o(.isr_vector)
 <LI><a href="#[4]">BusFault_Handler</a> from startup_lpc55s69_cm33_core0.o(.text) referenced from startup_lpc55s69_cm33_core0.o(.isr_vector)
 <LI><a href="#[81]">CASER_DriverIRQHandler</a> from startup_lpc55s69_cm33_core0.o(.text) referenced from startup_lpc55s69_cm33_core0.o(.text)
 <LI><a href="#[42]">CASER_IRQHandler</a> from startup_lpc55s69_cm33_core0.o(.text) referenced from startup_lpc55s69_cm33_core0.o(.isr_vector)
 <LI><a href="#[54]">CTIMER0_DriverIRQHandler</a> from fsl_ctimer.o(.text.CTIMER0_DriverIRQHandler) referenced from startup_lpc55s69_cm33_core0.o(.text)
 <LI><a href="#[15]">CTIMER0_IRQHandler</a> from startup_lpc55s69_cm33_core0.o(.text) referenced from startup_lpc55s69_cm33_core0.o(.isr_vector)
 <LI><a href="#[55]">CTIMER1_DriverIRQHandler</a> from fsl_ctimer.o(.text.CTIMER1_DriverIRQHandler) referenced from startup_lpc55s69_cm33_core0.o(.text)
 <LI><a href="#[16]">CTIMER1_IRQHandler</a> from startup_lpc55s69_cm33_core0.o(.text) referenced from startup_lpc55s69_cm33_core0.o(.isr_vector)
 <LI><a href="#[6e]">CTIMER2_DriverIRQHandler</a> from fsl_ctimer.o(.text.CTIMER2_DriverIRQHandler) referenced from startup_lpc55s69_cm33_core0.o(.text)
 <LI><a href="#[2f]">CTIMER2_IRQHandler</a> from startup_lpc55s69_cm33_core0.o(.text) referenced from startup_lpc55s69_cm33_core0.o(.isr_vector)
 <LI><a href="#[57]">CTIMER3_DriverIRQHandler</a> from fsl_ctimer.o(.text.CTIMER3_DriverIRQHandler) referenced from startup_lpc55s69_cm33_core0.o(.text)
 <LI><a href="#[18]">CTIMER3_IRQHandler</a> from startup_lpc55s69_cm33_core0.o(.text) referenced from startup_lpc55s69_cm33_core0.o(.isr_vector)
 <LI><a href="#[6f]">CTIMER4_DriverIRQHandler</a> from fsl_ctimer.o(.text.CTIMER4_DriverIRQHandler) referenced from startup_lpc55s69_cm33_core0.o(.text)
 <LI><a href="#[30]">CTIMER4_IRQHandler</a> from startup_lpc55s69_cm33_core0.o(.text) referenced from startup_lpc55s69_cm33_core0.o(.isr_vector)
 <LI><a href="#[4b]">DMA0_DriverIRQHandler</a> from startup_lpc55s69_cm33_core0.o(.text) referenced from startup_lpc55s69_cm33_core0.o(.text)
 <LI><a href="#[c]">DMA0_IRQHandler</a> from startup_lpc55s69_cm33_core0.o(.text) referenced from startup_lpc55s69_cm33_core0.o(.isr_vector)
 <LI><a href="#[84]">DMA1_DriverIRQHandler</a> from startup_lpc55s69_cm33_core0.o(.text) referenced from startup_lpc55s69_cm33_core0.o(.text)
 <LI><a href="#[45]">DMA1_IRQHandler</a> from startup_lpc55s69_cm33_core0.o(.text) referenced from startup_lpc55s69_cm33_core0.o(.isr_vector)
 <LI><a href="#[86]">DbgConsole_PrintCallback</a> from fsl_debug_console.o(.text.DbgConsole_PrintCallback) referenced 2 times from fsl_debug_console.o(.text.DbgConsole_Printf)
 <LI><a href="#[8]">DebugMon_Handler</a> from startup_lpc55s69_cm33_core0.o(.text) referenced from startup_lpc55s69_cm33_core0.o(.isr_vector)
 <LI><a href="#[58]">FLEXCOMM0_DriverIRQHandler</a> from fsl_flexcomm.o(.text.FLEXCOMM0_DriverIRQHandler) referenced from startup_lpc55s69_cm33_core0.o(.text)
 <LI><a href="#[19]">FLEXCOMM0_IRQHandler</a> from startup_lpc55s69_cm33_core0.o(.text) referenced from startup_lpc55s69_cm33_core0.o(.isr_vector)
 <LI><a href="#[59]">FLEXCOMM1_DriverIRQHandler</a> from fsl_flexcomm.o(.text.FLEXCOMM1_DriverIRQHandler) referenced from startup_lpc55s69_cm33_core0.o(.text)
 <LI><a href="#[1a]">FLEXCOMM1_IRQHandler</a> from startup_lpc55s69_cm33_core0.o(.text) referenced from startup_lpc55s69_cm33_core0.o(.isr_vector)
 <LI><a href="#[5a]">FLEXCOMM2_DriverIRQHandler</a> from fsl_flexcomm.o(.text.FLEXCOMM2_DriverIRQHandler) referenced from startup_lpc55s69_cm33_core0.o(.text)
 <LI><a href="#[1b]">FLEXCOMM2_IRQHandler</a> from startup_lpc55s69_cm33_core0.o(.text) referenced from startup_lpc55s69_cm33_core0.o(.isr_vector)
 <LI><a href="#[5b]">FLEXCOMM3_DriverIRQHandler</a> from fsl_flexcomm.o(.text.FLEXCOMM3_DriverIRQHandler) referenced from startup_lpc55s69_cm33_core0.o(.text)
 <LI><a href="#[1c]">FLEXCOMM3_IRQHandler</a> from startup_lpc55s69_cm33_core0.o(.text) referenced from startup_lpc55s69_cm33_core0.o(.isr_vector)
 <LI><a href="#[5c]">FLEXCOMM4_DriverIRQHandler</a> from fsl_flexcomm.o(.text.FLEXCOMM4_DriverIRQHandler) referenced from startup_lpc55s69_cm33_core0.o(.text)
 <LI><a href="#[1d]">FLEXCOMM4_IRQHandler</a> from startup_lpc55s69_cm33_core0.o(.text) referenced from startup_lpc55s69_cm33_core0.o(.isr_vector)
 <LI><a href="#[5d]">FLEXCOMM5_DriverIRQHandler</a> from fsl_flexcomm.o(.text.FLEXCOMM5_DriverIRQHandler) referenced from startup_lpc55s69_cm33_core0.o(.text)
 <LI><a href="#[1e]">FLEXCOMM5_IRQHandler</a> from startup_lpc55s69_cm33_core0.o(.text) referenced from startup_lpc55s69_cm33_core0.o(.isr_vector)
 <LI><a href="#[5e]">FLEXCOMM6_DriverIRQHandler</a> from fsl_flexcomm.o(.text.FLEXCOMM6_DriverIRQHandler) referenced from startup_lpc55s69_cm33_core0.o(.text)
 <LI><a href="#[1f]">FLEXCOMM6_IRQHandler</a> from startup_lpc55s69_cm33_core0.o(.text) referenced from startup_lpc55s69_cm33_core0.o(.isr_vector)
 <LI><a href="#[5f]">FLEXCOMM7_DriverIRQHandler</a> from fsl_flexcomm.o(.text.FLEXCOMM7_DriverIRQHandler) referenced from startup_lpc55s69_cm33_core0.o(.text)
 <LI><a href="#[20]">FLEXCOMM7_IRQHandler</a> from startup_lpc55s69_cm33_core0.o(.text) referenced from startup_lpc55s69_cm33_core0.o(.isr_vector)
 <LI><a href="#[85]">FLEXCOMM8_DriverIRQHandler</a> from fsl_flexcomm.o(.text.FLEXCOMM8_DriverIRQHandler) referenced from startup_lpc55s69_cm33_core0.o(.text)
 <LI><a href="#[46]">FLEXCOMM8_IRQHandler</a> from startup_lpc55s69_cm33_core0.o(.text) referenced from startup_lpc55s69_cm33_core0.o(.isr_vector)
 <LI><a href="#[4c]">GINT0_DriverIRQHandler</a> from startup_lpc55s69_cm33_core0.o(.text) referenced from startup_lpc55s69_cm33_core0.o(.text)
 <LI><a href="#[d]">GINT0_IRQHandler</a> from startup_lpc55s69_cm33_core0.o(.text) referenced from startup_lpc55s69_cm33_core0.o(.isr_vector)
 <LI><a href="#[4d]">GINT1_DriverIRQHandler</a> from startup_lpc55s69_cm33_core0.o(.text) referenced from startup_lpc55s69_cm33_core0.o(.text)
 <LI><a href="#[e]">GINT1_IRQHandler</a> from startup_lpc55s69_cm33_core0.o(.text) referenced from startup_lpc55s69_cm33_core0.o(.isr_vector)
 <LI><a href="#[80]">HASHCRYPT_DriverIRQHandler</a> from startup_lpc55s69_cm33_core0.o(.text) referenced from startup_lpc55s69_cm33_core0.o(.text)
 <LI><a href="#[41]">HASHCRYPT_IRQHandler</a> from startup_lpc55s69_cm33_core0.o(.text) referenced from startup_lpc55s69_cm33_core0.o(.isr_vector)
 <LI><a href="#[2]">HardFault_Handler</a> from startup_lpc55s69_cm33_core0.o(.text) referenced from startup_lpc55s69_cm33_core0.o(.isr_vector)
 <LI><a href="#[2]">HardFault_Handler</a> from startup_lpc55s69_cm33_core0.o(.text) referenced from startup_lpc55s69_cm33_core0.o(.text)
 <LI><a href="#[69]">MAILBOX_DriverIRQHandler</a> from startup_lpc55s69_cm33_core0.o(.text) referenced from startup_lpc55s69_cm33_core0.o(.text)
 <LI><a href="#[2a]">MAILBOX_IRQHandler</a> from startup_lpc55s69_cm33_core0.o(.text) referenced from startup_lpc55s69_cm33_core0.o(.isr_vector)
 <LI><a href="#[53]">MRT0_DriverIRQHandler</a> from startup_lpc55s69_cm33_core0.o(.text) referenced from startup_lpc55s69_cm33_core0.o(.text)
 <LI><a href="#[14]">MRT0_IRQHandler</a> from startup_lpc55s69_cm33_core0.o(.text) referenced from startup_lpc55s69_cm33_core0.o(.isr_vector)
 <LI><a href="#[3]">MemManage_Handler</a> from startup_lpc55s69_cm33_core0.o(.text) referenced from startup_lpc55s69_cm33_core0.o(.isr_vector)
 <LI><a href="#[1]">NMI_Handler</a> from startup_lpc55s69_cm33_core0.o(.text) referenced from startup_lpc55s69_cm33_core0.o(.isr_vector)
 <LI><a href="#[1]">NMI_Handler</a> from startup_lpc55s69_cm33_core0.o(.text) referenced from startup_lpc55s69_cm33_core0.o(.text)
 <LI><a href="#[70]">OS_EVENT_DriverIRQHandler</a> from startup_lpc55s69_cm33_core0.o(.text) referenced from startup_lpc55s69_cm33_core0.o(.text)
 <LI><a href="#[31]">OS_EVENT_IRQHandler</a> from startup_lpc55s69_cm33_core0.o(.text) referenced from startup_lpc55s69_cm33_core0.o(.isr_vector)
 <LI><a href="#[4e]">PIN_INT0_DriverIRQHandler</a> from startup_lpc55s69_cm33_core0.o(.text) referenced from startup_lpc55s69_cm33_core0.o(.text)
 <LI><a href="#[f]">PIN_INT0_IRQHandler</a> from startup_lpc55s69_cm33_core0.o(.text) referenced from startup_lpc55s69_cm33_core0.o(.isr_vector)
 <LI><a href="#[4f]">PIN_INT1_DriverIRQHandler</a> from startup_lpc55s69_cm33_core0.o(.text) referenced from startup_lpc55s69_cm33_core0.o(.text)
 <LI><a href="#[10]">PIN_INT1_IRQHandler</a> from startup_lpc55s69_cm33_core0.o(.text) referenced from startup_lpc55s69_cm33_core0.o(.isr_vector)
 <LI><a href="#[50]">PIN_INT2_DriverIRQHandler</a> from startup_lpc55s69_cm33_core0.o(.text) referenced from startup_lpc55s69_cm33_core0.o(.text)
 <LI><a href="#[11]">PIN_INT2_IRQHandler</a> from startup_lpc55s69_cm33_core0.o(.text) referenced from startup_lpc55s69_cm33_core0.o(.isr_vector)
 <LI><a href="#[51]">PIN_INT3_DriverIRQHandler</a> from startup_lpc55s69_cm33_core0.o(.text) referenced from startup_lpc55s69_cm33_core0.o(.text)
 <LI><a href="#[12]">PIN_INT3_IRQHandler</a> from startup_lpc55s69_cm33_core0.o(.text) referenced from startup_lpc55s69_cm33_core0.o(.isr_vector)
 <LI><a href="#[6a]">PIN_INT4_DriverIRQHandler</a> from startup_lpc55s69_cm33_core0.o(.text) referenced from startup_lpc55s69_cm33_core0.o(.text)
 <LI><a href="#[2b]">PIN_INT4_IRQHandler</a> from startup_lpc55s69_cm33_core0.o(.text) referenced from startup_lpc55s69_cm33_core0.o(.isr_vector)
 <LI><a href="#[6b]">PIN_INT5_DriverIRQHandler</a> from startup_lpc55s69_cm33_core0.o(.text) referenced from startup_lpc55s69_cm33_core0.o(.text)
 <LI><a href="#[2c]">PIN_INT5_IRQHandler</a> from startup_lpc55s69_cm33_core0.o(.text) referenced from startup_lpc55s69_cm33_core0.o(.isr_vector)
 <LI><a href="#[6c]">PIN_INT6_DriverIRQHandler</a> from startup_lpc55s69_cm33_core0.o(.text) referenced from startup_lpc55s69_cm33_core0.o(.text)
 <LI><a href="#[2d]">PIN_INT6_IRQHandler</a> from startup_lpc55s69_cm33_core0.o(.text) referenced from startup_lpc55s69_cm33_core0.o(.isr_vector)
 <LI><a href="#[6d]">PIN_INT7_DriverIRQHandler</a> from startup_lpc55s69_cm33_core0.o(.text) referenced from startup_lpc55s69_cm33_core0.o(.text)
 <LI><a href="#[2e]">PIN_INT7_IRQHandler</a> from startup_lpc55s69_cm33_core0.o(.text) referenced from startup_lpc55s69_cm33_core0.o(.isr_vector)
 <LI><a href="#[7e]">PLU_DriverIRQHandler</a> from startup_lpc55s69_cm33_core0.o(.text) referenced from startup_lpc55s69_cm33_core0.o(.text)
 <LI><a href="#[3f]">PLU_IRQHandler</a> from startup_lpc55s69_cm33_core0.o(.text) referenced from startup_lpc55s69_cm33_core0.o(.isr_vector)
 <LI><a href="#[83]">PQ_DriverIRQHandler</a> from startup_lpc55s69_cm33_core0.o(.text) referenced from startup_lpc55s69_cm33_core0.o(.text)
 <LI><a href="#[44]">PQ_IRQHandler</a> from startup_lpc55s69_cm33_core0.o(.text) referenced from startup_lpc55s69_cm33_core0.o(.isr_vector)
 <LI><a href="#[82]">PUF_DriverIRQHandler</a> from startup_lpc55s69_cm33_core0.o(.text) referenced from startup_lpc55s69_cm33_core0.o(.text)
 <LI><a href="#[43]">PUF_IRQHandler</a> from startup_lpc55s69_cm33_core0.o(.text) referenced from startup_lpc55s69_cm33_core0.o(.isr_vector)
 <LI><a href="#[9]">PendSV_Handler</a> from portasm.o(.text.PendSV_Handler) referenced from startup_lpc55s69_cm33_core0.o(.isr_vector)
 <LI><a href="#[9]">PendSV_Handler</a> from portasm.o(.text.PendSV_Handler) referenced from startup_lpc55s69_cm33_core0.o(.text)
 <LI><a href="#[67]">RTC_DriverIRQHandler</a> from startup_lpc55s69_cm33_core0.o(.text) referenced from startup_lpc55s69_cm33_core0.o(.text)
 <LI><a href="#[28]">RTC_IRQHandler</a> from startup_lpc55s69_cm33_core0.o(.text) referenced from startup_lpc55s69_cm33_core0.o(.isr_vector)
 <LI><a href="#[61]">Reserved39_DriverIRQHandler</a> from startup_lpc55s69_cm33_core0.o(.text) referenced from startup_lpc55s69_cm33_core0.o(.text)
 <LI><a href="#[22]">Reserved39_IRQHandler</a> from startup_lpc55s69_cm33_core0.o(.text) referenced from startup_lpc55s69_cm33_core0.o(.isr_vector)
 <LI><a href="#[63]">Reserved41_DriverIRQHandler</a> from startup_lpc55s69_cm33_core0.o(.text) referenced from startup_lpc55s69_cm33_core0.o(.text)
 <LI><a href="#[24]">Reserved41_IRQHandler</a> from startup_lpc55s69_cm33_core0.o(.text) referenced from startup_lpc55s69_cm33_core0.o(.isr_vector)
 <LI><a href="#[64]">Reserved42_DriverIRQHandler</a> from startup_lpc55s69_cm33_core0.o(.text) referenced from startup_lpc55s69_cm33_core0.o(.text)
 <LI><a href="#[25]">Reserved42_IRQHandler</a> from startup_lpc55s69_cm33_core0.o(.text) referenced from startup_lpc55s69_cm33_core0.o(.isr_vector)
 <LI><a href="#[68]">Reserved46_DriverIRQHandler</a> from startup_lpc55s69_cm33_core0.o(.text) referenced from startup_lpc55s69_cm33_core0.o(.text)
 <LI><a href="#[29]">Reserved46_IRQHandler</a> from startup_lpc55s69_cm33_core0.o(.text) referenced from startup_lpc55s69_cm33_core0.o(.isr_vector)
 <LI><a href="#[71]">Reserved55_DriverIRQHandler</a> from startup_lpc55s69_cm33_core0.o(.text) referenced from startup_lpc55s69_cm33_core0.o(.text)
 <LI><a href="#[32]">Reserved55_IRQHandler</a> from startup_lpc55s69_cm33_core0.o(.text) referenced from startup_lpc55s69_cm33_core0.o(.isr_vector)
 <LI><a href="#[72]">Reserved56_DriverIRQHandler</a> from startup_lpc55s69_cm33_core0.o(.text) referenced from startup_lpc55s69_cm33_core0.o(.text)
 <LI><a href="#[33]">Reserved56_IRQHandler</a> from startup_lpc55s69_cm33_core0.o(.text) referenced from startup_lpc55s69_cm33_core0.o(.isr_vector)
 <LI><a href="#[73]">Reserved57_DriverIRQHandler</a> from startup_lpc55s69_cm33_core0.o(.text) referenced from startup_lpc55s69_cm33_core0.o(.text)
 <LI><a href="#[34]">Reserved57_IRQHandler</a> from startup_lpc55s69_cm33_core0.o(.text) referenced from startup_lpc55s69_cm33_core0.o(.isr_vector)
 <LI><a href="#[75]">Reserved59_DriverIRQHandler</a> from startup_lpc55s69_cm33_core0.o(.text) referenced from startup_lpc55s69_cm33_core0.o(.text)
 <LI><a href="#[36]">Reserved59_IRQHandler</a> from startup_lpc55s69_cm33_core0.o(.text) referenced from startup_lpc55s69_cm33_core0.o(.isr_vector)
 <LI><a href="#[76]">Reserved60_DriverIRQHandler</a> from startup_lpc55s69_cm33_core0.o(.text) referenced from startup_lpc55s69_cm33_core0.o(.text)
 <LI><a href="#[37]">Reserved60_IRQHandler</a> from startup_lpc55s69_cm33_core0.o(.text) referenced from startup_lpc55s69_cm33_core0.o(.isr_vector)
 <LI><a href="#[77]">Reserved61_DriverIRQHandler</a> from startup_lpc55s69_cm33_core0.o(.text) referenced from startup_lpc55s69_cm33_core0.o(.text)
 <LI><a href="#[38]">Reserved61_IRQHandler</a> from startup_lpc55s69_cm33_core0.o(.text) referenced from startup_lpc55s69_cm33_core0.o(.isr_vector)
 <LI><a href="#[0]">Reset_Handler</a> from startup_lpc55s69_cm33_core0.o(.text) referenced from startup_lpc55s69_cm33_core0.o(.isr_vector)
 <LI><a href="#[56]">SCT0_DriverIRQHandler</a> from startup_lpc55s69_cm33_core0.o(.text) referenced from startup_lpc55s69_cm33_core0.o(.text)
 <LI><a href="#[17]">SCT0_IRQHandler</a> from startup_lpc55s69_cm33_core0.o(.text) referenced from startup_lpc55s69_cm33_core0.o(.isr_vector)
 <LI><a href="#[74]">SDIO_DriverIRQHandler</a> from startup_lpc55s69_cm33_core0.o(.text) referenced from startup_lpc55s69_cm33_core0.o(.text)
 <LI><a href="#[35]">SDIO_IRQHandler</a> from startup_lpc55s69_cm33_core0.o(.text) referenced from startup_lpc55s69_cm33_core0.o(.isr_vector)
 <LI><a href="#[7c]">SEC_GPIO_INT0_IRQ0_DriverIRQHandler</a> from startup_lpc55s69_cm33_core0.o(.text) referenced from startup_lpc55s69_cm33_core0.o(.text)
 <LI><a href="#[3d]">SEC_GPIO_INT0_IRQ0_IRQHandler</a> from startup_lpc55s69_cm33_core0.o(.text) referenced from startup_lpc55s69_cm33_core0.o(.isr_vector)
 <LI><a href="#[7d]">SEC_GPIO_INT0_IRQ1_DriverIRQHandler</a> from startup_lpc55s69_cm33_core0.o(.text) referenced from startup_lpc55s69_cm33_core0.o(.text)
 <LI><a href="#[3e]">SEC_GPIO_INT0_IRQ1_IRQHandler</a> from startup_lpc55s69_cm33_core0.o(.text) referenced from startup_lpc55s69_cm33_core0.o(.isr_vector)
 <LI><a href="#[7b]">SEC_HYPERVISOR_CALL_DriverIRQHandler</a> from startup_lpc55s69_cm33_core0.o(.text) referenced from startup_lpc55s69_cm33_core0.o(.text)
 <LI><a href="#[3c]">SEC_HYPERVISOR_CALL_IRQHandler</a> from startup_lpc55s69_cm33_core0.o(.text) referenced from startup_lpc55s69_cm33_core0.o(.isr_vector)
 <LI><a href="#[7f]">SEC_VIO_DriverIRQHandler</a> from startup_lpc55s69_cm33_core0.o(.text) referenced from startup_lpc55s69_cm33_core0.o(.text)
 <LI><a href="#[40]">SEC_VIO_IRQHandler</a> from startup_lpc55s69_cm33_core0.o(.text) referenced from startup_lpc55s69_cm33_core0.o(.isr_vector)
 <LI><a href="#[7]">SVC_Handler</a> from portasm.o(.text.SVC_Handler) referenced from startup_lpc55s69_cm33_core0.o(.isr_vector)
 <LI><a href="#[7]">SVC_Handler</a> from portasm.o(.text.SVC_Handler) referenced from startup_lpc55s69_cm33_core0.o(.text)
 <LI><a href="#[6]">SecureFault_Handler</a> from startup_lpc55s69_cm33_core0.o(.text) referenced from startup_lpc55s69_cm33_core0.o(.isr_vector)
 <LI><a href="#[a]">SysTick_Handler</a> from port.o(.text.SysTick_Handler) referenced from startup_lpc55s69_cm33_core0.o(.isr_vector)
 <LI><a href="#[a]">SysTick_Handler</a> from port.o(.text.SysTick_Handler) referenced from startup_lpc55s69_cm33_core0.o(.text)
 <LI><a href="#[48]">SystemInit</a> from system_lpc55s69_cm33_core0.o(.text.SystemInit) referenced from startup_lpc55s69_cm33_core0.o(.text)
 <LI><a href="#[66]">USB0_DriverIRQHandler</a> from startup_lpc55s69_cm33_core0.o(.text) referenced from startup_lpc55s69_cm33_core0.o(.text)
 <LI><a href="#[27]">USB0_IRQHandler</a> from startup_lpc55s69_cm33_core0.o(.text) referenced from startup_lpc55s69_cm33_core0.o(.isr_vector)
 <LI><a href="#[65]">USB0_NEEDCLK_DriverIRQHandler</a> from startup_lpc55s69_cm33_core0.o(.text) referenced from startup_lpc55s69_cm33_core0.o(.text)
 <LI><a href="#[26]">USB0_NEEDCLK_IRQHandler</a> from startup_lpc55s69_cm33_core0.o(.text) referenced from startup_lpc55s69_cm33_core0.o(.isr_vector)
 <LI><a href="#[79]">USB1_DriverIRQHandler</a> from startup_lpc55s69_cm33_core0.o(.text) referenced from startup_lpc55s69_cm33_core0.o(.text)
 <LI><a href="#[3a]">USB1_IRQHandler</a> from startup_lpc55s69_cm33_core0.o(.text) referenced from startup_lpc55s69_cm33_core0.o(.isr_vector)
 <LI><a href="#[7a]">USB1_NEEDCLK_DriverIRQHandler</a> from startup_lpc55s69_cm33_core0.o(.text) referenced from startup_lpc55s69_cm33_core0.o(.text)
 <LI><a href="#[3b]">USB1_NEEDCLK_IRQHandler</a> from startup_lpc55s69_cm33_core0.o(.text) referenced from startup_lpc55s69_cm33_core0.o(.isr_vector)
 <LI><a href="#[78]">USB1_PHY_DriverIRQHandler</a> from startup_lpc55s69_cm33_core0.o(.text) referenced from startup_lpc55s69_cm33_core0.o(.text)
 <LI><a href="#[39]">USB1_PHY_IRQHandler</a> from startup_lpc55s69_cm33_core0.o(.text) referenced from startup_lpc55s69_cm33_core0.o(.isr_vector)
 <LI><a href="#[52]">UTICK0_DriverIRQHandler</a> from startup_lpc55s69_cm33_core0.o(.text) referenced from startup_lpc55s69_cm33_core0.o(.text)
 <LI><a href="#[13]">UTICK0_IRQHandler</a> from startup_lpc55s69_cm33_core0.o(.text) referenced from startup_lpc55s69_cm33_core0.o(.isr_vector)
 <LI><a href="#[5]">UsageFault_Handler</a> from startup_lpc55s69_cm33_core0.o(.text) referenced from startup_lpc55s69_cm33_core0.o(.isr_vector)
 <LI><a href="#[4a]">WDT_BOD_DriverIRQHandler</a> from startup_lpc55s69_cm33_core0.o(.text) referenced from startup_lpc55s69_cm33_core0.o(.text)
 <LI><a href="#[b]">WDT_BOD_IRQHandler</a> from startup_lpc55s69_cm33_core0.o(.text) referenced from startup_lpc55s69_cm33_core0.o(.isr_vector)
 <LI><a href="#[49]">__main</a> from entry.o(.ARM.Collect$$$$00000000) referenced from startup_lpc55s69_cm33_core0.o(.text)
 <LI><a href="#[88]">fputc</a> from retarget_io.o(.text.fputc) referenced from printfb.o(i.__0printf$bare)
 <LI><a href="#[47]">main</a> from main.o(.text.main) referenced from entry9a.o(.ARM.Collect$$$$0000000B)
 <LI><a href="#[87]">vPortSVCHandler_C</a> from port.o(.text.vPortSVCHandler_C) referenced from portasm.o(.text.SVC_Handler)
</UL>
<P>
<H3>
Global Symbols
</H3>
<P><STRONG><a name="[49]"></a>__main</STRONG> (Thumb, 0 bytes, Stack size unknown bytes, entry.o(.ARM.Collect$$$$00000000))
<BR>[Address Reference Count : 1]<UL><LI> startup_lpc55s69_cm33_core0.o(.text)
</UL>
<P><STRONG><a name="[ca]"></a>_main_stk</STRONG> (Thumb, 0 bytes, Stack size unknown bytes, entry4.o(.ARM.Collect$$$$00000003))

<P><STRONG><a name="[89]"></a>_main_scatterload</STRONG> (Thumb, 0 bytes, Stack size unknown bytes, entry5.o(.ARM.Collect$$$$00000004))
<BR><BR>[Calls]<UL><LI><a href="#[8a]">&gt;&gt;</a>&nbsp;&nbsp;&nbsp;__scatterload
</UL>

<P><STRONG><a name="[92]"></a>__main_after_scatterload</STRONG> (Thumb, 0 bytes, Stack size unknown bytes, entry5.o(.ARM.Collect$$$$00000004))
<BR><BR>[Called By]<UL><LI><a href="#[8a]">&gt;&gt;</a>&nbsp;&nbsp;&nbsp;__scatterload
</UL>

<P><STRONG><a name="[cb]"></a>_main_clock</STRONG> (Thumb, 0 bytes, Stack size unknown bytes, entry7b.o(.ARM.Collect$$$$00000008))

<P><STRONG><a name="[cc]"></a>_main_cpp_init</STRONG> (Thumb, 0 bytes, Stack size unknown bytes, entry8b.o(.ARM.Collect$$$$0000000A))

<P><STRONG><a name="[cd]"></a>_main_init</STRONG> (Thumb, 0 bytes, Stack size unknown bytes, entry9a.o(.ARM.Collect$$$$0000000B))

<P><STRONG><a name="[ce]"></a>__rt_final_cpp</STRONG> (Thumb, 0 bytes, Stack size unknown bytes, entry10a.o(.ARM.Collect$$$$0000000D))

<P><STRONG><a name="[cf]"></a>__rt_final_exit</STRONG> (Thumb, 0 bytes, Stack size unknown bytes, entry11a.o(.ARM.Collect$$$$0000000F))

<P><STRONG><a name="[0]"></a>Reset_Handler</STRONG> (Thumb, 32 bytes, Stack size unknown bytes, startup_lpc55s69_cm33_core0.o(.text))
<BR>[Address Reference Count : 1]<UL><LI> startup_lpc55s69_cm33_core0.o(.isr_vector)
</UL>
<P><STRONG><a name="[62]"></a>ACMP_DriverIRQHandler</STRONG> (Thumb, 4 bytes, Stack size unknown bytes, startup_lpc55s69_cm33_core0.o(.text))
<BR><BR>[Calls]<UL><LI><a href="#[8b]">&gt;&gt;</a>&nbsp;&nbsp;&nbsp;DefaultISR
</UL>
<BR>[Address Reference Count : 1]<UL><LI> startup_lpc55s69_cm33_core0.o(.text)
</UL>
<P><STRONG><a name="[60]"></a>ADC0_DriverIRQHandler</STRONG> (Thumb, 4 bytes, Stack size unknown bytes, startup_lpc55s69_cm33_core0.o(.text))
<BR>[Address Reference Count : 1]<UL><LI> startup_lpc55s69_cm33_core0.o(.text)
</UL>
<P><STRONG><a name="[4]"></a>BusFault_Handler</STRONG> (Thumb, 4 bytes, Stack size unknown bytes, startup_lpc55s69_cm33_core0.o(.text))
<BR>[Address Reference Count : 1]<UL><LI> startup_lpc55s69_cm33_core0.o(.isr_vector)
</UL>
<P><STRONG><a name="[81]"></a>CASER_DriverIRQHandler</STRONG> (Thumb, 4 bytes, Stack size unknown bytes, startup_lpc55s69_cm33_core0.o(.text))
<BR>[Address Reference Count : 1]<UL><LI> startup_lpc55s69_cm33_core0.o(.text)
</UL>
<P><STRONG><a name="[4b]"></a>DMA0_DriverIRQHandler</STRONG> (Thumb, 4 bytes, Stack size unknown bytes, startup_lpc55s69_cm33_core0.o(.text))
<BR>[Address Reference Count : 1]<UL><LI> startup_lpc55s69_cm33_core0.o(.text)
</UL>
<P><STRONG><a name="[84]"></a>DMA1_DriverIRQHandler</STRONG> (Thumb, 4 bytes, Stack size unknown bytes, startup_lpc55s69_cm33_core0.o(.text))
<BR>[Address Reference Count : 1]<UL><LI> startup_lpc55s69_cm33_core0.o(.text)
</UL>
<P><STRONG><a name="[8]"></a>DebugMon_Handler</STRONG> (Thumb, 4 bytes, Stack size unknown bytes, startup_lpc55s69_cm33_core0.o(.text))
<BR>[Address Reference Count : 1]<UL><LI> startup_lpc55s69_cm33_core0.o(.isr_vector)
</UL>
<P><STRONG><a name="[8b]"></a>DefaultISR</STRONG> (Thumb, 4 bytes, Stack size unknown bytes, startup_lpc55s69_cm33_core0.o(.text))
<BR><BR>[Called By]<UL><LI><a href="#[62]">&gt;&gt;</a>&nbsp;&nbsp;&nbsp;ACMP_DriverIRQHandler
</UL>

<P><STRONG><a name="[4c]"></a>GINT0_DriverIRQHandler</STRONG> (Thumb, 4 bytes, Stack size unknown bytes, startup_lpc55s69_cm33_core0.o(.text))
<BR>[Address Reference Count : 1]<UL><LI> startup_lpc55s69_cm33_core0.o(.text)
</UL>
<P><STRONG><a name="[4d]"></a>GINT1_DriverIRQHandler</STRONG> (Thumb, 4 bytes, Stack size unknown bytes, startup_lpc55s69_cm33_core0.o(.text))
<BR>[Address Reference Count : 1]<UL><LI> startup_lpc55s69_cm33_core0.o(.text)
</UL>
<P><STRONG><a name="[80]"></a>HASHCRYPT_DriverIRQHandler</STRONG> (Thumb, 4 bytes, Stack size unknown bytes, startup_lpc55s69_cm33_core0.o(.text))
<BR>[Address Reference Count : 1]<UL><LI> startup_lpc55s69_cm33_core0.o(.text)
</UL>
<P><STRONG><a name="[69]"></a>MAILBOX_DriverIRQHandler</STRONG> (Thumb, 4 bytes, Stack size unknown bytes, startup_lpc55s69_cm33_core0.o(.text))
<BR>[Address Reference Count : 1]<UL><LI> startup_lpc55s69_cm33_core0.o(.text)
</UL>
<P><STRONG><a name="[53]"></a>MRT0_DriverIRQHandler</STRONG> (Thumb, 4 bytes, Stack size unknown bytes, startup_lpc55s69_cm33_core0.o(.text))
<BR>[Address Reference Count : 1]<UL><LI> startup_lpc55s69_cm33_core0.o(.text)
</UL>
<P><STRONG><a name="[3]"></a>MemManage_Handler</STRONG> (Thumb, 4 bytes, Stack size unknown bytes, startup_lpc55s69_cm33_core0.o(.text))
<BR>[Address Reference Count : 1]<UL><LI> startup_lpc55s69_cm33_core0.o(.isr_vector)
</UL>
<P><STRONG><a name="[70]"></a>OS_EVENT_DriverIRQHandler</STRONG> (Thumb, 4 bytes, Stack size unknown bytes, startup_lpc55s69_cm33_core0.o(.text))
<BR>[Address Reference Count : 1]<UL><LI> startup_lpc55s69_cm33_core0.o(.text)
</UL>
<P><STRONG><a name="[4e]"></a>PIN_INT0_DriverIRQHandler</STRONG> (Thumb, 4 bytes, Stack size unknown bytes, startup_lpc55s69_cm33_core0.o(.text))
<BR>[Address Reference Count : 1]<UL><LI> startup_lpc55s69_cm33_core0.o(.text)
</UL>
<P><STRONG><a name="[4f]"></a>PIN_INT1_DriverIRQHandler</STRONG> (Thumb, 4 bytes, Stack size unknown bytes, startup_lpc55s69_cm33_core0.o(.text))
<BR>[Address Reference Count : 1]<UL><LI> startup_lpc55s69_cm33_core0.o(.text)
</UL>
<P><STRONG><a name="[50]"></a>PIN_INT2_DriverIRQHandler</STRONG> (Thumb, 4 bytes, Stack size unknown bytes, startup_lpc55s69_cm33_core0.o(.text))
<BR>[Address Reference Count : 1]<UL><LI> startup_lpc55s69_cm33_core0.o(.text)
</UL>
<P><STRONG><a name="[51]"></a>PIN_INT3_DriverIRQHandler</STRONG> (Thumb, 4 bytes, Stack size unknown bytes, startup_lpc55s69_cm33_core0.o(.text))
<BR>[Address Reference Count : 1]<UL><LI> startup_lpc55s69_cm33_core0.o(.text)
</UL>
<P><STRONG><a name="[6a]"></a>PIN_INT4_DriverIRQHandler</STRONG> (Thumb, 4 bytes, Stack size unknown bytes, startup_lpc55s69_cm33_core0.o(.text))
<BR>[Address Reference Count : 1]<UL><LI> startup_lpc55s69_cm33_core0.o(.text)
</UL>
<P><STRONG><a name="[6b]"></a>PIN_INT5_DriverIRQHandler</STRONG> (Thumb, 4 bytes, Stack size unknown bytes, startup_lpc55s69_cm33_core0.o(.text))
<BR>[Address Reference Count : 1]<UL><LI> startup_lpc55s69_cm33_core0.o(.text)
</UL>
<P><STRONG><a name="[6c]"></a>PIN_INT6_DriverIRQHandler</STRONG> (Thumb, 4 bytes, Stack size unknown bytes, startup_lpc55s69_cm33_core0.o(.text))
<BR>[Address Reference Count : 1]<UL><LI> startup_lpc55s69_cm33_core0.o(.text)
</UL>
<P><STRONG><a name="[6d]"></a>PIN_INT7_DriverIRQHandler</STRONG> (Thumb, 4 bytes, Stack size unknown bytes, startup_lpc55s69_cm33_core0.o(.text))
<BR>[Address Reference Count : 1]<UL><LI> startup_lpc55s69_cm33_core0.o(.text)
</UL>
<P><STRONG><a name="[7e]"></a>PLU_DriverIRQHandler</STRONG> (Thumb, 4 bytes, Stack size unknown bytes, startup_lpc55s69_cm33_core0.o(.text))
<BR>[Address Reference Count : 1]<UL><LI> startup_lpc55s69_cm33_core0.o(.text)
</UL>
<P><STRONG><a name="[83]"></a>PQ_DriverIRQHandler</STRONG> (Thumb, 4 bytes, Stack size unknown bytes, startup_lpc55s69_cm33_core0.o(.text))
<BR>[Address Reference Count : 1]<UL><LI> startup_lpc55s69_cm33_core0.o(.text)
</UL>
<P><STRONG><a name="[82]"></a>PUF_DriverIRQHandler</STRONG> (Thumb, 4 bytes, Stack size unknown bytes, startup_lpc55s69_cm33_core0.o(.text))
<BR>[Address Reference Count : 1]<UL><LI> startup_lpc55s69_cm33_core0.o(.text)
</UL>
<P><STRONG><a name="[67]"></a>RTC_DriverIRQHandler</STRONG> (Thumb, 4 bytes, Stack size unknown bytes, startup_lpc55s69_cm33_core0.o(.text))
<BR>[Address Reference Count : 1]<UL><LI> startup_lpc55s69_cm33_core0.o(.text)
</UL>
<P><STRONG><a name="[61]"></a>Reserved39_DriverIRQHandler</STRONG> (Thumb, 4 bytes, Stack size unknown bytes, startup_lpc55s69_cm33_core0.o(.text))
<BR>[Address Reference Count : 1]<UL><LI> startup_lpc55s69_cm33_core0.o(.text)
</UL>
<P><STRONG><a name="[63]"></a>Reserved41_DriverIRQHandler</STRONG> (Thumb, 4 bytes, Stack size unknown bytes, startup_lpc55s69_cm33_core0.o(.text))
<BR>[Address Reference Count : 1]<UL><LI> startup_lpc55s69_cm33_core0.o(.text)
</UL>
<P><STRONG><a name="[64]"></a>Reserved42_DriverIRQHandler</STRONG> (Thumb, 4 bytes, Stack size unknown bytes, startup_lpc55s69_cm33_core0.o(.text))
<BR>[Address Reference Count : 1]<UL><LI> startup_lpc55s69_cm33_core0.o(.text)
</UL>
<P><STRONG><a name="[68]"></a>Reserved46_DriverIRQHandler</STRONG> (Thumb, 4 bytes, Stack size unknown bytes, startup_lpc55s69_cm33_core0.o(.text))
<BR>[Address Reference Count : 1]<UL><LI> startup_lpc55s69_cm33_core0.o(.text)
</UL>
<P><STRONG><a name="[71]"></a>Reserved55_DriverIRQHandler</STRONG> (Thumb, 4 bytes, Stack size unknown bytes, startup_lpc55s69_cm33_core0.o(.text))
<BR>[Address Reference Count : 1]<UL><LI> startup_lpc55s69_cm33_core0.o(.text)
</UL>
<P><STRONG><a name="[72]"></a>Reserved56_DriverIRQHandler</STRONG> (Thumb, 4 bytes, Stack size unknown bytes, startup_lpc55s69_cm33_core0.o(.text))
<BR>[Address Reference Count : 1]<UL><LI> startup_lpc55s69_cm33_core0.o(.text)
</UL>
<P><STRONG><a name="[73]"></a>Reserved57_DriverIRQHandler</STRONG> (Thumb, 4 bytes, Stack size unknown bytes, startup_lpc55s69_cm33_core0.o(.text))
<BR>[Address Reference Count : 1]<UL><LI> startup_lpc55s69_cm33_core0.o(.text)
</UL>
<P><STRONG><a name="[75]"></a>Reserved59_DriverIRQHandler</STRONG> (Thumb, 4 bytes, Stack size unknown bytes, startup_lpc55s69_cm33_core0.o(.text))
<BR>[Address Reference Count : 1]<UL><LI> startup_lpc55s69_cm33_core0.o(.text)
</UL>
<P><STRONG><a name="[76]"></a>Reserved60_DriverIRQHandler</STRONG> (Thumb, 4 bytes, Stack size unknown bytes, startup_lpc55s69_cm33_core0.o(.text))
<BR>[Address Reference Count : 1]<UL><LI> startup_lpc55s69_cm33_core0.o(.text)
</UL>
<P><STRONG><a name="[77]"></a>Reserved61_DriverIRQHandler</STRONG> (Thumb, 4 bytes, Stack size unknown bytes, startup_lpc55s69_cm33_core0.o(.text))
<BR>[Address Reference Count : 1]<UL><LI> startup_lpc55s69_cm33_core0.o(.text)
</UL>
<P><STRONG><a name="[56]"></a>SCT0_DriverIRQHandler</STRONG> (Thumb, 4 bytes, Stack size unknown bytes, startup_lpc55s69_cm33_core0.o(.text))
<BR>[Address Reference Count : 1]<UL><LI> startup_lpc55s69_cm33_core0.o(.text)
</UL>
<P><STRONG><a name="[74]"></a>SDIO_DriverIRQHandler</STRONG> (Thumb, 4 bytes, Stack size unknown bytes, startup_lpc55s69_cm33_core0.o(.text))
<BR>[Address Reference Count : 1]<UL><LI> startup_lpc55s69_cm33_core0.o(.text)
</UL>
<P><STRONG><a name="[7c]"></a>SEC_GPIO_INT0_IRQ0_DriverIRQHandler</STRONG> (Thumb, 4 bytes, Stack size unknown bytes, startup_lpc55s69_cm33_core0.o(.text))
<BR>[Address Reference Count : 1]<UL><LI> startup_lpc55s69_cm33_core0.o(.text)
</UL>
<P><STRONG><a name="[7d]"></a>SEC_GPIO_INT0_IRQ1_DriverIRQHandler</STRONG> (Thumb, 4 bytes, Stack size unknown bytes, startup_lpc55s69_cm33_core0.o(.text))
<BR>[Address Reference Count : 1]<UL><LI> startup_lpc55s69_cm33_core0.o(.text)
</UL>
<P><STRONG><a name="[7b]"></a>SEC_HYPERVISOR_CALL_DriverIRQHandler</STRONG> (Thumb, 4 bytes, Stack size unknown bytes, startup_lpc55s69_cm33_core0.o(.text))
<BR>[Address Reference Count : 1]<UL><LI> startup_lpc55s69_cm33_core0.o(.text)
</UL>
<P><STRONG><a name="[7f]"></a>SEC_VIO_DriverIRQHandler</STRONG> (Thumb, 4 bytes, Stack size unknown bytes, startup_lpc55s69_cm33_core0.o(.text))
<BR>[Address Reference Count : 1]<UL><LI> startup_lpc55s69_cm33_core0.o(.text)
</UL>
<P><STRONG><a name="[6]"></a>SecureFault_Handler</STRONG> (Thumb, 4 bytes, Stack size unknown bytes, startup_lpc55s69_cm33_core0.o(.text))
<BR>[Address Reference Count : 1]<UL><LI> startup_lpc55s69_cm33_core0.o(.isr_vector)
</UL>
<P><STRONG><a name="[66]"></a>USB0_DriverIRQHandler</STRONG> (Thumb, 4 bytes, Stack size unknown bytes, startup_lpc55s69_cm33_core0.o(.text))
<BR>[Address Reference Count : 1]<UL><LI> startup_lpc55s69_cm33_core0.o(.text)
</UL>
<P><STRONG><a name="[65]"></a>USB0_NEEDCLK_DriverIRQHandler</STRONG> (Thumb, 4 bytes, Stack size unknown bytes, startup_lpc55s69_cm33_core0.o(.text))
<BR>[Address Reference Count : 1]<UL><LI> startup_lpc55s69_cm33_core0.o(.text)
</UL>
<P><STRONG><a name="[79]"></a>USB1_DriverIRQHandler</STRONG> (Thumb, 4 bytes, Stack size unknown bytes, startup_lpc55s69_cm33_core0.o(.text))
<BR>[Address Reference Count : 1]<UL><LI> startup_lpc55s69_cm33_core0.o(.text)
</UL>
<P><STRONG><a name="[7a]"></a>USB1_NEEDCLK_DriverIRQHandler</STRONG> (Thumb, 4 bytes, Stack size unknown bytes, startup_lpc55s69_cm33_core0.o(.text))
<BR>[Address Reference Count : 1]<UL><LI> startup_lpc55s69_cm33_core0.o(.text)
</UL>
<P><STRONG><a name="[78]"></a>USB1_PHY_DriverIRQHandler</STRONG> (Thumb, 4 bytes, Stack size unknown bytes, startup_lpc55s69_cm33_core0.o(.text))
<BR>[Address Reference Count : 1]<UL><LI> startup_lpc55s69_cm33_core0.o(.text)
</UL>
<P><STRONG><a name="[52]"></a>UTICK0_DriverIRQHandler</STRONG> (Thumb, 4 bytes, Stack size unknown bytes, startup_lpc55s69_cm33_core0.o(.text))
<BR>[Address Reference Count : 1]<UL><LI> startup_lpc55s69_cm33_core0.o(.text)
</UL>
<P><STRONG><a name="[5]"></a>UsageFault_Handler</STRONG> (Thumb, 4 bytes, Stack size unknown bytes, startup_lpc55s69_cm33_core0.o(.text))
<BR>[Address Reference Count : 1]<UL><LI> startup_lpc55s69_cm33_core0.o(.isr_vector)
</UL>
<P><STRONG><a name="[4a]"></a>WDT_BOD_DriverIRQHandler</STRONG> (Thumb, 4 bytes, Stack size unknown bytes, startup_lpc55s69_cm33_core0.o(.text))
<BR>[Address Reference Count : 1]<UL><LI> startup_lpc55s69_cm33_core0.o(.text)
</UL>
<P><STRONG><a name="[1]"></a>NMI_Handler</STRONG> (Thumb, 4 bytes, Stack size unknown bytes, startup_lpc55s69_cm33_core0.o(.text))
<BR>[Address Reference Count : 2]<UL><LI> startup_lpc55s69_cm33_core0.o(.text)
<LI> startup_lpc55s69_cm33_core0.o(.isr_vector)
</UL>
<P><STRONG><a name="[2]"></a>HardFault_Handler</STRONG> (Thumb, 4 bytes, Stack size unknown bytes, startup_lpc55s69_cm33_core0.o(.text))
<BR>[Address Reference Count : 2]<UL><LI> startup_lpc55s69_cm33_core0.o(.text)
<LI> startup_lpc55s69_cm33_core0.o(.isr_vector)
</UL>
<P><STRONG><a name="[b]"></a>WDT_BOD_IRQHandler</STRONG> (Thumb, 4 bytes, Stack size unknown bytes, startup_lpc55s69_cm33_core0.o(.text))
<BR>[Address Reference Count : 1]<UL><LI> startup_lpc55s69_cm33_core0.o(.isr_vector)
</UL>
<P><STRONG><a name="[c]"></a>DMA0_IRQHandler</STRONG> (Thumb, 4 bytes, Stack size unknown bytes, startup_lpc55s69_cm33_core0.o(.text))
<BR>[Address Reference Count : 1]<UL><LI> startup_lpc55s69_cm33_core0.o(.isr_vector)
</UL>
<P><STRONG><a name="[d]"></a>GINT0_IRQHandler</STRONG> (Thumb, 4 bytes, Stack size unknown bytes, startup_lpc55s69_cm33_core0.o(.text))
<BR>[Address Reference Count : 1]<UL><LI> startup_lpc55s69_cm33_core0.o(.isr_vector)
</UL>
<P><STRONG><a name="[e]"></a>GINT1_IRQHandler</STRONG> (Thumb, 4 bytes, Stack size unknown bytes, startup_lpc55s69_cm33_core0.o(.text))
<BR>[Address Reference Count : 1]<UL><LI> startup_lpc55s69_cm33_core0.o(.isr_vector)
</UL>
<P><STRONG><a name="[f]"></a>PIN_INT0_IRQHandler</STRONG> (Thumb, 4 bytes, Stack size unknown bytes, startup_lpc55s69_cm33_core0.o(.text))
<BR>[Address Reference Count : 1]<UL><LI> startup_lpc55s69_cm33_core0.o(.isr_vector)
</UL>
<P><STRONG><a name="[10]"></a>PIN_INT1_IRQHandler</STRONG> (Thumb, 4 bytes, Stack size unknown bytes, startup_lpc55s69_cm33_core0.o(.text))
<BR>[Address Reference Count : 1]<UL><LI> startup_lpc55s69_cm33_core0.o(.isr_vector)
</UL>
<P><STRONG><a name="[11]"></a>PIN_INT2_IRQHandler</STRONG> (Thumb, 4 bytes, Stack size unknown bytes, startup_lpc55s69_cm33_core0.o(.text))
<BR>[Address Reference Count : 1]<UL><LI> startup_lpc55s69_cm33_core0.o(.isr_vector)
</UL>
<P><STRONG><a name="[12]"></a>PIN_INT3_IRQHandler</STRONG> (Thumb, 4 bytes, Stack size unknown bytes, startup_lpc55s69_cm33_core0.o(.text))
<BR>[Address Reference Count : 1]<UL><LI> startup_lpc55s69_cm33_core0.o(.isr_vector)
</UL>
<P><STRONG><a name="[13]"></a>UTICK0_IRQHandler</STRONG> (Thumb, 4 bytes, Stack size unknown bytes, startup_lpc55s69_cm33_core0.o(.text))
<BR>[Address Reference Count : 1]<UL><LI> startup_lpc55s69_cm33_core0.o(.isr_vector)
</UL>
<P><STRONG><a name="[14]"></a>MRT0_IRQHandler</STRONG> (Thumb, 4 bytes, Stack size unknown bytes, startup_lpc55s69_cm33_core0.o(.text))
<BR>[Address Reference Count : 1]<UL><LI> startup_lpc55s69_cm33_core0.o(.isr_vector)
</UL>
<P><STRONG><a name="[15]"></a>CTIMER0_IRQHandler</STRONG> (Thumb, 4 bytes, Stack size unknown bytes, startup_lpc55s69_cm33_core0.o(.text))
<BR>[Address Reference Count : 1]<UL><LI> startup_lpc55s69_cm33_core0.o(.isr_vector)
</UL>
<P><STRONG><a name="[16]"></a>CTIMER1_IRQHandler</STRONG> (Thumb, 4 bytes, Stack size unknown bytes, startup_lpc55s69_cm33_core0.o(.text))
<BR>[Address Reference Count : 1]<UL><LI> startup_lpc55s69_cm33_core0.o(.isr_vector)
</UL>
<P><STRONG><a name="[17]"></a>SCT0_IRQHandler</STRONG> (Thumb, 4 bytes, Stack size unknown bytes, startup_lpc55s69_cm33_core0.o(.text))
<BR>[Address Reference Count : 1]<UL><LI> startup_lpc55s69_cm33_core0.o(.isr_vector)
</UL>
<P><STRONG><a name="[18]"></a>CTIMER3_IRQHandler</STRONG> (Thumb, 4 bytes, Stack size unknown bytes, startup_lpc55s69_cm33_core0.o(.text))
<BR>[Address Reference Count : 1]<UL><LI> startup_lpc55s69_cm33_core0.o(.isr_vector)
</UL>
<P><STRONG><a name="[19]"></a>FLEXCOMM0_IRQHandler</STRONG> (Thumb, 4 bytes, Stack size unknown bytes, startup_lpc55s69_cm33_core0.o(.text))
<BR>[Address Reference Count : 1]<UL><LI> startup_lpc55s69_cm33_core0.o(.isr_vector)
</UL>
<P><STRONG><a name="[1a]"></a>FLEXCOMM1_IRQHandler</STRONG> (Thumb, 4 bytes, Stack size unknown bytes, startup_lpc55s69_cm33_core0.o(.text))
<BR>[Address Reference Count : 1]<UL><LI> startup_lpc55s69_cm33_core0.o(.isr_vector)
</UL>
<P><STRONG><a name="[1b]"></a>FLEXCOMM2_IRQHandler</STRONG> (Thumb, 4 bytes, Stack size unknown bytes, startup_lpc55s69_cm33_core0.o(.text))
<BR>[Address Reference Count : 1]<UL><LI> startup_lpc55s69_cm33_core0.o(.isr_vector)
</UL>
<P><STRONG><a name="[1c]"></a>FLEXCOMM3_IRQHandler</STRONG> (Thumb, 4 bytes, Stack size unknown bytes, startup_lpc55s69_cm33_core0.o(.text))
<BR>[Address Reference Count : 1]<UL><LI> startup_lpc55s69_cm33_core0.o(.isr_vector)
</UL>
<P><STRONG><a name="[1d]"></a>FLEXCOMM4_IRQHandler</STRONG> (Thumb, 4 bytes, Stack size unknown bytes, startup_lpc55s69_cm33_core0.o(.text))
<BR>[Address Reference Count : 1]<UL><LI> startup_lpc55s69_cm33_core0.o(.isr_vector)
</UL>
<P><STRONG><a name="[1e]"></a>FLEXCOMM5_IRQHandler</STRONG> (Thumb, 4 bytes, Stack size unknown bytes, startup_lpc55s69_cm33_core0.o(.text))
<BR>[Address Reference Count : 1]<UL><LI> startup_lpc55s69_cm33_core0.o(.isr_vector)
</UL>
<P><STRONG><a name="[1f]"></a>FLEXCOMM6_IRQHandler</STRONG> (Thumb, 4 bytes, Stack size unknown bytes, startup_lpc55s69_cm33_core0.o(.text))
<BR>[Address Reference Count : 1]<UL><LI> startup_lpc55s69_cm33_core0.o(.isr_vector)
</UL>
<P><STRONG><a name="[20]"></a>FLEXCOMM7_IRQHandler</STRONG> (Thumb, 4 bytes, Stack size unknown bytes, startup_lpc55s69_cm33_core0.o(.text))
<BR>[Address Reference Count : 1]<UL><LI> startup_lpc55s69_cm33_core0.o(.isr_vector)
</UL>
<P><STRONG><a name="[21]"></a>ADC0_IRQHandler</STRONG> (Thumb, 4 bytes, Stack size unknown bytes, startup_lpc55s69_cm33_core0.o(.text))
<BR>[Address Reference Count : 1]<UL><LI> startup_lpc55s69_cm33_core0.o(.isr_vector)
</UL>
<P><STRONG><a name="[22]"></a>Reserved39_IRQHandler</STRONG> (Thumb, 4 bytes, Stack size unknown bytes, startup_lpc55s69_cm33_core0.o(.text))
<BR>[Address Reference Count : 1]<UL><LI> startup_lpc55s69_cm33_core0.o(.isr_vector)
</UL>
<P><STRONG><a name="[23]"></a>ACMP_IRQHandler</STRONG> (Thumb, 4 bytes, Stack size unknown bytes, startup_lpc55s69_cm33_core0.o(.text))
<BR>[Address Reference Count : 1]<UL><LI> startup_lpc55s69_cm33_core0.o(.isr_vector)
</UL>
<P><STRONG><a name="[24]"></a>Reserved41_IRQHandler</STRONG> (Thumb, 4 bytes, Stack size unknown bytes, startup_lpc55s69_cm33_core0.o(.text))
<BR>[Address Reference Count : 1]<UL><LI> startup_lpc55s69_cm33_core0.o(.isr_vector)
</UL>
<P><STRONG><a name="[25]"></a>Reserved42_IRQHandler</STRONG> (Thumb, 4 bytes, Stack size unknown bytes, startup_lpc55s69_cm33_core0.o(.text))
<BR>[Address Reference Count : 1]<UL><LI> startup_lpc55s69_cm33_core0.o(.isr_vector)
</UL>
<P><STRONG><a name="[26]"></a>USB0_NEEDCLK_IRQHandler</STRONG> (Thumb, 4 bytes, Stack size unknown bytes, startup_lpc55s69_cm33_core0.o(.text))
<BR>[Address Reference Count : 1]<UL><LI> startup_lpc55s69_cm33_core0.o(.isr_vector)
</UL>
<P><STRONG><a name="[27]"></a>USB0_IRQHandler</STRONG> (Thumb, 4 bytes, Stack size unknown bytes, startup_lpc55s69_cm33_core0.o(.text))
<BR>[Address Reference Count : 1]<UL><LI> startup_lpc55s69_cm33_core0.o(.isr_vector)
</UL>
<P><STRONG><a name="[28]"></a>RTC_IRQHandler</STRONG> (Thumb, 4 bytes, Stack size unknown bytes, startup_lpc55s69_cm33_core0.o(.text))
<BR>[Address Reference Count : 1]<UL><LI> startup_lpc55s69_cm33_core0.o(.isr_vector)
</UL>
<P><STRONG><a name="[29]"></a>Reserved46_IRQHandler</STRONG> (Thumb, 4 bytes, Stack size unknown bytes, startup_lpc55s69_cm33_core0.o(.text))
<BR>[Address Reference Count : 1]<UL><LI> startup_lpc55s69_cm33_core0.o(.isr_vector)
</UL>
<P><STRONG><a name="[2a]"></a>MAILBOX_IRQHandler</STRONG> (Thumb, 4 bytes, Stack size unknown bytes, startup_lpc55s69_cm33_core0.o(.text))
<BR>[Address Reference Count : 1]<UL><LI> startup_lpc55s69_cm33_core0.o(.isr_vector)
</UL>
<P><STRONG><a name="[2b]"></a>PIN_INT4_IRQHandler</STRONG> (Thumb, 4 bytes, Stack size unknown bytes, startup_lpc55s69_cm33_core0.o(.text))
<BR>[Address Reference Count : 1]<UL><LI> startup_lpc55s69_cm33_core0.o(.isr_vector)
</UL>
<P><STRONG><a name="[2c]"></a>PIN_INT5_IRQHandler</STRONG> (Thumb, 4 bytes, Stack size unknown bytes, startup_lpc55s69_cm33_core0.o(.text))
<BR>[Address Reference Count : 1]<UL><LI> startup_lpc55s69_cm33_core0.o(.isr_vector)
</UL>
<P><STRONG><a name="[2d]"></a>PIN_INT6_IRQHandler</STRONG> (Thumb, 4 bytes, Stack size unknown bytes, startup_lpc55s69_cm33_core0.o(.text))
<BR>[Address Reference Count : 1]<UL><LI> startup_lpc55s69_cm33_core0.o(.isr_vector)
</UL>
<P><STRONG><a name="[2e]"></a>PIN_INT7_IRQHandler</STRONG> (Thumb, 4 bytes, Stack size unknown bytes, startup_lpc55s69_cm33_core0.o(.text))
<BR>[Address Reference Count : 1]<UL><LI> startup_lpc55s69_cm33_core0.o(.isr_vector)
</UL>
<P><STRONG><a name="[2f]"></a>CTIMER2_IRQHandler</STRONG> (Thumb, 4 bytes, Stack size unknown bytes, startup_lpc55s69_cm33_core0.o(.text))
<BR>[Address Reference Count : 1]<UL><LI> startup_lpc55s69_cm33_core0.o(.isr_vector)
</UL>
<P><STRONG><a name="[30]"></a>CTIMER4_IRQHandler</STRONG> (Thumb, 4 bytes, Stack size unknown bytes, startup_lpc55s69_cm33_core0.o(.text))
<BR>[Address Reference Count : 1]<UL><LI> startup_lpc55s69_cm33_core0.o(.isr_vector)
</UL>
<P><STRONG><a name="[31]"></a>OS_EVENT_IRQHandler</STRONG> (Thumb, 4 bytes, Stack size unknown bytes, startup_lpc55s69_cm33_core0.o(.text))
<BR>[Address Reference Count : 1]<UL><LI> startup_lpc55s69_cm33_core0.o(.isr_vector)
</UL>
<P><STRONG><a name="[32]"></a>Reserved55_IRQHandler</STRONG> (Thumb, 4 bytes, Stack size unknown bytes, startup_lpc55s69_cm33_core0.o(.text))
<BR>[Address Reference Count : 1]<UL><LI> startup_lpc55s69_cm33_core0.o(.isr_vector)
</UL>
<P><STRONG><a name="[33]"></a>Reserved56_IRQHandler</STRONG> (Thumb, 4 bytes, Stack size unknown bytes, startup_lpc55s69_cm33_core0.o(.text))
<BR>[Address Reference Count : 1]<UL><LI> startup_lpc55s69_cm33_core0.o(.isr_vector)
</UL>
<P><STRONG><a name="[34]"></a>Reserved57_IRQHandler</STRONG> (Thumb, 4 bytes, Stack size unknown bytes, startup_lpc55s69_cm33_core0.o(.text))
<BR>[Address Reference Count : 1]<UL><LI> startup_lpc55s69_cm33_core0.o(.isr_vector)
</UL>
<P><STRONG><a name="[35]"></a>SDIO_IRQHandler</STRONG> (Thumb, 4 bytes, Stack size unknown bytes, startup_lpc55s69_cm33_core0.o(.text))
<BR>[Address Reference Count : 1]<UL><LI> startup_lpc55s69_cm33_core0.o(.isr_vector)
</UL>
<P><STRONG><a name="[36]"></a>Reserved59_IRQHandler</STRONG> (Thumb, 4 bytes, Stack size unknown bytes, startup_lpc55s69_cm33_core0.o(.text))
<BR>[Address Reference Count : 1]<UL><LI> startup_lpc55s69_cm33_core0.o(.isr_vector)
</UL>
<P><STRONG><a name="[37]"></a>Reserved60_IRQHandler</STRONG> (Thumb, 4 bytes, Stack size unknown bytes, startup_lpc55s69_cm33_core0.o(.text))
<BR>[Address Reference Count : 1]<UL><LI> startup_lpc55s69_cm33_core0.o(.isr_vector)
</UL>
<P><STRONG><a name="[38]"></a>Reserved61_IRQHandler</STRONG> (Thumb, 4 bytes, Stack size unknown bytes, startup_lpc55s69_cm33_core0.o(.text))
<BR>[Address Reference Count : 1]<UL><LI> startup_lpc55s69_cm33_core0.o(.isr_vector)
</UL>
<P><STRONG><a name="[39]"></a>USB1_PHY_IRQHandler</STRONG> (Thumb, 4 bytes, Stack size unknown bytes, startup_lpc55s69_cm33_core0.o(.text))
<BR>[Address Reference Count : 1]<UL><LI> startup_lpc55s69_cm33_core0.o(.isr_vector)
</UL>
<P><STRONG><a name="[3a]"></a>USB1_IRQHandler</STRONG> (Thumb, 4 bytes, Stack size unknown bytes, startup_lpc55s69_cm33_core0.o(.text))
<BR>[Address Reference Count : 1]<UL><LI> startup_lpc55s69_cm33_core0.o(.isr_vector)
</UL>
<P><STRONG><a name="[3b]"></a>USB1_NEEDCLK_IRQHandler</STRONG> (Thumb, 4 bytes, Stack size unknown bytes, startup_lpc55s69_cm33_core0.o(.text))
<BR>[Address Reference Count : 1]<UL><LI> startup_lpc55s69_cm33_core0.o(.isr_vector)
</UL>
<P><STRONG><a name="[3c]"></a>SEC_HYPERVISOR_CALL_IRQHandler</STRONG> (Thumb, 4 bytes, Stack size unknown bytes, startup_lpc55s69_cm33_core0.o(.text))
<BR>[Address Reference Count : 1]<UL><LI> startup_lpc55s69_cm33_core0.o(.isr_vector)
</UL>
<P><STRONG><a name="[3d]"></a>SEC_GPIO_INT0_IRQ0_IRQHandler</STRONG> (Thumb, 4 bytes, Stack size unknown bytes, startup_lpc55s69_cm33_core0.o(.text))
<BR>[Address Reference Count : 1]<UL><LI> startup_lpc55s69_cm33_core0.o(.isr_vector)
</UL>
<P><STRONG><a name="[3e]"></a>SEC_GPIO_INT0_IRQ1_IRQHandler</STRONG> (Thumb, 4 bytes, Stack size unknown bytes, startup_lpc55s69_cm33_core0.o(.text))
<BR>[Address Reference Count : 1]<UL><LI> startup_lpc55s69_cm33_core0.o(.isr_vector)
</UL>
<P><STRONG><a name="[3f]"></a>PLU_IRQHandler</STRONG> (Thumb, 4 bytes, Stack size unknown bytes, startup_lpc55s69_cm33_core0.o(.text))
<BR>[Address Reference Count : 1]<UL><LI> startup_lpc55s69_cm33_core0.o(.isr_vector)
</UL>
<P><STRONG><a name="[40]"></a>SEC_VIO_IRQHandler</STRONG> (Thumb, 4 bytes, Stack size unknown bytes, startup_lpc55s69_cm33_core0.o(.text))
<BR>[Address Reference Count : 1]<UL><LI> startup_lpc55s69_cm33_core0.o(.isr_vector)
</UL>
<P><STRONG><a name="[41]"></a>HASHCRYPT_IRQHandler</STRONG> (Thumb, 4 bytes, Stack size unknown bytes, startup_lpc55s69_cm33_core0.o(.text))
<BR>[Address Reference Count : 1]<UL><LI> startup_lpc55s69_cm33_core0.o(.isr_vector)
</UL>
<P><STRONG><a name="[42]"></a>CASER_IRQHandler</STRONG> (Thumb, 4 bytes, Stack size unknown bytes, startup_lpc55s69_cm33_core0.o(.text))
<BR>[Address Reference Count : 1]<UL><LI> startup_lpc55s69_cm33_core0.o(.isr_vector)
</UL>
<P><STRONG><a name="[43]"></a>PUF_IRQHandler</STRONG> (Thumb, 4 bytes, Stack size unknown bytes, startup_lpc55s69_cm33_core0.o(.text))
<BR>[Address Reference Count : 1]<UL><LI> startup_lpc55s69_cm33_core0.o(.isr_vector)
</UL>
<P><STRONG><a name="[44]"></a>PQ_IRQHandler</STRONG> (Thumb, 4 bytes, Stack size unknown bytes, startup_lpc55s69_cm33_core0.o(.text))
<BR>[Address Reference Count : 1]<UL><LI> startup_lpc55s69_cm33_core0.o(.isr_vector)
</UL>
<P><STRONG><a name="[45]"></a>DMA1_IRQHandler</STRONG> (Thumb, 4 bytes, Stack size unknown bytes, startup_lpc55s69_cm33_core0.o(.text))
<BR>[Address Reference Count : 1]<UL><LI> startup_lpc55s69_cm33_core0.o(.isr_vector)
</UL>
<P><STRONG><a name="[46]"></a>FLEXCOMM8_IRQHandler</STRONG> (Thumb, 4 bytes, Stack size unknown bytes, startup_lpc55s69_cm33_core0.o(.text))
<BR>[Address Reference Count : 1]<UL><LI> startup_lpc55s69_cm33_core0.o(.isr_vector)
</UL>
<P><STRONG><a name="[8c]"></a>__aeabi_uldivmod</STRONG> (Thumb, 98 bytes, Stack size 40 bytes, uldiv.o(.text))
<BR><BR>[Stack]<UL><LI>Max Depth = 40<LI>Call Chain = __aeabi_uldivmod
</UL>
<BR>[Calls]<UL><LI><a href="#[8d]">&gt;&gt;</a>&nbsp;&nbsp;&nbsp;__aeabi_llsr
<LI><a href="#[8e]">&gt;&gt;</a>&nbsp;&nbsp;&nbsp;__aeabi_llsl
</UL>
<BR>[Called By]<UL><LI><a href="#[a0]">&gt;&gt;</a>&nbsp;&nbsp;&nbsp;SDK_DelayAtLeastUs
</UL>

<P><STRONG><a name="[d0]"></a>___aeabi_memcpy4$ret</STRONG> (Thumb, 0 bytes, Stack size 8 bytes, memcpy.o(.text), UNUSED)

<P><STRONG><a name="[d1]"></a>___aeabi_memcpy8$ret</STRONG> (Thumb, 0 bytes, Stack size 8 bytes, memcpy.o(.text), UNUSED)

<P><STRONG><a name="[d2]"></a>__aeabi_memcpy</STRONG> (Thumb, 40 bytes, Stack size 8 bytes, memcpy.o(.text), UNUSED)

<P><STRONG><a name="[ab]"></a>memcpy</STRONG> (Thumb, 0 bytes, Stack size 8 bytes, memcpy.o(.text))
<BR><BR>[Stack]<UL><LI>Max Depth = 8<LI>Call Chain = memcpy
</UL>
<BR>[Called By]<UL><LI><a href="#[aa]">&gt;&gt;</a>&nbsp;&nbsp;&nbsp;EventRecordData
</UL>

<P><STRONG><a name="[90]"></a>__aeabi_memset</STRONG> (Thumb, 14 bytes, Stack size 0 bytes, memseta.o(.text))
<BR><BR>[Called By]<UL><LI><a href="#[91]">&gt;&gt;</a>&nbsp;&nbsp;&nbsp;memset
<LI><a href="#[8f]">&gt;&gt;</a>&nbsp;&nbsp;&nbsp;__aeabi_memclr
</UL>

<P><STRONG><a name="[d3]"></a>__aeabi_memset4</STRONG> (Thumb, 0 bytes, Stack size 0 bytes, memseta.o(.text), UNUSED)

<P><STRONG><a name="[d4]"></a>__aeabi_memset8</STRONG> (Thumb, 0 bytes, Stack size 0 bytes, memseta.o(.text), UNUSED)

<P><STRONG><a name="[8f]"></a>__aeabi_memclr</STRONG> (Thumb, 4 bytes, Stack size 0 bytes, memseta.o(.text), UNUSED)
<BR><BR>[Calls]<UL><LI><a href="#[90]">&gt;&gt;</a>&nbsp;&nbsp;&nbsp;__aeabi_memset
</UL>

<P><STRONG><a name="[a5]"></a>__aeabi_memclr4</STRONG> (Thumb, 0 bytes, Stack size 0 bytes, memseta.o(.text))
<BR><BR>[Called By]<UL><LI><a href="#[a4]">&gt;&gt;</a>&nbsp;&nbsp;&nbsp;DbgConsole_Printf
</UL>

<P><STRONG><a name="[d5]"></a>__aeabi_memclr8</STRONG> (Thumb, 0 bytes, Stack size 0 bytes, memseta.o(.text), UNUSED)

<P><STRONG><a name="[91]"></a>memset</STRONG> (Thumb, 18 bytes, Stack size 8 bytes, memseta.o(.text))
<BR><BR>[Stack]<UL><LI>Max Depth = 8<LI>Call Chain = memset
</UL>
<BR>[Calls]<UL><LI><a href="#[90]">&gt;&gt;</a>&nbsp;&nbsp;&nbsp;__aeabi_memset
</UL>
<BR>[Called By]<UL><LI><a href="#[ac]">&gt;&gt;</a>&nbsp;&nbsp;&nbsp;EventRecorderInitialize
</UL>

<P><STRONG><a name="[bd]"></a>strlen</STRONG> (Thumb, 14 bytes, Stack size 0 bytes, strlen.o(.text))
<BR><BR>[Called By]<UL><LI><a href="#[a6]">&gt;&gt;</a>&nbsp;&nbsp;&nbsp;StrFormatPrintf
</UL>

<P><STRONG><a name="[8e]"></a>__aeabi_llsl</STRONG> (Thumb, 30 bytes, Stack size 0 bytes, llshl.o(.text))
<BR><BR>[Called By]<UL><LI><a href="#[8c]">&gt;&gt;</a>&nbsp;&nbsp;&nbsp;__aeabi_uldivmod
</UL>

<P><STRONG><a name="[d6]"></a>_ll_shift_l</STRONG> (Thumb, 0 bytes, Stack size 0 bytes, llshl.o(.text), UNUSED)

<P><STRONG><a name="[8d]"></a>__aeabi_llsr</STRONG> (Thumb, 32 bytes, Stack size 0 bytes, llushr.o(.text))
<BR><BR>[Called By]<UL><LI><a href="#[8c]">&gt;&gt;</a>&nbsp;&nbsp;&nbsp;__aeabi_uldivmod
</UL>

<P><STRONG><a name="[d7]"></a>_ll_ushift_r</STRONG> (Thumb, 0 bytes, Stack size 0 bytes, llushr.o(.text), UNUSED)

<P><STRONG><a name="[8a]"></a>__scatterload</STRONG> (Thumb, 28 bytes, Stack size 0 bytes, init.o(.text))
<BR><BR>[Calls]<UL><LI><a href="#[92]">&gt;&gt;</a>&nbsp;&nbsp;&nbsp;__main_after_scatterload
</UL>
<BR>[Called By]<UL><LI><a href="#[89]">&gt;&gt;</a>&nbsp;&nbsp;&nbsp;_main_scatterload
</UL>

<P><STRONG><a name="[d8]"></a>__scatterload_rt2</STRONG> (Thumb, 0 bytes, Stack size 0 bytes, init.o(.text), UNUSED)

<P><STRONG><a name="[93]"></a>BOARD_BootClockRUN</STRONG> (Thumb, 318 bytes, Stack size 64 bytes, clock_config.o(.text.BOARD_BootClockRUN))
<BR><BR>[Stack]<UL><LI>Max Depth = 344 + Unknown Stack Size
<LI>Call Chain = BOARD_BootClockRUN &rArr; CLOCK_SetPLL0Freq &rArr; SDK_DelayAtLeastUs &rArr; __aeabi_assert &rArr; DbgConsole_Printf &rArr;  __aeabi_assert (Cycle)
</UL>
<BR>[Calls]<UL><LI><a href="#[97]">&gt;&gt;</a>&nbsp;&nbsp;&nbsp;POWER_SetVoltageForFreq
<LI><a href="#[94]">&gt;&gt;</a>&nbsp;&nbsp;&nbsp;CLOCK_SetupFROClocking
<LI><a href="#[96]">&gt;&gt;</a>&nbsp;&nbsp;&nbsp;CLOCK_SetupExtClocking
<LI><a href="#[99]">&gt;&gt;</a>&nbsp;&nbsp;&nbsp;CLOCK_SetPLL0Freq
<LI><a href="#[98]">&gt;&gt;</a>&nbsp;&nbsp;&nbsp;CLOCK_SetFLASHAccessCyclesForFreq
<LI><a href="#[9a]">&gt;&gt;</a>&nbsp;&nbsp;&nbsp;CLOCK_SetClkDiv
<LI><a href="#[95]">&gt;&gt;</a>&nbsp;&nbsp;&nbsp;CLOCK_AttachClk
</UL>
<BR>[Called By]<UL><LI><a href="#[47]">&gt;&gt;</a>&nbsp;&nbsp;&nbsp;main
</UL>

<P><STRONG><a name="[9b]"></a>BOARD_InitPeripherals</STRONG> (Thumb, 88 bytes, Stack size 16 bytes, peripherals.o(.text.BOARD_InitPeripherals))
<BR><BR>[Stack]<UL><LI>Max Depth = 320<LI>Call Chain = BOARD_InitPeripherals &rArr; USART_Init &rArr; USART_SetBaudRate &rArr; __aeabi_assert &rArr; DbgConsole_Printf &rArr;  __aeabi_assert (Cycle)
</UL>
<BR>[Calls]<UL><LI><a href="#[9f]">&gt;&gt;</a>&nbsp;&nbsp;&nbsp;USART_Init
<LI><a href="#[9e]">&gt;&gt;</a>&nbsp;&nbsp;&nbsp;RESET_PeripheralReset
<LI><a href="#[9d]">&gt;&gt;</a>&nbsp;&nbsp;&nbsp;CTIMER_SetupPwmPeriod
<LI><a href="#[9c]">&gt;&gt;</a>&nbsp;&nbsp;&nbsp;CTIMER_Init
</UL>
<BR>[Called By]<UL><LI><a href="#[47]">&gt;&gt;</a>&nbsp;&nbsp;&nbsp;main
</UL>

<P><STRONG><a name="[c3]"></a>BOARD_InitPins</STRONG> (Thumb, 98 bytes, Stack size 0 bytes, pin_mux.o(.text.BOARD_InitPins))
<BR><BR>[Called By]<UL><LI><a href="#[47]">&gt;&gt;</a>&nbsp;&nbsp;&nbsp;main
</UL>

<P><STRONG><a name="[95]"></a>CLOCK_AttachClk</STRONG> (Thumb, 146 bytes, Stack size 0 bytes, fsl_clock.o(.text.CLOCK_AttachClk))
<BR><BR>[Called By]<UL><LI><a href="#[93]">&gt;&gt;</a>&nbsp;&nbsp;&nbsp;BOARD_BootClockRUN
</UL>

<P><STRONG><a name="[9a]"></a>CLOCK_SetClkDiv</STRONG> (Thumb, 36 bytes, Stack size 0 bytes, fsl_clock.o(.text.CLOCK_SetClkDiv))
<BR><BR>[Called By]<UL><LI><a href="#[93]">&gt;&gt;</a>&nbsp;&nbsp;&nbsp;BOARD_BootClockRUN
</UL>

<P><STRONG><a name="[98]"></a>CLOCK_SetFLASHAccessCyclesForFreq</STRONG> (Thumb, 290 bytes, Stack size 0 bytes, fsl_clock.o(.text.CLOCK_SetFLASHAccessCyclesForFreq))
<BR><BR>[Called By]<UL><LI><a href="#[93]">&gt;&gt;</a>&nbsp;&nbsp;&nbsp;BOARD_BootClockRUN
</UL>

<P><STRONG><a name="[99]"></a>CLOCK_SetPLL0Freq</STRONG> (Thumb, 390 bytes, Stack size 16 bytes, fsl_clock.o(.text.CLOCK_SetPLL0Freq))
<BR><BR>[Stack]<UL><LI>Max Depth = 280<LI>Call Chain = CLOCK_SetPLL0Freq &rArr; SDK_DelayAtLeastUs &rArr; __aeabi_assert &rArr; DbgConsole_Printf &rArr;  __aeabi_assert (Cycle)
</UL>
<BR>[Calls]<UL><LI><a href="#[a0]">&gt;&gt;</a>&nbsp;&nbsp;&nbsp;SDK_DelayAtLeastUs
</UL>
<BR>[Called By]<UL><LI><a href="#[93]">&gt;&gt;</a>&nbsp;&nbsp;&nbsp;BOARD_BootClockRUN
</UL>

<P><STRONG><a name="[96]"></a>CLOCK_SetupExtClocking</STRONG> (Thumb, 64 bytes, Stack size 0 bytes, fsl_clock.o(.text.CLOCK_SetupExtClocking))
<BR><BR>[Called By]<UL><LI><a href="#[93]">&gt;&gt;</a>&nbsp;&nbsp;&nbsp;BOARD_BootClockRUN
</UL>

<P><STRONG><a name="[94]"></a>CLOCK_SetupFROClocking</STRONG> (Thumb, 102 bytes, Stack size 0 bytes, fsl_clock.o(.text.CLOCK_SetupFROClocking))
<BR><BR>[Called By]<UL><LI><a href="#[93]">&gt;&gt;</a>&nbsp;&nbsp;&nbsp;BOARD_BootClockRUN
</UL>

<P><STRONG><a name="[54]"></a>CTIMER0_DriverIRQHandler</STRONG> (Thumb, 6 bytes, Stack size 0 bytes, fsl_ctimer.o(.text.CTIMER0_DriverIRQHandler))
<BR><BR>[Stack]<UL><LI>Max Depth = 16<LI>Call Chain = CTIMER0_DriverIRQHandler &rArr; CTIMER_GenericIRQHandler
</UL>
<BR>[Calls]<UL><LI><a href="#[a1]">&gt;&gt;</a>&nbsp;&nbsp;&nbsp;CTIMER_GenericIRQHandler
</UL>
<BR>[Address Reference Count : 1]<UL><LI> startup_lpc55s69_cm33_core0.o(.text)
</UL>
<P><STRONG><a name="[55]"></a>CTIMER1_DriverIRQHandler</STRONG> (Thumb, 6 bytes, Stack size 0 bytes, fsl_ctimer.o(.text.CTIMER1_DriverIRQHandler))
<BR><BR>[Stack]<UL><LI>Max Depth = 16<LI>Call Chain = CTIMER1_DriverIRQHandler &rArr; CTIMER_GenericIRQHandler
</UL>
<BR>[Calls]<UL><LI><a href="#[a1]">&gt;&gt;</a>&nbsp;&nbsp;&nbsp;CTIMER_GenericIRQHandler
</UL>
<BR>[Address Reference Count : 1]<UL><LI> startup_lpc55s69_cm33_core0.o(.text)
</UL>
<P><STRONG><a name="[6e]"></a>CTIMER2_DriverIRQHandler</STRONG> (Thumb, 6 bytes, Stack size 0 bytes, fsl_ctimer.o(.text.CTIMER2_DriverIRQHandler))
<BR><BR>[Stack]<UL><LI>Max Depth = 16<LI>Call Chain = CTIMER2_DriverIRQHandler &rArr; CTIMER_GenericIRQHandler
</UL>
<BR>[Calls]<UL><LI><a href="#[a1]">&gt;&gt;</a>&nbsp;&nbsp;&nbsp;CTIMER_GenericIRQHandler
</UL>
<BR>[Address Reference Count : 1]<UL><LI> startup_lpc55s69_cm33_core0.o(.text)
</UL>
<P><STRONG><a name="[57]"></a>CTIMER3_DriverIRQHandler</STRONG> (Thumb, 6 bytes, Stack size 0 bytes, fsl_ctimer.o(.text.CTIMER3_DriverIRQHandler))
<BR><BR>[Stack]<UL><LI>Max Depth = 16<LI>Call Chain = CTIMER3_DriverIRQHandler &rArr; CTIMER_GenericIRQHandler
</UL>
<BR>[Calls]<UL><LI><a href="#[a1]">&gt;&gt;</a>&nbsp;&nbsp;&nbsp;CTIMER_GenericIRQHandler
</UL>
<BR>[Address Reference Count : 1]<UL><LI> startup_lpc55s69_cm33_core0.o(.text)
</UL>
<P><STRONG><a name="[6f]"></a>CTIMER4_DriverIRQHandler</STRONG> (Thumb, 6 bytes, Stack size 0 bytes, fsl_ctimer.o(.text.CTIMER4_DriverIRQHandler))
<BR><BR>[Stack]<UL><LI>Max Depth = 16<LI>Call Chain = CTIMER4_DriverIRQHandler &rArr; CTIMER_GenericIRQHandler
</UL>
<BR>[Calls]<UL><LI><a href="#[a1]">&gt;&gt;</a>&nbsp;&nbsp;&nbsp;CTIMER_GenericIRQHandler
</UL>
<BR>[Address Reference Count : 1]<UL><LI> startup_lpc55s69_cm33_core0.o(.text)
</UL>
<P><STRONG><a name="[a1]"></a>CTIMER_GenericIRQHandler</STRONG> (Thumb, 240 bytes, Stack size 16 bytes, fsl_ctimer.o(.text.CTIMER_GenericIRQHandler))
<BR><BR>[Stack]<UL><LI>Max Depth = 16<LI>Call Chain = CTIMER_GenericIRQHandler
</UL>
<BR>[Called By]<UL><LI><a href="#[6f]">&gt;&gt;</a>&nbsp;&nbsp;&nbsp;CTIMER4_DriverIRQHandler
<LI><a href="#[57]">&gt;&gt;</a>&nbsp;&nbsp;&nbsp;CTIMER3_DriverIRQHandler
<LI><a href="#[6e]">&gt;&gt;</a>&nbsp;&nbsp;&nbsp;CTIMER2_DriverIRQHandler
<LI><a href="#[55]">&gt;&gt;</a>&nbsp;&nbsp;&nbsp;CTIMER1_DriverIRQHandler
<LI><a href="#[54]">&gt;&gt;</a>&nbsp;&nbsp;&nbsp;CTIMER0_DriverIRQHandler
</UL>

<P><STRONG><a name="[9c]"></a>CTIMER_Init</STRONG> (Thumb, 264 bytes, Stack size 16 bytes, fsl_ctimer.o(.text.CTIMER_Init))
<BR><BR>[Stack]<UL><LI>Max Depth = 280<LI>Call Chain = CTIMER_Init &rArr; RESET_PeripheralReset &rArr; __aeabi_assert &rArr; DbgConsole_Printf &rArr;  __aeabi_assert (Cycle)
</UL>
<BR>[Calls]<UL><LI><a href="#[9e]">&gt;&gt;</a>&nbsp;&nbsp;&nbsp;RESET_PeripheralReset
<LI><a href="#[a2]">&gt;&gt;</a>&nbsp;&nbsp;&nbsp;__aeabi_assert
</UL>
<BR>[Called By]<UL><LI><a href="#[9b]">&gt;&gt;</a>&nbsp;&nbsp;&nbsp;BOARD_InitPeripherals
</UL>

<P><STRONG><a name="[9d]"></a>CTIMER_SetupPwmPeriod</STRONG> (Thumb, 298 bytes, Stack size 32 bytes, fsl_ctimer.o(.text.CTIMER_SetupPwmPeriod))
<BR><BR>[Stack]<UL><LI>Max Depth = 288<LI>Call Chain = CTIMER_SetupPwmPeriod &rArr; __aeabi_assert &rArr; DbgConsole_Printf &rArr;  __aeabi_assert (Cycle)
</UL>
<BR>[Calls]<UL><LI><a href="#[a2]">&gt;&gt;</a>&nbsp;&nbsp;&nbsp;__aeabi_assert
</UL>
<BR>[Called By]<UL><LI><a href="#[9b]">&gt;&gt;</a>&nbsp;&nbsp;&nbsp;BOARD_InitPeripherals
</UL>

<P><STRONG><a name="[a4]"></a>DbgConsole_Printf</STRONG> (Thumb, 124 bytes, Stack size 160 bytes, fsl_debug_console.o(.text.DbgConsole_Printf))
<BR><BR>[Stack]<UL><LI>Max Depth = 256 + In Cycle
<LI>Call Chain = DbgConsole_Printf &rArr;  __aeabi_assert (Cycle)
</UL>
<BR>[Calls]<UL><LI><a href="#[a3]">&gt;&gt;</a>&nbsp;&nbsp;&nbsp;SerialManager_WriteBlocking
<LI><a href="#[a2]">&gt;&gt;</a>&nbsp;&nbsp;&nbsp;__aeabi_assert
<LI><a href="#[a6]">&gt;&gt;</a>&nbsp;&nbsp;&nbsp;StrFormatPrintf
<LI><a href="#[a5]">&gt;&gt;</a>&nbsp;&nbsp;&nbsp;__aeabi_memclr4
</UL>
<BR>[Called By]<UL><LI><a href="#[a2]">&gt;&gt;</a>&nbsp;&nbsp;&nbsp;__aeabi_assert
</UL>

<P><STRONG><a name="[a7]"></a>EventRecord2</STRONG> (Thumb, 144 bytes, Stack size 32 bytes, eventrecorder.o(.text.EventRecord2))
<BR><BR>[Stack]<UL><LI>Max Depth = 64<LI>Call Chain = EventRecord2 &rArr; EventRecordItem
</UL>
<BR>[Calls]<UL><LI><a href="#[a8]">&gt;&gt;</a>&nbsp;&nbsp;&nbsp;EventRecorderTimerGetCount
<LI><a href="#[a9]">&gt;&gt;</a>&nbsp;&nbsp;&nbsp;EventRecordItem
</UL>
<BR>[Called By]<UL><LI><a href="#[b5]">&gt;&gt;</a>&nbsp;&nbsp;&nbsp;EvrFreeRTOSTasks_TaskSwitchedOut
<LI><a href="#[b4]">&gt;&gt;</a>&nbsp;&nbsp;&nbsp;EvrFreeRTOSTasks_TaskSwitchedIn
<LI><a href="#[b3]">&gt;&gt;</a>&nbsp;&nbsp;&nbsp;EvrFreeRTOSTasks_TaskIncrementTick
<LI><a href="#[b2]">&gt;&gt;</a>&nbsp;&nbsp;&nbsp;EvrFreeRTOSTasks_PostMovedTaskToReadyState
<LI><a href="#[b1]">&gt;&gt;</a>&nbsp;&nbsp;&nbsp;EvrFreeRTOSTasks_MovedTaskToReadyState
</UL>

<P><STRONG><a name="[aa]"></a>EventRecordData</STRONG> (Thumb, 402 bytes, Stack size 40 bytes, eventrecorder.o(.text.EventRecordData))
<BR><BR>[Stack]<UL><LI>Max Depth = 72<LI>Call Chain = EventRecordData &rArr; EventRecordItem
</UL>
<BR>[Calls]<UL><LI><a href="#[a8]">&gt;&gt;</a>&nbsp;&nbsp;&nbsp;EventRecorderTimerGetCount
<LI><a href="#[a9]">&gt;&gt;</a>&nbsp;&nbsp;&nbsp;EventRecordItem
<LI><a href="#[ab]">&gt;&gt;</a>&nbsp;&nbsp;&nbsp;memcpy
</UL>
<BR>[Called By]<UL><LI><a href="#[88]">&gt;&gt;</a>&nbsp;&nbsp;&nbsp;fputc
</UL>

<P><STRONG><a name="[af]"></a>EventRecorderEnable</STRONG> (Thumb, 270 bytes, Stack size 16 bytes, eventrecorder.o(.text.EventRecorderEnable))
<BR><BR>[Stack]<UL><LI>Max Depth = 16<LI>Call Chain = EventRecorderEnable
</UL>
<BR>[Called By]<UL><LI><a href="#[ac]">&gt;&gt;</a>&nbsp;&nbsp;&nbsp;EventRecorderInitialize
</UL>

<P><STRONG><a name="[ac]"></a>EventRecorderInitialize</STRONG> (Thumb, 1108 bytes, Stack size 40 bytes, eventrecorder.o(.text.EventRecorderInitialize))
<BR><BR>[Stack]<UL><LI>Max Depth = 72<LI>Call Chain = EventRecorderInitialize &rArr; EventRecordItem
</UL>
<BR>[Calls]<UL><LI><a href="#[ad]">&gt;&gt;</a>&nbsp;&nbsp;&nbsp;EventRecorderTimerSetup
<LI><a href="#[ae]">&gt;&gt;</a>&nbsp;&nbsp;&nbsp;EventRecorderTimerGetFreq
<LI><a href="#[a8]">&gt;&gt;</a>&nbsp;&nbsp;&nbsp;EventRecorderTimerGetCount
<LI><a href="#[af]">&gt;&gt;</a>&nbsp;&nbsp;&nbsp;EventRecorderEnable
<LI><a href="#[a9]">&gt;&gt;</a>&nbsp;&nbsp;&nbsp;EventRecordItem
<LI><a href="#[91]">&gt;&gt;</a>&nbsp;&nbsp;&nbsp;memset
</UL>
<BR>[Called By]<UL><LI><a href="#[47]">&gt;&gt;</a>&nbsp;&nbsp;&nbsp;main
</UL>

<P><STRONG><a name="[b0]"></a>EventRecorderStart</STRONG> (Thumb, 94 bytes, Stack size 16 bytes, eventrecorder.o(.text.EventRecorderStart))
<BR><BR>[Stack]<UL><LI>Max Depth = 48<LI>Call Chain = EventRecorderStart &rArr; EventRecordItem
</UL>
<BR>[Calls]<UL><LI><a href="#[a8]">&gt;&gt;</a>&nbsp;&nbsp;&nbsp;EventRecorderTimerGetCount
<LI><a href="#[a9]">&gt;&gt;</a>&nbsp;&nbsp;&nbsp;EventRecordItem
</UL>
<BR>[Called By]<UL><LI><a href="#[47]">&gt;&gt;</a>&nbsp;&nbsp;&nbsp;main
</UL>

<P><STRONG><a name="[a8]"></a>EventRecorderTimerGetCount</STRONG> (Thumb, 12 bytes, Stack size 0 bytes, eventrecorder.o(.text.EventRecorderTimerGetCount))
<BR><BR>[Called By]<UL><LI><a href="#[b0]">&gt;&gt;</a>&nbsp;&nbsp;&nbsp;EventRecorderStart
<LI><a href="#[ac]">&gt;&gt;</a>&nbsp;&nbsp;&nbsp;EventRecorderInitialize
<LI><a href="#[aa]">&gt;&gt;</a>&nbsp;&nbsp;&nbsp;EventRecordData
<LI><a href="#[a7]">&gt;&gt;</a>&nbsp;&nbsp;&nbsp;EventRecord2
</UL>

<P><STRONG><a name="[ae]"></a>EventRecorderTimerGetFreq</STRONG> (Thumb, 12 bytes, Stack size 0 bytes, eventrecorder.o(.text.EventRecorderTimerGetFreq))
<BR><BR>[Called By]<UL><LI><a href="#[ac]">&gt;&gt;</a>&nbsp;&nbsp;&nbsp;EventRecorderInitialize
</UL>

<P><STRONG><a name="[ad]"></a>EventRecorderTimerSetup</STRONG> (Thumb, 36 bytes, Stack size 0 bytes, eventrecorder.o(.text.EventRecorderTimerSetup))
<BR><BR>[Called By]<UL><LI><a href="#[ac]">&gt;&gt;</a>&nbsp;&nbsp;&nbsp;EventRecorderInitialize
</UL>

<P><STRONG><a name="[b1]"></a>EvrFreeRTOSTasks_MovedTaskToReadyState</STRONG> (Thumb, 16 bytes, Stack size 0 bytes, freertos_evr.o(.text.EvrFreeRTOSTasks_MovedTaskToReadyState))
<BR><BR>[Stack]<UL><LI>Max Depth = 64<LI>Call Chain = EvrFreeRTOSTasks_MovedTaskToReadyState &rArr; EventRecord2 &rArr; EventRecordItem
</UL>
<BR>[Calls]<UL><LI><a href="#[a7]">&gt;&gt;</a>&nbsp;&nbsp;&nbsp;EventRecord2
</UL>
<BR>[Called By]<UL><LI><a href="#[bf]">&gt;&gt;</a>&nbsp;&nbsp;&nbsp;xTaskIncrementTick
</UL>

<P><STRONG><a name="[b2]"></a>EvrFreeRTOSTasks_PostMovedTaskToReadyState</STRONG> (Thumb, 16 bytes, Stack size 0 bytes, freertos_evr.o(.text.EvrFreeRTOSTasks_PostMovedTaskToReadyState))
<BR><BR>[Stack]<UL><LI>Max Depth = 64<LI>Call Chain = EvrFreeRTOSTasks_PostMovedTaskToReadyState &rArr; EventRecord2 &rArr; EventRecordItem
</UL>
<BR>[Calls]<UL><LI><a href="#[a7]">&gt;&gt;</a>&nbsp;&nbsp;&nbsp;EventRecord2
</UL>
<BR>[Called By]<UL><LI><a href="#[bf]">&gt;&gt;</a>&nbsp;&nbsp;&nbsp;xTaskIncrementTick
</UL>

<P><STRONG><a name="[b3]"></a>EvrFreeRTOSTasks_TaskIncrementTick</STRONG> (Thumb, 16 bytes, Stack size 0 bytes, freertos_evr.o(.text.EvrFreeRTOSTasks_TaskIncrementTick))
<BR><BR>[Stack]<UL><LI>Max Depth = 64<LI>Call Chain = EvrFreeRTOSTasks_TaskIncrementTick &rArr; EventRecord2 &rArr; EventRecordItem
</UL>
<BR>[Calls]<UL><LI><a href="#[a7]">&gt;&gt;</a>&nbsp;&nbsp;&nbsp;EventRecord2
</UL>
<BR>[Called By]<UL><LI><a href="#[bf]">&gt;&gt;</a>&nbsp;&nbsp;&nbsp;xTaskIncrementTick
</UL>

<P><STRONG><a name="[b4]"></a>EvrFreeRTOSTasks_TaskSwitchedIn</STRONG> (Thumb, 16 bytes, Stack size 0 bytes, freertos_evr.o(.text.EvrFreeRTOSTasks_TaskSwitchedIn))
<BR><BR>[Stack]<UL><LI>Max Depth = 64<LI>Call Chain = EvrFreeRTOSTasks_TaskSwitchedIn &rArr; EventRecord2 &rArr; EventRecordItem
</UL>
<BR>[Calls]<UL><LI><a href="#[a7]">&gt;&gt;</a>&nbsp;&nbsp;&nbsp;EventRecord2
</UL>
<BR>[Called By]<UL><LI><a href="#[bb]">&gt;&gt;</a>&nbsp;&nbsp;&nbsp;vTaskSwitchContext
</UL>

<P><STRONG><a name="[b5]"></a>EvrFreeRTOSTasks_TaskSwitchedOut</STRONG> (Thumb, 16 bytes, Stack size 0 bytes, freertos_evr.o(.text.EvrFreeRTOSTasks_TaskSwitchedOut))
<BR><BR>[Stack]<UL><LI>Max Depth = 64<LI>Call Chain = EvrFreeRTOSTasks_TaskSwitchedOut &rArr; EventRecord2 &rArr; EventRecordItem
</UL>
<BR>[Calls]<UL><LI><a href="#[a7]">&gt;&gt;</a>&nbsp;&nbsp;&nbsp;EventRecord2
</UL>
<BR>[Called By]<UL><LI><a href="#[bb]">&gt;&gt;</a>&nbsp;&nbsp;&nbsp;vTaskSwitchContext
</UL>

<P><STRONG><a name="[58]"></a>FLEXCOMM0_DriverIRQHandler</STRONG> (Thumb, 64 bytes, Stack size 0 bytes, fsl_flexcomm.o(.text.FLEXCOMM0_DriverIRQHandler))
<BR><BR>[Stack]<UL><LI>Max Depth = 256<LI>Call Chain = FLEXCOMM0_DriverIRQHandler &rArr; __aeabi_assert &rArr; DbgConsole_Printf &rArr;  __aeabi_assert (Cycle)
</UL>
<BR>[Calls]<UL><LI><a href="#[a2]">&gt;&gt;</a>&nbsp;&nbsp;&nbsp;__aeabi_assert
</UL>
<BR>[Address Reference Count : 1]<UL><LI> startup_lpc55s69_cm33_core0.o(.text)
</UL>
<P><STRONG><a name="[59]"></a>FLEXCOMM1_DriverIRQHandler</STRONG> (Thumb, 64 bytes, Stack size 0 bytes, fsl_flexcomm.o(.text.FLEXCOMM1_DriverIRQHandler))
<BR><BR>[Stack]<UL><LI>Max Depth = 256<LI>Call Chain = FLEXCOMM1_DriverIRQHandler &rArr; __aeabi_assert &rArr; DbgConsole_Printf &rArr;  __aeabi_assert (Cycle)
</UL>
<BR>[Calls]<UL><LI><a href="#[a2]">&gt;&gt;</a>&nbsp;&nbsp;&nbsp;__aeabi_assert
</UL>
<BR>[Address Reference Count : 1]<UL><LI> startup_lpc55s69_cm33_core0.o(.text)
</UL>
<P><STRONG><a name="[5a]"></a>FLEXCOMM2_DriverIRQHandler</STRONG> (Thumb, 64 bytes, Stack size 0 bytes, fsl_flexcomm.o(.text.FLEXCOMM2_DriverIRQHandler))
<BR><BR>[Stack]<UL><LI>Max Depth = 256<LI>Call Chain = FLEXCOMM2_DriverIRQHandler &rArr; __aeabi_assert &rArr; DbgConsole_Printf &rArr;  __aeabi_assert (Cycle)
</UL>
<BR>[Calls]<UL><LI><a href="#[a2]">&gt;&gt;</a>&nbsp;&nbsp;&nbsp;__aeabi_assert
</UL>
<BR>[Address Reference Count : 1]<UL><LI> startup_lpc55s69_cm33_core0.o(.text)
</UL>
<P><STRONG><a name="[5b]"></a>FLEXCOMM3_DriverIRQHandler</STRONG> (Thumb, 64 bytes, Stack size 0 bytes, fsl_flexcomm.o(.text.FLEXCOMM3_DriverIRQHandler))
<BR><BR>[Stack]<UL><LI>Max Depth = 256<LI>Call Chain = FLEXCOMM3_DriverIRQHandler &rArr; __aeabi_assert &rArr; DbgConsole_Printf &rArr;  __aeabi_assert (Cycle)
</UL>
<BR>[Calls]<UL><LI><a href="#[a2]">&gt;&gt;</a>&nbsp;&nbsp;&nbsp;__aeabi_assert
</UL>
<BR>[Address Reference Count : 1]<UL><LI> startup_lpc55s69_cm33_core0.o(.text)
</UL>
<P><STRONG><a name="[5c]"></a>FLEXCOMM4_DriverIRQHandler</STRONG> (Thumb, 64 bytes, Stack size 0 bytes, fsl_flexcomm.o(.text.FLEXCOMM4_DriverIRQHandler))
<BR><BR>[Stack]<UL><LI>Max Depth = 256<LI>Call Chain = FLEXCOMM4_DriverIRQHandler &rArr; __aeabi_assert &rArr; DbgConsole_Printf &rArr;  __aeabi_assert (Cycle)
</UL>
<BR>[Calls]<UL><LI><a href="#[a2]">&gt;&gt;</a>&nbsp;&nbsp;&nbsp;__aeabi_assert
</UL>
<BR>[Address Reference Count : 1]<UL><LI> startup_lpc55s69_cm33_core0.o(.text)
</UL>
<P><STRONG><a name="[5d]"></a>FLEXCOMM5_DriverIRQHandler</STRONG> (Thumb, 64 bytes, Stack size 0 bytes, fsl_flexcomm.o(.text.FLEXCOMM5_DriverIRQHandler))
<BR><BR>[Stack]<UL><LI>Max Depth = 256<LI>Call Chain = FLEXCOMM5_DriverIRQHandler &rArr; __aeabi_assert &rArr; DbgConsole_Printf &rArr;  __aeabi_assert (Cycle)
</UL>
<BR>[Calls]<UL><LI><a href="#[a2]">&gt;&gt;</a>&nbsp;&nbsp;&nbsp;__aeabi_assert
</UL>
<BR>[Address Reference Count : 1]<UL><LI> startup_lpc55s69_cm33_core0.o(.text)
</UL>
<P><STRONG><a name="[5e]"></a>FLEXCOMM6_DriverIRQHandler</STRONG> (Thumb, 68 bytes, Stack size 0 bytes, fsl_flexcomm.o(.text.FLEXCOMM6_DriverIRQHandler))
<BR><BR>[Stack]<UL><LI>Max Depth = 256<LI>Call Chain = FLEXCOMM6_DriverIRQHandler &rArr; __aeabi_assert &rArr; DbgConsole_Printf &rArr;  __aeabi_assert (Cycle)
</UL>
<BR>[Calls]<UL><LI><a href="#[a2]">&gt;&gt;</a>&nbsp;&nbsp;&nbsp;__aeabi_assert
</UL>
<BR>[Address Reference Count : 1]<UL><LI> startup_lpc55s69_cm33_core0.o(.text)
</UL>
<P><STRONG><a name="[5f]"></a>FLEXCOMM7_DriverIRQHandler</STRONG> (Thumb, 68 bytes, Stack size 0 bytes, fsl_flexcomm.o(.text.FLEXCOMM7_DriverIRQHandler))
<BR><BR>[Stack]<UL><LI>Max Depth = 256<LI>Call Chain = FLEXCOMM7_DriverIRQHandler &rArr; __aeabi_assert &rArr; DbgConsole_Printf &rArr;  __aeabi_assert (Cycle)
</UL>
<BR>[Calls]<UL><LI><a href="#[a2]">&gt;&gt;</a>&nbsp;&nbsp;&nbsp;__aeabi_assert
</UL>
<BR>[Address Reference Count : 1]<UL><LI> startup_lpc55s69_cm33_core0.o(.text)
</UL>
<P><STRONG><a name="[85]"></a>FLEXCOMM8_DriverIRQHandler</STRONG> (Thumb, 68 bytes, Stack size 0 bytes, fsl_flexcomm.o(.text.FLEXCOMM8_DriverIRQHandler))
<BR><BR>[Stack]<UL><LI>Max Depth = 256<LI>Call Chain = FLEXCOMM8_DriverIRQHandler &rArr; __aeabi_assert &rArr; DbgConsole_Printf &rArr;  __aeabi_assert (Cycle)
</UL>
<BR>[Calls]<UL><LI><a href="#[a2]">&gt;&gt;</a>&nbsp;&nbsp;&nbsp;__aeabi_assert
</UL>
<BR>[Address Reference Count : 1]<UL><LI> startup_lpc55s69_cm33_core0.o(.text)
</UL>
<P><STRONG><a name="[b6]"></a>FLEXCOMM_Init</STRONG> (Thumb, 356 bytes, Stack size 16 bytes, fsl_flexcomm.o(.text.FLEXCOMM_Init))
<BR><BR>[Stack]<UL><LI>Max Depth = 280<LI>Call Chain = FLEXCOMM_Init &rArr; RESET_PeripheralReset &rArr; __aeabi_assert &rArr; DbgConsole_Printf &rArr;  __aeabi_assert (Cycle)
</UL>
<BR>[Calls]<UL><LI><a href="#[9e]">&gt;&gt;</a>&nbsp;&nbsp;&nbsp;RESET_PeripheralReset
<LI><a href="#[a2]">&gt;&gt;</a>&nbsp;&nbsp;&nbsp;__aeabi_assert
</UL>
<BR>[Called By]<UL><LI><a href="#[9f]">&gt;&gt;</a>&nbsp;&nbsp;&nbsp;USART_Init
</UL>

<P><STRONG><a name="[b7]"></a>HAL_UartSendBlocking</STRONG> (Thumb, 102 bytes, Stack size 8 bytes, usart_adapter.o(.text.HAL_UartSendBlocking))
<BR><BR>[Stack]<UL><LI>Max Depth = 24 + In Cycle
<LI>Call Chain = HAL_UartSendBlocking &rArr;  __aeabi_assert (Cycle)
</UL>
<BR>[Calls]<UL><LI><a href="#[b8]">&gt;&gt;</a>&nbsp;&nbsp;&nbsp;USART_WriteBlocking
<LI><a href="#[a2]">&gt;&gt;</a>&nbsp;&nbsp;&nbsp;__aeabi_assert
</UL>
<BR>[Called By]<UL><LI><a href="#[bc]">&gt;&gt;</a>&nbsp;&nbsp;&nbsp;Serial_UartWrite
</UL>

<P><STRONG><a name="[97]"></a>POWER_SetVoltageForFreq</STRONG> (Thumb, 72 bytes, Stack size unknown bytes, fsl_power_lib.o(.text.POWER_SetVoltageForFreq))
<BR><BR>[Calls]<UL><LI><a href="#[ba]">&gt;&gt;</a>&nbsp;&nbsp;&nbsp;lowpower_set_voltage_for_process
<LI><a href="#[b9]">&gt;&gt;</a>&nbsp;&nbsp;&nbsp;lowpower_set_dcdc_power_profile
</UL>
<BR>[Called By]<UL><LI><a href="#[93]">&gt;&gt;</a>&nbsp;&nbsp;&nbsp;BOARD_BootClockRUN
</UL>

<P><STRONG><a name="[9]"></a>PendSV_Handler</STRONG> (Thumb, 96 bytes, Stack size 0 bytes, portasm.o(.text.PendSV_Handler))
<BR><BR>[Stack]<UL><LI>Max Depth = 72<LI>Call Chain = PendSV_Handler &rArr; vTaskSwitchContext &rArr; EvrFreeRTOSTasks_TaskSwitchedOut &rArr; EventRecord2 &rArr; EventRecordItem
</UL>
<BR>[Calls]<UL><LI><a href="#[bb]">&gt;&gt;</a>&nbsp;&nbsp;&nbsp;vTaskSwitchContext
</UL>
<BR>[Address Reference Count : 2]<UL><LI> startup_lpc55s69_cm33_core0.o(.text)
<LI> startup_lpc55s69_cm33_core0.o(.isr_vector)
</UL>
<P><STRONG><a name="[9e]"></a>RESET_PeripheralReset</STRONG> (Thumb, 138 bytes, Stack size 8 bytes, fsl_reset.o(.text.RESET_PeripheralReset))
<BR><BR>[Stack]<UL><LI>Max Depth = 264<LI>Call Chain = RESET_PeripheralReset &rArr; __aeabi_assert &rArr; DbgConsole_Printf &rArr;  __aeabi_assert (Cycle)
</UL>
<BR>[Calls]<UL><LI><a href="#[a2]">&gt;&gt;</a>&nbsp;&nbsp;&nbsp;__aeabi_assert
</UL>
<BR>[Called By]<UL><LI><a href="#[9c]">&gt;&gt;</a>&nbsp;&nbsp;&nbsp;CTIMER_Init
<LI><a href="#[9b]">&gt;&gt;</a>&nbsp;&nbsp;&nbsp;BOARD_InitPeripherals
<LI><a href="#[b6]">&gt;&gt;</a>&nbsp;&nbsp;&nbsp;FLEXCOMM_Init
</UL>

<P><STRONG><a name="[a0]"></a>SDK_DelayAtLeastUs</STRONG> (Thumb, 112 bytes, Stack size 8 bytes, fsl_common.o(.text.SDK_DelayAtLeastUs))
<BR><BR>[Stack]<UL><LI>Max Depth = 264<LI>Call Chain = SDK_DelayAtLeastUs &rArr; __aeabi_assert &rArr; DbgConsole_Printf &rArr;  __aeabi_assert (Cycle)
</UL>
<BR>[Calls]<UL><LI><a href="#[a2]">&gt;&gt;</a>&nbsp;&nbsp;&nbsp;__aeabi_assert
<LI><a href="#[8c]">&gt;&gt;</a>&nbsp;&nbsp;&nbsp;__aeabi_uldivmod
</UL>
<BR>[Called By]<UL><LI><a href="#[99]">&gt;&gt;</a>&nbsp;&nbsp;&nbsp;CLOCK_SetPLL0Freq
</UL>

<P><STRONG><a name="[7]"></a>SVC_Handler</STRONG> (Thumb, 36 bytes, Stack size 0 bytes, portasm.o(.text.SVC_Handler))
<BR>[Address Reference Count : 2]<UL><LI> startup_lpc55s69_cm33_core0.o(.text)
<LI> startup_lpc55s69_cm33_core0.o(.isr_vector)
</UL>
<P><STRONG><a name="[a3]"></a>SerialManager_WriteBlocking</STRONG> (Thumb, 124 bytes, Stack size 0 bytes, serial_manager.o(.text.SerialManager_WriteBlocking))
<BR><BR>[Stack]<UL><LI>Max Depth = 24 + In Cycle
<LI>Call Chain = SerialManager_WriteBlocking &rArr;  __aeabi_assert (Cycle)
</UL>
<BR>[Calls]<UL><LI><a href="#[bc]">&gt;&gt;</a>&nbsp;&nbsp;&nbsp;Serial_UartWrite
<LI><a href="#[a2]">&gt;&gt;</a>&nbsp;&nbsp;&nbsp;__aeabi_assert
</UL>
<BR>[Called By]<UL><LI><a href="#[a4]">&gt;&gt;</a>&nbsp;&nbsp;&nbsp;DbgConsole_Printf
<LI><a href="#[86]">&gt;&gt;</a>&nbsp;&nbsp;&nbsp;DbgConsole_PrintCallback
</UL>

<P><STRONG><a name="[bc]"></a>Serial_UartWrite</STRONG> (Thumb, 82 bytes, Stack size 0 bytes, serial_port_uart.o(.text.Serial_UartWrite))
<BR><BR>[Stack]<UL><LI>Max Depth = 24 + In Cycle
<LI>Call Chain = Serial_UartWrite &rArr;  __aeabi_assert (Cycle)
</UL>
<BR>[Calls]<UL><LI><a href="#[b7]">&gt;&gt;</a>&nbsp;&nbsp;&nbsp;HAL_UartSendBlocking
<LI><a href="#[a2]">&gt;&gt;</a>&nbsp;&nbsp;&nbsp;__aeabi_assert
</UL>
<BR>[Called By]<UL><LI><a href="#[a3]">&gt;&gt;</a>&nbsp;&nbsp;&nbsp;SerialManager_WriteBlocking
</UL>

<P><STRONG><a name="[a6]"></a>StrFormatPrintf</STRONG> (Thumb, 1098 bytes, Stack size 96 bytes, fsl_str.o(.text.StrFormatPrintf))
<BR><BR>[Stack]<UL><LI>Max Depth = 96<LI>Call Chain = StrFormatPrintf
</UL>
<BR>[Calls]<UL><LI><a href="#[bd]">&gt;&gt;</a>&nbsp;&nbsp;&nbsp;strlen
</UL>
<BR>[Called By]<UL><LI><a href="#[a4]">&gt;&gt;</a>&nbsp;&nbsp;&nbsp;DbgConsole_Printf
</UL>

<P><STRONG><a name="[a]"></a>SysTick_Handler</STRONG> (Thumb, 38 bytes, Stack size 8 bytes, port.o(.text.SysTick_Handler))
<BR><BR>[Stack]<UL><LI>Max Depth = 104<LI>Call Chain = SysTick_Handler &rArr; xTaskIncrementTick &rArr; EvrFreeRTOSTasks_TaskIncrementTick &rArr; EventRecord2 &rArr; EventRecordItem
</UL>
<BR>[Calls]<UL><LI><a href="#[bf]">&gt;&gt;</a>&nbsp;&nbsp;&nbsp;xTaskIncrementTick
<LI><a href="#[c0]">&gt;&gt;</a>&nbsp;&nbsp;&nbsp;vClearInterruptMaskFromISR
<LI><a href="#[be]">&gt;&gt;</a>&nbsp;&nbsp;&nbsp;ulSetInterruptMaskFromISR
</UL>
<BR>[Address Reference Count : 2]<UL><LI> startup_lpc55s69_cm33_core0.o(.text)
<LI> startup_lpc55s69_cm33_core0.o(.isr_vector)
</UL>
<P><STRONG><a name="[48]"></a>SystemInit</STRONG> (Thumb, 68 bytes, Stack size 0 bytes, system_lpc55s69_cm33_core0.o(.text.SystemInit))
<BR>[Address Reference Count : 1]<UL><LI> startup_lpc55s69_cm33_core0.o(.text)
</UL>
<P><STRONG><a name="[d9]"></a>SystemInitHook</STRONG> (Thumb, 2 bytes, Stack size 0 bytes, system_lpc55s69_cm33_core0.o(.text.SystemInitHook), UNUSED)

<P><STRONG><a name="[9f]"></a>USART_Init</STRONG> (Thumb, 332 bytes, Stack size 16 bytes, fsl_usart.o(.text.USART_Init))
<BR><BR>[Stack]<UL><LI>Max Depth = 304<LI>Call Chain = USART_Init &rArr; USART_SetBaudRate &rArr; __aeabi_assert &rArr; DbgConsole_Printf &rArr;  __aeabi_assert (Cycle)
</UL>
<BR>[Calls]<UL><LI><a href="#[b6]">&gt;&gt;</a>&nbsp;&nbsp;&nbsp;FLEXCOMM_Init
<LI><a href="#[a2]">&gt;&gt;</a>&nbsp;&nbsp;&nbsp;__aeabi_assert
<LI><a href="#[c1]">&gt;&gt;</a>&nbsp;&nbsp;&nbsp;USART_SetBaudRate
</UL>
<BR>[Called By]<UL><LI><a href="#[9b]">&gt;&gt;</a>&nbsp;&nbsp;&nbsp;BOARD_InitPeripherals
</UL>

<P><STRONG><a name="[c1]"></a>USART_SetBaudRate</STRONG> (Thumb, 596 bytes, Stack size 32 bytes, fsl_usart.o(.text.USART_SetBaudRate))
<BR><BR>[Stack]<UL><LI>Max Depth = 288<LI>Call Chain = USART_SetBaudRate &rArr; __aeabi_assert &rArr; DbgConsole_Printf &rArr;  __aeabi_assert (Cycle)
</UL>
<BR>[Calls]<UL><LI><a href="#[a2]">&gt;&gt;</a>&nbsp;&nbsp;&nbsp;__aeabi_assert
</UL>
<BR>[Called By]<UL><LI><a href="#[9f]">&gt;&gt;</a>&nbsp;&nbsp;&nbsp;USART_Init
</UL>

<P><STRONG><a name="[b8]"></a>USART_WriteBlocking</STRONG> (Thumb, 392 bytes, Stack size 16 bytes, fsl_usart.o(.text.USART_WriteBlocking))
<BR><BR>[Stack]<UL><LI>Max Depth = 16 + In Cycle
<LI>Call Chain = USART_WriteBlocking &rArr;  __aeabi_assert (Cycle)
</UL>
<BR>[Calls]<UL><LI><a href="#[a2]">&gt;&gt;</a>&nbsp;&nbsp;&nbsp;__aeabi_assert
</UL>
<BR>[Called By]<UL><LI><a href="#[b7]">&gt;&gt;</a>&nbsp;&nbsp;&nbsp;HAL_UartSendBlocking
</UL>

<P><STRONG><a name="[a2]"></a>__aeabi_assert</STRONG> (Thumb, 60 bytes, Stack size 0 bytes, fsl_assert.o(.text.__aeabi_assert))
<BR><BR>[Stack]<UL><LI>Max Depth = 256<LI>Call Chain = __aeabi_assert &rArr; DbgConsole_Printf &rArr;  __aeabi_assert (Cycle)
</UL>
<BR>[Calls]<UL><LI><a href="#[a4]">&gt;&gt;</a>&nbsp;&nbsp;&nbsp;DbgConsole_Printf
</UL>
<BR>[Called By]<UL><LI><a href="#[9f]">&gt;&gt;</a>&nbsp;&nbsp;&nbsp;USART_Init
<LI><a href="#[9e]">&gt;&gt;</a>&nbsp;&nbsp;&nbsp;RESET_PeripheralReset
<LI><a href="#[9d]">&gt;&gt;</a>&nbsp;&nbsp;&nbsp;CTIMER_SetupPwmPeriod
<LI><a href="#[9c]">&gt;&gt;</a>&nbsp;&nbsp;&nbsp;CTIMER_Init
<LI><a href="#[b8]">&gt;&gt;</a>&nbsp;&nbsp;&nbsp;USART_WriteBlocking
<LI><a href="#[b7]">&gt;&gt;</a>&nbsp;&nbsp;&nbsp;HAL_UartSendBlocking
<LI><a href="#[bc]">&gt;&gt;</a>&nbsp;&nbsp;&nbsp;Serial_UartWrite
<LI><a href="#[a3]">&gt;&gt;</a>&nbsp;&nbsp;&nbsp;SerialManager_WriteBlocking
<LI><a href="#[b6]">&gt;&gt;</a>&nbsp;&nbsp;&nbsp;FLEXCOMM_Init
<LI><a href="#[85]">&gt;&gt;</a>&nbsp;&nbsp;&nbsp;FLEXCOMM8_DriverIRQHandler
<LI><a href="#[5f]">&gt;&gt;</a>&nbsp;&nbsp;&nbsp;FLEXCOMM7_DriverIRQHandler
<LI><a href="#[5e]">&gt;&gt;</a>&nbsp;&nbsp;&nbsp;FLEXCOMM6_DriverIRQHandler
<LI><a href="#[5d]">&gt;&gt;</a>&nbsp;&nbsp;&nbsp;FLEXCOMM5_DriverIRQHandler
<LI><a href="#[5c]">&gt;&gt;</a>&nbsp;&nbsp;&nbsp;FLEXCOMM4_DriverIRQHandler
<LI><a href="#[5b]">&gt;&gt;</a>&nbsp;&nbsp;&nbsp;FLEXCOMM3_DriverIRQHandler
<LI><a href="#[5a]">&gt;&gt;</a>&nbsp;&nbsp;&nbsp;FLEXCOMM2_DriverIRQHandler
<LI><a href="#[59]">&gt;&gt;</a>&nbsp;&nbsp;&nbsp;FLEXCOMM1_DriverIRQHandler
<LI><a href="#[58]">&gt;&gt;</a>&nbsp;&nbsp;&nbsp;FLEXCOMM0_DriverIRQHandler
<LI><a href="#[a0]">&gt;&gt;</a>&nbsp;&nbsp;&nbsp;SDK_DelayAtLeastUs
<LI><a href="#[a4]">&gt;&gt;</a>&nbsp;&nbsp;&nbsp;DbgConsole_Printf
<LI><a href="#[86]">&gt;&gt;</a>&nbsp;&nbsp;&nbsp;DbgConsole_PrintCallback
<LI><a href="#[c1]">&gt;&gt;</a>&nbsp;&nbsp;&nbsp;USART_SetBaudRate
</UL>

<P><STRONG><a name="[88]"></a>fputc</STRONG> (Thumb, 76 bytes, Stack size 16 bytes, retarget_io.o(.text.fputc))
<BR><BR>[Stack]<UL><LI>Max Depth = 88<LI>Call Chain = fputc &rArr; EventRecordData &rArr; EventRecordItem
</UL>
<BR>[Calls]<UL><LI><a href="#[aa]">&gt;&gt;</a>&nbsp;&nbsp;&nbsp;EventRecordData
</UL>
<BR>[Address Reference Count : 1]<UL><LI> printfb.o(i.__0printf$bare)
</UL>
<P><STRONG><a name="[47]"></a>main</STRONG> (Thumb, 44 bytes, Stack size 8 bytes, main.o(.text.main))
<BR><BR>[Stack]<UL><LI>Max Depth = 352 + Unknown Stack Size
<LI>Call Chain = main &rArr; BOARD_BootClockRUN &rArr; CLOCK_SetPLL0Freq &rArr; SDK_DelayAtLeastUs &rArr; __aeabi_assert &rArr; DbgConsole_Printf &rArr;  __aeabi_assert (Cycle)
</UL>
<BR>[Calls]<UL><LI><a href="#[b0]">&gt;&gt;</a>&nbsp;&nbsp;&nbsp;EventRecorderStart
<LI><a href="#[ac]">&gt;&gt;</a>&nbsp;&nbsp;&nbsp;EventRecorderInitialize
<LI><a href="#[c3]">&gt;&gt;</a>&nbsp;&nbsp;&nbsp;BOARD_InitPins
<LI><a href="#[9b]">&gt;&gt;</a>&nbsp;&nbsp;&nbsp;BOARD_InitPeripherals
<LI><a href="#[93]">&gt;&gt;</a>&nbsp;&nbsp;&nbsp;BOARD_BootClockRUN
<LI><a href="#[c4]">&gt;&gt;</a>&nbsp;&nbsp;&nbsp;__2printf
</UL>
<BR>[Address Reference Count : 1]<UL><LI> entry9a.o(.ARM.Collect$$$$0000000B)
</UL>
<P><STRONG><a name="[be]"></a>ulSetInterruptMaskFromISR</STRONG> (Thumb, 8 bytes, Stack size 0 bytes, portasm.o(.text.ulSetInterruptMaskFromISR))
<BR><BR>[Called By]<UL><LI><a href="#[a]">&gt;&gt;</a>&nbsp;&nbsp;&nbsp;SysTick_Handler
</UL>

<P><STRONG><a name="[c6]"></a>uxListRemove</STRONG> (Thumb, 36 bytes, Stack size 0 bytes, list.o(.text.uxListRemove))
<BR><BR>[Called By]<UL><LI><a href="#[bf]">&gt;&gt;</a>&nbsp;&nbsp;&nbsp;xTaskIncrementTick
</UL>

<P><STRONG><a name="[c0]"></a>vClearInterruptMaskFromISR</STRONG> (Thumb, 6 bytes, Stack size 0 bytes, portasm.o(.text.vClearInterruptMaskFromISR))
<BR><BR>[Called By]<UL><LI><a href="#[a]">&gt;&gt;</a>&nbsp;&nbsp;&nbsp;SysTick_Handler
</UL>

<P><STRONG><a name="[c7]"></a>vListInsertEnd</STRONG> (Thumb, 28 bytes, Stack size 0 bytes, list.o(.text.vListInsertEnd))
<BR><BR>[Called By]<UL><LI><a href="#[bf]">&gt;&gt;</a>&nbsp;&nbsp;&nbsp;xTaskIncrementTick
</UL>

<P><STRONG><a name="[87]"></a>vPortSVCHandler_C</STRONG> (Thumb, 46 bytes, Stack size 0 bytes, port.o(.text.vPortSVCHandler_C))
<BR><BR>[Calls]<UL><LI><a href="#[c5]">&gt;&gt;</a>&nbsp;&nbsp;&nbsp;vRestoreContextOfFirstTask
</UL>
<BR>[Address Reference Count : 1]<UL><LI> portasm.o(.text.SVC_Handler)
</UL>
<P><STRONG><a name="[c5]"></a>vRestoreContextOfFirstTask</STRONG> (Thumb, 36 bytes, Stack size 0 bytes, portasm.o(.text.vRestoreContextOfFirstTask))
<BR><BR>[Called By]<UL><LI><a href="#[87]">&gt;&gt;</a>&nbsp;&nbsp;&nbsp;vPortSVCHandler_C
</UL>

<P><STRONG><a name="[bb]"></a>vTaskSwitchContext</STRONG> (Thumb, 162 bytes, Stack size 8 bytes, tasks.o(.text.vTaskSwitchContext))
<BR><BR>[Stack]<UL><LI>Max Depth = 72<LI>Call Chain = vTaskSwitchContext &rArr; EvrFreeRTOSTasks_TaskSwitchedOut &rArr; EventRecord2 &rArr; EventRecordItem
</UL>
<BR>[Calls]<UL><LI><a href="#[b5]">&gt;&gt;</a>&nbsp;&nbsp;&nbsp;EvrFreeRTOSTasks_TaskSwitchedOut
<LI><a href="#[b4]">&gt;&gt;</a>&nbsp;&nbsp;&nbsp;EvrFreeRTOSTasks_TaskSwitchedIn
</UL>
<BR>[Called By]<UL><LI><a href="#[9]">&gt;&gt;</a>&nbsp;&nbsp;&nbsp;PendSV_Handler
</UL>

<P><STRONG><a name="[bf]"></a>xTaskIncrementTick</STRONG> (Thumb, 252 bytes, Stack size 32 bytes, tasks.o(.text.xTaskIncrementTick))
<BR><BR>[Stack]<UL><LI>Max Depth = 96<LI>Call Chain = xTaskIncrementTick &rArr; EvrFreeRTOSTasks_TaskIncrementTick &rArr; EventRecord2 &rArr; EventRecordItem
</UL>
<BR>[Calls]<UL><LI><a href="#[c7]">&gt;&gt;</a>&nbsp;&nbsp;&nbsp;vListInsertEnd
<LI><a href="#[c6]">&gt;&gt;</a>&nbsp;&nbsp;&nbsp;uxListRemove
<LI><a href="#[b3]">&gt;&gt;</a>&nbsp;&nbsp;&nbsp;EvrFreeRTOSTasks_TaskIncrementTick
<LI><a href="#[b2]">&gt;&gt;</a>&nbsp;&nbsp;&nbsp;EvrFreeRTOSTasks_PostMovedTaskToReadyState
<LI><a href="#[b1]">&gt;&gt;</a>&nbsp;&nbsp;&nbsp;EvrFreeRTOSTasks_MovedTaskToReadyState
</UL>
<BR>[Called By]<UL><LI><a href="#[a]">&gt;&gt;</a>&nbsp;&nbsp;&nbsp;SysTick_Handler
</UL>

<P><STRONG><a name="[c8]"></a>__0printf$bare</STRONG> (Thumb, 8 bytes, Stack size 0 bytes, printfb.o(i.__0printf$bare), UNUSED)
<BR><BR>[Calls]<UL><LI><a href="#[c9]">&gt;&gt;</a>&nbsp;&nbsp;&nbsp;_printf_core
</UL>

<P><STRONG><a name="[da]"></a>__1printf$bare</STRONG> (Thumb, 0 bytes, Stack size 0 bytes, printfb.o(i.__0printf$bare), UNUSED)

<P><STRONG><a name="[c4]"></a>__2printf</STRONG> (Thumb, 0 bytes, Stack size 0 bytes, printfb.o(i.__0printf$bare))
<BR><BR>[Called By]<UL><LI><a href="#[47]">&gt;&gt;</a>&nbsp;&nbsp;&nbsp;main
</UL>

<P><STRONG><a name="[db]"></a>__scatterload_copy</STRONG> (Thumb, 14 bytes, Stack size unknown bytes, handlers.o(i.__scatterload_copy), UNUSED)

<P><STRONG><a name="[dc]"></a>__scatterload_null</STRONG> (Thumb, 2 bytes, Stack size unknown bytes, handlers.o(i.__scatterload_null), UNUSED)

<P><STRONG><a name="[dd]"></a>__scatterload_zeroinit</STRONG> (Thumb, 14 bytes, Stack size unknown bytes, handlers.o(i.__scatterload_zeroinit), UNUSED)
<P>
<H3>
Local Symbols
</H3>
<P><STRONG><a name="[a9]"></a>EventRecordItem</STRONG> (Thumb, 692 bytes, Stack size 32 bytes, eventrecorder.o(.text.EventRecordItem))
<BR><BR>[Stack]<UL><LI>Max Depth = 32<LI>Call Chain = EventRecordItem
</UL>
<BR>[Called By]<UL><LI><a href="#[b0]">&gt;&gt;</a>&nbsp;&nbsp;&nbsp;EventRecorderStart
<LI><a href="#[ac]">&gt;&gt;</a>&nbsp;&nbsp;&nbsp;EventRecorderInitialize
<LI><a href="#[aa]">&gt;&gt;</a>&nbsp;&nbsp;&nbsp;EventRecordData
<LI><a href="#[a7]">&gt;&gt;</a>&nbsp;&nbsp;&nbsp;EventRecord2
</UL>

<P><STRONG><a name="[86]"></a>DbgConsole_PrintCallback</STRONG> (Thumb, 182 bytes, Stack size 32 bytes, fsl_debug_console.o(.text.DbgConsole_PrintCallback))
<BR><BR>[Stack]<UL><LI>Max Depth = 288<LI>Call Chain = DbgConsole_PrintCallback &rArr; __aeabi_assert &rArr; DbgConsole_Printf &rArr;  __aeabi_assert (Cycle)
</UL>
<BR>[Calls]<UL><LI><a href="#[a3]">&gt;&gt;</a>&nbsp;&nbsp;&nbsp;SerialManager_WriteBlocking
<LI><a href="#[a2]">&gt;&gt;</a>&nbsp;&nbsp;&nbsp;__aeabi_assert
</UL>
<BR>[Address Reference Count : 1]<UL><LI> fsl_debug_console.o(.text.DbgConsole_Printf)
</UL>
<P><STRONG><a name="[b9]"></a>lowpower_set_dcdc_power_profile</STRONG> (Thumb, 72 bytes, Stack size unknown bytes, fsl_power_lib.o(.text.lowpower_set_dcdc_power_profile))
<BR><BR>[Called By]<UL><LI><a href="#[97]">&gt;&gt;</a>&nbsp;&nbsp;&nbsp;POWER_SetVoltageForFreq
</UL>

<P><STRONG><a name="[c2]"></a>lowpower_set_system_voltage</STRONG> (Thumb, 212 bytes, Stack size unknown bytes, fsl_power_lib.o(.text.lowpower_set_system_voltage))
<BR><BR>[Called By]<UL><LI><a href="#[ba]">&gt;&gt;</a>&nbsp;&nbsp;&nbsp;lowpower_set_voltage_for_process
</UL>

<P><STRONG><a name="[ba]"></a>lowpower_set_voltage_for_process</STRONG> (Thumb, 152 bytes, Stack size unknown bytes, fsl_power_lib.o(.text.lowpower_set_voltage_for_process))
<BR><BR>[Calls]<UL><LI><a href="#[c2]">&gt;&gt;</a>&nbsp;&nbsp;&nbsp;lowpower_set_system_voltage
</UL>
<BR>[Called By]<UL><LI><a href="#[97]">&gt;&gt;</a>&nbsp;&nbsp;&nbsp;POWER_SetVoltageForFreq
</UL>

<P><STRONG><a name="[c9]"></a>_printf_core</STRONG> (Thumb, 34 bytes, Stack size 24 bytes, printfb.o(i._printf_core), UNUSED)
<BR><BR>[Called By]<UL><LI><a href="#[c8]">&gt;&gt;</a>&nbsp;&nbsp;&nbsp;__0printf$bare
</UL>
<P>
<H3>
Undefined Global Symbols
</H3><HR></body></html>
