<!doctype html public "-//w3c//dtd html 4.0 transitional//en">
<html><head>
<title>Static Call Graph - [.\Objects\project.axf]</title></head>
<body><HR>
<H1>Static Call Graph for image .\Objects\project.axf</H1><HR>
<BR><P>#&#060CALLGRAPH&#062# ARM Linker, 6130100: Last Updated: Mon Jun 29 13:37:24 2020
<BR><P>
<H3>Maximum Stack Usage =        288 bytes + Unknown(Functions without stacksize, Cycles, Untraceable Function Pointers)</H3><H3>
Call chain for Maximum Stack Depth:</H3>
DMA0_DriverIRQHandler &rArr; DMA_IRQHandle &rArr; __aeabi_assert &rArr; DbgConsole_Printf &rArr;  __aeabi_assert (Cycle)
<P>
<H3>
Functions with no stack information
</H3><UL>
 <LI><a href="#[0]">Reset_Handler</a>
 <LI><a href="#[62]">ACMP_DriverIRQHandler</a>
 <LI><a href="#[60]">ADC0_DriverIRQHandler</a>
 <LI><a href="#[4]">BusFault_Handler</a>
 <LI><a href="#[81]">CASER_DriverIRQHandler</a>
 <LI><a href="#[8]">DebugMon_Handler</a>
 <LI><a href="#[87]">DefaultISR</a>
 <LI><a href="#[4c]">GINT0_DriverIRQHandler</a>
 <LI><a href="#[4d]">GINT1_DriverIRQHandler</a>
 <LI><a href="#[80]">HASHCRYPT_DriverIRQHandler</a>
 <LI><a href="#[69]">MAILBOX_DriverIRQHandler</a>
 <LI><a href="#[53]">MRT0_DriverIRQHandler</a>
 <LI><a href="#[3]">MemManage_Handler</a>
 <LI><a href="#[70]">OS_EVENT_DriverIRQHandler</a>
 <LI><a href="#[4e]">PIN_INT0_DriverIRQHandler</a>
 <LI><a href="#[4f]">PIN_INT1_DriverIRQHandler</a>
 <LI><a href="#[50]">PIN_INT2_DriverIRQHandler</a>
 <LI><a href="#[51]">PIN_INT3_DriverIRQHandler</a>
 <LI><a href="#[6a]">PIN_INT4_DriverIRQHandler</a>
 <LI><a href="#[6b]">PIN_INT5_DriverIRQHandler</a>
 <LI><a href="#[6c]">PIN_INT6_DriverIRQHandler</a>
 <LI><a href="#[6d]">PIN_INT7_DriverIRQHandler</a>
 <LI><a href="#[7e]">PLU_DriverIRQHandler</a>
 <LI><a href="#[83]">PQ_DriverIRQHandler</a>
 <LI><a href="#[82]">PUF_DriverIRQHandler</a>
 <LI><a href="#[67]">RTC_DriverIRQHandler</a>
 <LI><a href="#[61]">Reserved39_DriverIRQHandler</a>
 <LI><a href="#[63]">Reserved41_DriverIRQHandler</a>
 <LI><a href="#[64]">Reserved42_DriverIRQHandler</a>
 <LI><a href="#[68]">Reserved46_DriverIRQHandler</a>
 <LI><a href="#[71]">Reserved55_DriverIRQHandler</a>
 <LI><a href="#[72]">Reserved56_DriverIRQHandler</a>
 <LI><a href="#[73]">Reserved57_DriverIRQHandler</a>
 <LI><a href="#[75]">Reserved59_DriverIRQHandler</a>
 <LI><a href="#[76]">Reserved60_DriverIRQHandler</a>
 <LI><a href="#[77]">Reserved61_DriverIRQHandler</a>
 <LI><a href="#[56]">SCT0_DriverIRQHandler</a>
 <LI><a href="#[74]">SDIO_DriverIRQHandler</a>
 <LI><a href="#[7c]">SEC_GPIO_INT0_IRQ0_DriverIRQHandler</a>
 <LI><a href="#[7d]">SEC_GPIO_INT0_IRQ1_DriverIRQHandler</a>
 <LI><a href="#[7b]">SEC_HYPERVISOR_CALL_DriverIRQHandler</a>
 <LI><a href="#[7f]">SEC_VIO_DriverIRQHandler</a>
 <LI><a href="#[6]">SecureFault_Handler</a>
 <LI><a href="#[66]">USB0_DriverIRQHandler</a>
 <LI><a href="#[65]">USB0_NEEDCLK_DriverIRQHandler</a>
 <LI><a href="#[79]">USB1_DriverIRQHandler</a>
 <LI><a href="#[7a]">USB1_NEEDCLK_DriverIRQHandler</a>
 <LI><a href="#[78]">USB1_PHY_DriverIRQHandler</a>
 <LI><a href="#[5]">UsageFault_Handler</a>
 <LI><a href="#[4a]">WDT_BOD_DriverIRQHandler</a>
 <LI><a href="#[1]">NMI_Handler</a>
 <LI><a href="#[2]">HardFault_Handler</a>
 <LI><a href="#[7]">SVC_Handler</a>
 <LI><a href="#[9]">PendSV_Handler</a>
 <LI><a href="#[a]">SysTick_Handler</a>
 <LI><a href="#[b]">WDT_BOD_IRQHandler</a>
 <LI><a href="#[c]">DMA0_IRQHandler</a>
 <LI><a href="#[d]">GINT0_IRQHandler</a>
 <LI><a href="#[e]">GINT1_IRQHandler</a>
 <LI><a href="#[f]">PIN_INT0_IRQHandler</a>
 <LI><a href="#[10]">PIN_INT1_IRQHandler</a>
 <LI><a href="#[11]">PIN_INT2_IRQHandler</a>
 <LI><a href="#[12]">PIN_INT3_IRQHandler</a>
 <LI><a href="#[13]">UTICK0_IRQHandler</a>
 <LI><a href="#[14]">MRT0_IRQHandler</a>
 <LI><a href="#[15]">CTIMER0_IRQHandler</a>
 <LI><a href="#[16]">CTIMER1_IRQHandler</a>
 <LI><a href="#[17]">SCT0_IRQHandler</a>
 <LI><a href="#[18]">CTIMER3_IRQHandler</a>
 <LI><a href="#[19]">FLEXCOMM0_IRQHandler</a>
 <LI><a href="#[1a]">FLEXCOMM1_IRQHandler</a>
 <LI><a href="#[1b]">FLEXCOMM2_IRQHandler</a>
 <LI><a href="#[1c]">FLEXCOMM3_IRQHandler</a>
 <LI><a href="#[1d]">FLEXCOMM4_IRQHandler</a>
 <LI><a href="#[1e]">FLEXCOMM5_IRQHandler</a>
 <LI><a href="#[1f]">FLEXCOMM6_IRQHandler</a>
 <LI><a href="#[20]">FLEXCOMM7_IRQHandler</a>
 <LI><a href="#[21]">ADC0_IRQHandler</a>
 <LI><a href="#[22]">Reserved39_IRQHandler</a>
 <LI><a href="#[23]">ACMP_IRQHandler</a>
 <LI><a href="#[24]">Reserved41_IRQHandler</a>
 <LI><a href="#[25]">Reserved42_IRQHandler</a>
 <LI><a href="#[26]">USB0_NEEDCLK_IRQHandler</a>
 <LI><a href="#[27]">USB0_IRQHandler</a>
 <LI><a href="#[28]">RTC_IRQHandler</a>
 <LI><a href="#[29]">Reserved46_IRQHandler</a>
 <LI><a href="#[2a]">MAILBOX_IRQHandler</a>
 <LI><a href="#[2b]">PIN_INT4_IRQHandler</a>
 <LI><a href="#[2c]">PIN_INT5_IRQHandler</a>
 <LI><a href="#[2d]">PIN_INT6_IRQHandler</a>
 <LI><a href="#[2e]">PIN_INT7_IRQHandler</a>
 <LI><a href="#[2f]">CTIMER2_IRQHandler</a>
 <LI><a href="#[30]">CTIMER4_IRQHandler</a>
 <LI><a href="#[31]">OS_EVENT_IRQHandler</a>
 <LI><a href="#[32]">Reserved55_IRQHandler</a>
 <LI><a href="#[33]">Reserved56_IRQHandler</a>
 <LI><a href="#[34]">Reserved57_IRQHandler</a>
 <LI><a href="#[35]">SDIO_IRQHandler</a>
 <LI><a href="#[36]">Reserved59_IRQHandler</a>
 <LI><a href="#[37]">Reserved60_IRQHandler</a>
 <LI><a href="#[38]">Reserved61_IRQHandler</a>
 <LI><a href="#[39]">USB1_PHY_IRQHandler</a>
 <LI><a href="#[3a]">USB1_IRQHandler</a>
 <LI><a href="#[3b]">USB1_NEEDCLK_IRQHandler</a>
 <LI><a href="#[3c]">SEC_HYPERVISOR_CALL_IRQHandler</a>
 <LI><a href="#[3d]">SEC_GPIO_INT0_IRQ0_IRQHandler</a>
 <LI><a href="#[3e]">SEC_GPIO_INT0_IRQ1_IRQHandler</a>
 <LI><a href="#[3f]">PLU_IRQHandler</a>
 <LI><a href="#[40]">SEC_VIO_IRQHandler</a>
 <LI><a href="#[41]">HASHCRYPT_IRQHandler</a>
 <LI><a href="#[42]">CASER_IRQHandler</a>
 <LI><a href="#[43]">PUF_IRQHandler</a>
 <LI><a href="#[44]">PQ_IRQHandler</a>
 <LI><a href="#[45]">DMA1_IRQHandler</a>
 <LI><a href="#[46]">FLEXCOMM8_IRQHandler</a>
 <LI><a href="#[91]">POWER_SetVoltageForFreq</a>
 <LI><a href="#[9d]">lowpower_set_dcdc_power_profile</a>
 <LI><a href="#[a1]">lowpower_set_system_voltage</a>
 <LI><a href="#[9e]">lowpower_set_voltage_for_process</a>
</UL>
</UL>
<P>
<H3>
Mutually Recursive functions
</H3> <LI><a href="#[9c]">USART_WriteBlocking</a>&nbsp;&nbsp;&nbsp;&rArr;&nbsp;&nbsp;&nbsp;<a href="#[96]">__aeabi_assert</a><BR>
 <LI><a href="#[9b]">HAL_UartSendBlocking</a>&nbsp;&nbsp;&nbsp;&rArr;&nbsp;&nbsp;&nbsp;<a href="#[96]">__aeabi_assert</a><BR>
 <LI><a href="#[9f]">Serial_UartWrite</a>&nbsp;&nbsp;&nbsp;&rArr;&nbsp;&nbsp;&nbsp;<a href="#[96]">__aeabi_assert</a><BR>
 <LI><a href="#[97]">SerialManager_WriteBlocking</a>&nbsp;&nbsp;&nbsp;&rArr;&nbsp;&nbsp;&nbsp;<a href="#[96]">__aeabi_assert</a><BR>
 <LI><a href="#[98]">DbgConsole_Printf</a>&nbsp;&nbsp;&nbsp;&rArr;&nbsp;&nbsp;&nbsp;<a href="#[96]">__aeabi_assert</a><BR>
</UL>
<P>
<H3>
Function Pointers
</H3><UL>
 <LI><a href="#[62]">ACMP_DriverIRQHandler</a> from startup_lpc55s69_cm33_core1.o(.text) referenced from startup_lpc55s69_cm33_core1.o(.text)
 <LI><a href="#[23]">ACMP_IRQHandler</a> from startup_lpc55s69_cm33_core1.o(.text) referenced from startup_lpc55s69_cm33_core1.o(.isr_vector)
 <LI><a href="#[60]">ADC0_DriverIRQHandler</a> from startup_lpc55s69_cm33_core1.o(.text) referenced from startup_lpc55s69_cm33_core1.o(.text)
 <LI><a href="#[21]">ADC0_IRQHandler</a> from startup_lpc55s69_cm33_core1.o(.text) referenced from startup_lpc55s69_cm33_core1.o(.isr_vector)
 <LI><a href="#[4]">BusFault_Handler</a> from startup_lpc55s69_cm33_core1.o(.text) referenced from startup_lpc55s69_cm33_core1.o(.isr_vector)
 <LI><a href="#[81]">CASER_DriverIRQHandler</a> from startup_lpc55s69_cm33_core1.o(.text) referenced from startup_lpc55s69_cm33_core1.o(.text)
 <LI><a href="#[42]">CASER_IRQHandler</a> from startup_lpc55s69_cm33_core1.o(.text) referenced from startup_lpc55s69_cm33_core1.o(.isr_vector)
 <LI><a href="#[54]">CTIMER0_DriverIRQHandler</a> from fsl_ctimer.o(.text.CTIMER0_DriverIRQHandler) referenced from startup_lpc55s69_cm33_core1.o(.text)
 <LI><a href="#[15]">CTIMER0_IRQHandler</a> from startup_lpc55s69_cm33_core1.o(.text) referenced from startup_lpc55s69_cm33_core1.o(.isr_vector)
 <LI><a href="#[55]">CTIMER1_DriverIRQHandler</a> from fsl_ctimer.o(.text.CTIMER1_DriverIRQHandler) referenced from startup_lpc55s69_cm33_core1.o(.text)
 <LI><a href="#[16]">CTIMER1_IRQHandler</a> from startup_lpc55s69_cm33_core1.o(.text) referenced from startup_lpc55s69_cm33_core1.o(.isr_vector)
 <LI><a href="#[6e]">CTIMER2_DriverIRQHandler</a> from fsl_ctimer.o(.text.CTIMER2_DriverIRQHandler) referenced from startup_lpc55s69_cm33_core1.o(.text)
 <LI><a href="#[2f]">CTIMER2_IRQHandler</a> from startup_lpc55s69_cm33_core1.o(.text) referenced from startup_lpc55s69_cm33_core1.o(.isr_vector)
 <LI><a href="#[57]">CTIMER3_DriverIRQHandler</a> from fsl_ctimer.o(.text.CTIMER3_DriverIRQHandler) referenced from startup_lpc55s69_cm33_core1.o(.text)
 <LI><a href="#[18]">CTIMER3_IRQHandler</a> from startup_lpc55s69_cm33_core1.o(.text) referenced from startup_lpc55s69_cm33_core1.o(.isr_vector)
 <LI><a href="#[6f]">CTIMER4_DriverIRQHandler</a> from fsl_ctimer.o(.text.CTIMER4_DriverIRQHandler) referenced from startup_lpc55s69_cm33_core1.o(.text)
 <LI><a href="#[30]">CTIMER4_IRQHandler</a> from startup_lpc55s69_cm33_core1.o(.text) referenced from startup_lpc55s69_cm33_core1.o(.isr_vector)
 <LI><a href="#[4b]">DMA0_DriverIRQHandler</a> from fsl_dma.o(.text.DMA0_DriverIRQHandler) referenced from startup_lpc55s69_cm33_core1.o(.text)
 <LI><a href="#[c]">DMA0_IRQHandler</a> from startup_lpc55s69_cm33_core1.o(.text) referenced from startup_lpc55s69_cm33_core1.o(.isr_vector)
 <LI><a href="#[84]">DMA1_DriverIRQHandler</a> from fsl_dma.o(.text.DMA1_DriverIRQHandler) referenced from startup_lpc55s69_cm33_core1.o(.text)
 <LI><a href="#[45]">DMA1_IRQHandler</a> from startup_lpc55s69_cm33_core1.o(.text) referenced from startup_lpc55s69_cm33_core1.o(.isr_vector)
 <LI><a href="#[86]">DbgConsole_PrintCallback</a> from fsl_debug_console.o(.text.DbgConsole_PrintCallback) referenced 2 times from fsl_debug_console.o(.text.DbgConsole_Printf)
 <LI><a href="#[8]">DebugMon_Handler</a> from startup_lpc55s69_cm33_core1.o(.text) referenced from startup_lpc55s69_cm33_core1.o(.isr_vector)
 <LI><a href="#[87]">DefaultISR</a> from startup_lpc55s69_cm33_core1.o(.text) referenced from fsl_utick.o(.data.s_utickIsr)
 <LI><a href="#[58]">FLEXCOMM0_DriverIRQHandler</a> from fsl_flexcomm.o(.text.FLEXCOMM0_DriverIRQHandler) referenced from startup_lpc55s69_cm33_core1.o(.text)
 <LI><a href="#[19]">FLEXCOMM0_IRQHandler</a> from startup_lpc55s69_cm33_core1.o(.text) referenced from startup_lpc55s69_cm33_core1.o(.isr_vector)
 <LI><a href="#[59]">FLEXCOMM1_DriverIRQHandler</a> from fsl_flexcomm.o(.text.FLEXCOMM1_DriverIRQHandler) referenced from startup_lpc55s69_cm33_core1.o(.text)
 <LI><a href="#[1a]">FLEXCOMM1_IRQHandler</a> from startup_lpc55s69_cm33_core1.o(.text) referenced from startup_lpc55s69_cm33_core1.o(.isr_vector)
 <LI><a href="#[5a]">FLEXCOMM2_DriverIRQHandler</a> from fsl_flexcomm.o(.text.FLEXCOMM2_DriverIRQHandler) referenced from startup_lpc55s69_cm33_core1.o(.text)
 <LI><a href="#[1b]">FLEXCOMM2_IRQHandler</a> from startup_lpc55s69_cm33_core1.o(.text) referenced from startup_lpc55s69_cm33_core1.o(.isr_vector)
 <LI><a href="#[5b]">FLEXCOMM3_DriverIRQHandler</a> from fsl_flexcomm.o(.text.FLEXCOMM3_DriverIRQHandler) referenced from startup_lpc55s69_cm33_core1.o(.text)
 <LI><a href="#[1c]">FLEXCOMM3_IRQHandler</a> from startup_lpc55s69_cm33_core1.o(.text) referenced from startup_lpc55s69_cm33_core1.o(.isr_vector)
 <LI><a href="#[5c]">FLEXCOMM4_DriverIRQHandler</a> from fsl_flexcomm.o(.text.FLEXCOMM4_DriverIRQHandler) referenced from startup_lpc55s69_cm33_core1.o(.text)
 <LI><a href="#[1d]">FLEXCOMM4_IRQHandler</a> from startup_lpc55s69_cm33_core1.o(.text) referenced from startup_lpc55s69_cm33_core1.o(.isr_vector)
 <LI><a href="#[5d]">FLEXCOMM5_DriverIRQHandler</a> from fsl_flexcomm.o(.text.FLEXCOMM5_DriverIRQHandler) referenced from startup_lpc55s69_cm33_core1.o(.text)
 <LI><a href="#[1e]">FLEXCOMM5_IRQHandler</a> from startup_lpc55s69_cm33_core1.o(.text) referenced from startup_lpc55s69_cm33_core1.o(.isr_vector)
 <LI><a href="#[5e]">FLEXCOMM6_DriverIRQHandler</a> from fsl_flexcomm.o(.text.FLEXCOMM6_DriverIRQHandler) referenced from startup_lpc55s69_cm33_core1.o(.text)
 <LI><a href="#[1f]">FLEXCOMM6_IRQHandler</a> from startup_lpc55s69_cm33_core1.o(.text) referenced from startup_lpc55s69_cm33_core1.o(.isr_vector)
 <LI><a href="#[5f]">FLEXCOMM7_DriverIRQHandler</a> from fsl_flexcomm.o(.text.FLEXCOMM7_DriverIRQHandler) referenced from startup_lpc55s69_cm33_core1.o(.text)
 <LI><a href="#[20]">FLEXCOMM7_IRQHandler</a> from startup_lpc55s69_cm33_core1.o(.text) referenced from startup_lpc55s69_cm33_core1.o(.isr_vector)
 <LI><a href="#[85]">FLEXCOMM8_DriverIRQHandler</a> from fsl_flexcomm.o(.text.FLEXCOMM8_DriverIRQHandler) referenced from startup_lpc55s69_cm33_core1.o(.text)
 <LI><a href="#[46]">FLEXCOMM8_IRQHandler</a> from startup_lpc55s69_cm33_core1.o(.text) referenced from startup_lpc55s69_cm33_core1.o(.isr_vector)
 <LI><a href="#[4c]">GINT0_DriverIRQHandler</a> from startup_lpc55s69_cm33_core1.o(.text) referenced from startup_lpc55s69_cm33_core1.o(.text)
 <LI><a href="#[d]">GINT0_IRQHandler</a> from startup_lpc55s69_cm33_core1.o(.text) referenced from startup_lpc55s69_cm33_core1.o(.isr_vector)
 <LI><a href="#[4d]">GINT1_DriverIRQHandler</a> from startup_lpc55s69_cm33_core1.o(.text) referenced from startup_lpc55s69_cm33_core1.o(.text)
 <LI><a href="#[e]">GINT1_IRQHandler</a> from startup_lpc55s69_cm33_core1.o(.text) referenced from startup_lpc55s69_cm33_core1.o(.isr_vector)
 <LI><a href="#[80]">HASHCRYPT_DriverIRQHandler</a> from startup_lpc55s69_cm33_core1.o(.text) referenced from startup_lpc55s69_cm33_core1.o(.text)
 <LI><a href="#[41]">HASHCRYPT_IRQHandler</a> from startup_lpc55s69_cm33_core1.o(.text) referenced from startup_lpc55s69_cm33_core1.o(.isr_vector)
 <LI><a href="#[2]">HardFault_Handler</a> from startup_lpc55s69_cm33_core1.o(.text) referenced from startup_lpc55s69_cm33_core1.o(.isr_vector)
 <LI><a href="#[2]">HardFault_Handler</a> from startup_lpc55s69_cm33_core1.o(.text) referenced from startup_lpc55s69_cm33_core1.o(.text)
 <LI><a href="#[69]">MAILBOX_DriverIRQHandler</a> from startup_lpc55s69_cm33_core1.o(.text) referenced from startup_lpc55s69_cm33_core1.o(.text)
 <LI><a href="#[2a]">MAILBOX_IRQHandler</a> from startup_lpc55s69_cm33_core1.o(.text) referenced from startup_lpc55s69_cm33_core1.o(.isr_vector)
 <LI><a href="#[53]">MRT0_DriverIRQHandler</a> from startup_lpc55s69_cm33_core1.o(.text) referenced from startup_lpc55s69_cm33_core1.o(.text)
 <LI><a href="#[14]">MRT0_IRQHandler</a> from startup_lpc55s69_cm33_core1.o(.text) referenced from startup_lpc55s69_cm33_core1.o(.isr_vector)
 <LI><a href="#[3]">MemManage_Handler</a> from startup_lpc55s69_cm33_core1.o(.text) referenced from startup_lpc55s69_cm33_core1.o(.isr_vector)
 <LI><a href="#[1]">NMI_Handler</a> from startup_lpc55s69_cm33_core1.o(.text) referenced from startup_lpc55s69_cm33_core1.o(.isr_vector)
 <LI><a href="#[1]">NMI_Handler</a> from startup_lpc55s69_cm33_core1.o(.text) referenced from startup_lpc55s69_cm33_core1.o(.text)
 <LI><a href="#[70]">OS_EVENT_DriverIRQHandler</a> from startup_lpc55s69_cm33_core1.o(.text) referenced from startup_lpc55s69_cm33_core1.o(.text)
 <LI><a href="#[31]">OS_EVENT_IRQHandler</a> from startup_lpc55s69_cm33_core1.o(.text) referenced from startup_lpc55s69_cm33_core1.o(.isr_vector)
 <LI><a href="#[4e]">PIN_INT0_DriverIRQHandler</a> from startup_lpc55s69_cm33_core1.o(.text) referenced from startup_lpc55s69_cm33_core1.o(.text)
 <LI><a href="#[f]">PIN_INT0_IRQHandler</a> from startup_lpc55s69_cm33_core1.o(.text) referenced from startup_lpc55s69_cm33_core1.o(.isr_vector)
 <LI><a href="#[4f]">PIN_INT1_DriverIRQHandler</a> from startup_lpc55s69_cm33_core1.o(.text) referenced from startup_lpc55s69_cm33_core1.o(.text)
 <LI><a href="#[10]">PIN_INT1_IRQHandler</a> from startup_lpc55s69_cm33_core1.o(.text) referenced from startup_lpc55s69_cm33_core1.o(.isr_vector)
 <LI><a href="#[50]">PIN_INT2_DriverIRQHandler</a> from startup_lpc55s69_cm33_core1.o(.text) referenced from startup_lpc55s69_cm33_core1.o(.text)
 <LI><a href="#[11]">PIN_INT2_IRQHandler</a> from startup_lpc55s69_cm33_core1.o(.text) referenced from startup_lpc55s69_cm33_core1.o(.isr_vector)
 <LI><a href="#[51]">PIN_INT3_DriverIRQHandler</a> from startup_lpc55s69_cm33_core1.o(.text) referenced from startup_lpc55s69_cm33_core1.o(.text)
 <LI><a href="#[12]">PIN_INT3_IRQHandler</a> from startup_lpc55s69_cm33_core1.o(.text) referenced from startup_lpc55s69_cm33_core1.o(.isr_vector)
 <LI><a href="#[6a]">PIN_INT4_DriverIRQHandler</a> from startup_lpc55s69_cm33_core1.o(.text) referenced from startup_lpc55s69_cm33_core1.o(.text)
 <LI><a href="#[2b]">PIN_INT4_IRQHandler</a> from startup_lpc55s69_cm33_core1.o(.text) referenced from startup_lpc55s69_cm33_core1.o(.isr_vector)
 <LI><a href="#[6b]">PIN_INT5_DriverIRQHandler</a> from startup_lpc55s69_cm33_core1.o(.text) referenced from startup_lpc55s69_cm33_core1.o(.text)
 <LI><a href="#[2c]">PIN_INT5_IRQHandler</a> from startup_lpc55s69_cm33_core1.o(.text) referenced from startup_lpc55s69_cm33_core1.o(.isr_vector)
 <LI><a href="#[6c]">PIN_INT6_DriverIRQHandler</a> from startup_lpc55s69_cm33_core1.o(.text) referenced from startup_lpc55s69_cm33_core1.o(.text)
 <LI><a href="#[2d]">PIN_INT6_IRQHandler</a> from startup_lpc55s69_cm33_core1.o(.text) referenced from startup_lpc55s69_cm33_core1.o(.isr_vector)
 <LI><a href="#[6d]">PIN_INT7_DriverIRQHandler</a> from startup_lpc55s69_cm33_core1.o(.text) referenced from startup_lpc55s69_cm33_core1.o(.text)
 <LI><a href="#[2e]">PIN_INT7_IRQHandler</a> from startup_lpc55s69_cm33_core1.o(.text) referenced from startup_lpc55s69_cm33_core1.o(.isr_vector)
 <LI><a href="#[7e]">PLU_DriverIRQHandler</a> from startup_lpc55s69_cm33_core1.o(.text) referenced from startup_lpc55s69_cm33_core1.o(.text)
 <LI><a href="#[3f]">PLU_IRQHandler</a> from startup_lpc55s69_cm33_core1.o(.text) referenced from startup_lpc55s69_cm33_core1.o(.isr_vector)
 <LI><a href="#[83]">PQ_DriverIRQHandler</a> from startup_lpc55s69_cm33_core1.o(.text) referenced from startup_lpc55s69_cm33_core1.o(.text)
 <LI><a href="#[44]">PQ_IRQHandler</a> from startup_lpc55s69_cm33_core1.o(.text) referenced from startup_lpc55s69_cm33_core1.o(.isr_vector)
 <LI><a href="#[82]">PUF_DriverIRQHandler</a> from startup_lpc55s69_cm33_core1.o(.text) referenced from startup_lpc55s69_cm33_core1.o(.text)
 <LI><a href="#[43]">PUF_IRQHandler</a> from startup_lpc55s69_cm33_core1.o(.text) referenced from startup_lpc55s69_cm33_core1.o(.isr_vector)
 <LI><a href="#[9]">PendSV_Handler</a> from startup_lpc55s69_cm33_core1.o(.text) referenced from startup_lpc55s69_cm33_core1.o(.isr_vector)
 <LI><a href="#[9]">PendSV_Handler</a> from startup_lpc55s69_cm33_core1.o(.text) referenced from startup_lpc55s69_cm33_core1.o(.text)
 <LI><a href="#[67]">RTC_DriverIRQHandler</a> from startup_lpc55s69_cm33_core1.o(.text) referenced from startup_lpc55s69_cm33_core1.o(.text)
 <LI><a href="#[28]">RTC_IRQHandler</a> from startup_lpc55s69_cm33_core1.o(.text) referenced from startup_lpc55s69_cm33_core1.o(.isr_vector)
 <LI><a href="#[61]">Reserved39_DriverIRQHandler</a> from startup_lpc55s69_cm33_core1.o(.text) referenced from startup_lpc55s69_cm33_core1.o(.text)
 <LI><a href="#[22]">Reserved39_IRQHandler</a> from startup_lpc55s69_cm33_core1.o(.text) referenced from startup_lpc55s69_cm33_core1.o(.isr_vector)
 <LI><a href="#[63]">Reserved41_DriverIRQHandler</a> from startup_lpc55s69_cm33_core1.o(.text) referenced from startup_lpc55s69_cm33_core1.o(.text)
 <LI><a href="#[24]">Reserved41_IRQHandler</a> from startup_lpc55s69_cm33_core1.o(.text) referenced from startup_lpc55s69_cm33_core1.o(.isr_vector)
 <LI><a href="#[64]">Reserved42_DriverIRQHandler</a> from startup_lpc55s69_cm33_core1.o(.text) referenced from startup_lpc55s69_cm33_core1.o(.text)
 <LI><a href="#[25]">Reserved42_IRQHandler</a> from startup_lpc55s69_cm33_core1.o(.text) referenced from startup_lpc55s69_cm33_core1.o(.isr_vector)
 <LI><a href="#[68]">Reserved46_DriverIRQHandler</a> from startup_lpc55s69_cm33_core1.o(.text) referenced from startup_lpc55s69_cm33_core1.o(.text)
 <LI><a href="#[29]">Reserved46_IRQHandler</a> from startup_lpc55s69_cm33_core1.o(.text) referenced from startup_lpc55s69_cm33_core1.o(.isr_vector)
 <LI><a href="#[71]">Reserved55_DriverIRQHandler</a> from startup_lpc55s69_cm33_core1.o(.text) referenced from startup_lpc55s69_cm33_core1.o(.text)
 <LI><a href="#[32]">Reserved55_IRQHandler</a> from startup_lpc55s69_cm33_core1.o(.text) referenced from startup_lpc55s69_cm33_core1.o(.isr_vector)
 <LI><a href="#[72]">Reserved56_DriverIRQHandler</a> from startup_lpc55s69_cm33_core1.o(.text) referenced from startup_lpc55s69_cm33_core1.o(.text)
 <LI><a href="#[33]">Reserved56_IRQHandler</a> from startup_lpc55s69_cm33_core1.o(.text) referenced from startup_lpc55s69_cm33_core1.o(.isr_vector)
 <LI><a href="#[73]">Reserved57_DriverIRQHandler</a> from startup_lpc55s69_cm33_core1.o(.text) referenced from startup_lpc55s69_cm33_core1.o(.text)
 <LI><a href="#[34]">Reserved57_IRQHandler</a> from startup_lpc55s69_cm33_core1.o(.text) referenced from startup_lpc55s69_cm33_core1.o(.isr_vector)
 <LI><a href="#[75]">Reserved59_DriverIRQHandler</a> from startup_lpc55s69_cm33_core1.o(.text) referenced from startup_lpc55s69_cm33_core1.o(.text)
 <LI><a href="#[36]">Reserved59_IRQHandler</a> from startup_lpc55s69_cm33_core1.o(.text) referenced from startup_lpc55s69_cm33_core1.o(.isr_vector)
 <LI><a href="#[76]">Reserved60_DriverIRQHandler</a> from startup_lpc55s69_cm33_core1.o(.text) referenced from startup_lpc55s69_cm33_core1.o(.text)
 <LI><a href="#[37]">Reserved60_IRQHandler</a> from startup_lpc55s69_cm33_core1.o(.text) referenced from startup_lpc55s69_cm33_core1.o(.isr_vector)
 <LI><a href="#[77]">Reserved61_DriverIRQHandler</a> from startup_lpc55s69_cm33_core1.o(.text) referenced from startup_lpc55s69_cm33_core1.o(.text)
 <LI><a href="#[38]">Reserved61_IRQHandler</a> from startup_lpc55s69_cm33_core1.o(.text) referenced from startup_lpc55s69_cm33_core1.o(.isr_vector)
 <LI><a href="#[0]">Reset_Handler</a> from startup_lpc55s69_cm33_core1.o(.text) referenced from startup_lpc55s69_cm33_core1.o(.isr_vector)
 <LI><a href="#[56]">SCT0_DriverIRQHandler</a> from startup_lpc55s69_cm33_core1.o(.text) referenced from startup_lpc55s69_cm33_core1.o(.text)
 <LI><a href="#[17]">SCT0_IRQHandler</a> from startup_lpc55s69_cm33_core1.o(.text) referenced from startup_lpc55s69_cm33_core1.o(.isr_vector)
 <LI><a href="#[74]">SDIO_DriverIRQHandler</a> from startup_lpc55s69_cm33_core1.o(.text) referenced from startup_lpc55s69_cm33_core1.o(.text)
 <LI><a href="#[35]">SDIO_IRQHandler</a> from startup_lpc55s69_cm33_core1.o(.text) referenced from startup_lpc55s69_cm33_core1.o(.isr_vector)
 <LI><a href="#[7c]">SEC_GPIO_INT0_IRQ0_DriverIRQHandler</a> from startup_lpc55s69_cm33_core1.o(.text) referenced from startup_lpc55s69_cm33_core1.o(.text)
 <LI><a href="#[3d]">SEC_GPIO_INT0_IRQ0_IRQHandler</a> from startup_lpc55s69_cm33_core1.o(.text) referenced from startup_lpc55s69_cm33_core1.o(.isr_vector)
 <LI><a href="#[7d]">SEC_GPIO_INT0_IRQ1_DriverIRQHandler</a> from startup_lpc55s69_cm33_core1.o(.text) referenced from startup_lpc55s69_cm33_core1.o(.text)
 <LI><a href="#[3e]">SEC_GPIO_INT0_IRQ1_IRQHandler</a> from startup_lpc55s69_cm33_core1.o(.text) referenced from startup_lpc55s69_cm33_core1.o(.isr_vector)
 <LI><a href="#[7b]">SEC_HYPERVISOR_CALL_DriverIRQHandler</a> from startup_lpc55s69_cm33_core1.o(.text) referenced from startup_lpc55s69_cm33_core1.o(.text)
 <LI><a href="#[3c]">SEC_HYPERVISOR_CALL_IRQHandler</a> from startup_lpc55s69_cm33_core1.o(.text) referenced from startup_lpc55s69_cm33_core1.o(.isr_vector)
 <LI><a href="#[7f]">SEC_VIO_DriverIRQHandler</a> from startup_lpc55s69_cm33_core1.o(.text) referenced from startup_lpc55s69_cm33_core1.o(.text)
 <LI><a href="#[40]">SEC_VIO_IRQHandler</a> from startup_lpc55s69_cm33_core1.o(.text) referenced from startup_lpc55s69_cm33_core1.o(.isr_vector)
 <LI><a href="#[7]">SVC_Handler</a> from startup_lpc55s69_cm33_core1.o(.text) referenced from startup_lpc55s69_cm33_core1.o(.isr_vector)
 <LI><a href="#[7]">SVC_Handler</a> from startup_lpc55s69_cm33_core1.o(.text) referenced from startup_lpc55s69_cm33_core1.o(.text)
 <LI><a href="#[6]">SecureFault_Handler</a> from startup_lpc55s69_cm33_core1.o(.text) referenced from startup_lpc55s69_cm33_core1.o(.isr_vector)
 <LI><a href="#[a]">SysTick_Handler</a> from startup_lpc55s69_cm33_core1.o(.text) referenced from startup_lpc55s69_cm33_core1.o(.isr_vector)
 <LI><a href="#[a]">SysTick_Handler</a> from startup_lpc55s69_cm33_core1.o(.text) referenced from startup_lpc55s69_cm33_core1.o(.text)
 <LI><a href="#[48]">SystemInit</a> from system_lpc55s69_cm33_core1.o(.text.SystemInit) referenced from startup_lpc55s69_cm33_core1.o(.text)
 <LI><a href="#[66]">USB0_DriverIRQHandler</a> from startup_lpc55s69_cm33_core1.o(.text) referenced from startup_lpc55s69_cm33_core1.o(.text)
 <LI><a href="#[27]">USB0_IRQHandler</a> from startup_lpc55s69_cm33_core1.o(.text) referenced from startup_lpc55s69_cm33_core1.o(.isr_vector)
 <LI><a href="#[65]">USB0_NEEDCLK_DriverIRQHandler</a> from startup_lpc55s69_cm33_core1.o(.text) referenced from startup_lpc55s69_cm33_core1.o(.text)
 <LI><a href="#[26]">USB0_NEEDCLK_IRQHandler</a> from startup_lpc55s69_cm33_core1.o(.text) referenced from startup_lpc55s69_cm33_core1.o(.isr_vector)
 <LI><a href="#[79]">USB1_DriverIRQHandler</a> from startup_lpc55s69_cm33_core1.o(.text) referenced from startup_lpc55s69_cm33_core1.o(.text)
 <LI><a href="#[3a]">USB1_IRQHandler</a> from startup_lpc55s69_cm33_core1.o(.text) referenced from startup_lpc55s69_cm33_core1.o(.isr_vector)
 <LI><a href="#[7a]">USB1_NEEDCLK_DriverIRQHandler</a> from startup_lpc55s69_cm33_core1.o(.text) referenced from startup_lpc55s69_cm33_core1.o(.text)
 <LI><a href="#[3b]">USB1_NEEDCLK_IRQHandler</a> from startup_lpc55s69_cm33_core1.o(.text) referenced from startup_lpc55s69_cm33_core1.o(.isr_vector)
 <LI><a href="#[78]">USB1_PHY_DriverIRQHandler</a> from startup_lpc55s69_cm33_core1.o(.text) referenced from startup_lpc55s69_cm33_core1.o(.text)
 <LI><a href="#[39]">USB1_PHY_IRQHandler</a> from startup_lpc55s69_cm33_core1.o(.text) referenced from startup_lpc55s69_cm33_core1.o(.isr_vector)
 <LI><a href="#[52]">UTICK0_DriverIRQHandler</a> from fsl_utick.o(.text.UTICK0_DriverIRQHandler) referenced from startup_lpc55s69_cm33_core1.o(.text)
 <LI><a href="#[13]">UTICK0_IRQHandler</a> from startup_lpc55s69_cm33_core1.o(.text) referenced from startup_lpc55s69_cm33_core1.o(.isr_vector)
 <LI><a href="#[5]">UsageFault_Handler</a> from startup_lpc55s69_cm33_core1.o(.text) referenced from startup_lpc55s69_cm33_core1.o(.isr_vector)
 <LI><a href="#[4a]">WDT_BOD_DriverIRQHandler</a> from startup_lpc55s69_cm33_core1.o(.text) referenced from startup_lpc55s69_cm33_core1.o(.text)
 <LI><a href="#[b]">WDT_BOD_IRQHandler</a> from startup_lpc55s69_cm33_core1.o(.text) referenced from startup_lpc55s69_cm33_core1.o(.isr_vector)
 <LI><a href="#[49]">__main</a> from entry.o(.ARM.Collect$$$$00000000) referenced from startup_lpc55s69_cm33_core1.o(.text)
 <LI><a href="#[47]">main</a> from main.o(.text.main) referenced from entry9a.o(.ARM.Collect$$$$0000000B)
</UL>
<P>
<H3>
Global Symbols
</H3>
<P><STRONG><a name="[49]"></a>__main</STRONG> (Thumb, 0 bytes, Stack size unknown bytes, entry.o(.ARM.Collect$$$$00000000))
<BR>[Address Reference Count : 1]<UL><LI> startup_lpc55s69_cm33_core1.o(.text)
</UL>
<P><STRONG><a name="[a4]"></a>_main_stk</STRONG> (Thumb, 0 bytes, Stack size unknown bytes, entry4.o(.ARM.Collect$$$$00000003))

<P><STRONG><a name="[88]"></a>_main_scatterload</STRONG> (Thumb, 0 bytes, Stack size unknown bytes, entry5.o(.ARM.Collect$$$$00000004))
<BR><BR>[Calls]<UL><LI><a href="#[89]">&gt;&gt;</a>&nbsp;&nbsp;&nbsp;__scatterload
</UL>

<P><STRONG><a name="[8d]"></a>__main_after_scatterload</STRONG> (Thumb, 0 bytes, Stack size unknown bytes, entry5.o(.ARM.Collect$$$$00000004))
<BR><BR>[Called By]<UL><LI><a href="#[89]">&gt;&gt;</a>&nbsp;&nbsp;&nbsp;__scatterload
</UL>

<P><STRONG><a name="[a5]"></a>_main_clock</STRONG> (Thumb, 0 bytes, Stack size unknown bytes, entry7b.o(.ARM.Collect$$$$00000008))

<P><STRONG><a name="[a6]"></a>_main_cpp_init</STRONG> (Thumb, 0 bytes, Stack size unknown bytes, entry8b.o(.ARM.Collect$$$$0000000A))

<P><STRONG><a name="[a7]"></a>_main_init</STRONG> (Thumb, 0 bytes, Stack size unknown bytes, entry9a.o(.ARM.Collect$$$$0000000B))

<P><STRONG><a name="[a8]"></a>__rt_final_cpp</STRONG> (Thumb, 0 bytes, Stack size unknown bytes, entry10a.o(.ARM.Collect$$$$0000000D))

<P><STRONG><a name="[a9]"></a>__rt_final_exit</STRONG> (Thumb, 0 bytes, Stack size unknown bytes, entry11a.o(.ARM.Collect$$$$0000000F))

<P><STRONG><a name="[0]"></a>Reset_Handler</STRONG> (Thumb, 32 bytes, Stack size unknown bytes, startup_lpc55s69_cm33_core1.o(.text))
<BR>[Address Reference Count : 1]<UL><LI> startup_lpc55s69_cm33_core1.o(.isr_vector)
</UL>
<P><STRONG><a name="[62]"></a>ACMP_DriverIRQHandler</STRONG> (Thumb, 4 bytes, Stack size unknown bytes, startup_lpc55s69_cm33_core1.o(.text))
<BR><BR>[Calls]<UL><LI><a href="#[87]">&gt;&gt;</a>&nbsp;&nbsp;&nbsp;DefaultISR
</UL>
<BR>[Address Reference Count : 1]<UL><LI> startup_lpc55s69_cm33_core1.o(.text)
</UL>
<P><STRONG><a name="[60]"></a>ADC0_DriverIRQHandler</STRONG> (Thumb, 4 bytes, Stack size unknown bytes, startup_lpc55s69_cm33_core1.o(.text))
<BR>[Address Reference Count : 1]<UL><LI> startup_lpc55s69_cm33_core1.o(.text)
</UL>
<P><STRONG><a name="[4]"></a>BusFault_Handler</STRONG> (Thumb, 4 bytes, Stack size unknown bytes, startup_lpc55s69_cm33_core1.o(.text))
<BR>[Address Reference Count : 1]<UL><LI> startup_lpc55s69_cm33_core1.o(.isr_vector)
</UL>
<P><STRONG><a name="[81]"></a>CASER_DriverIRQHandler</STRONG> (Thumb, 4 bytes, Stack size unknown bytes, startup_lpc55s69_cm33_core1.o(.text))
<BR>[Address Reference Count : 1]<UL><LI> startup_lpc55s69_cm33_core1.o(.text)
</UL>
<P><STRONG><a name="[8]"></a>DebugMon_Handler</STRONG> (Thumb, 4 bytes, Stack size unknown bytes, startup_lpc55s69_cm33_core1.o(.text))
<BR>[Address Reference Count : 1]<UL><LI> startup_lpc55s69_cm33_core1.o(.isr_vector)
</UL>
<P><STRONG><a name="[87]"></a>DefaultISR</STRONG> (Thumb, 4 bytes, Stack size unknown bytes, startup_lpc55s69_cm33_core1.o(.text))
<BR><BR>[Called By]<UL><LI><a href="#[62]">&gt;&gt;</a>&nbsp;&nbsp;&nbsp;ACMP_DriverIRQHandler
</UL>
<BR>[Address Reference Count : 1]<UL><LI> fsl_utick.o(.data.s_utickIsr)
</UL>
<P><STRONG><a name="[4c]"></a>GINT0_DriverIRQHandler</STRONG> (Thumb, 4 bytes, Stack size unknown bytes, startup_lpc55s69_cm33_core1.o(.text))
<BR>[Address Reference Count : 1]<UL><LI> startup_lpc55s69_cm33_core1.o(.text)
</UL>
<P><STRONG><a name="[4d]"></a>GINT1_DriverIRQHandler</STRONG> (Thumb, 4 bytes, Stack size unknown bytes, startup_lpc55s69_cm33_core1.o(.text))
<BR>[Address Reference Count : 1]<UL><LI> startup_lpc55s69_cm33_core1.o(.text)
</UL>
<P><STRONG><a name="[80]"></a>HASHCRYPT_DriverIRQHandler</STRONG> (Thumb, 4 bytes, Stack size unknown bytes, startup_lpc55s69_cm33_core1.o(.text))
<BR>[Address Reference Count : 1]<UL><LI> startup_lpc55s69_cm33_core1.o(.text)
</UL>
<P><STRONG><a name="[69]"></a>MAILBOX_DriverIRQHandler</STRONG> (Thumb, 4 bytes, Stack size unknown bytes, startup_lpc55s69_cm33_core1.o(.text))
<BR>[Address Reference Count : 1]<UL><LI> startup_lpc55s69_cm33_core1.o(.text)
</UL>
<P><STRONG><a name="[53]"></a>MRT0_DriverIRQHandler</STRONG> (Thumb, 4 bytes, Stack size unknown bytes, startup_lpc55s69_cm33_core1.o(.text))
<BR>[Address Reference Count : 1]<UL><LI> startup_lpc55s69_cm33_core1.o(.text)
</UL>
<P><STRONG><a name="[3]"></a>MemManage_Handler</STRONG> (Thumb, 4 bytes, Stack size unknown bytes, startup_lpc55s69_cm33_core1.o(.text))
<BR>[Address Reference Count : 1]<UL><LI> startup_lpc55s69_cm33_core1.o(.isr_vector)
</UL>
<P><STRONG><a name="[70]"></a>OS_EVENT_DriverIRQHandler</STRONG> (Thumb, 4 bytes, Stack size unknown bytes, startup_lpc55s69_cm33_core1.o(.text))
<BR>[Address Reference Count : 1]<UL><LI> startup_lpc55s69_cm33_core1.o(.text)
</UL>
<P><STRONG><a name="[4e]"></a>PIN_INT0_DriverIRQHandler</STRONG> (Thumb, 4 bytes, Stack size unknown bytes, startup_lpc55s69_cm33_core1.o(.text))
<BR>[Address Reference Count : 1]<UL><LI> startup_lpc55s69_cm33_core1.o(.text)
</UL>
<P><STRONG><a name="[4f]"></a>PIN_INT1_DriverIRQHandler</STRONG> (Thumb, 4 bytes, Stack size unknown bytes, startup_lpc55s69_cm33_core1.o(.text))
<BR>[Address Reference Count : 1]<UL><LI> startup_lpc55s69_cm33_core1.o(.text)
</UL>
<P><STRONG><a name="[50]"></a>PIN_INT2_DriverIRQHandler</STRONG> (Thumb, 4 bytes, Stack size unknown bytes, startup_lpc55s69_cm33_core1.o(.text))
<BR>[Address Reference Count : 1]<UL><LI> startup_lpc55s69_cm33_core1.o(.text)
</UL>
<P><STRONG><a name="[51]"></a>PIN_INT3_DriverIRQHandler</STRONG> (Thumb, 4 bytes, Stack size unknown bytes, startup_lpc55s69_cm33_core1.o(.text))
<BR>[Address Reference Count : 1]<UL><LI> startup_lpc55s69_cm33_core1.o(.text)
</UL>
<P><STRONG><a name="[6a]"></a>PIN_INT4_DriverIRQHandler</STRONG> (Thumb, 4 bytes, Stack size unknown bytes, startup_lpc55s69_cm33_core1.o(.text))
<BR>[Address Reference Count : 1]<UL><LI> startup_lpc55s69_cm33_core1.o(.text)
</UL>
<P><STRONG><a name="[6b]"></a>PIN_INT5_DriverIRQHandler</STRONG> (Thumb, 4 bytes, Stack size unknown bytes, startup_lpc55s69_cm33_core1.o(.text))
<BR>[Address Reference Count : 1]<UL><LI> startup_lpc55s69_cm33_core1.o(.text)
</UL>
<P><STRONG><a name="[6c]"></a>PIN_INT6_DriverIRQHandler</STRONG> (Thumb, 4 bytes, Stack size unknown bytes, startup_lpc55s69_cm33_core1.o(.text))
<BR>[Address Reference Count : 1]<UL><LI> startup_lpc55s69_cm33_core1.o(.text)
</UL>
<P><STRONG><a name="[6d]"></a>PIN_INT7_DriverIRQHandler</STRONG> (Thumb, 4 bytes, Stack size unknown bytes, startup_lpc55s69_cm33_core1.o(.text))
<BR>[Address Reference Count : 1]<UL><LI> startup_lpc55s69_cm33_core1.o(.text)
</UL>
<P><STRONG><a name="[7e]"></a>PLU_DriverIRQHandler</STRONG> (Thumb, 4 bytes, Stack size unknown bytes, startup_lpc55s69_cm33_core1.o(.text))
<BR>[Address Reference Count : 1]<UL><LI> startup_lpc55s69_cm33_core1.o(.text)
</UL>
<P><STRONG><a name="[83]"></a>PQ_DriverIRQHandler</STRONG> (Thumb, 4 bytes, Stack size unknown bytes, startup_lpc55s69_cm33_core1.o(.text))
<BR>[Address Reference Count : 1]<UL><LI> startup_lpc55s69_cm33_core1.o(.text)
</UL>
<P><STRONG><a name="[82]"></a>PUF_DriverIRQHandler</STRONG> (Thumb, 4 bytes, Stack size unknown bytes, startup_lpc55s69_cm33_core1.o(.text))
<BR>[Address Reference Count : 1]<UL><LI> startup_lpc55s69_cm33_core1.o(.text)
</UL>
<P><STRONG><a name="[67]"></a>RTC_DriverIRQHandler</STRONG> (Thumb, 4 bytes, Stack size unknown bytes, startup_lpc55s69_cm33_core1.o(.text))
<BR>[Address Reference Count : 1]<UL><LI> startup_lpc55s69_cm33_core1.o(.text)
</UL>
<P><STRONG><a name="[61]"></a>Reserved39_DriverIRQHandler</STRONG> (Thumb, 4 bytes, Stack size unknown bytes, startup_lpc55s69_cm33_core1.o(.text))
<BR>[Address Reference Count : 1]<UL><LI> startup_lpc55s69_cm33_core1.o(.text)
</UL>
<P><STRONG><a name="[63]"></a>Reserved41_DriverIRQHandler</STRONG> (Thumb, 4 bytes, Stack size unknown bytes, startup_lpc55s69_cm33_core1.o(.text))
<BR>[Address Reference Count : 1]<UL><LI> startup_lpc55s69_cm33_core1.o(.text)
</UL>
<P><STRONG><a name="[64]"></a>Reserved42_DriverIRQHandler</STRONG> (Thumb, 4 bytes, Stack size unknown bytes, startup_lpc55s69_cm33_core1.o(.text))
<BR>[Address Reference Count : 1]<UL><LI> startup_lpc55s69_cm33_core1.o(.text)
</UL>
<P><STRONG><a name="[68]"></a>Reserved46_DriverIRQHandler</STRONG> (Thumb, 4 bytes, Stack size unknown bytes, startup_lpc55s69_cm33_core1.o(.text))
<BR>[Address Reference Count : 1]<UL><LI> startup_lpc55s69_cm33_core1.o(.text)
</UL>
<P><STRONG><a name="[71]"></a>Reserved55_DriverIRQHandler</STRONG> (Thumb, 4 bytes, Stack size unknown bytes, startup_lpc55s69_cm33_core1.o(.text))
<BR>[Address Reference Count : 1]<UL><LI> startup_lpc55s69_cm33_core1.o(.text)
</UL>
<P><STRONG><a name="[72]"></a>Reserved56_DriverIRQHandler</STRONG> (Thumb, 4 bytes, Stack size unknown bytes, startup_lpc55s69_cm33_core1.o(.text))
<BR>[Address Reference Count : 1]<UL><LI> startup_lpc55s69_cm33_core1.o(.text)
</UL>
<P><STRONG><a name="[73]"></a>Reserved57_DriverIRQHandler</STRONG> (Thumb, 4 bytes, Stack size unknown bytes, startup_lpc55s69_cm33_core1.o(.text))
<BR>[Address Reference Count : 1]<UL><LI> startup_lpc55s69_cm33_core1.o(.text)
</UL>
<P><STRONG><a name="[75]"></a>Reserved59_DriverIRQHandler</STRONG> (Thumb, 4 bytes, Stack size unknown bytes, startup_lpc55s69_cm33_core1.o(.text))
<BR>[Address Reference Count : 1]<UL><LI> startup_lpc55s69_cm33_core1.o(.text)
</UL>
<P><STRONG><a name="[76]"></a>Reserved60_DriverIRQHandler</STRONG> (Thumb, 4 bytes, Stack size unknown bytes, startup_lpc55s69_cm33_core1.o(.text))
<BR>[Address Reference Count : 1]<UL><LI> startup_lpc55s69_cm33_core1.o(.text)
</UL>
<P><STRONG><a name="[77]"></a>Reserved61_DriverIRQHandler</STRONG> (Thumb, 4 bytes, Stack size unknown bytes, startup_lpc55s69_cm33_core1.o(.text))
<BR>[Address Reference Count : 1]<UL><LI> startup_lpc55s69_cm33_core1.o(.text)
</UL>
<P><STRONG><a name="[56]"></a>SCT0_DriverIRQHandler</STRONG> (Thumb, 4 bytes, Stack size unknown bytes, startup_lpc55s69_cm33_core1.o(.text))
<BR>[Address Reference Count : 1]<UL><LI> startup_lpc55s69_cm33_core1.o(.text)
</UL>
<P><STRONG><a name="[74]"></a>SDIO_DriverIRQHandler</STRONG> (Thumb, 4 bytes, Stack size unknown bytes, startup_lpc55s69_cm33_core1.o(.text))
<BR>[Address Reference Count : 1]<UL><LI> startup_lpc55s69_cm33_core1.o(.text)
</UL>
<P><STRONG><a name="[7c]"></a>SEC_GPIO_INT0_IRQ0_DriverIRQHandler</STRONG> (Thumb, 4 bytes, Stack size unknown bytes, startup_lpc55s69_cm33_core1.o(.text))
<BR>[Address Reference Count : 1]<UL><LI> startup_lpc55s69_cm33_core1.o(.text)
</UL>
<P><STRONG><a name="[7d]"></a>SEC_GPIO_INT0_IRQ1_DriverIRQHandler</STRONG> (Thumb, 4 bytes, Stack size unknown bytes, startup_lpc55s69_cm33_core1.o(.text))
<BR>[Address Reference Count : 1]<UL><LI> startup_lpc55s69_cm33_core1.o(.text)
</UL>
<P><STRONG><a name="[7b]"></a>SEC_HYPERVISOR_CALL_DriverIRQHandler</STRONG> (Thumb, 4 bytes, Stack size unknown bytes, startup_lpc55s69_cm33_core1.o(.text))
<BR>[Address Reference Count : 1]<UL><LI> startup_lpc55s69_cm33_core1.o(.text)
</UL>
<P><STRONG><a name="[7f]"></a>SEC_VIO_DriverIRQHandler</STRONG> (Thumb, 4 bytes, Stack size unknown bytes, startup_lpc55s69_cm33_core1.o(.text))
<BR>[Address Reference Count : 1]<UL><LI> startup_lpc55s69_cm33_core1.o(.text)
</UL>
<P><STRONG><a name="[6]"></a>SecureFault_Handler</STRONG> (Thumb, 4 bytes, Stack size unknown bytes, startup_lpc55s69_cm33_core1.o(.text))
<BR>[Address Reference Count : 1]<UL><LI> startup_lpc55s69_cm33_core1.o(.isr_vector)
</UL>
<P><STRONG><a name="[66]"></a>USB0_DriverIRQHandler</STRONG> (Thumb, 4 bytes, Stack size unknown bytes, startup_lpc55s69_cm33_core1.o(.text))
<BR>[Address Reference Count : 1]<UL><LI> startup_lpc55s69_cm33_core1.o(.text)
</UL>
<P><STRONG><a name="[65]"></a>USB0_NEEDCLK_DriverIRQHandler</STRONG> (Thumb, 4 bytes, Stack size unknown bytes, startup_lpc55s69_cm33_core1.o(.text))
<BR>[Address Reference Count : 1]<UL><LI> startup_lpc55s69_cm33_core1.o(.text)
</UL>
<P><STRONG><a name="[79]"></a>USB1_DriverIRQHandler</STRONG> (Thumb, 4 bytes, Stack size unknown bytes, startup_lpc55s69_cm33_core1.o(.text))
<BR>[Address Reference Count : 1]<UL><LI> startup_lpc55s69_cm33_core1.o(.text)
</UL>
<P><STRONG><a name="[7a]"></a>USB1_NEEDCLK_DriverIRQHandler</STRONG> (Thumb, 4 bytes, Stack size unknown bytes, startup_lpc55s69_cm33_core1.o(.text))
<BR>[Address Reference Count : 1]<UL><LI> startup_lpc55s69_cm33_core1.o(.text)
</UL>
<P><STRONG><a name="[78]"></a>USB1_PHY_DriverIRQHandler</STRONG> (Thumb, 4 bytes, Stack size unknown bytes, startup_lpc55s69_cm33_core1.o(.text))
<BR>[Address Reference Count : 1]<UL><LI> startup_lpc55s69_cm33_core1.o(.text)
</UL>
<P><STRONG><a name="[5]"></a>UsageFault_Handler</STRONG> (Thumb, 4 bytes, Stack size unknown bytes, startup_lpc55s69_cm33_core1.o(.text))
<BR>[Address Reference Count : 1]<UL><LI> startup_lpc55s69_cm33_core1.o(.isr_vector)
</UL>
<P><STRONG><a name="[4a]"></a>WDT_BOD_DriverIRQHandler</STRONG> (Thumb, 4 bytes, Stack size unknown bytes, startup_lpc55s69_cm33_core1.o(.text))
<BR>[Address Reference Count : 1]<UL><LI> startup_lpc55s69_cm33_core1.o(.text)
</UL>
<P><STRONG><a name="[1]"></a>NMI_Handler</STRONG> (Thumb, 4 bytes, Stack size unknown bytes, startup_lpc55s69_cm33_core1.o(.text))
<BR>[Address Reference Count : 2]<UL><LI> startup_lpc55s69_cm33_core1.o(.text)
<LI> startup_lpc55s69_cm33_core1.o(.isr_vector)
</UL>
<P><STRONG><a name="[2]"></a>HardFault_Handler</STRONG> (Thumb, 4 bytes, Stack size unknown bytes, startup_lpc55s69_cm33_core1.o(.text))
<BR>[Address Reference Count : 2]<UL><LI> startup_lpc55s69_cm33_core1.o(.text)
<LI> startup_lpc55s69_cm33_core1.o(.isr_vector)
</UL>
<P><STRONG><a name="[7]"></a>SVC_Handler</STRONG> (Thumb, 4 bytes, Stack size unknown bytes, startup_lpc55s69_cm33_core1.o(.text))
<BR>[Address Reference Count : 2]<UL><LI> startup_lpc55s69_cm33_core1.o(.text)
<LI> startup_lpc55s69_cm33_core1.o(.isr_vector)
</UL>
<P><STRONG><a name="[9]"></a>PendSV_Handler</STRONG> (Thumb, 4 bytes, Stack size unknown bytes, startup_lpc55s69_cm33_core1.o(.text))
<BR>[Address Reference Count : 2]<UL><LI> startup_lpc55s69_cm33_core1.o(.text)
<LI> startup_lpc55s69_cm33_core1.o(.isr_vector)
</UL>
<P><STRONG><a name="[a]"></a>SysTick_Handler</STRONG> (Thumb, 4 bytes, Stack size unknown bytes, startup_lpc55s69_cm33_core1.o(.text))
<BR>[Address Reference Count : 2]<UL><LI> startup_lpc55s69_cm33_core1.o(.text)
<LI> startup_lpc55s69_cm33_core1.o(.isr_vector)
</UL>
<P><STRONG><a name="[b]"></a>WDT_BOD_IRQHandler</STRONG> (Thumb, 4 bytes, Stack size unknown bytes, startup_lpc55s69_cm33_core1.o(.text))
<BR>[Address Reference Count : 1]<UL><LI> startup_lpc55s69_cm33_core1.o(.isr_vector)
</UL>
<P><STRONG><a name="[c]"></a>DMA0_IRQHandler</STRONG> (Thumb, 4 bytes, Stack size unknown bytes, startup_lpc55s69_cm33_core1.o(.text))
<BR>[Address Reference Count : 1]<UL><LI> startup_lpc55s69_cm33_core1.o(.isr_vector)
</UL>
<P><STRONG><a name="[d]"></a>GINT0_IRQHandler</STRONG> (Thumb, 4 bytes, Stack size unknown bytes, startup_lpc55s69_cm33_core1.o(.text))
<BR>[Address Reference Count : 1]<UL><LI> startup_lpc55s69_cm33_core1.o(.isr_vector)
</UL>
<P><STRONG><a name="[e]"></a>GINT1_IRQHandler</STRONG> (Thumb, 4 bytes, Stack size unknown bytes, startup_lpc55s69_cm33_core1.o(.text))
<BR>[Address Reference Count : 1]<UL><LI> startup_lpc55s69_cm33_core1.o(.isr_vector)
</UL>
<P><STRONG><a name="[f]"></a>PIN_INT0_IRQHandler</STRONG> (Thumb, 4 bytes, Stack size unknown bytes, startup_lpc55s69_cm33_core1.o(.text))
<BR>[Address Reference Count : 1]<UL><LI> startup_lpc55s69_cm33_core1.o(.isr_vector)
</UL>
<P><STRONG><a name="[10]"></a>PIN_INT1_IRQHandler</STRONG> (Thumb, 4 bytes, Stack size unknown bytes, startup_lpc55s69_cm33_core1.o(.text))
<BR>[Address Reference Count : 1]<UL><LI> startup_lpc55s69_cm33_core1.o(.isr_vector)
</UL>
<P><STRONG><a name="[11]"></a>PIN_INT2_IRQHandler</STRONG> (Thumb, 4 bytes, Stack size unknown bytes, startup_lpc55s69_cm33_core1.o(.text))
<BR>[Address Reference Count : 1]<UL><LI> startup_lpc55s69_cm33_core1.o(.isr_vector)
</UL>
<P><STRONG><a name="[12]"></a>PIN_INT3_IRQHandler</STRONG> (Thumb, 4 bytes, Stack size unknown bytes, startup_lpc55s69_cm33_core1.o(.text))
<BR>[Address Reference Count : 1]<UL><LI> startup_lpc55s69_cm33_core1.o(.isr_vector)
</UL>
<P><STRONG><a name="[13]"></a>UTICK0_IRQHandler</STRONG> (Thumb, 4 bytes, Stack size unknown bytes, startup_lpc55s69_cm33_core1.o(.text))
<BR>[Address Reference Count : 1]<UL><LI> startup_lpc55s69_cm33_core1.o(.isr_vector)
</UL>
<P><STRONG><a name="[14]"></a>MRT0_IRQHandler</STRONG> (Thumb, 4 bytes, Stack size unknown bytes, startup_lpc55s69_cm33_core1.o(.text))
<BR>[Address Reference Count : 1]<UL><LI> startup_lpc55s69_cm33_core1.o(.isr_vector)
</UL>
<P><STRONG><a name="[15]"></a>CTIMER0_IRQHandler</STRONG> (Thumb, 4 bytes, Stack size unknown bytes, startup_lpc55s69_cm33_core1.o(.text))
<BR>[Address Reference Count : 1]<UL><LI> startup_lpc55s69_cm33_core1.o(.isr_vector)
</UL>
<P><STRONG><a name="[16]"></a>CTIMER1_IRQHandler</STRONG> (Thumb, 4 bytes, Stack size unknown bytes, startup_lpc55s69_cm33_core1.o(.text))
<BR>[Address Reference Count : 1]<UL><LI> startup_lpc55s69_cm33_core1.o(.isr_vector)
</UL>
<P><STRONG><a name="[17]"></a>SCT0_IRQHandler</STRONG> (Thumb, 4 bytes, Stack size unknown bytes, startup_lpc55s69_cm33_core1.o(.text))
<BR>[Address Reference Count : 1]<UL><LI> startup_lpc55s69_cm33_core1.o(.isr_vector)
</UL>
<P><STRONG><a name="[18]"></a>CTIMER3_IRQHandler</STRONG> (Thumb, 4 bytes, Stack size unknown bytes, startup_lpc55s69_cm33_core1.o(.text))
<BR>[Address Reference Count : 1]<UL><LI> startup_lpc55s69_cm33_core1.o(.isr_vector)
</UL>
<P><STRONG><a name="[19]"></a>FLEXCOMM0_IRQHandler</STRONG> (Thumb, 4 bytes, Stack size unknown bytes, startup_lpc55s69_cm33_core1.o(.text))
<BR>[Address Reference Count : 1]<UL><LI> startup_lpc55s69_cm33_core1.o(.isr_vector)
</UL>
<P><STRONG><a name="[1a]"></a>FLEXCOMM1_IRQHandler</STRONG> (Thumb, 4 bytes, Stack size unknown bytes, startup_lpc55s69_cm33_core1.o(.text))
<BR>[Address Reference Count : 1]<UL><LI> startup_lpc55s69_cm33_core1.o(.isr_vector)
</UL>
<P><STRONG><a name="[1b]"></a>FLEXCOMM2_IRQHandler</STRONG> (Thumb, 4 bytes, Stack size unknown bytes, startup_lpc55s69_cm33_core1.o(.text))
<BR>[Address Reference Count : 1]<UL><LI> startup_lpc55s69_cm33_core1.o(.isr_vector)
</UL>
<P><STRONG><a name="[1c]"></a>FLEXCOMM3_IRQHandler</STRONG> (Thumb, 4 bytes, Stack size unknown bytes, startup_lpc55s69_cm33_core1.o(.text))
<BR>[Address Reference Count : 1]<UL><LI> startup_lpc55s69_cm33_core1.o(.isr_vector)
</UL>
<P><STRONG><a name="[1d]"></a>FLEXCOMM4_IRQHandler</STRONG> (Thumb, 4 bytes, Stack size unknown bytes, startup_lpc55s69_cm33_core1.o(.text))
<BR>[Address Reference Count : 1]<UL><LI> startup_lpc55s69_cm33_core1.o(.isr_vector)
</UL>
<P><STRONG><a name="[1e]"></a>FLEXCOMM5_IRQHandler</STRONG> (Thumb, 4 bytes, Stack size unknown bytes, startup_lpc55s69_cm33_core1.o(.text))
<BR>[Address Reference Count : 1]<UL><LI> startup_lpc55s69_cm33_core1.o(.isr_vector)
</UL>
<P><STRONG><a name="[1f]"></a>FLEXCOMM6_IRQHandler</STRONG> (Thumb, 4 bytes, Stack size unknown bytes, startup_lpc55s69_cm33_core1.o(.text))
<BR>[Address Reference Count : 1]<UL><LI> startup_lpc55s69_cm33_core1.o(.isr_vector)
</UL>
<P><STRONG><a name="[20]"></a>FLEXCOMM7_IRQHandler</STRONG> (Thumb, 4 bytes, Stack size unknown bytes, startup_lpc55s69_cm33_core1.o(.text))
<BR>[Address Reference Count : 1]<UL><LI> startup_lpc55s69_cm33_core1.o(.isr_vector)
</UL>
<P><STRONG><a name="[21]"></a>ADC0_IRQHandler</STRONG> (Thumb, 4 bytes, Stack size unknown bytes, startup_lpc55s69_cm33_core1.o(.text))
<BR>[Address Reference Count : 1]<UL><LI> startup_lpc55s69_cm33_core1.o(.isr_vector)
</UL>
<P><STRONG><a name="[22]"></a>Reserved39_IRQHandler</STRONG> (Thumb, 4 bytes, Stack size unknown bytes, startup_lpc55s69_cm33_core1.o(.text))
<BR>[Address Reference Count : 1]<UL><LI> startup_lpc55s69_cm33_core1.o(.isr_vector)
</UL>
<P><STRONG><a name="[23]"></a>ACMP_IRQHandler</STRONG> (Thumb, 4 bytes, Stack size unknown bytes, startup_lpc55s69_cm33_core1.o(.text))
<BR>[Address Reference Count : 1]<UL><LI> startup_lpc55s69_cm33_core1.o(.isr_vector)
</UL>
<P><STRONG><a name="[24]"></a>Reserved41_IRQHandler</STRONG> (Thumb, 4 bytes, Stack size unknown bytes, startup_lpc55s69_cm33_core1.o(.text))
<BR>[Address Reference Count : 1]<UL><LI> startup_lpc55s69_cm33_core1.o(.isr_vector)
</UL>
<P><STRONG><a name="[25]"></a>Reserved42_IRQHandler</STRONG> (Thumb, 4 bytes, Stack size unknown bytes, startup_lpc55s69_cm33_core1.o(.text))
<BR>[Address Reference Count : 1]<UL><LI> startup_lpc55s69_cm33_core1.o(.isr_vector)
</UL>
<P><STRONG><a name="[26]"></a>USB0_NEEDCLK_IRQHandler</STRONG> (Thumb, 4 bytes, Stack size unknown bytes, startup_lpc55s69_cm33_core1.o(.text))
<BR>[Address Reference Count : 1]<UL><LI> startup_lpc55s69_cm33_core1.o(.isr_vector)
</UL>
<P><STRONG><a name="[27]"></a>USB0_IRQHandler</STRONG> (Thumb, 4 bytes, Stack size unknown bytes, startup_lpc55s69_cm33_core1.o(.text))
<BR>[Address Reference Count : 1]<UL><LI> startup_lpc55s69_cm33_core1.o(.isr_vector)
</UL>
<P><STRONG><a name="[28]"></a>RTC_IRQHandler</STRONG> (Thumb, 4 bytes, Stack size unknown bytes, startup_lpc55s69_cm33_core1.o(.text))
<BR>[Address Reference Count : 1]<UL><LI> startup_lpc55s69_cm33_core1.o(.isr_vector)
</UL>
<P><STRONG><a name="[29]"></a>Reserved46_IRQHandler</STRONG> (Thumb, 4 bytes, Stack size unknown bytes, startup_lpc55s69_cm33_core1.o(.text))
<BR>[Address Reference Count : 1]<UL><LI> startup_lpc55s69_cm33_core1.o(.isr_vector)
</UL>
<P><STRONG><a name="[2a]"></a>MAILBOX_IRQHandler</STRONG> (Thumb, 4 bytes, Stack size unknown bytes, startup_lpc55s69_cm33_core1.o(.text))
<BR>[Address Reference Count : 1]<UL><LI> startup_lpc55s69_cm33_core1.o(.isr_vector)
</UL>
<P><STRONG><a name="[2b]"></a>PIN_INT4_IRQHandler</STRONG> (Thumb, 4 bytes, Stack size unknown bytes, startup_lpc55s69_cm33_core1.o(.text))
<BR>[Address Reference Count : 1]<UL><LI> startup_lpc55s69_cm33_core1.o(.isr_vector)
</UL>
<P><STRONG><a name="[2c]"></a>PIN_INT5_IRQHandler</STRONG> (Thumb, 4 bytes, Stack size unknown bytes, startup_lpc55s69_cm33_core1.o(.text))
<BR>[Address Reference Count : 1]<UL><LI> startup_lpc55s69_cm33_core1.o(.isr_vector)
</UL>
<P><STRONG><a name="[2d]"></a>PIN_INT6_IRQHandler</STRONG> (Thumb, 4 bytes, Stack size unknown bytes, startup_lpc55s69_cm33_core1.o(.text))
<BR>[Address Reference Count : 1]<UL><LI> startup_lpc55s69_cm33_core1.o(.isr_vector)
</UL>
<P><STRONG><a name="[2e]"></a>PIN_INT7_IRQHandler</STRONG> (Thumb, 4 bytes, Stack size unknown bytes, startup_lpc55s69_cm33_core1.o(.text))
<BR>[Address Reference Count : 1]<UL><LI> startup_lpc55s69_cm33_core1.o(.isr_vector)
</UL>
<P><STRONG><a name="[2f]"></a>CTIMER2_IRQHandler</STRONG> (Thumb, 4 bytes, Stack size unknown bytes, startup_lpc55s69_cm33_core1.o(.text))
<BR>[Address Reference Count : 1]<UL><LI> startup_lpc55s69_cm33_core1.o(.isr_vector)
</UL>
<P><STRONG><a name="[30]"></a>CTIMER4_IRQHandler</STRONG> (Thumb, 4 bytes, Stack size unknown bytes, startup_lpc55s69_cm33_core1.o(.text))
<BR>[Address Reference Count : 1]<UL><LI> startup_lpc55s69_cm33_core1.o(.isr_vector)
</UL>
<P><STRONG><a name="[31]"></a>OS_EVENT_IRQHandler</STRONG> (Thumb, 4 bytes, Stack size unknown bytes, startup_lpc55s69_cm33_core1.o(.text))
<BR>[Address Reference Count : 1]<UL><LI> startup_lpc55s69_cm33_core1.o(.isr_vector)
</UL>
<P><STRONG><a name="[32]"></a>Reserved55_IRQHandler</STRONG> (Thumb, 4 bytes, Stack size unknown bytes, startup_lpc55s69_cm33_core1.o(.text))
<BR>[Address Reference Count : 1]<UL><LI> startup_lpc55s69_cm33_core1.o(.isr_vector)
</UL>
<P><STRONG><a name="[33]"></a>Reserved56_IRQHandler</STRONG> (Thumb, 4 bytes, Stack size unknown bytes, startup_lpc55s69_cm33_core1.o(.text))
<BR>[Address Reference Count : 1]<UL><LI> startup_lpc55s69_cm33_core1.o(.isr_vector)
</UL>
<P><STRONG><a name="[34]"></a>Reserved57_IRQHandler</STRONG> (Thumb, 4 bytes, Stack size unknown bytes, startup_lpc55s69_cm33_core1.o(.text))
<BR>[Address Reference Count : 1]<UL><LI> startup_lpc55s69_cm33_core1.o(.isr_vector)
</UL>
<P><STRONG><a name="[35]"></a>SDIO_IRQHandler</STRONG> (Thumb, 4 bytes, Stack size unknown bytes, startup_lpc55s69_cm33_core1.o(.text))
<BR>[Address Reference Count : 1]<UL><LI> startup_lpc55s69_cm33_core1.o(.isr_vector)
</UL>
<P><STRONG><a name="[36]"></a>Reserved59_IRQHandler</STRONG> (Thumb, 4 bytes, Stack size unknown bytes, startup_lpc55s69_cm33_core1.o(.text))
<BR>[Address Reference Count : 1]<UL><LI> startup_lpc55s69_cm33_core1.o(.isr_vector)
</UL>
<P><STRONG><a name="[37]"></a>Reserved60_IRQHandler</STRONG> (Thumb, 4 bytes, Stack size unknown bytes, startup_lpc55s69_cm33_core1.o(.text))
<BR>[Address Reference Count : 1]<UL><LI> startup_lpc55s69_cm33_core1.o(.isr_vector)
</UL>
<P><STRONG><a name="[38]"></a>Reserved61_IRQHandler</STRONG> (Thumb, 4 bytes, Stack size unknown bytes, startup_lpc55s69_cm33_core1.o(.text))
<BR>[Address Reference Count : 1]<UL><LI> startup_lpc55s69_cm33_core1.o(.isr_vector)
</UL>
<P><STRONG><a name="[39]"></a>USB1_PHY_IRQHandler</STRONG> (Thumb, 4 bytes, Stack size unknown bytes, startup_lpc55s69_cm33_core1.o(.text))
<BR>[Address Reference Count : 1]<UL><LI> startup_lpc55s69_cm33_core1.o(.isr_vector)
</UL>
<P><STRONG><a name="[3a]"></a>USB1_IRQHandler</STRONG> (Thumb, 4 bytes, Stack size unknown bytes, startup_lpc55s69_cm33_core1.o(.text))
<BR>[Address Reference Count : 1]<UL><LI> startup_lpc55s69_cm33_core1.o(.isr_vector)
</UL>
<P><STRONG><a name="[3b]"></a>USB1_NEEDCLK_IRQHandler</STRONG> (Thumb, 4 bytes, Stack size unknown bytes, startup_lpc55s69_cm33_core1.o(.text))
<BR>[Address Reference Count : 1]<UL><LI> startup_lpc55s69_cm33_core1.o(.isr_vector)
</UL>
<P><STRONG><a name="[3c]"></a>SEC_HYPERVISOR_CALL_IRQHandler</STRONG> (Thumb, 4 bytes, Stack size unknown bytes, startup_lpc55s69_cm33_core1.o(.text))
<BR>[Address Reference Count : 1]<UL><LI> startup_lpc55s69_cm33_core1.o(.isr_vector)
</UL>
<P><STRONG><a name="[3d]"></a>SEC_GPIO_INT0_IRQ0_IRQHandler</STRONG> (Thumb, 4 bytes, Stack size unknown bytes, startup_lpc55s69_cm33_core1.o(.text))
<BR>[Address Reference Count : 1]<UL><LI> startup_lpc55s69_cm33_core1.o(.isr_vector)
</UL>
<P><STRONG><a name="[3e]"></a>SEC_GPIO_INT0_IRQ1_IRQHandler</STRONG> (Thumb, 4 bytes, Stack size unknown bytes, startup_lpc55s69_cm33_core1.o(.text))
<BR>[Address Reference Count : 1]<UL><LI> startup_lpc55s69_cm33_core1.o(.isr_vector)
</UL>
<P><STRONG><a name="[3f]"></a>PLU_IRQHandler</STRONG> (Thumb, 4 bytes, Stack size unknown bytes, startup_lpc55s69_cm33_core1.o(.text))
<BR>[Address Reference Count : 1]<UL><LI> startup_lpc55s69_cm33_core1.o(.isr_vector)
</UL>
<P><STRONG><a name="[40]"></a>SEC_VIO_IRQHandler</STRONG> (Thumb, 4 bytes, Stack size unknown bytes, startup_lpc55s69_cm33_core1.o(.text))
<BR>[Address Reference Count : 1]<UL><LI> startup_lpc55s69_cm33_core1.o(.isr_vector)
</UL>
<P><STRONG><a name="[41]"></a>HASHCRYPT_IRQHandler</STRONG> (Thumb, 4 bytes, Stack size unknown bytes, startup_lpc55s69_cm33_core1.o(.text))
<BR>[Address Reference Count : 1]<UL><LI> startup_lpc55s69_cm33_core1.o(.isr_vector)
</UL>
<P><STRONG><a name="[42]"></a>CASER_IRQHandler</STRONG> (Thumb, 4 bytes, Stack size unknown bytes, startup_lpc55s69_cm33_core1.o(.text))
<BR>[Address Reference Count : 1]<UL><LI> startup_lpc55s69_cm33_core1.o(.isr_vector)
</UL>
<P><STRONG><a name="[43]"></a>PUF_IRQHandler</STRONG> (Thumb, 4 bytes, Stack size unknown bytes, startup_lpc55s69_cm33_core1.o(.text))
<BR>[Address Reference Count : 1]<UL><LI> startup_lpc55s69_cm33_core1.o(.isr_vector)
</UL>
<P><STRONG><a name="[44]"></a>PQ_IRQHandler</STRONG> (Thumb, 4 bytes, Stack size unknown bytes, startup_lpc55s69_cm33_core1.o(.text))
<BR>[Address Reference Count : 1]<UL><LI> startup_lpc55s69_cm33_core1.o(.isr_vector)
</UL>
<P><STRONG><a name="[45]"></a>DMA1_IRQHandler</STRONG> (Thumb, 4 bytes, Stack size unknown bytes, startup_lpc55s69_cm33_core1.o(.text))
<BR>[Address Reference Count : 1]<UL><LI> startup_lpc55s69_cm33_core1.o(.isr_vector)
</UL>
<P><STRONG><a name="[46]"></a>FLEXCOMM8_IRQHandler</STRONG> (Thumb, 4 bytes, Stack size unknown bytes, startup_lpc55s69_cm33_core1.o(.text))
<BR>[Address Reference Count : 1]<UL><LI> startup_lpc55s69_cm33_core1.o(.isr_vector)
</UL>
<P><STRONG><a name="[8b]"></a>__aeabi_memset</STRONG> (Thumb, 14 bytes, Stack size 0 bytes, memseta.o(.text), UNUSED)
<BR><BR>[Called By]<UL><LI><a href="#[8c]">&gt;&gt;</a>&nbsp;&nbsp;&nbsp;memset
<LI><a href="#[8a]">&gt;&gt;</a>&nbsp;&nbsp;&nbsp;__aeabi_memclr
</UL>

<P><STRONG><a name="[aa]"></a>__aeabi_memset4</STRONG> (Thumb, 0 bytes, Stack size 0 bytes, memseta.o(.text), UNUSED)

<P><STRONG><a name="[ab]"></a>__aeabi_memset8</STRONG> (Thumb, 0 bytes, Stack size 0 bytes, memseta.o(.text), UNUSED)

<P><STRONG><a name="[8a]"></a>__aeabi_memclr</STRONG> (Thumb, 4 bytes, Stack size 0 bytes, memseta.o(.text), UNUSED)
<BR><BR>[Calls]<UL><LI><a href="#[8b]">&gt;&gt;</a>&nbsp;&nbsp;&nbsp;__aeabi_memset
</UL>

<P><STRONG><a name="[99]"></a>__aeabi_memclr4</STRONG> (Thumb, 0 bytes, Stack size 0 bytes, memseta.o(.text))
<BR><BR>[Called By]<UL><LI><a href="#[98]">&gt;&gt;</a>&nbsp;&nbsp;&nbsp;DbgConsole_Printf
</UL>

<P><STRONG><a name="[ac]"></a>__aeabi_memclr8</STRONG> (Thumb, 0 bytes, Stack size 0 bytes, memseta.o(.text), UNUSED)

<P><STRONG><a name="[8c]"></a>memset</STRONG> (Thumb, 18 bytes, Stack size 8 bytes, memseta.o(.text), UNUSED)
<BR><BR>[Calls]<UL><LI><a href="#[8b]">&gt;&gt;</a>&nbsp;&nbsp;&nbsp;__aeabi_memset
</UL>

<P><STRONG><a name="[a0]"></a>strlen</STRONG> (Thumb, 14 bytes, Stack size 0 bytes, strlen.o(.text))
<BR><BR>[Called By]<UL><LI><a href="#[9a]">&gt;&gt;</a>&nbsp;&nbsp;&nbsp;StrFormatPrintf
</UL>

<P><STRONG><a name="[89]"></a>__scatterload</STRONG> (Thumb, 28 bytes, Stack size 0 bytes, init.o(.text))
<BR><BR>[Calls]<UL><LI><a href="#[8d]">&gt;&gt;</a>&nbsp;&nbsp;&nbsp;__main_after_scatterload
</UL>
<BR>[Called By]<UL><LI><a href="#[88]">&gt;&gt;</a>&nbsp;&nbsp;&nbsp;_main_scatterload
</UL>

<P><STRONG><a name="[ad]"></a>__scatterload_rt2</STRONG> (Thumb, 0 bytes, Stack size 0 bytes, init.o(.text), UNUSED)

<P><STRONG><a name="[8e]"></a>BOARD_BootClockRUN</STRONG> (Thumb, 80 bytes, Stack size 16 bytes, clock_config.o(.text.BOARD_BootClockRUN))
<BR><BR>[Stack]<UL><LI>Max Depth = 16 + Unknown Stack Size
<LI>Call Chain = BOARD_BootClockRUN
</UL>
<BR>[Calls]<UL><LI><a href="#[91]">&gt;&gt;</a>&nbsp;&nbsp;&nbsp;POWER_SetVoltageForFreq
<LI><a href="#[8f]">&gt;&gt;</a>&nbsp;&nbsp;&nbsp;CLOCK_SetupFROClocking
<LI><a href="#[92]">&gt;&gt;</a>&nbsp;&nbsp;&nbsp;CLOCK_SetFLASHAccessCyclesForFreq
<LI><a href="#[93]">&gt;&gt;</a>&nbsp;&nbsp;&nbsp;CLOCK_SetClkDiv
<LI><a href="#[90]">&gt;&gt;</a>&nbsp;&nbsp;&nbsp;CLOCK_AttachClk
</UL>
<BR>[Called By]<UL><LI><a href="#[47]">&gt;&gt;</a>&nbsp;&nbsp;&nbsp;main
</UL>

<P><STRONG><a name="[a3]"></a>BOARD_InitPeripherals</STRONG> (Thumb, 2 bytes, Stack size 0 bytes, peripherals.o(.text.BOARD_InitPeripherals))
<BR><BR>[Called By]<UL><LI><a href="#[47]">&gt;&gt;</a>&nbsp;&nbsp;&nbsp;main
</UL>

<P><STRONG><a name="[a2]"></a>BOARD_InitPins</STRONG> (Thumb, 2 bytes, Stack size 0 bytes, pin_mux.o(.text.BOARD_InitPins))
<BR><BR>[Called By]<UL><LI><a href="#[47]">&gt;&gt;</a>&nbsp;&nbsp;&nbsp;main
</UL>

<P><STRONG><a name="[90]"></a>CLOCK_AttachClk</STRONG> (Thumb, 146 bytes, Stack size 0 bytes, fsl_clock.o(.text.CLOCK_AttachClk))
<BR><BR>[Called By]<UL><LI><a href="#[8e]">&gt;&gt;</a>&nbsp;&nbsp;&nbsp;BOARD_BootClockRUN
</UL>

<P><STRONG><a name="[93]"></a>CLOCK_SetClkDiv</STRONG> (Thumb, 36 bytes, Stack size 0 bytes, fsl_clock.o(.text.CLOCK_SetClkDiv))
<BR><BR>[Called By]<UL><LI><a href="#[8e]">&gt;&gt;</a>&nbsp;&nbsp;&nbsp;BOARD_BootClockRUN
</UL>

<P><STRONG><a name="[92]"></a>CLOCK_SetFLASHAccessCyclesForFreq</STRONG> (Thumb, 290 bytes, Stack size 0 bytes, fsl_clock.o(.text.CLOCK_SetFLASHAccessCyclesForFreq))
<BR><BR>[Called By]<UL><LI><a href="#[8e]">&gt;&gt;</a>&nbsp;&nbsp;&nbsp;BOARD_BootClockRUN
</UL>

<P><STRONG><a name="[8f]"></a>CLOCK_SetupFROClocking</STRONG> (Thumb, 102 bytes, Stack size 0 bytes, fsl_clock.o(.text.CLOCK_SetupFROClocking))
<BR><BR>[Called By]<UL><LI><a href="#[8e]">&gt;&gt;</a>&nbsp;&nbsp;&nbsp;BOARD_BootClockRUN
</UL>

<P><STRONG><a name="[54]"></a>CTIMER0_DriverIRQHandler</STRONG> (Thumb, 6 bytes, Stack size 0 bytes, fsl_ctimer.o(.text.CTIMER0_DriverIRQHandler))
<BR><BR>[Stack]<UL><LI>Max Depth = 16<LI>Call Chain = CTIMER0_DriverIRQHandler &rArr; CTIMER_GenericIRQHandler
</UL>
<BR>[Calls]<UL><LI><a href="#[94]">&gt;&gt;</a>&nbsp;&nbsp;&nbsp;CTIMER_GenericIRQHandler
</UL>
<BR>[Address Reference Count : 1]<UL><LI> startup_lpc55s69_cm33_core1.o(.text)
</UL>
<P><STRONG><a name="[55]"></a>CTIMER1_DriverIRQHandler</STRONG> (Thumb, 6 bytes, Stack size 0 bytes, fsl_ctimer.o(.text.CTIMER1_DriverIRQHandler))
<BR><BR>[Stack]<UL><LI>Max Depth = 16<LI>Call Chain = CTIMER1_DriverIRQHandler &rArr; CTIMER_GenericIRQHandler
</UL>
<BR>[Calls]<UL><LI><a href="#[94]">&gt;&gt;</a>&nbsp;&nbsp;&nbsp;CTIMER_GenericIRQHandler
</UL>
<BR>[Address Reference Count : 1]<UL><LI> startup_lpc55s69_cm33_core1.o(.text)
</UL>
<P><STRONG><a name="[6e]"></a>CTIMER2_DriverIRQHandler</STRONG> (Thumb, 6 bytes, Stack size 0 bytes, fsl_ctimer.o(.text.CTIMER2_DriverIRQHandler))
<BR><BR>[Stack]<UL><LI>Max Depth = 16<LI>Call Chain = CTIMER2_DriverIRQHandler &rArr; CTIMER_GenericIRQHandler
</UL>
<BR>[Calls]<UL><LI><a href="#[94]">&gt;&gt;</a>&nbsp;&nbsp;&nbsp;CTIMER_GenericIRQHandler
</UL>
<BR>[Address Reference Count : 1]<UL><LI> startup_lpc55s69_cm33_core1.o(.text)
</UL>
<P><STRONG><a name="[57]"></a>CTIMER3_DriverIRQHandler</STRONG> (Thumb, 6 bytes, Stack size 0 bytes, fsl_ctimer.o(.text.CTIMER3_DriverIRQHandler))
<BR><BR>[Stack]<UL><LI>Max Depth = 16<LI>Call Chain = CTIMER3_DriverIRQHandler &rArr; CTIMER_GenericIRQHandler
</UL>
<BR>[Calls]<UL><LI><a href="#[94]">&gt;&gt;</a>&nbsp;&nbsp;&nbsp;CTIMER_GenericIRQHandler
</UL>
<BR>[Address Reference Count : 1]<UL><LI> startup_lpc55s69_cm33_core1.o(.text)
</UL>
<P><STRONG><a name="[6f]"></a>CTIMER4_DriverIRQHandler</STRONG> (Thumb, 6 bytes, Stack size 0 bytes, fsl_ctimer.o(.text.CTIMER4_DriverIRQHandler))
<BR><BR>[Stack]<UL><LI>Max Depth = 16<LI>Call Chain = CTIMER4_DriverIRQHandler &rArr; CTIMER_GenericIRQHandler
</UL>
<BR>[Calls]<UL><LI><a href="#[94]">&gt;&gt;</a>&nbsp;&nbsp;&nbsp;CTIMER_GenericIRQHandler
</UL>
<BR>[Address Reference Count : 1]<UL><LI> startup_lpc55s69_cm33_core1.o(.text)
</UL>
<P><STRONG><a name="[94]"></a>CTIMER_GenericIRQHandler</STRONG> (Thumb, 240 bytes, Stack size 16 bytes, fsl_ctimer.o(.text.CTIMER_GenericIRQHandler))
<BR><BR>[Stack]<UL><LI>Max Depth = 16<LI>Call Chain = CTIMER_GenericIRQHandler
</UL>
<BR>[Called By]<UL><LI><a href="#[6f]">&gt;&gt;</a>&nbsp;&nbsp;&nbsp;CTIMER4_DriverIRQHandler
<LI><a href="#[57]">&gt;&gt;</a>&nbsp;&nbsp;&nbsp;CTIMER3_DriverIRQHandler
<LI><a href="#[6e]">&gt;&gt;</a>&nbsp;&nbsp;&nbsp;CTIMER2_DriverIRQHandler
<LI><a href="#[55]">&gt;&gt;</a>&nbsp;&nbsp;&nbsp;CTIMER1_DriverIRQHandler
<LI><a href="#[54]">&gt;&gt;</a>&nbsp;&nbsp;&nbsp;CTIMER0_DriverIRQHandler
</UL>

<P><STRONG><a name="[4b]"></a>DMA0_DriverIRQHandler</STRONG> (Thumb, 12 bytes, Stack size 0 bytes, fsl_dma.o(.text.DMA0_DriverIRQHandler))
<BR><BR>[Stack]<UL><LI>Max Depth = 288<LI>Call Chain = DMA0_DriverIRQHandler &rArr; DMA_IRQHandle &rArr; __aeabi_assert &rArr; DbgConsole_Printf &rArr;  __aeabi_assert (Cycle)
</UL>
<BR>[Calls]<UL><LI><a href="#[95]">&gt;&gt;</a>&nbsp;&nbsp;&nbsp;DMA_IRQHandle
</UL>
<BR>[Address Reference Count : 1]<UL><LI> startup_lpc55s69_cm33_core1.o(.text)
</UL>
<P><STRONG><a name="[84]"></a>DMA1_DriverIRQHandler</STRONG> (Thumb, 12 bytes, Stack size 0 bytes, fsl_dma.o(.text.DMA1_DriverIRQHandler))
<BR>[Address Reference Count : 1]<UL><LI> startup_lpc55s69_cm33_core1.o(.text)
</UL>
<P><STRONG><a name="[95]"></a>DMA_IRQHandle</STRONG> (Thumb, 220 bytes, Stack size 32 bytes, fsl_dma.o(.text.DMA_IRQHandle))
<BR><BR>[Stack]<UL><LI>Max Depth = 288<LI>Call Chain = DMA_IRQHandle &rArr; __aeabi_assert &rArr; DbgConsole_Printf &rArr;  __aeabi_assert (Cycle)
</UL>
<BR>[Calls]<UL><LI><a href="#[96]">&gt;&gt;</a>&nbsp;&nbsp;&nbsp;__aeabi_assert
</UL>
<BR>[Called By]<UL><LI><a href="#[4b]">&gt;&gt;</a>&nbsp;&nbsp;&nbsp;DMA0_DriverIRQHandler
</UL>

<P><STRONG><a name="[98]"></a>DbgConsole_Printf</STRONG> (Thumb, 124 bytes, Stack size 160 bytes, fsl_debug_console.o(.text.DbgConsole_Printf))
<BR><BR>[Stack]<UL><LI>Max Depth = 256 + In Cycle
<LI>Call Chain = DbgConsole_Printf &rArr;  __aeabi_assert (Cycle)
</UL>
<BR>[Calls]<UL><LI><a href="#[97]">&gt;&gt;</a>&nbsp;&nbsp;&nbsp;SerialManager_WriteBlocking
<LI><a href="#[99]">&gt;&gt;</a>&nbsp;&nbsp;&nbsp;__aeabi_memclr4
<LI><a href="#[96]">&gt;&gt;</a>&nbsp;&nbsp;&nbsp;__aeabi_assert
<LI><a href="#[9a]">&gt;&gt;</a>&nbsp;&nbsp;&nbsp;StrFormatPrintf
</UL>
<BR>[Called By]<UL><LI><a href="#[96]">&gt;&gt;</a>&nbsp;&nbsp;&nbsp;__aeabi_assert
</UL>

<P><STRONG><a name="[58]"></a>FLEXCOMM0_DriverIRQHandler</STRONG> (Thumb, 64 bytes, Stack size 0 bytes, fsl_flexcomm.o(.text.FLEXCOMM0_DriverIRQHandler))
<BR><BR>[Stack]<UL><LI>Max Depth = 256<LI>Call Chain = FLEXCOMM0_DriverIRQHandler &rArr; __aeabi_assert &rArr; DbgConsole_Printf &rArr;  __aeabi_assert (Cycle)
</UL>
<BR>[Calls]<UL><LI><a href="#[96]">&gt;&gt;</a>&nbsp;&nbsp;&nbsp;__aeabi_assert
</UL>
<BR>[Address Reference Count : 1]<UL><LI> startup_lpc55s69_cm33_core1.o(.text)
</UL>
<P><STRONG><a name="[59]"></a>FLEXCOMM1_DriverIRQHandler</STRONG> (Thumb, 64 bytes, Stack size 0 bytes, fsl_flexcomm.o(.text.FLEXCOMM1_DriverIRQHandler))
<BR><BR>[Stack]<UL><LI>Max Depth = 256<LI>Call Chain = FLEXCOMM1_DriverIRQHandler &rArr; __aeabi_assert &rArr; DbgConsole_Printf &rArr;  __aeabi_assert (Cycle)
</UL>
<BR>[Calls]<UL><LI><a href="#[96]">&gt;&gt;</a>&nbsp;&nbsp;&nbsp;__aeabi_assert
</UL>
<BR>[Address Reference Count : 1]<UL><LI> startup_lpc55s69_cm33_core1.o(.text)
</UL>
<P><STRONG><a name="[5a]"></a>FLEXCOMM2_DriverIRQHandler</STRONG> (Thumb, 64 bytes, Stack size 0 bytes, fsl_flexcomm.o(.text.FLEXCOMM2_DriverIRQHandler))
<BR><BR>[Stack]<UL><LI>Max Depth = 256<LI>Call Chain = FLEXCOMM2_DriverIRQHandler &rArr; __aeabi_assert &rArr; DbgConsole_Printf &rArr;  __aeabi_assert (Cycle)
</UL>
<BR>[Calls]<UL><LI><a href="#[96]">&gt;&gt;</a>&nbsp;&nbsp;&nbsp;__aeabi_assert
</UL>
<BR>[Address Reference Count : 1]<UL><LI> startup_lpc55s69_cm33_core1.o(.text)
</UL>
<P><STRONG><a name="[5b]"></a>FLEXCOMM3_DriverIRQHandler</STRONG> (Thumb, 64 bytes, Stack size 0 bytes, fsl_flexcomm.o(.text.FLEXCOMM3_DriverIRQHandler))
<BR><BR>[Stack]<UL><LI>Max Depth = 256<LI>Call Chain = FLEXCOMM3_DriverIRQHandler &rArr; __aeabi_assert &rArr; DbgConsole_Printf &rArr;  __aeabi_assert (Cycle)
</UL>
<BR>[Calls]<UL><LI><a href="#[96]">&gt;&gt;</a>&nbsp;&nbsp;&nbsp;__aeabi_assert
</UL>
<BR>[Address Reference Count : 1]<UL><LI> startup_lpc55s69_cm33_core1.o(.text)
</UL>
<P><STRONG><a name="[5c]"></a>FLEXCOMM4_DriverIRQHandler</STRONG> (Thumb, 64 bytes, Stack size 0 bytes, fsl_flexcomm.o(.text.FLEXCOMM4_DriverIRQHandler))
<BR><BR>[Stack]<UL><LI>Max Depth = 256<LI>Call Chain = FLEXCOMM4_DriverIRQHandler &rArr; __aeabi_assert &rArr; DbgConsole_Printf &rArr;  __aeabi_assert (Cycle)
</UL>
<BR>[Calls]<UL><LI><a href="#[96]">&gt;&gt;</a>&nbsp;&nbsp;&nbsp;__aeabi_assert
</UL>
<BR>[Address Reference Count : 1]<UL><LI> startup_lpc55s69_cm33_core1.o(.text)
</UL>
<P><STRONG><a name="[5d]"></a>FLEXCOMM5_DriverIRQHandler</STRONG> (Thumb, 64 bytes, Stack size 0 bytes, fsl_flexcomm.o(.text.FLEXCOMM5_DriverIRQHandler))
<BR><BR>[Stack]<UL><LI>Max Depth = 256<LI>Call Chain = FLEXCOMM5_DriverIRQHandler &rArr; __aeabi_assert &rArr; DbgConsole_Printf &rArr;  __aeabi_assert (Cycle)
</UL>
<BR>[Calls]<UL><LI><a href="#[96]">&gt;&gt;</a>&nbsp;&nbsp;&nbsp;__aeabi_assert
</UL>
<BR>[Address Reference Count : 1]<UL><LI> startup_lpc55s69_cm33_core1.o(.text)
</UL>
<P><STRONG><a name="[5e]"></a>FLEXCOMM6_DriverIRQHandler</STRONG> (Thumb, 68 bytes, Stack size 0 bytes, fsl_flexcomm.o(.text.FLEXCOMM6_DriverIRQHandler))
<BR><BR>[Stack]<UL><LI>Max Depth = 256<LI>Call Chain = FLEXCOMM6_DriverIRQHandler &rArr; __aeabi_assert &rArr; DbgConsole_Printf &rArr;  __aeabi_assert (Cycle)
</UL>
<BR>[Calls]<UL><LI><a href="#[96]">&gt;&gt;</a>&nbsp;&nbsp;&nbsp;__aeabi_assert
</UL>
<BR>[Address Reference Count : 1]<UL><LI> startup_lpc55s69_cm33_core1.o(.text)
</UL>
<P><STRONG><a name="[5f]"></a>FLEXCOMM7_DriverIRQHandler</STRONG> (Thumb, 68 bytes, Stack size 0 bytes, fsl_flexcomm.o(.text.FLEXCOMM7_DriverIRQHandler))
<BR><BR>[Stack]<UL><LI>Max Depth = 256<LI>Call Chain = FLEXCOMM7_DriverIRQHandler &rArr; __aeabi_assert &rArr; DbgConsole_Printf &rArr;  __aeabi_assert (Cycle)
</UL>
<BR>[Calls]<UL><LI><a href="#[96]">&gt;&gt;</a>&nbsp;&nbsp;&nbsp;__aeabi_assert
</UL>
<BR>[Address Reference Count : 1]<UL><LI> startup_lpc55s69_cm33_core1.o(.text)
</UL>
<P><STRONG><a name="[85]"></a>FLEXCOMM8_DriverIRQHandler</STRONG> (Thumb, 68 bytes, Stack size 0 bytes, fsl_flexcomm.o(.text.FLEXCOMM8_DriverIRQHandler))
<BR><BR>[Stack]<UL><LI>Max Depth = 256<LI>Call Chain = FLEXCOMM8_DriverIRQHandler &rArr; __aeabi_assert &rArr; DbgConsole_Printf &rArr;  __aeabi_assert (Cycle)
</UL>
<BR>[Calls]<UL><LI><a href="#[96]">&gt;&gt;</a>&nbsp;&nbsp;&nbsp;__aeabi_assert
</UL>
<BR>[Address Reference Count : 1]<UL><LI> startup_lpc55s69_cm33_core1.o(.text)
</UL>
<P><STRONG><a name="[9b]"></a>HAL_UartSendBlocking</STRONG> (Thumb, 102 bytes, Stack size 8 bytes, usart_adapter.o(.text.HAL_UartSendBlocking))
<BR><BR>[Stack]<UL><LI>Max Depth = 24 + In Cycle
<LI>Call Chain = HAL_UartSendBlocking &rArr;  __aeabi_assert (Cycle)
</UL>
<BR>[Calls]<UL><LI><a href="#[9c]">&gt;&gt;</a>&nbsp;&nbsp;&nbsp;USART_WriteBlocking
<LI><a href="#[96]">&gt;&gt;</a>&nbsp;&nbsp;&nbsp;__aeabi_assert
</UL>
<BR>[Called By]<UL><LI><a href="#[9f]">&gt;&gt;</a>&nbsp;&nbsp;&nbsp;Serial_UartWrite
</UL>

<P><STRONG><a name="[91]"></a>POWER_SetVoltageForFreq</STRONG> (Thumb, 72 bytes, Stack size unknown bytes, fsl_power_lib.o(.text.POWER_SetVoltageForFreq))
<BR><BR>[Calls]<UL><LI><a href="#[9e]">&gt;&gt;</a>&nbsp;&nbsp;&nbsp;lowpower_set_voltage_for_process
<LI><a href="#[9d]">&gt;&gt;</a>&nbsp;&nbsp;&nbsp;lowpower_set_dcdc_power_profile
</UL>
<BR>[Called By]<UL><LI><a href="#[8e]">&gt;&gt;</a>&nbsp;&nbsp;&nbsp;BOARD_BootClockRUN
</UL>

<P><STRONG><a name="[97]"></a>SerialManager_WriteBlocking</STRONG> (Thumb, 124 bytes, Stack size 0 bytes, serial_manager.o(.text.SerialManager_WriteBlocking))
<BR><BR>[Stack]<UL><LI>Max Depth = 24 + In Cycle
<LI>Call Chain = SerialManager_WriteBlocking &rArr;  __aeabi_assert (Cycle)
</UL>
<BR>[Calls]<UL><LI><a href="#[9f]">&gt;&gt;</a>&nbsp;&nbsp;&nbsp;Serial_UartWrite
<LI><a href="#[96]">&gt;&gt;</a>&nbsp;&nbsp;&nbsp;__aeabi_assert
</UL>
<BR>[Called By]<UL><LI><a href="#[98]">&gt;&gt;</a>&nbsp;&nbsp;&nbsp;DbgConsole_Printf
<LI><a href="#[86]">&gt;&gt;</a>&nbsp;&nbsp;&nbsp;DbgConsole_PrintCallback
</UL>

<P><STRONG><a name="[9f]"></a>Serial_UartWrite</STRONG> (Thumb, 82 bytes, Stack size 0 bytes, serial_port_uart.o(.text.Serial_UartWrite))
<BR><BR>[Stack]<UL><LI>Max Depth = 24 + In Cycle
<LI>Call Chain = Serial_UartWrite &rArr;  __aeabi_assert (Cycle)
</UL>
<BR>[Calls]<UL><LI><a href="#[9b]">&gt;&gt;</a>&nbsp;&nbsp;&nbsp;HAL_UartSendBlocking
<LI><a href="#[96]">&gt;&gt;</a>&nbsp;&nbsp;&nbsp;__aeabi_assert
</UL>
<BR>[Called By]<UL><LI><a href="#[97]">&gt;&gt;</a>&nbsp;&nbsp;&nbsp;SerialManager_WriteBlocking
</UL>

<P><STRONG><a name="[9a]"></a>StrFormatPrintf</STRONG> (Thumb, 1098 bytes, Stack size 96 bytes, fsl_str.o(.text.StrFormatPrintf))
<BR><BR>[Stack]<UL><LI>Max Depth = 96<LI>Call Chain = StrFormatPrintf
</UL>
<BR>[Calls]<UL><LI><a href="#[a0]">&gt;&gt;</a>&nbsp;&nbsp;&nbsp;strlen
</UL>
<BR>[Called By]<UL><LI><a href="#[98]">&gt;&gt;</a>&nbsp;&nbsp;&nbsp;DbgConsole_Printf
</UL>

<P><STRONG><a name="[48]"></a>SystemInit</STRONG> (Thumb, 60 bytes, Stack size 0 bytes, system_lpc55s69_cm33_core1.o(.text.SystemInit))
<BR>[Address Reference Count : 1]<UL><LI> startup_lpc55s69_cm33_core1.o(.text)
</UL>
<P><STRONG><a name="[ae]"></a>SystemInitHook</STRONG> (Thumb, 2 bytes, Stack size 0 bytes, system_lpc55s69_cm33_core1.o(.text.SystemInitHook), UNUSED)

<P><STRONG><a name="[9c]"></a>USART_WriteBlocking</STRONG> (Thumb, 392 bytes, Stack size 16 bytes, fsl_usart.o(.text.USART_WriteBlocking))
<BR><BR>[Stack]<UL><LI>Max Depth = 16 + In Cycle
<LI>Call Chain = USART_WriteBlocking &rArr;  __aeabi_assert (Cycle)
</UL>
<BR>[Calls]<UL><LI><a href="#[96]">&gt;&gt;</a>&nbsp;&nbsp;&nbsp;__aeabi_assert
</UL>
<BR>[Called By]<UL><LI><a href="#[9b]">&gt;&gt;</a>&nbsp;&nbsp;&nbsp;HAL_UartSendBlocking
</UL>

<P><STRONG><a name="[52]"></a>UTICK0_DriverIRQHandler</STRONG> (Thumb, 30 bytes, Stack size 0 bytes, fsl_utick.o(.text.UTICK0_DriverIRQHandler))
<BR>[Address Reference Count : 1]<UL><LI> startup_lpc55s69_cm33_core1.o(.text)
</UL>
<P><STRONG><a name="[96]"></a>__aeabi_assert</STRONG> (Thumb, 60 bytes, Stack size 0 bytes, fsl_assert.o(.text.__aeabi_assert))
<BR><BR>[Stack]<UL><LI>Max Depth = 256<LI>Call Chain = __aeabi_assert &rArr; DbgConsole_Printf &rArr;  __aeabi_assert (Cycle)
</UL>
<BR>[Calls]<UL><LI><a href="#[98]">&gt;&gt;</a>&nbsp;&nbsp;&nbsp;DbgConsole_Printf
</UL>
<BR>[Called By]<UL><LI><a href="#[9b]">&gt;&gt;</a>&nbsp;&nbsp;&nbsp;HAL_UartSendBlocking
<LI><a href="#[9f]">&gt;&gt;</a>&nbsp;&nbsp;&nbsp;Serial_UartWrite
<LI><a href="#[97]">&gt;&gt;</a>&nbsp;&nbsp;&nbsp;SerialManager_WriteBlocking
<LI><a href="#[9c]">&gt;&gt;</a>&nbsp;&nbsp;&nbsp;USART_WriteBlocking
<LI><a href="#[85]">&gt;&gt;</a>&nbsp;&nbsp;&nbsp;FLEXCOMM8_DriverIRQHandler
<LI><a href="#[5f]">&gt;&gt;</a>&nbsp;&nbsp;&nbsp;FLEXCOMM7_DriverIRQHandler
<LI><a href="#[5e]">&gt;&gt;</a>&nbsp;&nbsp;&nbsp;FLEXCOMM6_DriverIRQHandler
<LI><a href="#[5d]">&gt;&gt;</a>&nbsp;&nbsp;&nbsp;FLEXCOMM5_DriverIRQHandler
<LI><a href="#[5c]">&gt;&gt;</a>&nbsp;&nbsp;&nbsp;FLEXCOMM4_DriverIRQHandler
<LI><a href="#[5b]">&gt;&gt;</a>&nbsp;&nbsp;&nbsp;FLEXCOMM3_DriverIRQHandler
<LI><a href="#[5a]">&gt;&gt;</a>&nbsp;&nbsp;&nbsp;FLEXCOMM2_DriverIRQHandler
<LI><a href="#[59]">&gt;&gt;</a>&nbsp;&nbsp;&nbsp;FLEXCOMM1_DriverIRQHandler
<LI><a href="#[58]">&gt;&gt;</a>&nbsp;&nbsp;&nbsp;FLEXCOMM0_DriverIRQHandler
<LI><a href="#[95]">&gt;&gt;</a>&nbsp;&nbsp;&nbsp;DMA_IRQHandle
<LI><a href="#[98]">&gt;&gt;</a>&nbsp;&nbsp;&nbsp;DbgConsole_Printf
<LI><a href="#[86]">&gt;&gt;</a>&nbsp;&nbsp;&nbsp;DbgConsole_PrintCallback
</UL>

<P><STRONG><a name="[47]"></a>main</STRONG> (Thumb, 18 bytes, Stack size 8 bytes, main.o(.text.main))
<BR><BR>[Stack]<UL><LI>Max Depth = 24 + Unknown Stack Size
<LI>Call Chain = main &rArr; BOARD_BootClockRUN
</UL>
<BR>[Calls]<UL><LI><a href="#[a2]">&gt;&gt;</a>&nbsp;&nbsp;&nbsp;BOARD_InitPins
<LI><a href="#[a3]">&gt;&gt;</a>&nbsp;&nbsp;&nbsp;BOARD_InitPeripherals
<LI><a href="#[8e]">&gt;&gt;</a>&nbsp;&nbsp;&nbsp;BOARD_BootClockRUN
</UL>
<BR>[Address Reference Count : 1]<UL><LI> entry9a.o(.ARM.Collect$$$$0000000B)
</UL>
<P><STRONG><a name="[af]"></a>__scatterload_copy</STRONG> (Thumb, 14 bytes, Stack size unknown bytes, handlers.o(i.__scatterload_copy), UNUSED)

<P><STRONG><a name="[b0]"></a>__scatterload_null</STRONG> (Thumb, 2 bytes, Stack size unknown bytes, handlers.o(i.__scatterload_null), UNUSED)

<P><STRONG><a name="[b1]"></a>__scatterload_zeroinit</STRONG> (Thumb, 14 bytes, Stack size unknown bytes, handlers.o(i.__scatterload_zeroinit), UNUSED)
<P>
<H3>
Local Symbols
</H3>
<P><STRONG><a name="[86]"></a>DbgConsole_PrintCallback</STRONG> (Thumb, 182 bytes, Stack size 32 bytes, fsl_debug_console.o(.text.DbgConsole_PrintCallback))
<BR><BR>[Stack]<UL><LI>Max Depth = 288<LI>Call Chain = DbgConsole_PrintCallback &rArr; __aeabi_assert &rArr; DbgConsole_Printf &rArr;  __aeabi_assert (Cycle)
</UL>
<BR>[Calls]<UL><LI><a href="#[97]">&gt;&gt;</a>&nbsp;&nbsp;&nbsp;SerialManager_WriteBlocking
<LI><a href="#[96]">&gt;&gt;</a>&nbsp;&nbsp;&nbsp;__aeabi_assert
</UL>
<BR>[Address Reference Count : 1]<UL><LI> fsl_debug_console.o(.text.DbgConsole_Printf)
</UL>
<P><STRONG><a name="[9d]"></a>lowpower_set_dcdc_power_profile</STRONG> (Thumb, 72 bytes, Stack size unknown bytes, fsl_power_lib.o(.text.lowpower_set_dcdc_power_profile))
<BR><BR>[Called By]<UL><LI><a href="#[91]">&gt;&gt;</a>&nbsp;&nbsp;&nbsp;POWER_SetVoltageForFreq
</UL>

<P><STRONG><a name="[a1]"></a>lowpower_set_system_voltage</STRONG> (Thumb, 212 bytes, Stack size unknown bytes, fsl_power_lib.o(.text.lowpower_set_system_voltage))
<BR><BR>[Called By]<UL><LI><a href="#[9e]">&gt;&gt;</a>&nbsp;&nbsp;&nbsp;lowpower_set_voltage_for_process
</UL>

<P><STRONG><a name="[9e]"></a>lowpower_set_voltage_for_process</STRONG> (Thumb, 152 bytes, Stack size unknown bytes, fsl_power_lib.o(.text.lowpower_set_voltage_for_process))
<BR><BR>[Calls]<UL><LI><a href="#[a1]">&gt;&gt;</a>&nbsp;&nbsp;&nbsp;lowpower_set_system_voltage
</UL>
<BR>[Called By]<UL><LI><a href="#[91]">&gt;&gt;</a>&nbsp;&nbsp;&nbsp;POWER_SetVoltageForFreq
</UL>
<P>
<H3>
Undefined Global Symbols
</H3><HR></body></html>
