Component: ARM Compiler 6.13.1 Tool: armlink [5d895400]

==============================================================================

Section Cross References

    main.o(.ARM.exidx.text.MSR_MSP) refers to main.o(.text.MSR_MSP) for [Anonymous Symbol]
    main.o(.text.main) refers to clock_config.o(.text.BOARD_BootClockRUN) for BOARD_BootClockRUN
    main.o(.text.main) refers to pin_mux.o(.text.BOARD_InitPins) for BOARD_InitPins
    main.o(.text.main) refers to peripherals.o(.text.BOARD_InitPeripherals) for BOARD_InitPeripherals
    main.o(.text.main) refers to eventrecorder.o(.text.EventRecorderInitialize) for EventRecorderInitialize
    main.o(.text.main) refers to eventrecorder.o(.text.EventRecorderStart) for EventRecorderStart
    main.o(.text.main) refers to main.o(.bss..L_MergedGlobals) for .L_MergedGlobals
    main.o(.text.main) refers to fsl_iap.o(.text.FLASH_Init) for FLASH_Init
    main.o(.text.main) refers to fsl_iap.o(.text.FLASH_GetProperty) for FLASH_GetProperty
    main.o(.text.main) refers to memcpy.o(.text) for memcpy
    main.o(.text.main) refers to fsl_iap.o(.text.FLASH_Erase) for FLASH_Erase
    main.o(.text.main) refers to fsl_iap.o(.text.FLASH_Program) for FLASH_Program
    main.o(.text.main) refers to main.o(.bss.page_buf) for page_buf
    main.o(.text.main) refers to memseta.o(.text) for memset
    main.o(.text.main) refers to main.o(.bss.sector_buf) for sector_buf
    main.o(.text.main) refers to printfb.o(i.__0printf$bare) for __2printf
    main.o(.ARM.exidx.text.main) refers to main.o(.text.main) for [Anonymous Symbol]
    clock_config.o(.text.BOARD_InitBootClocks) refers to clock_config.o(.text.BOARD_BootClockRUN) for BOARD_BootClockRUN
    clock_config.o(.ARM.exidx.text.BOARD_InitBootClocks) refers to clock_config.o(.text.BOARD_InitBootClocks) for [Anonymous Symbol]
    clock_config.o(.text.BOARD_BootClockRUN) refers to fsl_clock.o(.text.CLOCK_SetupFROClocking) for CLOCK_SetupFROClocking
    clock_config.o(.text.BOARD_BootClockRUN) refers to fsl_clock.o(.text.CLOCK_AttachClk) for CLOCK_AttachClk
    clock_config.o(.text.BOARD_BootClockRUN) refers to fsl_clock.o(.text.CLOCK_SetupExtClocking) for CLOCK_SetupExtClocking
    clock_config.o(.text.BOARD_BootClockRUN) refers to fsl_power_lib.o(.text.POWER_SetVoltageForFreq) for POWER_SetVoltageForFreq
    clock_config.o(.text.BOARD_BootClockRUN) refers to fsl_clock.o(.text.CLOCK_SetFLASHAccessCyclesForFreq) for CLOCK_SetFLASHAccessCyclesForFreq
    clock_config.o(.text.BOARD_BootClockRUN) refers to clock_config.o(.rodata.cst32) for .L__const.BOARD_BootClockRUN.pll0Setup
    clock_config.o(.text.BOARD_BootClockRUN) refers to fsl_clock.o(.text.CLOCK_SetPLL0Freq) for CLOCK_SetPLL0Freq
    clock_config.o(.text.BOARD_BootClockRUN) refers to fsl_clock.o(.text.CLOCK_SetClkDiv) for CLOCK_SetClkDiv
    clock_config.o(.text.BOARD_BootClockRUN) refers to system_lpc55s69_cm33_core0.o(.data.SystemCoreClock) for SystemCoreClock
    clock_config.o(.ARM.exidx.text.BOARD_BootClockRUN) refers to clock_config.o(.text.BOARD_BootClockRUN) for [Anonymous Symbol]
    peripherals.o(.ARM.exidx.text.BOARD_InitPeripherals) refers to peripherals.o(.text.BOARD_InitPeripherals) for [Anonymous Symbol]
    peripherals.o(.ARM.exidx.text.BOARD_InitBootPeripherals) refers to peripherals.o(.text.BOARD_InitBootPeripherals) for [Anonymous Symbol]
    pin_mux.o(.ARM.exidx.text.BOARD_InitBootPins) refers to pin_mux.o(.text.BOARD_InitBootPins) for [Anonymous Symbol]
    pin_mux.o(.ARM.exidx.text.BOARD_InitPins) refers to pin_mux.o(.text.BOARD_InitPins) for [Anonymous Symbol]
    eventrecorder.o(.ARM.exidx.text.EventRecorderTimerSetup) refers to eventrecorder.o(.text.EventRecorderTimerSetup) for [Anonymous Symbol]
    eventrecorder.o(.text.EventRecorderTimerGetFreq) refers to system_lpc55s69_cm33_core0.o(.data.SystemCoreClock) for SystemCoreClock
    eventrecorder.o(.ARM.exidx.text.EventRecorderTimerGetFreq) refers to eventrecorder.o(.text.EventRecorderTimerGetFreq) for [Anonymous Symbol]
    eventrecorder.o(.ARM.exidx.text.EventRecorderTimerGetCount) refers to eventrecorder.o(.text.EventRecorderTimerGetCount) for [Anonymous Symbol]
    eventrecorder.o(.text.EventRecorderInitialize) refers to eventrecorder.o(.bss.noinit) for EventStatus
    eventrecorder.o(.text.EventRecorderInitialize) refers to memseta.o(.text) for memset
    eventrecorder.o(.text.EventRecorderInitialize) refers to eventrecorder.o(.rodata.EventRecorderInfo) for EventRecorderInfo
    eventrecorder.o(.text.EventRecorderInitialize) refers to eventrecorder.o(.text.EventRecorderTimerSetup) for EventRecorderTimerSetup
    eventrecorder.o(.text.EventRecorderInitialize) refers to eventrecorder.o(.text.EventRecorderEnable) for EventRecorderEnable
    eventrecorder.o(.text.EventRecorderInitialize) refers to eventrecorder.o(.text.EventRecorderTimerGetCount) for EventRecorderTimerGetCount
    eventrecorder.o(.text.EventRecorderInitialize) refers to eventrecorder.o(.text.EventRecordItem) for EventRecordItem
[...]
    printf0.o(i.__0printf$0) refers to stdout.o(.data) for __stdout
    printf0.o(i.__0snprintf$0) refers to printf0.o(i._printf_core) for _printf_core
    printf0.o(i.__0snprintf$0) refers to printf0.o(i._snputc) for _snputc
    printf0.o(i.__0sprintf$0) refers to printf0.o(i._printf_core) for _printf_core
    printf0.o(i.__0sprintf$0) refers to printf0.o(i._sputc) for _sputc
    printf0.o(i.__0vfprintf$0) refers to printf0.o(i._printf_core) for _printf_core
    printf0.o(i.__0vfprintf$0) refers to retarget_io.o(.text.fputc) for fputc
    printf0.o(i.__0vprintf$0) refers to printf0.o(i._printf_core) for _printf_core
    printf0.o(i.__0vprintf$0) refers to retarget_io.o(.text.fputc) for fputc
    printf0.o(i.__0vprintf$0) refers to stdout.o(.data) for __stdout
    printf0.o(i.__0vsnprintf$0) refers to printf0.o(i._printf_core) for _printf_core
    printf0.o(i.__0vsnprintf$0) refers to printf0.o(i._snputc) for _snputc
    printf0.o(i.__0vsprintf$0) refers to printf0.o(i._printf_core) for _printf_core
    printf0.o(i.__0vsprintf$0) refers to printf0.o(i._sputc) for _sputc
    printf1.o(i.__0fprintf$1) refers to printf1.o(i._printf_core) for _printf_core
    printf1.o(i.__0fprintf$1) refers to retarget_io.o(.text.fputc) for fputc
    printf1.o(i.__0printf$1) refers to printf1.o(i._printf_core) for _printf_core
    printf1.o(i.__0printf$1) refers to retarget_io.o(.text.fputc) for fputc
    printf1.o(i.__0printf$1) refers to stdout.o(.data) for __stdout
    printf1.o(i.__0snprintf$1) refers to printf1.o(i._printf_core) for _printf_core
    printf1.o(i.__0snprintf$1) refers to printf1.o(i._snputc) for _snputc
    printf1.o(i.__0sprintf$1) refers to printf1.o(i._printf_core) for _printf_core
    printf1.o(i.__0sprintf$1) refers to printf1.o(i._sputc) for _sputc
    printf1.o(i.__0vfprintf$1) refers to printf1.o(i._printf_core) for _printf_core
    printf1.o(i.__0vfprintf$1) refers to retarget_io.o(.text.fputc) for fputc
    printf1.o(i.__0vprintf$1) refers to printf1.o(i._printf_core) for _printf_core
    printf1.o(i.__0vprintf$1) refers to retarget_io.o(.text.fputc) for fputc
    printf1.o(i.__0vprintf$1) refers to stdout.o(.data) for __stdout
    printf1.o(i.__0vsnprintf$1) refers to printf1.o(i._printf_core) for _printf_core
    printf1.o(i.__0vsnprintf$1) refers to printf1.o(i._snputc) for _snputc
    printf1.o(i.__0vsprintf$1) refers to printf1.o(i._printf_core) for _printf_core
    printf1.o(i.__0vsprintf$1) refers to printf1.o(i._sputc) for _sputc
    printf1.o(i._printf_core) refers to uidiv.o(.text) for __aeabi_uidivmod
    printf2.o(i.__0fprintf$2) refers to printf2.o(i._printf_core) for _printf_core
    printf2.o(i.__0fprintf$2) refers to retarget_io.o(.text.fputc) for fputc
    printf2.o(i.__0printf$2) refers to printf2.o(i._printf_core) for _printf_core
    printf2.o(i.__0printf$2) refers to retarget_io.o(.text.fputc) for fputc
    printf2.o(i.__0printf$2) refers to stdout.o(.data) for __stdout
    printf2.o(i.__0snprintf$2) refers to printf2.o(i._printf_core) for _printf_core
    printf2.o(i.__0snprintf$2) refers to printf2.o(i._snputc) for _snputc
    printf2.o(i.__0sprintf$2) refers to printf2.o(i._printf_core) for _printf_core
    printf2.o(i.__0sprintf$2) refers to printf2.o(i._sputc) for _sputc
    printf2.o(i.__0vfprintf$2) refers to printf2.o(i._printf_core) for _printf_core
    printf2.o(i.__0vfprintf$2) refers to retarget_io.o(.text.fputc) for fputc
    printf2.o(i.__0vprintf$2) refers to printf2.o(i._printf_core) for _printf_core
    printf2.o(i.__0vprintf$2) refers to retarget_io.o(.text.fputc) for fputc
    printf2.o(i.__0vprintf$2) refers to stdout.o(.data) for __stdout
    printf2.o(i.__0vsnprintf$2) refers to printf2.o(i._printf_core) for _printf_core
    printf2.o(i.__0vsnprintf$2) refers to printf2.o(i._snputc) for _snputc
    printf2.o(i.__0vsprintf$2) refers to printf2.o(i._printf_core) for _printf_core
    printf2.o(i.__0vsprintf$2) refers to printf2.o(i._sputc) for _sputc
    printf3.o(i.__0fprintf$3) refers to printf3.o(i._printf_core) for _printf_core
    printf3.o(i.__0fprintf$3) refers to retarget_io.o(.text.fputc) for fputc
    printf3.o(i.__0printf$3) refers to printf3.o(i._printf_core) for _printf_core
    printf3.o(i.__0printf$3) refers to retarget_io.o(.text.fputc) for fputc
    printf3.o(i.__0printf$3) refers to stdout.o(.data) for __stdout
    printf3.o(i.__0snprintf$3) refers to printf3.o(i._printf_core) for _printf_core
    printf3.o(i.__0snprintf$3) refers to printf3.o(i._snputc) for _snputc
    printf3.o(i.__0sprintf$3) refers to printf3.o(i._printf_core) for _printf_core
    printf3.o(i.__0sprintf$3) refers to printf3.o(i._sputc) for _sputc
    printf3.o(i.__0vfprintf$3) refers to printf3.o(i._printf_core) for _printf_core
    printf3.o(i.__0vfprintf$3) refers to retarget_io.o(.text.fputc) for fputc
    printf3.o(i.__0vprintf$3) refers to printf3.o(i._printf_core) for _printf_core
    printf3.o(i.__0vprintf$3) refers to retarget_io.o(.text.fputc) for fputc
    printf3.o(i.__0vprintf$3) refers to stdout.o(.data) for __stdout
    printf3.o(i.__0vsnprintf$3) refers to printf3.o(i._printf_core) for _printf_core
    printf3.o(i.__0vsnprintf$3) refers to printf3.o(i._snputc) for _snputc
    printf3.o(i.__0vsprintf$3) refers to printf3.o(i._printf_core) for _printf_core
    printf3.o(i.__0vsprintf$3) refers to printf3.o(i._sputc) for _sputc
    printf3.o(i._printf_core) refers to uidiv.o(.text) for __aeabi_uidivmod
    printf4.o(i.__0fprintf$4) refers to printf4.o(i._printf_core) for _printf_core
    printf4.o(i.__0fprintf$4) refers to retarget_io.o(.text.fputc) for fputc
    printf4.o(i.__0printf$4) refers to printf4.o(i._printf_core) for _printf_core
    printf4.o(i.__0printf$4) refers to retarget_io.o(.text.fputc) for fputc
    printf4.o(i.__0printf$4) refers to stdout.o(.data) for __stdout
    printf4.o(i.__0snprintf$4) refers to printf4.o(i._printf_core) for _printf_core
    printf4.o(i.__0snprintf$4) refers to printf4.o(i._snputc) for _snputc
    printf4.o(i.__0sprintf$4) refers to printf4.o(i._printf_core) for _printf_core
    printf4.o(i.__0sprintf$4) refers to printf4.o(i._sputc) for _sputc
    printf4.o(i.__0vfprintf$4) refers to printf4.o(i._printf_core) for _printf_core
    printf4.o(i.__0vfprintf$4) refers to retarget_io.o(.text.fputc) for fputc
    printf4.o(i.__0vprintf$4) refers to printf4.o(i._printf_core) for _printf_core
    printf4.o(i.__0vprintf$4) refers to retarget_io.o(.text.fputc) for fputc
    printf4.o(i.__0vprintf$4) refers to stdout.o(.data) for __stdout
    printf4.o(i.__0vsnprintf$4) refers to printf4.o(i._printf_core) for _printf_core
    printf4.o(i.__0vsnprintf$4) refers to printf4.o(i._snputc) for _snputc
    printf4.o(i.__0vsprintf$4) refers to printf4.o(i._printf_core) for _printf_core
    printf4.o(i.__0vsprintf$4) refers to printf4.o(i._sputc) for _sputc
    printf4.o(i._printf_core) refers to uldiv.o(.text) for __aeabi_uldivmod
    printf5.o(i.__0fprintf$5) refers to printf5.o(i._printf_core) for _printf_core
    printf5.o(i.__0fprintf$5) refers to retarget_io.o(.text.fputc) for fputc
    printf5.o(i.__0printf$5) refers to printf5.o(i._printf_core) for _printf_core
    printf5.o(i.__0printf$5) refers to retarget_io.o(.text.fputc) for fputc
    printf5.o(i.__0printf$5) refers to stdout.o(.data) for __stdout
    printf5.o(i.__0snprintf$5) refers to printf5.o(i._printf_core) for _printf_core
    printf5.o(i.__0snprintf$5) refers to printf5.o(i._snputc) for _snputc
    printf5.o(i.__0sprintf$5) refers to printf5.o(i._printf_core) for _printf_core
    printf5.o(i.__0sprintf$5) refers to printf5.o(i._sputc) for _sputc
    printf5.o(i.__0vfprintf$5) refers to printf5.o(i._printf_core) for _printf_core
    printf5.o(i.__0vfprintf$5) refers to retarget_io.o(.text.fputc) for fputc
    printf5.o(i.__0vprintf$5) refers to printf5.o(i._printf_core) for _printf_core
    printf5.o(i.__0vprintf$5) refers to retarget_io.o(.text.fputc) for fputc
    printf5.o(i.__0vprintf$5) refers to stdout.o(.data) for __stdout
    printf5.o(i.__0vsnprintf$5) refers to printf5.o(i._printf_core) for _printf_core
    printf5.o(i.__0vsnprintf$5) refers to printf5.o(i._snputc) for _snputc
    printf5.o(i.__0vsprintf$5) refers to printf5.o(i._printf_core) for _printf_core
    printf5.o(i.__0vsprintf$5) refers to printf5.o(i._sputc) for _sputc
    printf5.o(i._printf_core) refers to uldiv.o(.text) for __aeabi_uldivmod
    printf6.o(i.__0fprintf$6) refers to printf6.o(i._printf_core) for _printf_core
    printf6.o(i.__0fprintf$6) refers to retarget_io.o(.text.fputc) for fputc
    printf6.o(i.__0printf$6) refers to printf6.o(i._printf_core) for _printf_core
    printf6.o(i.__0printf$6) refers to retarget_io.o(.text.fputc) for fputc
    printf6.o(i.__0printf$6) refers to stdout.o(.data) for __stdout
    printf6.o(i.__0snprintf$6) refers to printf6.o(i._printf_core) for _printf_core
    printf6.o(i.__0snprintf$6) refers to printf6.o(i._snputc) for _snputc
    printf6.o(i.__0sprintf$6) refers to printf6.o(i._printf_core) for _printf_core
    printf6.o(i.__0sprintf$6) refers to printf6.o(i._sputc) for _sputc
    printf6.o(i.__0vfprintf$6) refers to printf6.o(i._printf_core) for _printf_core
    printf6.o(i.__0vfprintf$6) refers to retarget_io.o(.text.fputc) for fputc
    printf6.o(i.__0vprintf$6) refers to printf6.o(i._printf_core) for _printf_core
    printf6.o(i.__0vprintf$6) refers to retarget_io.o(.text.fputc) for fputc
    printf6.o(i.__0vprintf$6) refers to stdout.o(.data) for __stdout
    printf6.o(i.__0vsnprintf$6) refers to printf6.o(i._printf_core) for _printf_core
    printf6.o(i.__0vsnprintf$6) refers to printf6.o(i._snputc) for _snputc
    printf6.o(i.__0vsprintf$6) refers to printf6.o(i._printf_core) for _printf_core
    printf6.o(i.__0vsprintf$6) refers to printf6.o(i._sputc) for _sputc
    printf6.o(i._printf_core) refers to printf6.o(i._printf_pre_padding) for _printf_pre_padding
    printf6.o(i._printf_core) refers to uidiv.o(.text) for __aeabi_uidivmod
    printf6.o(i._printf_core) refers to printf6.o(i._printf_post_padding) for _printf_post_padding
    printf7.o(i.__0fprintf$7) refers to printf7.o(i._printf_core) for _printf_core
    printf7.o(i.__0fprintf$7) refers to retarget_io.o(.text.fputc) for fputc
    printf7.o(i.__0printf$7) refers to printf7.o(i._printf_core) for _printf_core
    printf7.o(i.__0printf$7) refers to retarget_io.o(.text.fputc) for fputc
    printf7.o(i.__0printf$7) refers to stdout.o(.data) for __stdout
    printf7.o(i.__0snprintf$7) refers to printf7.o(i._printf_core) for _printf_core
    printf7.o(i.__0snprintf$7) refers to printf7.o(i._snputc) for _snputc
    printf7.o(i.__0sprintf$7) refers to printf7.o(i._printf_core) for _printf_core
    printf7.o(i.__0sprintf$7) refers to printf7.o(i._sputc) for _sputc
    printf7.o(i.__0vfprintf$7) refers to printf7.o(i._printf_core) for _printf_core
    printf7.o(i.__0vfprintf$7) refers to retarget_io.o(.text.fputc) for fputc
    printf7.o(i.__0vprintf$7) refers to printf7.o(i._printf_core) for _printf_core
    printf7.o(i.__0vprintf$7) refers to retarget_io.o(.text.fputc) for fputc
    printf7.o(i.__0vprintf$7) refers to stdout.o(.data) for __stdout
    printf7.o(i.__0vsnprintf$7) refers to printf7.o(i._printf_core) for _printf_core
    printf7.o(i.__0vsnprintf$7) refers to printf7.o(i._snputc) for _snputc
    printf7.o(i.__0vsprintf$7) refers to printf7.o(i._printf_core) for _printf_core
    printf7.o(i.__0vsprintf$7) refers to printf7.o(i._sputc) for _sputc
    printf7.o(i._printf_core) refers to printf7.o(i._printf_pre_padding) for _printf_pre_padding
    printf7.o(i._printf_core) refers to uldiv.o(.text) for __aeabi_uldivmod
    printf7.o(i._printf_core) refers to printf7.o(i._printf_post_padding) for _printf_post_padding
    printf8.o(i.__0fprintf$8) refers to printf8.o(i._printf_core) for _printf_core
    printf8.o(i.__0fprintf$8) refers to retarget_io.o(.text.fputc) for fputc
    printf8.o(i.__0printf$8) refers to printf8.o(i._printf_core) for _printf_core
    printf8.o(i.__0printf$8) refers to retarget_io.o(.text.fputc) for fputc
    printf8.o(i.__0printf$8) refers to stdout.o(.data) for __stdout
    printf8.o(i.__0snprintf$8) refers to printf8.o(i._printf_core) for _printf_core
    printf8.o(i.__0snprintf$8) refers to printf8.o(i._snputc) for _snputc
    printf8.o(i.__0sprintf$8) refers to printf8.o(i._printf_core) for _printf_core
    printf8.o(i.__0sprintf$8) refers to printf8.o(i._sputc) for _sputc
    printf8.o(i.__0vfprintf$8) refers to printf8.o(i._printf_core) for _printf_core
    printf8.o(i.__0vfprintf$8) refers to retarget_io.o(.text.fputc) for fputc
    printf8.o(i.__0vprintf$8) refers to printf8.o(i._printf_core) for _printf_core
    printf8.o(i.__0vprintf$8) refers to retarget_io.o(.text.fputc) for fputc
    printf8.o(i.__0vprintf$8) refers to stdout.o(.data) for __stdout
    printf8.o(i.__0vsnprintf$8) refers to printf8.o(i._printf_core) for _printf_core
    printf8.o(i.__0vsnprintf$8) refers to printf8.o(i._snputc) for _snputc
    printf8.o(i.__0vsprintf$8) refers to printf8.o(i._printf_core) for _printf_core
    printf8.o(i.__0vsprintf$8) refers to printf8.o(i._sputc) for _sputc
    printf8.o(i._printf_core) refers to printf8.o(i._printf_pre_padding) for _printf_pre_padding
    printf8.o(i._printf_core) refers to uldiv.o(.text) for __aeabi_uldivmod
    printf8.o(i._printf_core) refers to printf8.o(i._printf_post_padding) for _printf_post_padding
    printfa.o(i.__0fprintf) refers (Special) to iusefp.o(.text) for __I$use$fp
    printfa.o(i.__0fprintf) refers to printfa.o(i._printf_core) for _printf_core
    printfa.o(i.__0fprintf) refers to retarget_io.o(.text.fputc) for fputc
    printfa.o(i.__0printf) refers (Special) to iusefp.o(.text) for __I$use$fp
    printfa.o(i.__0printf) refers to printfa.o(i._printf_core) for _printf_core
    printfa.o(i.__0printf) refers to retarget_io.o(.text.fputc) for fputc
    printfa.o(i.__0printf) refers to stdout.o(.data) for __stdout
    printfa.o(i.__0snprintf) refers (Special) to iusefp.o(.text) for __I$use$fp
    printfa.o(i.__0snprintf) refers to printfa.o(i._printf_core) for _printf_core
    printfa.o(i.__0snprintf) refers to printfa.o(i._snputc) for _snputc
    printfa.o(i.__0sprintf) refers (Special) to iusefp.o(.text) for __I$use$fp
    printfa.o(i.__0sprintf) refers to printfa.o(i._printf_core) for _printf_core
    printfa.o(i.__0sprintf) refers to printfa.o(i._sputc) for _sputc
    printfa.o(i.__0vfprintf) refers (Special) to iusefp.o(.text) for __I$use$fp
    printfa.o(i.__0vfprintf) refers to printfa.o(i._printf_core) for _printf_core
    printfa.o(i.__0vfprintf) refers to retarget_io.o(.text.fputc) for fputc
    printfa.o(i.__0vprintf) refers (Special) to iusefp.o(.text) for __I$use$fp
    printfa.o(i.__0vprintf) refers to printfa.o(i._printf_core) for _printf_core
    printfa.o(i.__0vprintf) refers to retarget_io.o(.text.fputc) for fputc
    printfa.o(i.__0vprintf) refers to stdout.o(.data) for __stdout
    printfa.o(i.__0vsnprintf) refers (Special) to iusefp.o(.text) for __I$use$fp
    printfa.o(i.__0vsnprintf) refers to printfa.o(i._printf_core) for _printf_core
    printfa.o(i.__0vsnprintf) refers to printfa.o(i._snputc) for _snputc
    printfa.o(i.__0vsprintf) refers (Special) to iusefp.o(.text) for __I$use$fp
    printfa.o(i.__0vsprintf) refers to printfa.o(i._printf_core) for _printf_core
    printfa.o(i.__0vsprintf) refers to printfa.o(i._sputc) for _sputc
    printfa.o(i._fp_digits) refers (Special) to iusefp.o(.text) for __I$use$fp
    printfa.o(i._fp_digits) refers to dmul.o(.text) for __aeabi_dmul
    printfa.o(i._fp_digits) refers to ddiv.o(.text) for __aeabi_ddiv
    printfa.o(i._fp_digits) refers to cdrcmple.o(.text) for __aeabi_cdrcmple
    printfa.o(i._fp_digits) refers to dadd.o(.text) for __aeabi_dadd
    printfa.o(i._fp_digits) refers to dfixul.o(.text) for __aeabi_d2ulz
    printfa.o(i._fp_digits) refers to uldiv.o(.text) for __aeabi_uldivmod
    printfa.o(i._printf_core) refers (Special) to iusefp.o(.text) for __I$use$fp
    printfa.o(i._printf_core) refers to printfa.o(i._printf_pre_padding) for _printf_pre_padding
    printfa.o(i._printf_core) refers to uldiv.o(.text) for __aeabi_uldivmod
    printfa.o(i._printf_core) refers to printfa.o(i._printf_post_padding) for _printf_post_padding
    printfa.o(i._printf_core) refers to printfa.o(i._fp_digits) for _fp_digits
    printfa.o(i._printf_core) refers to uidiv.o(.text) for __aeabi_uidivmod
    printfa.o(i._printf_post_padding) refers (Special) to iusefp.o(.text) for __I$use$fp
    printfa.o(i._printf_pre_padding) refers (Special) to iusefp.o(.text) for __I$use$fp
    printfa.o(i._snputc) refers (Special) to iusefp.o(.text) for __I$use$fp
    printfa.o(i._sputc) refers (Special) to iusefp.o(.text) for __I$use$fp
    malloc2.o(i.__free$2region) refers to mvars.o(.data) for __microlib_freelist
    malloc2.o(i.__malloc$2region) refers to mvars.o(.data) for __microlib_freelist_initialised
    malloc2.o(i.__malloc$2region) refers to mvars.o(.data) for __microlib_freelist
    mallocr2.o(i.__free$realloc$2region) refers to mvars.o(.data) for __microlib_freelist
    mallocr2.o(i.__malloc$realloc$2region) refers to mallocr2.o(i.internal_alloc) for internal_alloc
    mallocr2.o(i.__malloc$realloc$2region) refers to mvars.o(.data) for __microlib_freelist_initialised
    mallocr2.o(i.__malloc$realloc$2region) refers to mvars.o(.data) for __microlib_freelist
    mallocr2.o(i.__realloc$2region) refers to mallocr2.o(i.__free$realloc$2region) for __free$realloc$2region
    mallocr2.o(i.__realloc$2region) refers to mallocr2.o(i.internal_alloc) for internal_alloc
    mallocr2.o(i.__realloc$2region) refers to mallocr2.o(i.__malloc$realloc$2region) for __malloc$realloc$2region
    mallocr2.o(i.__realloc$2region) refers to mvars.o(.data) for __microlib_freelist
    mallocr2.o(i.internal_alloc) refers to memcpy.o(.text) for __aeabi_memcpy
    mallocr2.o(i.internal_alloc) refers to mvars.o(.data) for __microlib_freelist
    malloca2.o(i.__aligned_malloc$2region) refers to mvars.o(.data) for __microlib_freelist_initialised
    malloca2.o(i.__aligned_malloc$2region) refers to mvars.o(.data) for __microlib_freelist
    malloca2.o(i.__free$memalign$2region) refers to mvars.o(.data) for __microlib_freelist
    malloca2.o(i.__malloc$memalign$2region) refers to malloca2.o(i.__aligned_malloc$2region) for __aligned_malloc$2region
    mallocra2.o(i.__aligned_malloc$realloc$2region) refers to mallocra2.o(i.internal_alloc) for internal_alloc
    mallocra2.o(i.__aligned_malloc$realloc$2region) refers to mvars.o(.data) for __microlib_freelist_initialised
    mallocra2.o(i.__aligned_malloc$realloc$2region) refers to mvars.o(.data) for __microlib_freelist
    mallocra2.o(i.__free$realloc$memalign$2region) refers to mvars.o(.data) for __microlib_freelist
    mallocra2.o(i.__malloc$realloc$memalign$2region) refers to mallocra2.o(i.__aligned_malloc$realloc$2region) for __aligned_malloc$realloc$2region
    mallocra2.o(i.__realloc$memalign$2region) refers to mallocra2.o(i.__free$realloc$memalign$2region) for __free$realloc$memalign$2region
    mallocra2.o(i.__realloc$memalign$2region) refers to mallocra2.o(i.internal_alloc) for internal_alloc
    mallocra2.o(i.__realloc$memalign$2region) refers to mallocra2.o(i.__malloc$realloc$memalign$2region) for __malloc$realloc$memalign$2region
    mallocra2.o(i.__realloc$memalign$2region) refers to mvars.o(.data) for __microlib_freelist
    mallocra2.o(i.internal_alloc) refers to memcpy.o(.text) for __aeabi_memcpy
    mallocra2.o(i.internal_alloc) refers to mvars.o(.data) for __microlib_freelist
    entry4.o(.ARM.Collect$$$$00000003) refers to entry4.o(.ARM.Collect$$$$00002714) for __lit__00000000
    entry4.o(__vectab_stack_and_reset_area) refers to entry.o(.ARM.Collect$$$$00000000) for __main
    entry5.o(.ARM.Collect$$$$00000004) refers to init.o(.text) for __scatterload
    entry9a.o(.ARM.Collect$$$$0000000B) refers to main.o(.text.main) for main
    entry9b.o(.ARM.Collect$$$$0000000C) refers to main.o(.text.main) for main
    dadd.o(.text) refers (Special) to iusefp.o(.text) for __I$use$fp
    dadd.o(.text) refers to llshl.o(.text) for __aeabi_llsl
    dadd.o(.text) refers to llsshr.o(.text) for __aeabi_lasr
    dadd.o(.text) refers to depilogue.o(.text) for _double_epilogue
    dmul.o(.text) refers (Special) to iusefp.o(.text) for __I$use$fp
    dmul.o(.text) refers to depilogue.o(.text) for _double_epilogue
    ddiv.o(.text) refers (Special) to iusefp.o(.text) for __I$use$fp
    ddiv.o(.text) refers to depilogue.o(.text) for _double_round
    dfixul.o(.text) refers (Special) to iusefp.o(.text) for __I$use$fp
    dfixul.o(.text) refers to llushr.o(.text) for __aeabi_llsr
    dfixul.o(.text) refers to llshl.o(.text) for __aeabi_llsl
    cdrcmple.o(.text) refers (Special) to iusefp.o(.text) for __I$use$fp
    init.o(.text) refers to entry5.o(.ARM.Collect$$$$00000004) for __main_after_scatterload
    depilogue.o(.text) refers (Special) to iusefp.o(.text) for __I$use$fp
    depilogue.o(.text) refers to llshl.o(.text) for __aeabi_llsl
    depilogue.o(.text) refers to llushr.o(.text) for __aeabi_llsr


==============================================================================

Removing Unused input sections from the image.

    Removing main.o(.text), (0 bytes).
    Removing main.o(.text.MSR_MSP), (8 bytes).
    Removing main.o(.ARM.exidx.text.MSR_MSP), (8 bytes).
    Removing main.o(.ARM.exidx.text.main), (8 bytes).
    Removing main.o(.ARM.use_no_argv), (4 bytes).
    Removing clock_config.o(.text), (0 bytes).
    Removing clock_config.o(.text.BOARD_InitBootClocks), (4 bytes).
    Removing clock_config.o(.ARM.exidx.text.BOARD_InitBootClocks), (8 bytes).
    Removing clock_config.o(.ARM.exidx.text.BOARD_BootClockRUN), (8 bytes).
    Removing peripherals.o(.text), (0 bytes).
    Removing peripherals.o(.ARM.exidx.text.BOARD_InitPeripherals), (8 bytes).
    Removing peripherals.o(.text.BOARD_InitBootPeripherals), (2 bytes).
    Removing peripherals.o(.ARM.exidx.text.BOARD_InitBootPeripherals), (8 bytes).
    Removing pin_mux.o(.text), (0 bytes).
    Removing pin_mux.o(.text.BOARD_InitBootPins), (52 bytes).
    Removing pin_mux.o(.ARM.exidx.text.BOARD_InitBootPins), (8 bytes).
    Removing pin_mux.o(.ARM.exidx.text.BOARD_InitPins), (8 bytes).
    Removing eventrecorder.o(.text), (0 bytes).
    Removing eventrecorder.o(.ARM.exidx.text.EventRecorderTimerSetup), (8 bytes).
    Removing eventrecorder.o(.text.EventRecorderTimerGetFreq), (12 bytes).
    Removing eventrecorder.o(.ARM.exidx.text.EventRecorderTimerGetFreq), (8 bytes).
    Removing eventrecorder.o(.ARM.exidx.text.EventRecorderTimerGetCount), (8 bytes).
    Removing eventrecorder.o(.ARM.exidx.text.EventRecorderInitialize), (8 bytes).
    Removing eventrecorder.o(.ARM.exidx.text.EventRecorderEnable), (8 bytes).
    Removing eventrecorder.o(.ARM.exidx.text.EventRecordItem), (8 bytes).
    Removing eventrecorder.o(.ARM.exidx.text.EventRecorderStart), (8 bytes).
    Removing eventrecorder.o(.text.EventRecorderDisable), (196 bytes).
    Removing eventrecorder.o(.ARM.exidx.text.EventRecorderDisable), (8 bytes).
    Removing eventrecorder.o(.text.EventRecorderStop), (90 bytes).
    Removing eventrecorder.o(.ARM.exidx.text.EventRecorderStop), (8 bytes).
    Removing eventrecorder.o(.text.EventRecorderClockUpdate), (86 bytes).
    Removing eventrecorder.o(.ARM.exidx.text.EventRecorderClockUpdate), (8 bytes).
    Removing eventrecorder.o(.ARM.exidx.text.EventRecordData), (8 bytes).
    Removing eventrecorder.o(.text.EventRecord2), (144 bytes).
    Removing eventrecorder.o(.ARM.exidx.text.EventRecord2), (8 bytes).
    Removing eventrecorder.o(.text.EventRecord4), (210 bytes).
    Removing eventrecorder.o(.ARM.exidx.text.EventRecord4), (8 bytes).
    Removing retarget_io.o(.text), (0 bytes).
    Removing retarget_io.o(.ARM.exidx.text.fputc), (8 bytes).
    Removing retarget_io.o(.text.fgetc), (6 bytes).
    Removing retarget_io.o(.ARM.exidx.text.fgetc), (8 bytes).
    Removing retarget_io.o(.text.__backspace), (6 bytes).
    Removing retarget_io.o(.ARM.exidx.text.__backspace), (8 bytes).
    Removing retarget_io.o(.ARM.exidx.text.__aeabi_assert), (8 bytes).
    Removing retarget_io.o(.ARM.exidx.text.abort), (8 bytes).
    Removing fsl_clock.o(.text), (0 bytes).
    Removing fsl_clock.o(.ARM.exidx.text.CLOCK_AttachClk), (8 bytes).
    Removing fsl_clock.o(.text.CLOCK_GetClockAttachId), (116 bytes).
    Removing fsl_clock.o(.ARM.exidx.text.CLOCK_GetClockAttachId), (8 bytes).
    Removing fsl_clock.o(.ARM.exidx.text.CLOCK_SetClkDiv), (8 bytes).
    Removing fsl_clock.o(.text.CLOCK_SetRtc1khzClkDiv), (26 bytes).
    Removing fsl_clock.o(.ARM.exidx.text.CLOCK_SetRtc1khzClkDiv), (8 bytes).
    Removing fsl_clock.o(.text.CLOCK_SetRtc1hzClkDiv), (40 bytes).
    Removing fsl_clock.o(.ARM.exidx.text.CLOCK_SetRtc1hzClkDiv), (8 bytes).
    Removing fsl_clock.o(.ARM.exidx.text.CLOCK_SetupFROClocking), (8 bytes).
    Removing fsl_clock.o(.ARM.exidx.text.CLOCK_SetFLASHAccessCyclesForFreq), (8 bytes).
    Removing fsl_clock.o(.ARM.exidx.text.CLOCK_SetupExtClocking), (8 bytes).
    Removing fsl_clock.o(.text.CLOCK_SetupI2SMClkClocking), (16 bytes).
    Removing fsl_clock.o(.ARM.exidx.text.CLOCK_SetupI2SMClkClocking), (8 bytes).
    Removing fsl_clock.o(.text.CLOCK_SetupPLUClkInClocking), (16 bytes).
    Removing fsl_clock.o(.ARM.exidx.text.CLOCK_SetupPLUClkInClocking), (8 bytes).
    Removing fsl_clock.o(.text.CLOCK_GetClockOutClkFreq), (396 bytes).
    Removing fsl_clock.o(.ARM.exidx.text.CLOCK_GetClockOutClkFreq), (8 bytes).
    Removing fsl_clock.o(.text.CLOCK_GetCoreSysClkFreq), (204 bytes).
    Removing fsl_clock.o(.ARM.exidx.text.CLOCK_GetCoreSysClkFreq), (8 bytes).
    Removing fsl_clock.o(.text.CLOCK_GetPll0OutFreq), (12 bytes).
    Removing fsl_clock.o(.ARM.exidx.text.CLOCK_GetPll0OutFreq), (8 bytes).
    Removing fsl_clock.o(.text.CLOCK_GetExtClkFreq), (28 bytes).
    Removing fsl_clock.o(.ARM.exidx.text.CLOCK_GetExtClkFreq), (8 bytes).
    Removing fsl_clock.o(.text.CLOCK_GetFroHfFreq), (26 bytes).
    Removing fsl_clock.o(.ARM.exidx.text.CLOCK_GetFroHfFreq), (8 bytes).
    Removing fsl_clock.o(.text.CLOCK_GetFro1MFreq), (26 bytes).
    Removing fsl_clock.o(.ARM.exidx.text.CLOCK_GetFro1MFreq), (8 bytes).
    Removing fsl_clock.o(.text.CLOCK_GetPll1OutFreq), (4 bytes).
    Removing fsl_clock.o(.ARM.exidx.text.CLOCK_GetPll1OutFreq), (8 bytes).
    Removing fsl_clock.o(.text.CLOCK_GetOsc32KFreq), (40 bytes).
    Removing fsl_clock.o(.ARM.exidx.text.CLOCK_GetOsc32KFreq), (8 bytes).
    Removing fsl_clock.o(.text.CLOCK_GetAdcClkFreq), (302 bytes).
    Removing fsl_clock.o(.ARM.exidx.text.CLOCK_GetAdcClkFreq), (8 bytes).
    Removing fsl_clock.o(.text.CLOCK_GetUsb0ClkFreq), (302 bytes).
    Removing fsl_clock.o(.ARM.exidx.text.CLOCK_GetUsb0ClkFreq), (8 bytes).
    Removing fsl_clock.o(.text.CLOCK_GetUsb1ClkFreq), (28 bytes).
    Removing fsl_clock.o(.ARM.exidx.text.CLOCK_GetUsb1ClkFreq), (8 bytes).
    Removing fsl_clock.o(.text.CLOCK_GetMclkClkFreq), (100 bytes).
    Removing fsl_clock.o(.ARM.exidx.text.CLOCK_GetMclkClkFreq), (8 bytes).
    Removing fsl_clock.o(.text.CLOCK_GetSctClkFreq), (346 bytes).
    Removing fsl_clock.o(.ARM.exidx.text.CLOCK_GetSctClkFreq), (8 bytes).
    Removing fsl_clock.o(.text.CLOCK_GetI2SMClkFreq), (12 bytes).
    Removing fsl_clock.o(.ARM.exidx.text.CLOCK_GetI2SMClkFreq), (8 bytes).
    Removing fsl_clock.o(.text.CLOCK_GetSdioClkFreq), (302 bytes).
    Removing fsl_clock.o(.ARM.exidx.text.CLOCK_GetSdioClkFreq), (8 bytes).
    Removing fsl_clock.o(.text.CLOCK_GetFro12MFreq), (26 bytes).
    Removing fsl_clock.o(.ARM.exidx.text.CLOCK_GetFro12MFreq), (8 bytes).
    Removing fsl_clock.o(.text.CLOCK_GetWdtClkFreq), (46 bytes).
    Removing fsl_clock.o(.ARM.exidx.text.CLOCK_GetWdtClkFreq), (8 bytes).
    Removing fsl_clock.o(.text.CLOCK_GetPLUClkInFreq), (12 bytes).
    Removing fsl_clock.o(.ARM.exidx.text.CLOCK_GetPLUClkInFreq), (8 bytes).
    Removing fsl_clock.o(.text.CLOCK_GetFlexCommInputClock), (360 bytes).
    Removing fsl_clock.o(.ARM.exidx.text.CLOCK_GetFlexCommInputClock), (8 bytes).
    Removing fsl_clock.o(.text.CLOCK_GetFlexCommClkFreq), (46 bytes).
    Removing fsl_clock.o(.ARM.exidx.text.CLOCK_GetFlexCommClkFreq), (8 bytes).
    Removing fsl_clock.o(.text.CLOCK_GetHsLspiClkFreq), (344 bytes).
    Removing fsl_clock.o(.ARM.exidx.text.CLOCK_GetHsLspiClkFreq), (8 bytes).
    Removing fsl_clock.o(.text.CLOCK_GetCTimerClkFreq), (330 bytes).
    Removing fsl_clock.o(.ARM.exidx.text.CLOCK_GetCTimerClkFreq), (8 bytes).
    Removing fsl_clock.o(.text.CLOCK_GetSystickClkFreq), (306 bytes).
    Removing fsl_clock.o(.ARM.exidx.text.CLOCK_GetSystickClkFreq), (8 bytes).
    Removing fsl_clock.o(.text.CLOCK_SetFlexCommClock), (118 bytes).
    Removing fsl_clock.o(.ARM.exidx.text.CLOCK_SetFlexCommClock), (8 bytes).
    Removing fsl_clock.o(.text.CLOCK_GetFreq), (576 bytes).
    Removing fsl_clock.o(.ARM.exidx.text.CLOCK_GetFreq), (8 bytes).
    Removing fsl_clock.o(.text.CLOCK_GetPLL0InClockRate), (126 bytes).
    Removing fsl_clock.o(.ARM.exidx.text.CLOCK_GetPLL0InClockRate), (8 bytes).
    Removing fsl_clock.o(.text.CLOCK_GetPLL1InClockRate), (132 bytes).
    Removing fsl_clock.o(.ARM.exidx.text.CLOCK_GetPLL1InClockRate), (8 bytes).
    Removing fsl_clock.o(.text.CLOCK_GetPLL0OutFromSetup), (380 bytes).
    Removing fsl_clock.o(.ARM.exidx.text.CLOCK_GetPLL0OutFromSetup), (8 bytes).
    Removing fsl_clock.o(.text.CLOCK_SetStoredPLL0ClockRate), (12 bytes).
    Removing fsl_clock.o(.ARM.exidx.text.CLOCK_SetStoredPLL0ClockRate), (8 bytes).
    Removing fsl_clock.o(.text.CLOCK_GetPLL0OutClockRate), (50 bytes).
    Removing fsl_clock.o(.ARM.exidx.text.CLOCK_GetPLL0OutClockRate), (8 bytes).
    Removing fsl_clock.o(.text.CLOCK_SetupPLL0Data), (950 bytes).
    Removing fsl_clock.o(.ARM.exidx.text.CLOCK_SetupPLL0Data), (8 bytes).
    Removing fsl_clock.o(.text.CLOCK_SetupPLL0Prec), (384 bytes).
    Removing fsl_clock.o(.ARM.exidx.text.CLOCK_SetupPLL0Prec), (8 bytes).
    Removing fsl_clock.o(.ARM.exidx.text.CLOCK_SetPLL0Freq), (8 bytes).
    Removing fsl_clock.o(.text.CLOCK_SetPLL1Freq), (342 bytes).
    Removing fsl_clock.o(.ARM.exidx.text.CLOCK_SetPLL1Freq), (8 bytes).
    Removing fsl_clock.o(.text.CLOCK_SetupPLL0Mult), (190 bytes).
    Removing fsl_clock.o(.ARM.exidx.text.CLOCK_SetupPLL0Mult), (8 bytes).
    Removing fsl_clock.o(.text.CLOCK_EnableUsbfs0DeviceClock), (246 bytes).
    Removing fsl_clock.o(.ARM.exidx.text.CLOCK_EnableUsbfs0DeviceClock), (8 bytes).
    Removing fsl_clock.o(.text.CLOCK_EnableUsbfs0HostClock), (302 bytes).
    Removing fsl_clock.o(.ARM.exidx.text.CLOCK_EnableUsbfs0HostClock), (8 bytes).
    Removing fsl_clock.o(.text.CLOCK_EnableUsbhs0PhyPllClock), (160 bytes).
    Removing fsl_clock.o(.ARM.exidx.text.CLOCK_EnableUsbhs0PhyPllClock), (8 bytes).
    Removing fsl_clock.o(.text.CLOCK_EnableUsbhs0DeviceClock), (48 bytes).
    Removing fsl_clock.o(.ARM.exidx.text.CLOCK_EnableUsbhs0DeviceClock), (8 bytes).
    Removing fsl_clock.o(.text.CLOCK_EnableUsbhs0HostClock), (48 bytes).
    Removing fsl_clock.o(.ARM.exidx.text.CLOCK_EnableUsbhs0HostClock), (8 bytes).
    Removing fsl_clock.o(.bss.s_PLU_ClkIn_Freq), (4 bytes).
    Removing fsl_clock.o(.rodata.str1.1), (90 bytes).
    Removing fsl_clock.o(.rodata.cst32), (32 bytes).
    Removing fsl_common.o(.text), (0 bytes).
    Removing fsl_common.o(.text.SDK_Malloc), (52 bytes).
    Removing fsl_common.o(.ARM.exidx.text.SDK_Malloc), (8 bytes).
    Removing fsl_common.o(.text.SDK_Free), (24 bytes).
    Removing fsl_common.o(.ARM.exidx.text.SDK_Free), (8 bytes).
    Removing fsl_common.o(.ARM.exidx.text.SDK_DelayAtLeastUs), (8 bytes).
    Removing fsl_iap.o(.text), (0 bytes).
    Removing fsl_iap.o(.ARM.exidx.text.FLASH_Init), (8 bytes).
    Removing fsl_iap.o(.ARM.exidx.text.FLASH_Erase), (8 bytes).
    Removing fsl_iap.o(.ARM.exidx.text.FLASH_Program), (8 bytes).
    Removing fsl_iap.o(.text.FLASH_VerifyErase), (38 bytes).
    Removing fsl_iap.o(.ARM.exidx.text.FLASH_VerifyErase), (8 bytes).
    Removing fsl_iap.o(.text.FLASH_VerifyProgram), (90 bytes).
    Removing fsl_iap.o(.ARM.exidx.text.FLASH_VerifyProgram), (8 bytes).
    Removing fsl_iap.o(.ARM.exidx.text.FLASH_GetProperty), (8 bytes).
    Removing fsl_iap.o(.text.FFR_Init), (82 bytes).
    Removing fsl_iap.o(.ARM.exidx.text.FFR_Init), (8 bytes).
    Removing fsl_iap.o(.text.FFR_Deinit), (86 bytes).
    Removing fsl_iap.o(.ARM.exidx.text.FFR_Deinit), (8 bytes).
    Removing fsl_iap.o(.text.FFR_CustFactoryPageWrite), (86 bytes).
    Removing fsl_iap.o(.ARM.exidx.text.FFR_CustFactoryPageWrite), (8 bytes).
    Removing fsl_iap.o(.text.FFR_GetUUID), (86 bytes).
    Removing fsl_iap.o(.ARM.exidx.text.FFR_GetUUID), (8 bytes).
    Removing fsl_iap.o(.text.FFR_GetCustomerData), (106 bytes).
    Removing fsl_iap.o(.ARM.exidx.text.FFR_GetCustomerData), (8 bytes).
    Removing fsl_iap.o(.text.FFR_KeystoreWrite), (86 bytes).
    Removing fsl_iap.o(.ARM.exidx.text.FFR_KeystoreWrite), (8 bytes).
    Removing fsl_iap.o(.text.FFR_KeystoreGetAC), (86 bytes).
    Removing fsl_iap.o(.ARM.exidx.text.FFR_KeystoreGetAC), (8 bytes).
    Removing fsl_iap.o(.text.FFR_KeystoreGetKC), (86 bytes).
    Removing fsl_iap.o(.ARM.exidx.text.FFR_KeystoreGetKC), (8 bytes).
    Removing fsl_iap.o(.text.FFR_InfieldPageWrite), (86 bytes).
    Removing fsl_iap.o(.ARM.exidx.text.FFR_InfieldPageWrite), (8 bytes).
    Removing fsl_iap.o(.text.FFR_GetCustomerInfieldData), (106 bytes).
    Removing fsl_iap.o(.ARM.exidx.text.FFR_GetCustomerInfieldData), (8 bytes).
    Removing fsl_power.o(.text), (0 bytes).
    Removing fsl_reset.o(.text), (0 bytes).
    Removing fsl_reset.o(.text.RESET_SetPeripheralReset), (90 bytes).
    Removing fsl_reset.o(.ARM.exidx.text.RESET_SetPeripheralReset), (8 bytes).
    Removing fsl_reset.o(.text.RESET_ClearPeripheralReset), (98 bytes).
    Removing fsl_reset.o(.ARM.exidx.text.RESET_ClearPeripheralReset), (8 bytes).
    Removing fsl_reset.o(.text.RESET_PeripheralReset), (138 bytes).
    Removing fsl_reset.o(.ARM.exidx.text.RESET_PeripheralReset), (8 bytes).
    Removing fsl_reset.o(.rodata.str1.1), (97 bytes).
    Removing system_lpc55s69_cm33_core0.o(.text), (0 bytes).
    Removing system_lpc55s69_cm33_core0.o(.ARM.exidx.text.SystemInit), (8 bytes).
    Removing system_lpc55s69_cm33_core0.o(.ARM.exidx.text.SystemInitHook), (8 bytes).
    Removing system_lpc55s69_cm33_core0.o(.text.SystemCoreClockUpdate), (940 bytes).
    Removing system_lpc55s69_cm33_core0.o(.ARM.exidx.text.SystemCoreClockUpdate), (8 bytes).
    Removing fsl_power_lib.o(.text), (0 bytes).
    Removing fsl_power_lib.o(.text.POWER_CycleCpuAndFlash), (32 bytes).
    Removing fsl_power_lib.o(.ARM.exidx.text.POWER_CycleCpuAndFlash), (8 bytes).
    Removing fsl_power_lib.o(.text.POWER_EnterDeepSleep), (228 bytes).
    Removing fsl_power_lib.o(.ARM.exidx.text.POWER_EnterDeepSleep), (8 bytes).
    Removing fsl_power_lib.o(.text.lf_set_ldo_ao_ldo_mem_voltage), (88 bytes).
    Removing fsl_power_lib.o(.ARM.exidx.text.lf_set_ldo_ao_ldo_mem_voltage), (8 bytes).
    Removing fsl_power_lib.o(.text.POWER_EnterLowPower), (136 bytes).
    Removing fsl_power_lib.o(.ARM.exidx.text.POWER_EnterLowPower), (8 bytes).
    Removing fsl_power_lib.o(.text.POWER_EnterPowerDown), (316 bytes).
    Removing fsl_power_lib.o(.ARM.exidx.text.POWER_EnterPowerDown), (8 bytes).
    Removing fsl_power_lib.o(.text.POWER_EnterDeepPowerDown), (456 bytes).
    Removing fsl_power_lib.o(.ARM.exidx.text.POWER_EnterDeepPowerDown), (8 bytes).
    Removing fsl_power_lib.o(.text.POWER_EnterSleep), (32 bytes).
    Removing fsl_power_lib.o(.ARM.exidx.text.POWER_EnterSleep), (8 bytes).
    Removing fsl_power_lib.o(.text.POWER_GetLibVersion), (6 bytes).
    Removing fsl_power_lib.o(.ARM.exidx.text.POWER_GetLibVersion), (8 bytes).
    Removing fsl_power_lib.o(.ARM.exidx.text.POWER_SetVoltageForFreq), (8 bytes).
    Removing fsl_power_lib.o(.ARM.exidx.text.lowpower_set_dcdc_power_profile), (8 bytes).
    Removing fsl_power_lib.o(.ARM.exidx.text.lowpower_set_voltage_for_process), (8 bytes).
    Removing fsl_power_lib.o(.text.POWER_Xtal16mhzCapabankTrim), (36 bytes).
    Removing fsl_power_lib.o(.ARM.exidx.text.POWER_Xtal16mhzCapabankTrim), (8 bytes).
    Removing fsl_power_lib.o(.text.POWER_SetXtal16mhzLdo), (40 bytes).
    Removing fsl_power_lib.o(.ARM.exidx.text.POWER_SetXtal16mhzLdo), (8 bytes).
    Removing fsl_power_lib.o(.text.POWER_Xtal32khzCapabankTrim), (16 bytes).
    Removing fsl_power_lib.o(.ARM.exidx.text.POWER_Xtal32khzCapabankTrim), (8 bytes).
    Removing fsl_power_lib.o(.text.POWER_SetXtal16mhzTrim), (28 bytes).
    Removing fsl_power_lib.o(.ARM.exidx.text.POWER_SetXtal16mhzTrim), (8 bytes).
    Removing fsl_power_lib.o(.ARM.exidx.text.lowpower_set_system_voltage), (8 bytes).
    Removing dadd.o(.text), (334 bytes).
    Removing dmul.o(.text), (228 bytes).
    Removing ddiv.o(.text), (222 bytes).
    Removing dfixul.o(.text), (48 bytes).
    Removing cdrcmple.o(.text), (48 bytes).
    Removing depilogue.o(.text), (186 bytes).

227 unused section(s) (total 14701 bytes) removed from the image.

==============================================================================

Image Symbol Table

    Local Symbols

    Symbol Name                              Value     Ov Type        Size  Object(Section)

    ../clib/microlib/division.c              0x00000000   Number         0  uldiv.o ABSOLUTE
    ../clib/microlib/division.c              0x00000000   Number         0  uidiv.o ABSOLUTE
    ../clib/microlib/init/entry.s            0x00000000   Number         0  entry.o ABSOLUTE
    ../clib/microlib/init/entry.s            0x00000000   Number         0  entry4.o ABSOLUTE
    ../clib/microlib/init/entry.s            0x00000000   Number         0  entry5.o ABSOLUTE
    ../clib/microlib/init/entry.s            0x00000000   Number         0  entry7a.o ABSOLUTE
    ../clib/microlib/init/entry.s            0x00000000   Number         0  entry7b.o ABSOLUTE
    ../clib/microlib/init/entry.s            0x00000000   Number         0  entry8a.o ABSOLUTE
    ../clib/microlib/init/entry.s            0x00000000   Number         0  entry8b.o ABSOLUTE
    ../clib/microlib/init/entry.s            0x00000000   Number         0  entry9a.o ABSOLUTE
    ../clib/microlib/init/entry.s            0x00000000   Number         0  entry9b.o ABSOLUTE
    ../clib/microlib/init/entry.s            0x00000000   Number         0  entry10a.o ABSOLUTE
    ../clib/microlib/init/entry.s            0x00000000   Number         0  entry10b.o ABSOLUTE
    ../clib/microlib/init/entry.s            0x00000000   Number         0  entry11a.o ABSOLUTE
    ../clib/microlib/init/entry.s            0x00000000   Number         0  entry11b.o ABSOLUTE
    ../clib/microlib/longlong.c              0x00000000   Number         0  llshl.o ABSOLUTE
    ../clib/microlib/longlong.c              0x00000000   Number         0  llushr.o ABSOLUTE
    ../clib/microlib/longlong.c              0x00000000   Number         0  llsshr.o ABSOLUTE
    ../clib/microlib/malloc/malloc.c         0x00000000   Number         0  malloc2.o ABSOLUTE
    ../clib/microlib/malloc/malloc.c         0x00000000   Number         0  mallocr2.o ABSOLUTE
    ../clib/microlib/malloc/malloc.c         0x00000000   Number         0  malloca2.o ABSOLUTE
    ../clib/microlib/malloc/malloc.c         0x00000000   Number         0  mallocra2.o ABSOLUTE
    ../clib/microlib/malloc/mvars.c          0x00000000   Number         0  mvars.o ABSOLUTE
    ../clib/microlib/printf/printf.c         0x00000000   Number         0  printfb.o ABSOLUTE
    ../clib/microlib/printf/printf.c         0x00000000   Number         0  printf0.o ABSOLUTE
    ../clib/microlib/printf/printf.c         0x00000000   Number         0  printf1.o ABSOLUTE
    ../clib/microlib/printf/printf.c         0x00000000   Number         0  printf2.o ABSOLUTE
    ../clib/microlib/printf/printf.c         0x00000000   Number         0  printf3.o ABSOLUTE
    ../clib/microlib/printf/printf.c         0x00000000   Number         0  printf4.o ABSOLUTE
    ../clib/microlib/printf/printf.c         0x00000000   Number         0  printf5.o ABSOLUTE
    ../clib/microlib/printf/printf.c         0x00000000   Number         0  printf6.o ABSOLUTE
    ../clib/microlib/printf/printf.c         0x00000000   Number         0  printf7.o ABSOLUTE
    ../clib/microlib/printf/printf.c         0x00000000   Number         0  printf8.o ABSOLUTE
    ../clib/microlib/printf/printf.c         0x00000000   Number         0  printfa.o ABSOLUTE
    ../clib/microlib/stdio/fputs.c           0x00000000   Number         0  fputs.o ABSOLUTE
    ../clib/microlib/stdio/fputs.c           0x00000000   Number         0  fputs_e.o ABSOLUTE
    ../clib/microlib/stdio/streams.c         0x00000000   Number         0  stdout.o ABSOLUTE
    ../clib/microlib/stdio/streams.c         0x00000000   Number         0  stderr.o ABSOLUTE
    ../clib/microlib/string/memcpy.c         0x00000000   Number         0  memcpy.o ABSOLUTE
    ../clib/microlib/string/memcpy.c         0x00000000   Number         0  memcpyc.o ABSOLUTE
    ../clib/microlib/string/memcpy.c         0x00000000   Number         0  memcpya.o ABSOLUTE
    ../clib/microlib/string/memcpy.c         0x00000000   Number         0  memcpyb.o ABSOLUTE
    ../clib/microlib/string/memset.c         0x00000000   Number         0  memset.o ABSOLUTE
    ../clib/microlib/string/memset.c         0x00000000   Number         0  memseta.o ABSOLUTE
    ../clib/microlib/stubs.s                 0x00000000   Number         0  iusefp.o ABSOLUTE
    ../fplib/microlib/fpadd.c                0x00000000   Number         0  dadd.o ABSOLUTE
    ../fplib/microlib/fpdiv.c                0x00000000   Number         0  ddiv.o ABSOLUTE
    ../fplib/microlib/fpepilogue.c           0x00000000   Number         0  depilogue.o ABSOLUTE
    ../fplib/microlib/fpfix.c                0x00000000   Number         0  dfixul.o ABSOLUTE
    ../fplib/microlib/fpmul.c                0x00000000   Number         0  dmul.o ABSOLUTE
    EventRecorder.c                          0x00000000   Number         0  eventrecorder.o ABSOLUTE
    cdrcmple.s                               0x00000000   Number         0  cdrcmple.o ABSOLUTE
    clock_config.c                           0x00000000   Number         0  clock_config.o ABSOLUTE
    dc.s                                     0x00000000   Number         0  dc.o ABSOLUTE
    fsl_clock.c                              0x00000000   Number         0  fsl_clock.o ABSOLUTE
    fsl_common.c                             0x00000000   Number         0  fsl_common.o ABSOLUTE
    fsl_iap.c                                0x00000000   Number         0  fsl_iap.o ABSOLUTE
    fsl_power.c                              0x00000000   Number         0  fsl_power.o ABSOLUTE
    fsl_power_lib.c                          0x00000000   Number         0  fsl_power_lib.o ABSOLUTE
    fsl_reset.c                              0x00000000   Number         0  fsl_reset.o ABSOLUTE
    handlers.s                               0x00000000   Number         0  handlers.o ABSOLUTE
    init.s                                   0x00000000   Number         0  init.o ABSOLUTE
    main.c                                   0x00000000   Number         0  main.o ABSOLUTE
    peripherals.c                            0x00000000   Number         0  peripherals.o ABSOLUTE
    pin_mux.c                                0x00000000   Number         0  pin_mux.o ABSOLUTE
    retarget_io.c                            0x00000000   Number         0  retarget_io.o ABSOLUTE
    system_LPC55S69_cm33_core0.c             0x00000000   Number         0  system_lpc55s69_cm33_core0.o ABSOLUTE
    [Anonymous Symbol]                       0x00000000   Section        0  startup_lpc55s69_cm33_core0.o(.isr_vector)
    .ARM.Collect$$$$00000000                 0x00000200   Section        0  entry.o(.ARM.Collect$$$$00000000)
    .ARM.Collect$$$$00000003                 0x00000200   Section        4  entry4.o(.ARM.Collect$$$$00000003)
    .ARM.Collect$$$$00000004                 0x00000204   Section        4  entry5.o(.ARM.Collect$$$$00000004)
    .ARM.Collect$$$$00000008                 0x00000208   Section        0  entry7b.o(.ARM.Collect$$$$00000008)
    .ARM.Collect$$$$0000000A                 0x00000208   Section        0  entry8b.o(.ARM.Collect$$$$0000000A)
    .ARM.Collect$$$$0000000B                 0x00000208   Section        8  entry9a.o(.ARM.Collect$$$$0000000B)
    __lit__00000000                          0x00000210   Data           4  entry4.o(.ARM.Collect$$$$00002714)
    .ARM.Collect$$$$0000000D                 0x00000210   Section        0  entry10a.o(.ARM.Collect$$$$0000000D)
    .ARM.Collect$$$$0000000F                 0x00000210   Section        0  entry11a.o(.ARM.Collect$$$$0000000F)
    .ARM.Collect$$$$00002714                 0x00000210   Section        4  entry4.o(.ARM.Collect$$$$00002714)
    [Anonymous Symbol]                       0x00000214   Section        0  startup_lpc55s69_cm33_core0.o(.text)
    .text                                    0x00000440   Section        0  uldiv.o(.text)
    .text                                    0x000004a2   Section        0  memcpy.o(.text)
    .text                                    0x000004ca   Section        0  memseta.o(.text)
    .text                                    0x000004ee   Section        0  llshl.o(.text)
    .text                                    0x0000050c   Section        0  llushr.o(.text)
    .text                                    0x0000052c   Section       36  init.o(.text)
    [Anonymous Symbol]                       0x00000550   Section        0  clock_config.o(.text.BOARD_BootClockRUN)
    [Anonymous Symbol]                       0x000006dc   Section        0  peripherals.o(.text.BOARD_InitPeripherals)
    [Anonymous Symbol]                       0x000006e0   Section        0  pin_mux.o(.text.BOARD_InitPins)
    [Anonymous Symbol]                       0x00000714   Section        0  fsl_clock.o(.text.CLOCK_AttachClk)
    [Anonymous Symbol]                       0x000007a8   Section        0  fsl_clock.o(.text.CLOCK_SetClkDiv)
    [Anonymous Symbol]                       0x000007cc   Section        0  fsl_clock.o(.text.CLOCK_SetFLASHAccessCyclesForFreq)
    [Anonymous Symbol]                       0x000008f0   Section        0  fsl_clock.o(.text.CLOCK_SetPLL0Freq)
    [Anonymous Symbol]                       0x00000a78   Section        0  fsl_clock.o(.text.CLOCK_SetupExtClocking)
    [Anonymous Symbol]                       0x00000ab8   Section        0  fsl_clock.o(.text.CLOCK_SetupFROClocking)
    [Anonymous Symbol]                       0x00000b20   Section        0  eventrecorder.o(.text.EventRecordData)
    EventRecordItem                          0x00000cb5   Thumb Code   692  eventrecorder.o(.text.EventRecordItem)
    [Anonymous Symbol]                       0x00000cb4   Section        0  eventrecorder.o(.text.EventRecordItem)
    [Anonymous Symbol]                       0x00000f68   Section        0  eventrecorder.o(.text.EventRecorderEnable)
    [Anonymous Symbol]                       0x00001078   Section        0  eventrecorder.o(.text.EventRecorderInitialize)
    [Anonymous Symbol]                       0x000014d0   Section        0  eventrecorder.o(.text.EventRecorderStart)
    [Anonymous Symbol]                       0x00001530   Section        0  eventrecorder.o(.text.EventRecorderTimerGetCount)
    [Anonymous Symbol]                       0x0000153c   Section        0  eventrecorder.o(.text.EventRecorderTimerSetup)
    [Anonymous Symbol]                       0x00001560   Section        0  fsl_iap.o(.text.FLASH_Erase)
    [Anonymous Symbol]                       0x000015bc   Section        0  fsl_iap.o(.text.FLASH_GetProperty)
    [Anonymous Symbol]                       0x000015e4   Section        0  fsl_iap.o(.text.FLASH_Init)
    [Anonymous Symbol]                       0x00001620   Section        0  fsl_iap.o(.text.FLASH_Program)
    [Anonymous Symbol]                       0x0000167c   Section        0  fsl_power_lib.o(.text.POWER_SetVoltageForFreq)
    __arm_cp.8_0                             0x000016bc   Number         4  fsl_power_lib.o(.text.POWER_SetVoltageForFreq)
    __arm_cp.8_1                             0x000016c0   Number         4  fsl_power_lib.o(.text.POWER_SetVoltageForFreq)
    [Anonymous Symbol]                       0x000016c4   Section        0  fsl_common.o(.text.SDK_DelayAtLeastUs)
    loop                                     0x000016e8   Number         0  fsl_common.o(.text.SDK_DelayAtLeastUs)
    [Anonymous Symbol]                       0x00001734   Section        0  system_lpc55s69_cm33_core0.o(.text.SystemInit)
    [Anonymous Symbol]                       0x00001778   Section        0  system_lpc55s69_cm33_core0.o(.text.SystemInitHook)
    [Anonymous Symbol]                       0x0000177c   Section        0  retarget_io.o(.text.__aeabi_assert)
    [Anonymous Symbol]                       0x00001820   Section        0  retarget_io.o(.text.abort)
    [Anonymous Symbol]                       0x00001824   Section        0  retarget_io.o(.text.fputc)
    lowpower_set_dcdc_power_profile          0x00001871   Thumb Code    72  fsl_power_lib.o(.text.lowpower_set_dcdc_power_profile)
    [Anonymous Symbol]                       0x00001870   Section        0  fsl_power_lib.o(.text.lowpower_set_dcdc_power_profile)
    __arm_cp.9_0                             0x000018ac   Number         4  fsl_power_lib.o(.text.lowpower_set_dcdc_power_profile)
    __arm_cp.9_2                             0x000018b0   Number         4  fsl_power_lib.o(.text.lowpower_set_dcdc_power_profile)
    __arm_cp.9_3                             0x000018b4   Number         4  fsl_power_lib.o(.text.lowpower_set_dcdc_power_profile)
    lowpower_set_system_voltage              0x000018b9   Thumb Code   212  fsl_power_lib.o(.text.lowpower_set_system_voltage)
    [Anonymous Symbol]                       0x000018b8   Section        0  fsl_power_lib.o(.text.lowpower_set_system_voltage)
    __arm_cp.15_0                            0x00001988   Number         4  fsl_power_lib.o(.text.lowpower_set_system_voltage)
    lowpower_set_voltage_for_process         0x0000198d   Thumb Code   152  fsl_power_lib.o(.text.lowpower_set_voltage_for_process)
    [Anonymous Symbol]                       0x0000198c   Section        0  fsl_power_lib.o(.text.lowpower_set_voltage_for_process)
    __arm_cp.10_0                            0x00001a18   Number         4  fsl_power_lib.o(.text.lowpower_set_voltage_for_process)
    __arm_cp.10_1                            0x00001a1c   Number         4  fsl_power_lib.o(.text.lowpower_set_voltage_for_process)
    __arm_cp.10_2                            0x00001a20   Number         4  fsl_power_lib.o(.text.lowpower_set_voltage_for_process)
    [Anonymous Symbol]                       0x00001a24   Section        0  main.o(.text.main)
    i.__0printf$bare                         0x00001b54   Section        0  printfb.o(i.__0printf$bare)
    i.__scatterload_copy                     0x00001b64   Section       14  handlers.o(i.__scatterload_copy)
    i.__scatterload_null                     0x00001b72   Section        2  handlers.o(i.__scatterload_null)
    i.__scatterload_zeroinit                 0x00001b74   Section       14  handlers.o(i.__scatterload_zeroinit)
    _printf_core                             0x00001b83   Thumb Code    34  printfb.o(i._printf_core)
    i._printf_core                           0x00001b82   Section        0  printfb.o(i._printf_core)
    i.fputs                                  0x00001ba4   Section        0  fputs.o(i.fputs)
    __tagsym$$used.0                         0x00001bbc   Number         0  eventrecorder.o(.rodata.EventRecorderInfo)
    .L__const.BOARD_BootClockRUN.pll0Setup   0x00001bd4   Data          32  clock_config.o(.rodata.cst32)
    .L.str.1                                 0x00001bf4   Data          85  fsl_common.o(.rodata.str1.1)
    [Anonymous Symbol]                       0x00001bf4   Section        0  fsl_common.o(.rodata.str1.1)
    .L.str                                   0x00001c49   Data          24  fsl_iap.o(.rodata.str1.1)
    [Anonymous Symbol]                       0x00001c49   Section        0  fsl_iap.o(.rodata.str1.1)
    .L.str.1                                 0x00001c61   Data          82  fsl_iap.o(.rodata.str1.1)
    .L.str.2                                 0x00001cb3   Data          24  fsl_iap.o(.rodata.str1.1)
    .data                                    0x20000000   Section        4  stdout.o(.data)
    .data                                    0x20000004   Section        4  stderr.o(.data)
    s_Ext_Clk_Freq                           0x2000000c   Data           4  fsl_clock.o(.data.s_Ext_Clk_Freq)
    [Anonymous Symbol]                       0x2000000c   Section        0  fsl_clock.o(.data.s_Ext_Clk_Freq)
    .L_MergedGlobals                         0x20000040   Data          88  main.o(.bss..L_MergedGlobals)
    [Anonymous Symbol]                       0x20000040   Section        0  main.o(.bss..L_MergedGlobals)
    .L_MergedGlobals                         0x20000098   Data          12  retarget_io.o(.bss..L_MergedGlobals)
    stdout_putchar.index                     0x20000098   Data           4  retarget_io.o(.bss..L_MergedGlobals)
    [Anonymous Symbol]                       0x20000098   Section        0  retarget_io.o(.bss..L_MergedGlobals)
    stdout_putchar.buffer                    0x2000009c   Data           8  retarget_io.o(.bss..L_MergedGlobals)
    .L_MergedGlobals                         0x200000a4   Data          96  fsl_clock.o(.bss..L_MergedGlobals)
    s_UseSSCache                             0x200000a4   Data           2  fsl_clock.o(.bss..L_MergedGlobals)
    [Anonymous Symbol]                       0x200000a4   Section        0  fsl_clock.o(.bss..L_MergedGlobals)
    s_I2S_Mclk_Freq                          0x200000a8   Data           4  fsl_clock.o(.bss..L_MergedGlobals)
    s_Pll0_Freq                              0x200000ac   Data           4  fsl_clock.o(.bss..L_MergedGlobals)
    s_PllSetupCacheIdx                       0x200000b0   Data           4  fsl_clock.o(.bss..L_MergedGlobals)
    s_FinHzCache                             0x200000b4   Data           8  fsl_clock.o(.bss..L_MergedGlobals)
    s_FoutHzCache                            0x200000bc   Data           8  fsl_clock.o(.bss..L_MergedGlobals)
    s_PllSetupCacheStruct                    0x200000c4   Data          64  fsl_clock.o(.bss..L_MergedGlobals)
    .L_MergedGlobals                         0x20000104   Data           8  fsl_iap.o(.bss..L_MergedGlobals)
    versionMajor                             0x20000104   Data           4  fsl_iap.o(.bss..L_MergedGlobals)
    [Anonymous Symbol]                       0x20000104   Section        0  fsl_iap.o(.bss..L_MergedGlobals)
    EventBuffer                              0x20000140   Data        1024  eventrecorder.o(.bss.noinit)
    [Anonymous Symbol]                       0x20000140   Section        0  eventrecorder.o(.bss.noinit)
    EventFilter                              0x20000540   Data         128  eventrecorder.o(.bss.noinit)
    EventStatus                              0x200005c0   Data          36  eventrecorder.o(.bss.noinit)

    Global Symbols

    Symbol Name                              Value     Ov Type        Size  Object(Section)

    BuildAttributes$$THM_ISAv4$E$P$D$K$B$S$7EM$8M$VFPi5$EXTD16$VFPS$VFMA$PE$A:L22UL41UL21$X:L11$S22US41US21$IEEE1$IW$USESV6$~STKCKD$USESV7$~SHL$OTIME$ROPI$EBA8$MICROLIB$REQ8$PRES8$EABIv2 0x00000000   Number         0  anon$$obj.o ABSOLUTE
    __Vectors                                0x00000000   Number       304  startup_lpc55s69_cm33_core0.o(.isr_vector)
    __cpp_initialize__aeabi_                  - Undefined Weak Reference
    __cxa_finalize                            - Undefined Weak Reference
    __decompress                              - Undefined Weak Reference
    _clock_init                               - Undefined Weak Reference
    _microlib_exit                            - Undefined Weak Reference
    __main                                   0x00000201   Thumb Code     0  entry.o(.ARM.Collect$$$$00000000)
    _main_stk                                0x00000201   Thumb Code     0  entry4.o(.ARM.Collect$$$$00000003)
    _main_scatterload                        0x00000205   Thumb Code     0  entry5.o(.ARM.Collect$$$$00000004)
    __main_after_scatterload                 0x00000209   Thumb Code     0  entry5.o(.ARM.Collect$$$$00000004)
    _main_clock                              0x00000209   Thumb Code     0  entry7b.o(.ARM.Collect$$$$00000008)
    _main_cpp_init                           0x00000209   Thumb Code     0  entry8b.o(.ARM.Collect$$$$0000000A)
    _main_init                               0x00000209   Thumb Code     0  entry9a.o(.ARM.Collect$$$$0000000B)
    __rt_final_cpp                           0x00000211   Thumb Code     0  entry10a.o(.ARM.Collect$$$$0000000D)
    __rt_final_exit                          0x00000211   Thumb Code     0  entry11a.o(.ARM.Collect$$$$0000000F)
    Reset_Handler                            0x00000215   Thumb Code    32  startup_lpc55s69_cm33_core0.o(.text)
    ACMP_DriverIRQHandler                    0x00000235   Thumb Code     4  startup_lpc55s69_cm33_core0.o(.text)
    ADC0_DriverIRQHandler                    0x00000235   Thumb Code     4  startup_lpc55s69_cm33_core0.o(.text)
    BusFault_Handler                         0x00000235   Thumb Code     4  startup_lpc55s69_cm33_core0.o(.text)
    CASER_DriverIRQHandler                   0x00000235   Thumb Code     4  startup_lpc55s69_cm33_core0.o(.text)
    CTIMER0_DriverIRQHandler                 0x00000235   Thumb Code     4  startup_lpc55s69_cm33_core0.o(.text)
    CTIMER1_DriverIRQHandler                 0x00000235   Thumb Code     4  startup_lpc55s69_cm33_core0.o(.text)
    CTIMER2_DriverIRQHandler                 0x00000235   Thumb Code     4  startup_lpc55s69_cm33_core0.o(.text)
    CTIMER3_DriverIRQHandler                 0x00000235   Thumb Code     4  startup_lpc55s69_cm33_core0.o(.text)
    CTIMER4_DriverIRQHandler                 0x00000235   Thumb Code     4  startup_lpc55s69_cm33_core0.o(.text)
    DMA0_DriverIRQHandler                    0x00000235   Thumb Code     4  startup_lpc55s69_cm33_core0.o(.text)
    DMA1_DriverIRQHandler                    0x00000235   Thumb Code     4  startup_lpc55s69_cm33_core0.o(.text)
    DebugMon_Handler                         0x00000235   Thumb Code     4  startup_lpc55s69_cm33_core0.o(.text)
    DefaultISR                               0x00000235   Thumb Code     4  startup_lpc55s69_cm33_core0.o(.text)
    FLEXCOMM0_DriverIRQHandler               0x00000235   Thumb Code     4  startup_lpc55s69_cm33_core0.o(.text)
    FLEXCOMM1_DriverIRQHandler               0x00000235   Thumb Code     4  startup_lpc55s69_cm33_core0.o(.text)
    FLEXCOMM2_DriverIRQHandler               0x00000235   Thumb Code     4  startup_lpc55s69_cm33_core0.o(.text)
    FLEXCOMM3_DriverIRQHandler               0x00000235   Thumb Code     4  startup_lpc55s69_cm33_core0.o(.text)
    FLEXCOMM4_DriverIRQHandler               0x00000235   Thumb Code     4  startup_lpc55s69_cm33_core0.o(.text)
    FLEXCOMM5_DriverIRQHandler               0x00000235   Thumb Code     4  startup_lpc55s69_cm33_core0.o(.text)
    FLEXCOMM6_DriverIRQHandler               0x00000235   Thumb Code     4  startup_lpc55s69_cm33_core0.o(.text)
    FLEXCOMM7_DriverIRQHandler               0x00000235   Thumb Code     4  startup_lpc55s69_cm33_core0.o(.text)
    FLEXCOMM8_DriverIRQHandler               0x00000235   Thumb Code     4  startup_lpc55s69_cm33_core0.o(.text)
    GINT0_DriverIRQHandler                   0x00000235   Thumb Code     4  startup_lpc55s69_cm33_core0.o(.text)
    GINT1_DriverIRQHandler                   0x00000235   Thumb Code     4  startup_lpc55s69_cm33_core0.o(.text)
    HASHCRYPT_DriverIRQHandler               0x00000235   Thumb Code     4  startup_lpc55s69_cm33_core0.o(.text)
    MAILBOX_DriverIRQHandler                 0x00000235   Thumb Code     4  startup_lpc55s69_cm33_core0.o(.text)
    MRT0_DriverIRQHandler                    0x00000235   Thumb Code     4  startup_lpc55s69_cm33_core0.o(.text)
    MemManage_Handler                        0x00000235   Thumb Code     4  startup_lpc55s69_cm33_core0.o(.text)
    OS_EVENT_DriverIRQHandler                0x00000235   Thumb Code     4  startup_lpc55s69_cm33_core0.o(.text)
    PIN_INT0_DriverIRQHandler                0x00000235   Thumb Code     4  startup_lpc55s69_cm33_core0.o(.text)
    PIN_INT1_DriverIRQHandler                0x00000235   Thumb Code     4  startup_lpc55s69_cm33_core0.o(.text)
    PIN_INT2_DriverIRQHandler                0x00000235   Thumb Code     4  startup_lpc55s69_cm33_core0.o(.text)
    PIN_INT3_DriverIRQHandler                0x00000235   Thumb Code     4  startup_lpc55s69_cm33_core0.o(.text)
    PIN_INT4_DriverIRQHandler                0x00000235   Thumb Code     4  startup_lpc55s69_cm33_core0.o(.text)
    PIN_INT5_DriverIRQHandler                0x00000235   Thumb Code     4  startup_lpc55s69_cm33_core0.o(.text)
    PIN_INT6_DriverIRQHandler                0x00000235   Thumb Code     4  startup_lpc55s69_cm33_core0.o(.text)
    PIN_INT7_DriverIRQHandler                0x00000235   Thumb Code     4  startup_lpc55s69_cm33_core0.o(.text)
    PLU_DriverIRQHandler                     0x00000235   Thumb Code     4  startup_lpc55s69_cm33_core0.o(.text)
    PQ_DriverIRQHandler                      0x00000235   Thumb Code     4  startup_lpc55s69_cm33_core0.o(.text)
    PUF_DriverIRQHandler                     0x00000235   Thumb Code     4  startup_lpc55s69_cm33_core0.o(.text)
    RTC_DriverIRQHandler                     0x00000235   Thumb Code     4  startup_lpc55s69_cm33_core0.o(.text)
    Reserved39_DriverIRQHandler              0x00000235   Thumb Code     4  startup_lpc55s69_cm33_core0.o(.text)
    Reserved41_DriverIRQHandler              0x00000235   Thumb Code     4  startup_lpc55s69_cm33_core0.o(.text)
    Reserved42_DriverIRQHandler              0x00000235   Thumb Code     4  startup_lpc55s69_cm33_core0.o(.text)
    Reserved46_DriverIRQHandler              0x00000235   Thumb Code     4  startup_lpc55s69_cm33_core0.o(.text)
    Reserved55_DriverIRQHandler              0x00000235   Thumb Code     4  startup_lpc55s69_cm33_core0.o(.text)
    Reserved56_DriverIRQHandler              0x00000235   Thumb Code     4  startup_lpc55s69_cm33_core0.o(.text)
    Reserved57_DriverIRQHandler              0x00000235   Thumb Code     4  startup_lpc55s69_cm33_core0.o(.text)
    Reserved59_DriverIRQHandler              0x00000235   Thumb Code     4  startup_lpc55s69_cm33_core0.o(.text)
    Reserved60_DriverIRQHandler              0x00000235   Thumb Code     4  startup_lpc55s69_cm33_core0.o(.text)
    Reserved61_DriverIRQHandler              0x00000235   Thumb Code     4  startup_lpc55s69_cm33_core0.o(.text)
    SCT0_DriverIRQHandler                    0x00000235   Thumb Code     4  startup_lpc55s69_cm33_core0.o(.text)
    SDIO_DriverIRQHandler                    0x00000235   Thumb Code     4  startup_lpc55s69_cm33_core0.o(.text)
    SEC_GPIO_INT0_IRQ0_DriverIRQHandler      0x00000235   Thumb Code     4  startup_lpc55s69_cm33_core0.o(.text)
    SEC_GPIO_INT0_IRQ1_DriverIRQHandler      0x00000235   Thumb Code     4  startup_lpc55s69_cm33_core0.o(.text)
    SEC_HYPERVISOR_CALL_DriverIRQHandler     0x00000235   Thumb Code     4  startup_lpc55s69_cm33_core0.o(.text)
    SEC_VIO_DriverIRQHandler                 0x00000235   Thumb Code     4  startup_lpc55s69_cm33_core0.o(.text)
    SecureFault_Handler                      0x00000235   Thumb Code     4  startup_lpc55s69_cm33_core0.o(.text)
    USB0_DriverIRQHandler                    0x00000235   Thumb Code     4  startup_lpc55s69_cm33_core0.o(.text)
    USB0_NEEDCLK_DriverIRQHandler            0x00000235   Thumb Code     4  startup_lpc55s69_cm33_core0.o(.text)
    USB1_DriverIRQHandler                    0x00000235   Thumb Code     4  startup_lpc55s69_cm33_core0.o(.text)
    USB1_NEEDCLK_DriverIRQHandler            0x00000235   Thumb Code     4  startup_lpc55s69_cm33_core0.o(.text)
    USB1_PHY_DriverIRQHandler                0x00000235   Thumb Code     4  startup_lpc55s69_cm33_core0.o(.text)
    UTICK0_DriverIRQHandler                  0x00000235   Thumb Code     4  startup_lpc55s69_cm33_core0.o(.text)
    UsageFault_Handler                       0x00000235   Thumb Code     4  startup_lpc55s69_cm33_core0.o(.text)
    WDT_BOD_DriverIRQHandler                 0x00000235   Thumb Code     4  startup_lpc55s69_cm33_core0.o(.text)
    NMI_Handler                              0x00000239   Thumb Code     4  startup_lpc55s69_cm33_core0.o(.text)
    HardFault_Handler                        0x0000023d   Thumb Code     4  startup_lpc55s69_cm33_core0.o(.text)
    SVC_Handler                              0x00000241   Thumb Code     4  startup_lpc55s69_cm33_core0.o(.text)
    PendSV_Handler                           0x00000245   Thumb Code     4  startup_lpc55s69_cm33_core0.o(.text)
    SysTick_Handler                          0x00000249   Thumb Code     4  startup_lpc55s69_cm33_core0.o(.text)
    WDT_BOD_IRQHandler                       0x0000024d   Thumb Code     4  startup_lpc55s69_cm33_core0.o(.text)
    DMA0_IRQHandler                          0x00000251   Thumb Code     4  startup_lpc55s69_cm33_core0.o(.text)
    GINT0_IRQHandler                         0x00000255   Thumb Code     4  startup_lpc55s69_cm33_core0.o(.text)
    GINT1_IRQHandler                         0x00000259   Thumb Code     4  startup_lpc55s69_cm33_core0.o(.text)
    PIN_INT0_IRQHandler                      0x0000025d   Thumb Code     4  startup_lpc55s69_cm33_core0.o(.text)
    PIN_INT1_IRQHandler                      0x00000261   Thumb Code     4  startup_lpc55s69_cm33_core0.o(.text)
    PIN_INT2_IRQHandler                      0x00000265   Thumb Code     4  startup_lpc55s69_cm33_core0.o(.text)
    PIN_INT3_IRQHandler                      0x00000269   Thumb Code     4  startup_lpc55s69_cm33_core0.o(.text)
    UTICK0_IRQHandler                        0x0000026d   Thumb Code     4  startup_lpc55s69_cm33_core0.o(.text)
    MRT0_IRQHandler                          0x00000271   Thumb Code     4  startup_lpc55s69_cm33_core0.o(.text)
    CTIMER0_IRQHandler                       0x00000275   Thumb Code     4  startup_lpc55s69_cm33_core0.o(.text)
    CTIMER1_IRQHandler                       0x00000279   Thumb Code     4  startup_lpc55s69_cm33_core0.o(.text)
    SCT0_IRQHandler                          0x0000027d   Thumb Code     4  startup_lpc55s69_cm33_core0.o(.text)
    CTIMER3_IRQHandler                       0x00000281   Thumb Code     4  startup_lpc55s69_cm33_core0.o(.text)
    FLEXCOMM0_IRQHandler                     0x00000285   Thumb Code     4  startup_lpc55s69_cm33_core0.o(.text)
    FLEXCOMM1_IRQHandler                     0x00000289   Thumb Code     4  startup_lpc55s69_cm33_core0.o(.text)
    FLEXCOMM2_IRQHandler                     0x0000028d   Thumb Code     4  startup_lpc55s69_cm33_core0.o(.text)
    FLEXCOMM3_IRQHandler                     0x00000291   Thumb Code     4  startup_lpc55s69_cm33_core0.o(.text)
    FLEXCOMM4_IRQHandler                     0x00000295   Thumb Code     4  startup_lpc55s69_cm33_core0.o(.text)
    FLEXCOMM5_IRQHandler                     0x00000299   Thumb Code     4  startup_lpc55s69_cm33_core0.o(.text)
    FLEXCOMM6_IRQHandler                     0x0000029d   Thumb Code     4  startup_lpc55s69_cm33_core0.o(.text)
    FLEXCOMM7_IRQHandler                     0x000002a1   Thumb Code     4  startup_lpc55s69_cm33_core0.o(.text)
    ADC0_IRQHandler                          0x000002a5   Thumb Code     4  startup_lpc55s69_cm33_core0.o(.text)
    Reserved39_IRQHandler                    0x000002a9   Thumb Code     4  startup_lpc55s69_cm33_core0.o(.text)
    ACMP_IRQHandler                          0x000002ad   Thumb Code     4  startup_lpc55s69_cm33_core0.o(.text)
    Reserved41_IRQHandler                    0x000002b1   Thumb Code     4  startup_lpc55s69_cm33_core0.o(.text)
    Reserved42_IRQHandler                    0x000002b5   Thumb Code     4  startup_lpc55s69_cm33_core0.o(.text)
    USB0_NEEDCLK_IRQHandler                  0x000002b9   Thumb Code     4  startup_lpc55s69_cm33_core0.o(.text)
    USB0_IRQHandler                          0x000002bd   Thumb Code     4  startup_lpc55s69_cm33_core0.o(.text)
    RTC_IRQHandler                           0x000002c1   Thumb Code     4  startup_lpc55s69_cm33_core0.o(.text)
    Reserved46_IRQHandler                    0x000002c5   Thumb Code     4  startup_lpc55s69_cm33_core0.o(.text)
    MAILBOX_IRQHandler                       0x000002c9   Thumb Code     4  startup_lpc55s69_cm33_core0.o(.text)
    PIN_INT4_IRQHandler                      0x000002cd   Thumb Code     4  startup_lpc55s69_cm33_core0.o(.text)
    PIN_INT5_IRQHandler                      0x000002d1   Thumb Code     4  startup_lpc55s69_cm33_core0.o(.text)
    PIN_INT6_IRQHandler                      0x000002d5   Thumb Code     4  startup_lpc55s69_cm33_core0.o(.text)
    PIN_INT7_IRQHandler                      0x000002d9   Thumb Code     4  startup_lpc55s69_cm33_core0.o(.text)
    CTIMER2_IRQHandler                       0x000002dd   Thumb Code     4  startup_lpc55s69_cm33_core0.o(.text)
    CTIMER4_IRQHandler                       0x000002e1   Thumb Code     4  startup_lpc55s69_cm33_core0.o(.text)
    OS_EVENT_IRQHandler                      0x000002e5   Thumb Code     4  startup_lpc55s69_cm33_core0.o(.text)
    Reserved55_IRQHandler                    0x000002e9   Thumb Code     4  startup_lpc55s69_cm33_core0.o(.text)
    Reserved56_IRQHandler                    0x000002ed   Thumb Code     4  startup_lpc55s69_cm33_core0.o(.text)
    Reserved57_IRQHandler                    0x000002f1   Thumb Code     4  startup_lpc55s69_cm33_core0.o(.text)
    SDIO_IRQHandler                          0x000002f5   Thumb Code     4  startup_lpc55s69_cm33_core0.o(.text)
    Reserved59_IRQHandler                    0x000002f9   Thumb Code     4  startup_lpc55s69_cm33_core0.o(.text)
    Reserved60_IRQHandler                    0x000002fd   Thumb Code     4  startup_lpc55s69_cm33_core0.o(.text)
    Reserved61_IRQHandler                    0x00000301   Thumb Code     4  startup_lpc55s69_cm33_core0.o(.text)
    USB1_PHY_IRQHandler                      0x00000305   Thumb Code     4  startup_lpc55s69_cm33_core0.o(.text)
    USB1_IRQHandler                          0x00000309   Thumb Code     4  startup_lpc55s69_cm33_core0.o(.text)
    USB1_NEEDCLK_IRQHandler                  0x0000030d   Thumb Code     4  startup_lpc55s69_cm33_core0.o(.text)
    SEC_HYPERVISOR_CALL_IRQHandler           0x00000311   Thumb Code     4  startup_lpc55s69_cm33_core0.o(.text)
    SEC_GPIO_INT0_IRQ0_IRQHandler            0x00000315   Thumb Code     4  startup_lpc55s69_cm33_core0.o(.text)
    SEC_GPIO_INT0_IRQ1_IRQHandler            0x00000319   Thumb Code     4  startup_lpc55s69_cm33_core0.o(.text)
    PLU_IRQHandler                           0x0000031d   Thumb Code     4  startup_lpc55s69_cm33_core0.o(.text)
    SEC_VIO_IRQHandler                       0x00000321   Thumb Code     4  startup_lpc55s69_cm33_core0.o(.text)
    HASHCRYPT_IRQHandler                     0x00000325   Thumb Code     4  startup_lpc55s69_cm33_core0.o(.text)
    CASER_IRQHandler                         0x00000329   Thumb Code     4  startup_lpc55s69_cm33_core0.o(.text)
    PUF_IRQHandler                           0x0000032d   Thumb Code     4  startup_lpc55s69_cm33_core0.o(.text)
    PQ_IRQHandler                            0x00000331   Thumb Code     4  startup_lpc55s69_cm33_core0.o(.text)
    DMA1_IRQHandler                          0x00000335   Thumb Code     4  startup_lpc55s69_cm33_core0.o(.text)
    FLEXCOMM8_IRQHandler                     0x00000339   Thumb Code     4  startup_lpc55s69_cm33_core0.o(.text)
    __aeabi_uldivmod                         0x00000441   Thumb Code    98  uldiv.o(.text)
    ___aeabi_memcpy4$ret                     0x000004a3   Thumb Code     0  memcpy.o(.text)
    ___aeabi_memcpy8$ret                     0x000004a3   Thumb Code     0  memcpy.o(.text)
    __aeabi_memcpy                           0x000004a3   Thumb Code    40  memcpy.o(.text)
    memcpy                                   0x000004a3   Thumb Code     0  memcpy.o(.text)
    __aeabi_memset                           0x000004cb   Thumb Code    14  memseta.o(.text)
    __aeabi_memset4                          0x000004cb   Thumb Code     0  memseta.o(.text)
    __aeabi_memset8                          0x000004cb   Thumb Code     0  memseta.o(.text)
    __aeabi_memclr                           0x000004d9   Thumb Code     4  memseta.o(.text)
    __aeabi_memclr4                          0x000004d9   Thumb Code     0  memseta.o(.text)
    __aeabi_memclr8                          0x000004d9   Thumb Code     0  memseta.o(.text)
    memset                                   0x000004dd   Thumb Code    18  memseta.o(.text)
    __aeabi_llsl                             0x000004ef   Thumb Code    30  llshl.o(.text)
    _ll_shift_l                              0x000004ef   Thumb Code     0  llshl.o(.text)
    __aeabi_llsr                             0x0000050d   Thumb Code    32  llushr.o(.text)
    _ll_ushift_r                             0x0000050d   Thumb Code     0  llushr.o(.text)
    __scatterload                            0x0000052d   Thumb Code    28  init.o(.text)
    __scatterload_rt2                        0x0000052d   Thumb Code     0  init.o(.text)
    BOARD_BootClockRUN                       0x00000551   Thumb Code   396  clock_config.o(.text.BOARD_BootClockRUN)
    BOARD_InitPeripherals                    0x000006dd   Thumb Code     2  peripherals.o(.text.BOARD_InitPeripherals)
    BOARD_InitPins                           0x000006e1   Thumb Code    52  pin_mux.o(.text.BOARD_InitPins)
    CLOCK_AttachClk                          0x00000715   Thumb Code   146  fsl_clock.o(.text.CLOCK_AttachClk)
    CLOCK_SetClkDiv                          0x000007a9   Thumb Code    36  fsl_clock.o(.text.CLOCK_SetClkDiv)
    CLOCK_SetFLASHAccessCyclesForFreq        0x000007cd   Thumb Code   290  fsl_clock.o(.text.CLOCK_SetFLASHAccessCyclesForFreq)
    CLOCK_SetPLL0Freq                        0x000008f1   Thumb Code   390  fsl_clock.o(.text.CLOCK_SetPLL0Freq)
    CLOCK_SetupExtClocking                   0x00000a79   Thumb Code    64  fsl_clock.o(.text.CLOCK_SetupExtClocking)
    CLOCK_SetupFROClocking                   0x00000ab9   Thumb Code   102  fsl_clock.o(.text.CLOCK_SetupFROClocking)
    EventRecordData                          0x00000b21   Thumb Code   402  eventrecorder.o(.text.EventRecordData)
    EventRecorderEnable                      0x00000f69   Thumb Code   270  eventrecorder.o(.text.EventRecorderEnable)
    EventRecorderInitialize                  0x00001079   Thumb Code  1112  eventrecorder.o(.text.EventRecorderInitialize)
    EventRecorderStart                       0x000014d1   Thumb Code    94  eventrecorder.o(.text.EventRecorderStart)
    EventRecorderTimerGetCount               0x00001531   Thumb Code    12  eventrecorder.o(.text.EventRecorderTimerGetCount)
    EventRecorderTimerSetup                  0x0000153d   Thumb Code    36  eventrecorder.o(.text.EventRecorderTimerSetup)
    FLASH_Erase                              0x00001561   Thumb Code    90  fsl_iap.o(.text.FLASH_Erase)
    FLASH_GetProperty                        0x000015bd   Thumb Code    38  fsl_iap.o(.text.FLASH_GetProperty)
    FLASH_Init                               0x000015e5   Thumb Code    58  fsl_iap.o(.text.FLASH_Init)
    FLASH_Program                            0x00001621   Thumb Code    90  fsl_iap.o(.text.FLASH_Program)
    POWER_SetVoltageForFreq                  0x0000167d   Thumb Code    72  fsl_power_lib.o(.text.POWER_SetVoltageForFreq)
    SDK_DelayAtLeastUs                       0x000016c5   Thumb Code   112  fsl_common.o(.text.SDK_DelayAtLeastUs)
    SystemInit                               0x00001735   Thumb Code    68  system_lpc55s69_cm33_core0.o(.text.SystemInit)
    SystemInitHook                           0x00001779   Thumb Code     2  system_lpc55s69_cm33_core0.o(.text.SystemInitHook)
    __aeabi_assert                           0x0000177d   Thumb Code   164  retarget_io.o(.text.__aeabi_assert)
    abort                                    0x00001821   Thumb Code     2  retarget_io.o(.text.abort)
    fputc                                    0x00001825   Thumb Code    76  retarget_io.o(.text.fputc)
    main                                     0x00001a25   Thumb Code   304  main.o(.text.main)
    __0printf$bare                           0x00001b55   Thumb Code     8  printfb.o(i.__0printf$bare)
    __1printf$bare                           0x00001b55   Thumb Code     0  printfb.o(i.__0printf$bare)
    __2printf                                0x00001b55   Thumb Code     0  printfb.o(i.__0printf$bare)
    __scatterload_copy                       0x00001b65   Thumb Code    14  handlers.o(i.__scatterload_copy)
    __scatterload_null                       0x00001b73   Thumb Code     2  handlers.o(i.__scatterload_null)
    __scatterload_zeroinit                   0x00001b75   Thumb Code    14  handlers.o(i.__scatterload_zeroinit)
    fputs                                    0x00001ba5   Thumb Code    24  fputs.o(i.fputs)
    EventRecorderInfo                        0x00001bbc   Data          24  eventrecorder.o(.rodata.EventRecorderInfo)
    Region$$Table$$Base                      0x00001cb4   Number         0  anon$$obj.o(Region$$Table)
    Region$$Table$$Limit                     0x00001cd4   Number         0  anon$$obj.o(Region$$Table)
    __stdout                                 0x20000000   Data           4  stdout.o(.data)
    __stderr                                 0x20000004   Data           4  stderr.o(.data)
    SystemCoreClock                          0x20000008   Data           4  system_lpc55s69_cm33_core0.o(.data.SystemCoreClock)
    pflashBlockBase                          0x20000040   Data           4  main.o(.bss..L_MergedGlobals)
    pflashTotalSize                          0x20000044   Data           4  main.o(.bss..L_MergedGlobals)
    pflashSectorSize                         0x20000048   Data           4  main.o(.bss..L_MergedGlobals)
    PflashPageSize                           0x2000004c   Data           4  main.o(.bss..L_MergedGlobals)
    appMain                                  0x20000050   Data           4  main.o(.bss..L_MergedGlobals)
    UpdatePara                               0x20000054   Data           8  main.o(.bss..L_MergedGlobals)
    flashInstance                            0x2000005c   Data          60  main.o(.bss..L_MergedGlobals)
    runCmdFuncOption                         0x20000108   Data           4  fsl_iap.o(.bss..L_MergedGlobals)
    page_buf                                 0x200005e4   Data         512  main.o(.bss.page_buf)
    sector_buf                               0x200007e4   Data        4096  main.o(.bss.sector_buf)
    Image$$ARM_LIB_HEAP$$ZI$$Base            0x200017e4   Number         0  anon$$obj.o ABSOLUTE
    Image$$ARM_LIB_HEAP$$ZI$$Limit           0x20001be4   Number         0  anon$$obj.o ABSOLUTE
    Image$$ARM_LIB_STACK$$ZI$$Base           0x20032c00   Number         0  anon$$obj.o ABSOLUTE
    Image$$ARM_LIB_STACK$$ZI$$Limit          0x20033000   Number         0  anon$$obj.o ABSOLUTE



==============================================================================

Memory Map of the image

  Image Entry point : 0x00000201

  Load Region LR_m_text (Base: 0x00000000, Size: 0x00001d40, Max: 0x00002000, ABSOLUTE)

    Execution Region VECTOR_ROM (Exec base: 0x00000000, Load base: 0x00000000, Size: 0x00000130, Max: 0x00000200, ABSOLUTE)

    Exec Addr    Load Addr    Size         Type   Attr      Idx    E Section Name        Object

    0x00000000   0x00000000   0x00000130   Data   RO          305    .isr_vector         startup_lpc55s69_cm33_core0.o


    Execution Region ER_m_text (Exec base: 0x00000200, Load base: 0x00000200, Size: 0x00001ad4, Max: 0x00001e00, ABSOLUTE, FIXED)

    Exec Addr    Load Addr    Size         Type   Attr      Idx    E Section Name        Object

    0x00000200   0x00000200   0x00000000   Code   RO          359  * .ARM.Collect$$$$00000000  mc_w.l(entry.o)
    0x00000200   0x00000200   0x00000004   Code   RO          666    .ARM.Collect$$$$00000003  mc_w.l(entry4.o)
    0x00000204   0x00000204   0x00000004   Code   RO          669    .ARM.Collect$$$$00000004  mc_w.l(entry5.o)
    0x00000208   0x00000208   0x00000000   Code   RO          671    .ARM.Collect$$$$00000008  mc_w.l(entry7b.o)
    0x00000208   0x00000208   0x00000000   Code   RO          673    .ARM.Collect$$$$0000000A  mc_w.l(entry8b.o)
    0x00000208   0x00000208   0x00000008   Code   RO          674    .ARM.Collect$$$$0000000B  mc_w.l(entry9a.o)
    0x00000210   0x00000210   0x00000000   Code   RO          676    .ARM.Collect$$$$0000000D  mc_w.l(entry10a.o)
    0x00000210   0x00000210   0x00000000   Code   RO          678    .ARM.Collect$$$$0000000F  mc_w.l(entry11a.o)
    0x00000210   0x00000210   0x00000004   Code   RO          667    .ARM.Collect$$$$00002714  mc_w.l(entry4.o)
    0x00000214   0x00000214   0x0000022c   Code   RO          304    .text               startup_lpc55s69_cm33_core0.o
    0x00000440   0x00000440   0x00000062   Code   RO          368    .text               mc_w.l(uldiv.o)
    0x000004a2   0x000004a2   0x00000028   Code   RO          370    .text               mc_w.l(memcpy.o)
    0x000004ca   0x000004ca   0x00000024   Code   RO          374    .text               mc_w.l(memseta.o)
    0x000004ee   0x000004ee   0x0000001e   Code   RO          682    .text               mc_w.l(llshl.o)
    0x0000050c   0x0000050c   0x00000020   Code   RO          684    .text               mc_w.l(llushr.o)
    0x0000052c   0x0000052c   0x00000024   Code   RO          703    .text               mc_w.l(init.o)
    0x00000550   0x00000550   0x0000018c   Code   RO           22    .text.BOARD_BootClockRUN  clock_config.o
    0x000006dc   0x000006dc   0x00000002   Code   RO           34    .text.BOARD_InitPeripherals  peripherals.o
    0x000006de   0x000006de   0x00000002   PAD
    0x000006e0   0x000006e0   0x00000034   Code   RO           48    .text.BOARD_InitPins  pin_mux.o
    0x00000714   0x00000714   0x00000092   Code   RO          115    .text.CLOCK_AttachClk  fsl_clock.o
    0x000007a6   0x000007a6   0x00000002   PAD
    0x000007a8   0x000007a8   0x00000024   Code   RO          119    .text.CLOCK_SetClkDiv  fsl_clock.o
    0x000007cc   0x000007cc   0x00000122   Code   RO          127    .text.CLOCK_SetFLASHAccessCyclesForFreq  fsl_clock.o
    0x000008ee   0x000008ee   0x00000002   PAD
    0x000008f0   0x000008f0   0x00000186   Code   RO          199    .text.CLOCK_SetPLL0Freq  fsl_clock.o
    0x00000a76   0x00000a76   0x00000002   PAD
    0x00000a78   0x00000a78   0x00000040   Code   RO          129    .text.CLOCK_SetupExtClocking  fsl_clock.o
    0x00000ab8   0x00000ab8   0x00000066   Code   RO          125    .text.CLOCK_SetupFROClocking  fsl_clock.o
    0x00000b1e   0x00000b1e   0x00000002   PAD
    0x00000b20   0x00000b20   0x00000192   Code   RO           78    .text.EventRecordData  eventrecorder.o
    0x00000cb2   0x00000cb2   0x00000002   PAD
    0x00000cb4   0x00000cb4   0x000002b4   Code   RO           68    .text.EventRecordItem  eventrecorder.o
    0x00000f68   0x00000f68   0x0000010e   Code   RO           66    .text.EventRecorderEnable  eventrecorder.o
    0x00001076   0x00001076   0x00000002   PAD
    0x00001078   0x00001078   0x00000458   Code   RO           64    .text.EventRecorderInitialize  eventrecorder.o
    0x000014d0   0x000014d0   0x0000005e   Code   RO           70    .text.EventRecorderStart  eventrecorder.o
    0x0000152e   0x0000152e   0x00000002   PAD
    0x00001530   0x00001530   0x0000000c   Code   RO           62    .text.EventRecorderTimerGetCount  eventrecorder.o
    0x0000153c   0x0000153c   0x00000024   Code   RO           58    .text.EventRecorderTimerSetup  eventrecorder.o
    0x00001560   0x00001560   0x0000005a   Code   RO          247    .text.FLASH_Erase   fsl_iap.o
    0x000015ba   0x000015ba   0x00000002   PAD
    0x000015bc   0x000015bc   0x00000026   Code   RO          255    .text.FLASH_GetProperty  fsl_iap.o
    0x000015e2   0x000015e2   0x00000002   PAD
    0x000015e4   0x000015e4   0x0000003a   Code   RO          245    .text.FLASH_Init    fsl_iap.o
    0x0000161e   0x0000161e   0x00000002   PAD
    0x00001620   0x00001620   0x0000005a   Code   RO          249    .text.FLASH_Program  fsl_iap.o
    0x0000167a   0x0000167a   0x00000002   PAD
    0x0000167c   0x0000167c   0x00000048   Code   RO          343    .text.POWER_SetVoltageForFreq  keil_lib_power_cm33_core0.lib(fsl_power_lib.o)
    0x000016c4   0x000016c4   0x00000070   Code   RO          233    .text.SDK_DelayAtLeastUs  fsl_common.o
    0x00001734   0x00001734   0x00000044   Code   RO          311    .text.SystemInit    system_lpc55s69_cm33_core0.o
    0x00001778   0x00001778   0x00000002   Code   RO          313    .text.SystemInitHook  system_lpc55s69_cm33_core0.o
    0x0000177a   0x0000177a   0x00000002   PAD
    0x0000177c   0x0000177c   0x000000a4   Code   RO          101    .text.__aeabi_assert  retarget_io.o
    0x00001820   0x00001820   0x00000002   Code   RO          103    .text.abort         retarget_io.o
    0x00001822   0x00001822   0x00000002   PAD
    0x00001824   0x00001824   0x0000004c   Code   RO           95    .text.fputc         retarget_io.o
    0x00001870   0x00001870   0x00000048   Code   RO          345    .text.lowpower_set_dcdc_power_profile  keil_lib_power_cm33_core0.lib(fsl_power_lib.o)
    0x000018b8   0x000018b8   0x000000d4   Code   RO          357    .text.lowpower_set_system_voltage  keil_lib_power_cm33_core0.lib(fsl_power_lib.o)
    0x0000198c   0x0000198c   0x00000098   Code   RO          347    .text.lowpower_set_voltage_for_process  keil_lib_power_cm33_core0.lib(fsl_power_lib.o)
    0x00001a24   0x00001a24   0x00000130   Code   RO            6    .text.main          main.o
    0x00001b54   0x00001b54   0x00000010   Code   RO          379    i.__0printf$bare    mc_w.l(printfb.o)
    0x00001b64   0x00001b64   0x0000000e   Code   RO          711    i.__scatterload_copy  mc_w.l(handlers.o)
    0x00001b72   0x00001b72   0x00000002   Code   RO          712    i.__scatterload_null  mc_w.l(handlers.o)
    0x00001b74   0x00001b74   0x0000000e   Code   RO          713    i.__scatterload_zeroinit  mc_w.l(handlers.o)
    0x00001b82   0x00001b82   0x00000022   Code   RO          386    i._printf_core      mc_w.l(printfb.o)
    0x00001ba4   0x00001ba4   0x00000018   Code   RO          362    i.fputs             mc_w.l(fputs.o)
    0x00001bbc   0x00001bbc   0x00000018   Data   RO           85    .rodata.EventRecorderInfo  eventrecorder.o
    0x00001bd4   0x00001bd4   0x00000020   Data   RO           24    .rodata.cst32       clock_config.o
    0x00001bf4   0x00001bf4   0x00000055   Data   RO          235    .rodata.str1.1      fsl_common.o
    0x00001c49   0x00001c49   0x0000006a   Data   RO          277    .rodata.str1.1      fsl_iap.o
    0x00001cb3   0x00001cb3   0x00000001   PAD
    0x00001cb4   0x00001cb4   0x00000020   Data   RO          710    Region$$Table       anon$$obj.o


    Execution Region RW_m_data (Exec base: 0x20000000, Load base: 0x00001d00, Size: 0x000017e4, Max: 0x00032800, ABSOLUTE)

    Exec Addr    Load Addr    Size         Type   Attr      Idx    E Section Name        Object

    0x20000000   0x00001d00   0x00000004   Data   RW          366    .data               mc_w.l(stdout.o)
    0x20000004   0x00001d04   0x00000004   Data   RW          367    .data               mc_w.l(stderr.o)
    0x20000008   0x00001d08   0x00000004   Data   RW          317    .data.SystemCoreClock  system_lpc55s69_cm33_core0.o
    0x2000000c   0x00001d0c   0x00000004   Data   RW          215    .data.s_Ext_Clk_Freq  fsl_clock.o
    0x20000010   0x00001d10   0x00000030   PAD
    0x20000040        -       0x00000058   Zero   RW           11    .bss..L_MergedGlobals  main.o
    0x20000098        -       0x0000000c   Zero   RW          105    .bss..L_MergedGlobals  retarget_io.o
    0x200000a4        -       0x00000060   Zero   RW          219    .bss..L_MergedGlobals  fsl_clock.o
    0x20000104        -       0x00000008   Zero   RW          278    .bss..L_MergedGlobals  fsl_iap.o
    0x2000010c   0x00001d10   0x00000034   PAD
    0x20000140        -       0x000004a4   Zero   RW           84    .bss.noinit         eventrecorder.o
    0x200005e4        -       0x00000200   Zero   RW            9    .bss.page_buf       main.o
    0x200007e4        -       0x00001000   Zero   RW            8    .bss.sector_buf     main.o


    Execution Region ARM_LIB_HEAP (Exec base: 0x200017e4, Load base: 0x00001d40, Size: 0x00000400, Max: 0x00000400, ABSOLUTE)

    Exec Addr    Load Addr    Size         Type   Attr      Idx    E Section Name        Object

    0x200017e4        -       0x00000400   Zero   RW            1    ARM_LIB_HEAP.bss    anon$$obj.o


    Execution Region ARM_LIB_STACK (Exec base: 0x20032c00, Load base: 0x00001d40, Size: 0x00000400, Max: 0x00000400, ABSOLUTE)

    Exec Addr    Load Addr    Size         Type   Attr      Idx    E Section Name        Object

    0x20032c00        -       0x00000400   Zero   RW            2    ARM_LIB_STACK.bss   anon$$obj.o


    Execution Region RW_m_usb_bdt (Exec base: 0x40100000, Load base: 0x00001d40, Size: 0x00000000, Max: 0x00000000, ABSOLUTE, UNINIT)

    **** No section assigned to this execution region ****


    Execution Region RW_m_usb_ram (Exec base: 0x40100000, Load base: 0x00001d40, Size: 0x00000000, Max: 0x00004000, ABSOLUTE, UNINIT)

    **** No section assigned to this execution region ****


==============================================================================

Image component sizes


      Code (inc. data)   RO Data    RW Data    ZI Data      Debug   Object Name

       396          0         32          0          0      12760   clock_config.o
      2618          0         24          0       1188      16667   eventrecorder.o
      1028          4          0          4         96      49908   fsl_clock.o
       112         36         85          0          0       1996   fsl_common.o
       276          0        106          0          8       8957   fsl_iap.o
       304         16          0          0       4696       4210   main.o
         2          0          0          0          0        445   peripherals.o
        52          0          0          0          0       7946   pin_mux.o
       242         40          0          0         12       2262   retarget_io.o
       556        272        304          0          0       2905   startup_lpc55s69_cm33_core0.o
        70          0          0          4          0      10369   system_lpc55s69_cm33_core0.o

    ----------------------------------------------------------------------
      5684        368        584          8       8148     118425   Object Totals
         0          0         32          0       2048          0   (incl. Generated)
        28          0          1          0        100          0   (incl. Padding)

    ----------------------------------------------------------------------

      Code (inc. data)   RO Data    RW Data    ZI Data      Debug   Library Member Name

       508         36          0          0          0          0   fsl_power_lib.o
         0          0          0          0          0          0   entry.o
         0          0          0          0          0          0   entry10a.o
         0          0          0          0          0          0   entry11a.o
         8          4          0          0          0          0   entry4.o
         4          0          0          0          0          0   entry5.o
         0          0          0          0          0          0   entry7b.o
         0          0          0          0          0          0   entry8b.o
         8          4          0          0          0          0   entry9a.o
        24          0          0          0          0         80   fputs.o
        30          0          0          0          0          0   handlers.o
        36          8          0          0          0         68   init.o
        30          0          0          0          0         68   llshl.o
        32          0          0          0          0         68   llushr.o
        40          0          0          0          0         76   memcpy.o
        36          0          0          0          0        108   memseta.o
        50          8          0          0          0        152   printfb.o
         0          0          0          4          0          0   stderr.o
         0          0          0          4          0          0   stdout.o
        98          0          0          0          0         92   uldiv.o

    ----------------------------------------------------------------------
       904         60          0          8          0        712   Library Totals
         0          0          0          0          0          0   (incl. Padding)

    ----------------------------------------------------------------------

      Code (inc. data)   RO Data    RW Data    ZI Data      Debug   Library Name

       508         36          0          0          0          0   keil_lib_power_cm33_core0.lib
       396         24          0          8          0        712   mc_w.l

    ----------------------------------------------------------------------
       904         60          0          8          0        712   Library Totals

    ----------------------------------------------------------------------

==============================================================================


      Code (inc. data)   RO Data    RW Data    ZI Data      Debug   

      6588        428        584         16       8148     118885   Grand Totals
      6588        428        584         16       8148     118885   ELF Image Totals
      6588        428        584         16          0          0   ROM Totals

==============================================================================

    Total RO  Size (Code + RO Data)                 7172 (   7.00kB)
    Total RW  Size (RW Data + ZI Data)              8164 (   7.97kB)
    Total ROM Size (Code + RO Data + RW Data)       7188 (   7.02kB)

==============================================================================

