<!doctype html public "-//w3c//dtd html 4.0 transitional//en">
<html><head>
<title>Static Call Graph - [.\Objects\core0.axf]</title></head>
<body><HR>
<H1>Static Call Graph for image .\Objects\core0.axf</H1><HR>
<BR><P>#&#060CALLGRAPH&#062# ARM Linker, 6130100: Last Updated: Sat Jan  2 23:20:57 2021
<BR><P>
<H3>Maximum Stack Usage =        256 bytes + Unknown(Functions without stacksize, Cycles, Untraceable Function Pointers)</H3><H3>
Call chain for Maximum Stack Depth:</H3>
prvTimerTask &rArr; prvProcessReceivedCommands &rArr; prvSampleTimeNow &rArr; prvSwitchTimerLists &rArr; xTimerGenericCommand &rArr; xQueueGenericSend &rArr; xTaskResumeAll &rArr; xTaskIncrementTick
<P>
<H3>
Functions with no stack information
</H3><UL>
 <LI><a href="#[4]">Reset_Handler</a>
 <LI><a href="#[66]">ACMP_DriverIRQHandler</a>
 <LI><a href="#[64]">ADC0_DriverIRQHandler</a>
 <LI><a href="#[8]">BusFault_Handler</a>
 <LI><a href="#[85]">CASER_DriverIRQHandler</a>
 <LI><a href="#[c]">DebugMon_Handler</a>
 <LI><a href="#[3]">DefaultISR</a>
 <LI><a href="#[84]">HASHCRYPT_DriverIRQHandler</a>
 <LI><a href="#[6d]">MAILBOX_DriverIRQHandler</a>
 <LI><a href="#[57]">MRT0_DriverIRQHandler</a>
 <LI><a href="#[7]">MemManage_Handler</a>
 <LI><a href="#[74]">OS_EVENT_DriverIRQHandler</a>
 <LI><a href="#[82]">PLU_DriverIRQHandler</a>
 <LI><a href="#[87]">PQ_DriverIRQHandler</a>
 <LI><a href="#[86]">PUF_DriverIRQHandler</a>
 <LI><a href="#[6b]">RTC_DriverIRQHandler</a>
 <LI><a href="#[65]">Reserved39_DriverIRQHandler</a>
 <LI><a href="#[67]">Reserved41_DriverIRQHandler</a>
 <LI><a href="#[68]">Reserved42_DriverIRQHandler</a>
 <LI><a href="#[6c]">Reserved46_DriverIRQHandler</a>
 <LI><a href="#[75]">Reserved55_DriverIRQHandler</a>
 <LI><a href="#[76]">Reserved56_DriverIRQHandler</a>
 <LI><a href="#[77]">Reserved57_DriverIRQHandler</a>
 <LI><a href="#[79]">Reserved59_DriverIRQHandler</a>
 <LI><a href="#[7a]">Reserved60_DriverIRQHandler</a>
 <LI><a href="#[7b]">Reserved61_DriverIRQHandler</a>
 <LI><a href="#[5a]">SCT0_DriverIRQHandler</a>
 <LI><a href="#[78]">SDIO_DriverIRQHandler</a>
 <LI><a href="#[7f]">SEC_HYPERVISOR_CALL_DriverIRQHandler</a>
 <LI><a href="#[83]">SEC_VIO_DriverIRQHandler</a>
 <LI><a href="#[a]">SecureFault_Handler</a>
 <LI><a href="#[6a]">USB0_DriverIRQHandler</a>
 <LI><a href="#[69]">USB0_NEEDCLK_DriverIRQHandler</a>
 <LI><a href="#[7d]">USB1_DriverIRQHandler</a>
 <LI><a href="#[7e]">USB1_NEEDCLK_DriverIRQHandler</a>
 <LI><a href="#[7c]">USB1_PHY_DriverIRQHandler</a>
 <LI><a href="#[9]">UsageFault_Handler</a>
 <LI><a href="#[4e]">WDT_BOD_DriverIRQHandler</a>
 <LI><a href="#[5]">NMI_Handler</a>
 <LI><a href="#[6]">HardFault_Handler</a>
 <LI><a href="#[f]">WDT_BOD_IRQHandler</a>
 <LI><a href="#[10]">DMA0_IRQHandler</a>
 <LI><a href="#[11]">GINT0_IRQHandler</a>
 <LI><a href="#[12]">GINT1_IRQHandler</a>
 <LI><a href="#[13]">PIN_INT0_IRQHandler</a>
 <LI><a href="#[14]">PIN_INT1_IRQHandler</a>
 <LI><a href="#[15]">PIN_INT2_IRQHandler</a>
 <LI><a href="#[16]">PIN_INT3_IRQHandler</a>
 <LI><a href="#[17]">UTICK0_IRQHandler</a>
 <LI><a href="#[18]">MRT0_IRQHandler</a>
 <LI><a href="#[19]">CTIMER0_IRQHandler</a>
 <LI><a href="#[1a]">CTIMER1_IRQHandler</a>
 <LI><a href="#[1b]">SCT0_IRQHandler</a>
 <LI><a href="#[1c]">CTIMER3_IRQHandler</a>
 <LI><a href="#[1d]">FLEXCOMM0_IRQHandler</a>
 <LI><a href="#[1e]">FLEXCOMM1_IRQHandler</a>
 <LI><a href="#[21]">FLEXCOMM4_IRQHandler</a>
 <LI><a href="#[22]">FLEXCOMM5_IRQHandler</a>
 <LI><a href="#[23]">FLEXCOMM6_IRQHandler</a>
 <LI><a href="#[24]">FLEXCOMM7_IRQHandler</a>
 <LI><a href="#[25]">ADC0_IRQHandler</a>
 <LI><a href="#[26]">Reserved39_IRQHandler</a>
 <LI><a href="#[27]">ACMP_IRQHandler</a>
 <LI><a href="#[28]">Reserved41_IRQHandler</a>
 <LI><a href="#[29]">Reserved42_IRQHandler</a>
 <LI><a href="#[2a]">USB0_NEEDCLK_IRQHandler</a>
 <LI><a href="#[2b]">USB0_IRQHandler</a>
 <LI><a href="#[2c]">RTC_IRQHandler</a>
 <LI><a href="#[2d]">Reserved46_IRQHandler</a>
 <LI><a href="#[2f]">PIN_INT4_IRQHandler</a>
 <LI><a href="#[30]">PIN_INT5_IRQHandler</a>
 <LI><a href="#[31]">PIN_INT6_IRQHandler</a>
 <LI><a href="#[32]">PIN_INT7_IRQHandler</a>
 <LI><a href="#[33]">CTIMER2_IRQHandler</a>
 <LI><a href="#[34]">CTIMER4_IRQHandler</a>
 <LI><a href="#[35]">OS_EVENT_IRQHandler</a>
 <LI><a href="#[36]">Reserved55_IRQHandler</a>
 <LI><a href="#[37]">Reserved56_IRQHandler</a>
 <LI><a href="#[38]">Reserved57_IRQHandler</a>
 <LI><a href="#[39]">SDIO_IRQHandler</a>
 <LI><a href="#[3a]">Reserved59_IRQHandler</a>
 <LI><a href="#[3b]">Reserved60_IRQHandler</a>
 <LI><a href="#[3c]">Reserved61_IRQHandler</a>
 <LI><a href="#[3d]">USB1_PHY_IRQHandler</a>
 <LI><a href="#[3f]">USB1_NEEDCLK_IRQHandler</a>
 <LI><a href="#[40]">SEC_HYPERVISOR_CALL_IRQHandler</a>
 <LI><a href="#[41]">SEC_GPIO_INT0_IRQ0_IRQHandler</a>
 <LI><a href="#[42]">SEC_GPIO_INT0_IRQ1_IRQHandler</a>
 <LI><a href="#[43]">PLU_IRQHandler</a>
 <LI><a href="#[44]">SEC_VIO_IRQHandler</a>
 <LI><a href="#[45]">HASHCRYPT_IRQHandler</a>
 <LI><a href="#[46]">CASER_IRQHandler</a>
 <LI><a href="#[47]">PUF_IRQHandler</a>
 <LI><a href="#[48]">PQ_IRQHandler</a>
 <LI><a href="#[49]">DMA1_IRQHandler</a>
 <LI><a href="#[4a]">FLEXCOMM8_IRQHandler</a>
 <LI><a href="#[ca]">POWER_SetVoltageForFreq</a>
 <LI><a href="#[129]">lowpower_set_dcdc_power_profile</a>
 <LI><a href="#[191]">lowpower_set_system_voltage</a>
 <LI><a href="#[12a]">lowpower_set_voltage_for_process</a>
</UL>
</UL>
<P>
<H3>
Mutually Recursive functions
</H3> <LI><a href="#[18e]">abort</a>&nbsp;&nbsp;&nbsp;&rArr;&nbsp;&nbsp;&nbsp;<a href="#[18e]">abort</a><BR>
 <LI><a href="#[17e]">USB_DeviceLpc3511IpSetDefaultState</a>&nbsp;&nbsp;&nbsp;&rArr;&nbsp;&nbsp;&nbsp;<a href="#[a4]">USB_DeviceLpc3511IpControl</a><BR>
</UL>
<P>
<H3>
Function Pointers
</H3><UL>
 <LI><a href="#[66]">ACMP_DriverIRQHandler</a> from startup_lpc55s69_cm33_core0.o(.text) referenced from startup_lpc55s69_cm33_core0.o(.text)
 <LI><a href="#[27]">ACMP_IRQHandler</a> from startup_lpc55s69_cm33_core0.o(.text) referenced from startup_lpc55s69_cm33_core0.o(.isr_vector)
 <LI><a href="#[64]">ADC0_DriverIRQHandler</a> from startup_lpc55s69_cm33_core0.o(.text) referenced from startup_lpc55s69_cm33_core0.o(.text)
 <LI><a href="#[25]">ADC0_IRQHandler</a> from startup_lpc55s69_cm33_core0.o(.text) referenced from startup_lpc55s69_cm33_core0.o(.isr_vector)
 <LI><a href="#[95]">APPTask</a> from composite.o(.text.APPTask) referenced 2 times from composite.o(.text.main)
 <LI><a href="#[8]">BusFault_Handler</a> from startup_lpc55s69_cm33_core0.o(.text) referenced from startup_lpc55s69_cm33_core0.o(.isr_vector)
 <LI><a href="#[85]">CASER_DriverIRQHandler</a> from startup_lpc55s69_cm33_core0.o(.text) referenced from startup_lpc55s69_cm33_core0.o(.text)
 <LI><a href="#[46]">CASER_IRQHandler</a> from startup_lpc55s69_cm33_core0.o(.text) referenced from startup_lpc55s69_cm33_core0.o(.isr_vector)
 <LI><a href="#[58]">CTIMER0_DriverIRQHandler</a> from fsl_ctimer.o(.text.CTIMER0_DriverIRQHandler) referenced from startup_lpc55s69_cm33_core0.o(.text)
 <LI><a href="#[19]">CTIMER0_IRQHandler</a> from startup_lpc55s69_cm33_core0.o(.text) referenced from startup_lpc55s69_cm33_core0.o(.isr_vector)
 <LI><a href="#[59]">CTIMER1_DriverIRQHandler</a> from fsl_ctimer.o(.text.CTIMER1_DriverIRQHandler) referenced from startup_lpc55s69_cm33_core0.o(.text)
 <LI><a href="#[1a]">CTIMER1_IRQHandler</a> from startup_lpc55s69_cm33_core0.o(.text) referenced from startup_lpc55s69_cm33_core0.o(.isr_vector)
 <LI><a href="#[72]">CTIMER2_DriverIRQHandler</a> from fsl_ctimer.o(.text.CTIMER2_DriverIRQHandler) referenced from startup_lpc55s69_cm33_core0.o(.text)
 <LI><a href="#[33]">CTIMER2_IRQHandler</a> from startup_lpc55s69_cm33_core0.o(.text) referenced from startup_lpc55s69_cm33_core0.o(.isr_vector)
 <LI><a href="#[5b]">CTIMER3_DriverIRQHandler</a> from fsl_ctimer.o(.text.CTIMER3_DriverIRQHandler) referenced from startup_lpc55s69_cm33_core0.o(.text)
 <LI><a href="#[1c]">CTIMER3_IRQHandler</a> from startup_lpc55s69_cm33_core0.o(.text) referenced from startup_lpc55s69_cm33_core0.o(.isr_vector)
 <LI><a href="#[73]">CTIMER4_DriverIRQHandler</a> from fsl_ctimer.o(.text.CTIMER4_DriverIRQHandler) referenced from startup_lpc55s69_cm33_core0.o(.text)
 <LI><a href="#[34]">CTIMER4_IRQHandler</a> from startup_lpc55s69_cm33_core0.o(.text) referenced from startup_lpc55s69_cm33_core0.o(.isr_vector)
 <LI><a href="#[4f]">DMA0_DriverIRQHandler</a> from fsl_dma.o(.text.DMA0_DriverIRQHandler) referenced from startup_lpc55s69_cm33_core0.o(.text)
 <LI><a href="#[10]">DMA0_IRQHandler</a> from startup_lpc55s69_cm33_core0.o(.text) referenced from startup_lpc55s69_cm33_core0.o(.isr_vector)
 <LI><a href="#[88]">DMA1_DriverIRQHandler</a> from fsl_dma.o(.text.DMA1_DriverIRQHandler) referenced from startup_lpc55s69_cm33_core0.o(.text)
 <LI><a href="#[49]">DMA1_IRQHandler</a> from startup_lpc55s69_cm33_core0.o(.text) referenced from startup_lpc55s69_cm33_core0.o(.isr_vector)
 <LI><a href="#[c]">DebugMon_Handler</a> from startup_lpc55s69_cm33_core0.o(.text) referenced from startup_lpc55s69_cm33_core0.o(.isr_vector)
 <LI><a href="#[3]">DefaultISR</a> from startup_lpc55s69_cm33_core0.o(.text) referenced 2 times from fsl_utick.o(.data.s_utickIsr)
 <LI><a href="#[5c]">FLEXCOMM0_DriverIRQHandler</a> from fsl_flexcomm.o(.text.FLEXCOMM0_DriverIRQHandler) referenced from startup_lpc55s69_cm33_core0.o(.text)
 <LI><a href="#[1d]">FLEXCOMM0_IRQHandler</a> from startup_lpc55s69_cm33_core0.o(.text) referenced from startup_lpc55s69_cm33_core0.o(.isr_vector)
 <LI><a href="#[5d]">FLEXCOMM1_DriverIRQHandler</a> from fsl_flexcomm.o(.text.FLEXCOMM1_DriverIRQHandler) referenced from startup_lpc55s69_cm33_core0.o(.text)
 <LI><a href="#[1e]">FLEXCOMM1_IRQHandler</a> from startup_lpc55s69_cm33_core0.o(.text) referenced from startup_lpc55s69_cm33_core0.o(.isr_vector)
 <LI><a href="#[5e]">FLEXCOMM2_DriverIRQHandler</a> from fsl_flexcomm.o(.text.FLEXCOMM2_DriverIRQHandler) referenced from startup_lpc55s69_cm33_core0.o(.text)
 <LI><a href="#[1f]">FLEXCOMM2_IRQHandler</a> from nbiot_app.o(.text.FLEXCOMM2_IRQHandler) referenced from startup_lpc55s69_cm33_core0.o(.isr_vector)
 <LI><a href="#[5f]">FLEXCOMM3_DriverIRQHandler</a> from fsl_flexcomm.o(.text.FLEXCOMM3_DriverIRQHandler) referenced from startup_lpc55s69_cm33_core0.o(.text)
 <LI><a href="#[20]">FLEXCOMM3_IRQHandler</a> from ble_app.o(.text.FLEXCOMM3_IRQHandler) referenced from startup_lpc55s69_cm33_core0.o(.isr_vector)
 <LI><a href="#[60]">FLEXCOMM4_DriverIRQHandler</a> from fsl_flexcomm.o(.text.FLEXCOMM4_DriverIRQHandler) referenced from startup_lpc55s69_cm33_core0.o(.text)
 <LI><a href="#[21]">FLEXCOMM4_IRQHandler</a> from startup_lpc55s69_cm33_core0.o(.text) referenced from startup_lpc55s69_cm33_core0.o(.isr_vector)
 <LI><a href="#[61]">FLEXCOMM5_DriverIRQHandler</a> from fsl_flexcomm.o(.text.FLEXCOMM5_DriverIRQHandler) referenced from startup_lpc55s69_cm33_core0.o(.text)
 <LI><a href="#[22]">FLEXCOMM5_IRQHandler</a> from startup_lpc55s69_cm33_core0.o(.text) referenced from startup_lpc55s69_cm33_core0.o(.isr_vector)
 <LI><a href="#[62]">FLEXCOMM6_DriverIRQHandler</a> from fsl_flexcomm.o(.text.FLEXCOMM6_DriverIRQHandler) referenced from startup_lpc55s69_cm33_core0.o(.text)
 <LI><a href="#[23]">FLEXCOMM6_IRQHandler</a> from startup_lpc55s69_cm33_core0.o(.text) referenced from startup_lpc55s69_cm33_core0.o(.isr_vector)
 <LI><a href="#[63]">FLEXCOMM7_DriverIRQHandler</a> from fsl_flexcomm.o(.text.FLEXCOMM7_DriverIRQHandler) referenced from startup_lpc55s69_cm33_core0.o(.text)
 <LI><a href="#[24]">FLEXCOMM7_IRQHandler</a> from startup_lpc55s69_cm33_core0.o(.text) referenced from startup_lpc55s69_cm33_core0.o(.isr_vector)
 <LI><a href="#[89]">FLEXCOMM8_DriverIRQHandler</a> from fsl_flexcomm.o(.text.FLEXCOMM8_DriverIRQHandler) referenced from startup_lpc55s69_cm33_core0.o(.text)
 <LI><a href="#[4a]">FLEXCOMM8_IRQHandler</a> from startup_lpc55s69_cm33_core0.o(.text) referenced from startup_lpc55s69_cm33_core0.o(.isr_vector)
 <LI><a href="#[50]">GINT0_DriverIRQHandler</a> from fsl_gint.o(.text.GINT0_DriverIRQHandler) referenced from startup_lpc55s69_cm33_core0.o(.text)
 <LI><a href="#[11]">GINT0_IRQHandler</a> from startup_lpc55s69_cm33_core0.o(.text) referenced from startup_lpc55s69_cm33_core0.o(.isr_vector)
 <LI><a href="#[51]">GINT1_DriverIRQHandler</a> from fsl_gint.o(.text.GINT1_DriverIRQHandler) referenced from startup_lpc55s69_cm33_core0.o(.text)
 <LI><a href="#[12]">GINT1_IRQHandler</a> from startup_lpc55s69_cm33_core0.o(.text) referenced from startup_lpc55s69_cm33_core0.o(.isr_vector)
 <LI><a href="#[84]">HASHCRYPT_DriverIRQHandler</a> from startup_lpc55s69_cm33_core0.o(.text) referenced from startup_lpc55s69_cm33_core0.o(.text)
 <LI><a href="#[45]">HASHCRYPT_IRQHandler</a> from startup_lpc55s69_cm33_core0.o(.text) referenced from startup_lpc55s69_cm33_core0.o(.isr_vector)
 <LI><a href="#[6]">HardFault_Handler</a> from startup_lpc55s69_cm33_core0.o(.text) referenced from startup_lpc55s69_cm33_core0.o(.isr_vector)
 <LI><a href="#[6]">HardFault_Handler</a> from startup_lpc55s69_cm33_core0.o(.text) referenced from startup_lpc55s69_cm33_core0.o(.text)
 <LI><a href="#[8c]">I2S_DMACallback</a> from fsl_i2s_dma.o(.text.I2S_DMACallback) referenced 2 times from fsl_i2s_dma.o(.text.I2S_TxTransferCreateHandleDMA)
 <LI><a href="#[6d]">MAILBOX_DriverIRQHandler</a> from startup_lpc55s69_cm33_core0.o(.text) referenced from startup_lpc55s69_cm33_core0.o(.text)
 <LI><a href="#[2e]">MAILBOX_IRQHandler</a> from core1_app.o(.text.MAILBOX_IRQHandler) referenced from startup_lpc55s69_cm33_core0.o(.isr_vector)
 <LI><a href="#[57]">MRT0_DriverIRQHandler</a> from startup_lpc55s69_cm33_core0.o(.text) referenced from startup_lpc55s69_cm33_core0.o(.text)
 <LI><a href="#[18]">MRT0_IRQHandler</a> from startup_lpc55s69_cm33_core0.o(.text) referenced from startup_lpc55s69_cm33_core0.o(.isr_vector)
 <LI><a href="#[7]">MemManage_Handler</a> from startup_lpc55s69_cm33_core0.o(.text) referenced from startup_lpc55s69_cm33_core0.o(.isr_vector)
 <LI><a href="#[5]">NMI_Handler</a> from startup_lpc55s69_cm33_core0.o(.text) referenced from startup_lpc55s69_cm33_core0.o(.isr_vector)
 <LI><a href="#[5]">NMI_Handler</a> from startup_lpc55s69_cm33_core0.o(.text) referenced from startup_lpc55s69_cm33_core0.o(.text)
 <LI><a href="#[74]">OS_EVENT_DriverIRQHandler</a> from startup_lpc55s69_cm33_core0.o(.text) referenced from startup_lpc55s69_cm33_core0.o(.text)
 <LI><a href="#[35]">OS_EVENT_IRQHandler</a> from startup_lpc55s69_cm33_core0.o(.text) referenced from startup_lpc55s69_cm33_core0.o(.isr_vector)
 <LI><a href="#[52]">PIN_INT0_DriverIRQHandler</a> from fsl_pint.o(.text.PIN_INT0_DriverIRQHandler) referenced from startup_lpc55s69_cm33_core0.o(.text)
 <LI><a href="#[13]">PIN_INT0_IRQHandler</a> from startup_lpc55s69_cm33_core0.o(.text) referenced from startup_lpc55s69_cm33_core0.o(.isr_vector)
 <LI><a href="#[53]">PIN_INT1_DriverIRQHandler</a> from fsl_pint.o(.text.PIN_INT1_DriverIRQHandler) referenced from startup_lpc55s69_cm33_core0.o(.text)
 <LI><a href="#[14]">PIN_INT1_IRQHandler</a> from startup_lpc55s69_cm33_core0.o(.text) referenced from startup_lpc55s69_cm33_core0.o(.isr_vector)
 <LI><a href="#[54]">PIN_INT2_DriverIRQHandler</a> from fsl_pint.o(.text.PIN_INT2_DriverIRQHandler) referenced from startup_lpc55s69_cm33_core0.o(.text)
 <LI><a href="#[15]">PIN_INT2_IRQHandler</a> from startup_lpc55s69_cm33_core0.o(.text) referenced from startup_lpc55s69_cm33_core0.o(.isr_vector)
 <LI><a href="#[55]">PIN_INT3_DriverIRQHandler</a> from fsl_pint.o(.text.PIN_INT3_DriverIRQHandler) referenced from startup_lpc55s69_cm33_core0.o(.text)
 <LI><a href="#[16]">PIN_INT3_IRQHandler</a> from startup_lpc55s69_cm33_core0.o(.text) referenced from startup_lpc55s69_cm33_core0.o(.isr_vector)
 <LI><a href="#[6e]">PIN_INT4_DriverIRQHandler</a> from fsl_pint.o(.text.PIN_INT4_DriverIRQHandler) referenced from startup_lpc55s69_cm33_core0.o(.text)
 <LI><a href="#[2f]">PIN_INT4_IRQHandler</a> from startup_lpc55s69_cm33_core0.o(.text) referenced from startup_lpc55s69_cm33_core0.o(.isr_vector)
 <LI><a href="#[6f]">PIN_INT5_DriverIRQHandler</a> from fsl_pint.o(.text.PIN_INT5_DriverIRQHandler) referenced from startup_lpc55s69_cm33_core0.o(.text)
 <LI><a href="#[30]">PIN_INT5_IRQHandler</a> from startup_lpc55s69_cm33_core0.o(.text) referenced from startup_lpc55s69_cm33_core0.o(.isr_vector)
 <LI><a href="#[70]">PIN_INT6_DriverIRQHandler</a> from fsl_pint.o(.text.PIN_INT6_DriverIRQHandler) referenced from startup_lpc55s69_cm33_core0.o(.text)
 <LI><a href="#[31]">PIN_INT6_IRQHandler</a> from startup_lpc55s69_cm33_core0.o(.text) referenced from startup_lpc55s69_cm33_core0.o(.isr_vector)
 <LI><a href="#[71]">PIN_INT7_DriverIRQHandler</a> from fsl_pint.o(.text.PIN_INT7_DriverIRQHandler) referenced from startup_lpc55s69_cm33_core0.o(.text)
 <LI><a href="#[32]">PIN_INT7_IRQHandler</a> from startup_lpc55s69_cm33_core0.o(.text) referenced from startup_lpc55s69_cm33_core0.o(.isr_vector)
 <LI><a href="#[82]">PLU_DriverIRQHandler</a> from startup_lpc55s69_cm33_core0.o(.text) referenced from startup_lpc55s69_cm33_core0.o(.text)
 <LI><a href="#[43]">PLU_IRQHandler</a> from startup_lpc55s69_cm33_core0.o(.text) referenced from startup_lpc55s69_cm33_core0.o(.isr_vector)
 <LI><a href="#[87]">PQ_DriverIRQHandler</a> from startup_lpc55s69_cm33_core0.o(.text) referenced from startup_lpc55s69_cm33_core0.o(.text)
 <LI><a href="#[48]">PQ_IRQHandler</a> from startup_lpc55s69_cm33_core0.o(.text) referenced from startup_lpc55s69_cm33_core0.o(.isr_vector)
 <LI><a href="#[86]">PUF_DriverIRQHandler</a> from startup_lpc55s69_cm33_core0.o(.text) referenced from startup_lpc55s69_cm33_core0.o(.text)
 <LI><a href="#[47]">PUF_IRQHandler</a> from startup_lpc55s69_cm33_core0.o(.text) referenced from startup_lpc55s69_cm33_core0.o(.isr_vector)
 <LI><a href="#[d]">PendSV_Handler</a> from portasm.o(.text.PendSV_Handler) referenced from startup_lpc55s69_cm33_core0.o(.isr_vector)
 <LI><a href="#[d]">PendSV_Handler</a> from portasm.o(.text.PendSV_Handler) referenced from startup_lpc55s69_cm33_core0.o(.text)
 <LI><a href="#[6b]">RTC_DriverIRQHandler</a> from startup_lpc55s69_cm33_core0.o(.text) referenced from startup_lpc55s69_cm33_core0.o(.text)
 <LI><a href="#[2c]">RTC_IRQHandler</a> from startup_lpc55s69_cm33_core0.o(.text) referenced from startup_lpc55s69_cm33_core0.o(.isr_vector)
 <LI><a href="#[65]">Reserved39_DriverIRQHandler</a> from startup_lpc55s69_cm33_core0.o(.text) referenced from startup_lpc55s69_cm33_core0.o(.text)
 <LI><a href="#[26]">Reserved39_IRQHandler</a> from startup_lpc55s69_cm33_core0.o(.text) referenced from startup_lpc55s69_cm33_core0.o(.isr_vector)
 <LI><a href="#[67]">Reserved41_DriverIRQHandler</a> from startup_lpc55s69_cm33_core0.o(.text) referenced from startup_lpc55s69_cm33_core0.o(.text)
 <LI><a href="#[28]">Reserved41_IRQHandler</a> from startup_lpc55s69_cm33_core0.o(.text) referenced from startup_lpc55s69_cm33_core0.o(.isr_vector)
 <LI><a href="#[68]">Reserved42_DriverIRQHandler</a> from startup_lpc55s69_cm33_core0.o(.text) referenced from startup_lpc55s69_cm33_core0.o(.text)
 <LI><a href="#[29]">Reserved42_IRQHandler</a> from startup_lpc55s69_cm33_core0.o(.text) referenced from startup_lpc55s69_cm33_core0.o(.isr_vector)
 <LI><a href="#[6c]">Reserved46_DriverIRQHandler</a> from startup_lpc55s69_cm33_core0.o(.text) referenced from startup_lpc55s69_cm33_core0.o(.text)
 <LI><a href="#[2d]">Reserved46_IRQHandler</a> from startup_lpc55s69_cm33_core0.o(.text) referenced from startup_lpc55s69_cm33_core0.o(.isr_vector)
 <LI><a href="#[75]">Reserved55_DriverIRQHandler</a> from startup_lpc55s69_cm33_core0.o(.text) referenced from startup_lpc55s69_cm33_core0.o(.text)
 <LI><a href="#[36]">Reserved55_IRQHandler</a> from startup_lpc55s69_cm33_core0.o(.text) referenced from startup_lpc55s69_cm33_core0.o(.isr_vector)
 <LI><a href="#[76]">Reserved56_DriverIRQHandler</a> from startup_lpc55s69_cm33_core0.o(.text) referenced from startup_lpc55s69_cm33_core0.o(.text)
 <LI><a href="#[37]">Reserved56_IRQHandler</a> from startup_lpc55s69_cm33_core0.o(.text) referenced from startup_lpc55s69_cm33_core0.o(.isr_vector)
 <LI><a href="#[77]">Reserved57_DriverIRQHandler</a> from startup_lpc55s69_cm33_core0.o(.text) referenced from startup_lpc55s69_cm33_core0.o(.text)
 <LI><a href="#[38]">Reserved57_IRQHandler</a> from startup_lpc55s69_cm33_core0.o(.text) referenced from startup_lpc55s69_cm33_core0.o(.isr_vector)
 <LI><a href="#[79]">Reserved59_DriverIRQHandler</a> from startup_lpc55s69_cm33_core0.o(.text) referenced from startup_lpc55s69_cm33_core0.o(.text)
 <LI><a href="#[3a]">Reserved59_IRQHandler</a> from startup_lpc55s69_cm33_core0.o(.text) referenced from startup_lpc55s69_cm33_core0.o(.isr_vector)
 <LI><a href="#[7a]">Reserved60_DriverIRQHandler</a> from startup_lpc55s69_cm33_core0.o(.text) referenced from startup_lpc55s69_cm33_core0.o(.text)
 <LI><a href="#[3b]">Reserved60_IRQHandler</a> from startup_lpc55s69_cm33_core0.o(.text) referenced from startup_lpc55s69_cm33_core0.o(.isr_vector)
 <LI><a href="#[7b]">Reserved61_DriverIRQHandler</a> from startup_lpc55s69_cm33_core0.o(.text) referenced from startup_lpc55s69_cm33_core0.o(.text)
 <LI><a href="#[3c]">Reserved61_IRQHandler</a> from startup_lpc55s69_cm33_core0.o(.text) referenced from startup_lpc55s69_cm33_core0.o(.isr_vector)
 <LI><a href="#[4]">Reset_Handler</a> from startup_lpc55s69_cm33_core0.o(.text) referenced from startup_lpc55s69_cm33_core0.o(.isr_vector)
 <LI><a href="#[8b]">RxCallback</a> from composite.o(.text.RxCallback) referenced 2 times from composite.o(.text.BOARD_DMA_EDMA_Start)
 <LI><a href="#[5a]">SCT0_DriverIRQHandler</a> from startup_lpc55s69_cm33_core0.o(.text) referenced from startup_lpc55s69_cm33_core0.o(.text)
 <LI><a href="#[1b]">SCT0_IRQHandler</a> from startup_lpc55s69_cm33_core0.o(.text) referenced from startup_lpc55s69_cm33_core0.o(.isr_vector)
 <LI><a href="#[78]">SDIO_DriverIRQHandler</a> from startup_lpc55s69_cm33_core0.o(.text) referenced from startup_lpc55s69_cm33_core0.o(.text)
 <LI><a href="#[39]">SDIO_IRQHandler</a> from startup_lpc55s69_cm33_core0.o(.text) referenced from startup_lpc55s69_cm33_core0.o(.isr_vector)
 <LI><a href="#[80]">SEC_GPIO_INT0_IRQ0_DriverIRQHandler</a> from fsl_pint.o(.text.SEC_GPIO_INT0_IRQ0_DriverIRQHandler) referenced from startup_lpc55s69_cm33_core0.o(.text)
 <LI><a href="#[41]">SEC_GPIO_INT0_IRQ0_IRQHandler</a> from startup_lpc55s69_cm33_core0.o(.text) referenced from startup_lpc55s69_cm33_core0.o(.isr_vector)
 <LI><a href="#[81]">SEC_GPIO_INT0_IRQ1_DriverIRQHandler</a> from fsl_pint.o(.text.SEC_GPIO_INT0_IRQ1_DriverIRQHandler) referenced from startup_lpc55s69_cm33_core0.o(.text)
 <LI><a href="#[42]">SEC_GPIO_INT0_IRQ1_IRQHandler</a> from startup_lpc55s69_cm33_core0.o(.text) referenced from startup_lpc55s69_cm33_core0.o(.isr_vector)
 <LI><a href="#[7f]">SEC_HYPERVISOR_CALL_DriverIRQHandler</a> from startup_lpc55s69_cm33_core0.o(.text) referenced from startup_lpc55s69_cm33_core0.o(.text)
 <LI><a href="#[40]">SEC_HYPERVISOR_CALL_IRQHandler</a> from startup_lpc55s69_cm33_core0.o(.text) referenced from startup_lpc55s69_cm33_core0.o(.isr_vector)
 <LI><a href="#[83]">SEC_VIO_DriverIRQHandler</a> from startup_lpc55s69_cm33_core0.o(.text) referenced from startup_lpc55s69_cm33_core0.o(.text)
 <LI><a href="#[44]">SEC_VIO_IRQHandler</a> from startup_lpc55s69_cm33_core0.o(.text) referenced from startup_lpc55s69_cm33_core0.o(.isr_vector)
 <LI><a href="#[b]">SVC_Handler</a> from portasm.o(.text.SVC_Handler) referenced from startup_lpc55s69_cm33_core0.o(.isr_vector)
 <LI><a href="#[b]">SVC_Handler</a> from portasm.o(.text.SVC_Handler) referenced from startup_lpc55s69_cm33_core0.o(.text)
 <LI><a href="#[a]">SecureFault_Handler</a> from startup_lpc55s69_cm33_core0.o(.text) referenced from startup_lpc55s69_cm33_core0.o(.isr_vector)
 <LI><a href="#[e]">SysTick_Handler</a> from port.o(.text.SysTick_Handler) referenced from startup_lpc55s69_cm33_core0.o(.isr_vector)
 <LI><a href="#[e]">SysTick_Handler</a> from port.o(.text.SysTick_Handler) referenced from startup_lpc55s69_cm33_core0.o(.text)
 <LI><a href="#[4c]">SystemInit</a> from system_lpc55s69_cm33_core0.o(.text.SystemInit) referenced from startup_lpc55s69_cm33_core0.o(.text)
 <LI><a href="#[8a]">TxCallback</a> from composite.o(.text.TxCallback) referenced 2 times from composite.o(.text.BOARD_DMA_EDMA_Start)
 <LI><a href="#[6a]">USB0_DriverIRQHandler</a> from startup_lpc55s69_cm33_core0.o(.text) referenced from startup_lpc55s69_cm33_core0.o(.text)
 <LI><a href="#[2b]">USB0_IRQHandler</a> from startup_lpc55s69_cm33_core0.o(.text) referenced from startup_lpc55s69_cm33_core0.o(.isr_vector)
 <LI><a href="#[69]">USB0_NEEDCLK_DriverIRQHandler</a> from startup_lpc55s69_cm33_core0.o(.text) referenced from startup_lpc55s69_cm33_core0.o(.text)
 <LI><a href="#[2a]">USB0_NEEDCLK_IRQHandler</a> from startup_lpc55s69_cm33_core0.o(.text) referenced from startup_lpc55s69_cm33_core0.o(.isr_vector)
 <LI><a href="#[7d]">USB1_DriverIRQHandler</a> from startup_lpc55s69_cm33_core0.o(.text) referenced from startup_lpc55s69_cm33_core0.o(.text)
 <LI><a href="#[3e]">USB1_IRQHandler</a> from composite.o(.text.USB1_IRQHandler) referenced from startup_lpc55s69_cm33_core0.o(.isr_vector)
 <LI><a href="#[7e]">USB1_NEEDCLK_DriverIRQHandler</a> from startup_lpc55s69_cm33_core0.o(.text) referenced from startup_lpc55s69_cm33_core0.o(.text)
 <LI><a href="#[3f]">USB1_NEEDCLK_IRQHandler</a> from startup_lpc55s69_cm33_core0.o(.text) referenced from startup_lpc55s69_cm33_core0.o(.isr_vector)
 <LI><a href="#[7c]">USB1_PHY_DriverIRQHandler</a> from startup_lpc55s69_cm33_core0.o(.text) referenced from startup_lpc55s69_cm33_core0.o(.text)
 <LI><a href="#[3d]">USB1_PHY_IRQHandler</a> from startup_lpc55s69_cm33_core0.o(.text) referenced from startup_lpc55s69_cm33_core0.o(.isr_vector)
 <LI><a href="#[1]">USB_DeviceAudioCompositeCallback</a> from audio_unified.o(.text.USB_DeviceAudioCompositeCallback) referenced 4 times from composite.o(.data.g_CompositeClassConfig)
 <LI><a href="#[9d]">USB_DeviceAudioDeinit</a> from usb_device_audio.o(.text.USB_DeviceAudioDeinit) referenced from usb_device_class.o(.rodata.s_UsbDeviceClassInterfaceMap)
 <LI><a href="#[9e]">USB_DeviceAudioEvent</a> from usb_device_audio.o(.text.USB_DeviceAudioEvent) referenced from usb_device_class.o(.rodata.s_UsbDeviceClassInterfaceMap)
 <LI><a href="#[9c]">USB_DeviceAudioInit</a> from usb_device_audio.o(.text.USB_DeviceAudioInit) referenced from usb_device_class.o(.rodata.s_UsbDeviceClassInterfaceMap)
 <LI><a href="#[8e]">USB_DeviceAudioInterruptIn</a> from usb_device_audio.o(.text.USB_DeviceAudioInterruptIn) referenced 2 times from usb_device_audio.o(.text.USB_DeviceAudioControlEndpointsInit)
 <LI><a href="#[8f]">USB_DeviceAudioIsochronousIn</a> from usb_device_audio.o(.text.USB_DeviceAudioIsochronousIn) referenced 2 times from usb_device_audio.o(.text.USB_DeviceAudioStreamEndpointsInit)
 <LI><a href="#[90]">USB_DeviceAudioIsochronousOut</a> from usb_device_audio.o(.text.USB_DeviceAudioIsochronousOut) referenced 2 times from usb_device_audio.o(.text.USB_DeviceAudioStreamEndpointsInit)
 <LI><a href="#[2]">USB_DeviceCallback</a> from composite.o(.text.USB_DeviceCallback) referenced 2 times from composite.o(.data.g_UsbDeviceCompositeConfigList)
 <LI><a href="#[a9]">USB_DeviceCh9GetConfiguration</a> from usb_device_ch9.o(.text.USB_DeviceCh9GetConfiguration) referenced from usb_device_ch9.o(.rodata.s_UsbDeviceStandardRequest)
 <LI><a href="#[a8]">USB_DeviceCh9GetDescriptor</a> from usb_device_ch9.o(.text.USB_DeviceCh9GetDescriptor) referenced from usb_device_ch9.o(.rodata.s_UsbDeviceStandardRequest)
 <LI><a href="#[ab]">USB_DeviceCh9GetInterface</a> from usb_device_ch9.o(.text.USB_DeviceCh9GetInterface) referenced from usb_device_ch9.o(.rodata.s_UsbDeviceStandardRequest)
 <LI><a href="#[a5]">USB_DeviceCh9GetStatus</a> from usb_device_ch9.o(.text.USB_DeviceCh9GetStatus) referenced from usb_device_ch9.o(.rodata.s_UsbDeviceStandardRequest)
 <LI><a href="#[a7]">USB_DeviceCh9SetAddress</a> from usb_device_ch9.o(.text.USB_DeviceCh9SetAddress) referenced from usb_device_ch9.o(.rodata.s_UsbDeviceStandardRequest)
 <LI><a href="#[a6]">USB_DeviceCh9SetClearFeature</a> from usb_device_ch9.o(.text.USB_DeviceCh9SetClearFeature) referenced 2 times from usb_device_ch9.o(.rodata.s_UsbDeviceStandardRequest)
 <LI><a href="#[aa]">USB_DeviceCh9SetConfiguration</a> from usb_device_ch9.o(.text.USB_DeviceCh9SetConfiguration) referenced from usb_device_ch9.o(.rodata.s_UsbDeviceStandardRequest)
 <LI><a href="#[ac]">USB_DeviceCh9SetInterface</a> from usb_device_ch9.o(.text.USB_DeviceCh9SetInterface) referenced from usb_device_ch9.o(.rodata.s_UsbDeviceStandardRequest)
 <LI><a href="#[ad]">USB_DeviceCh9SynchFrame</a> from usb_device_ch9.o(.text.USB_DeviceCh9SynchFrame) referenced from usb_device_ch9.o(.rodata.s_UsbDeviceStandardRequest)
 <LI><a href="#[91]">USB_DeviceClassCallback</a> from usb_device_class.o(.text.USB_DeviceClassCallback) referenced 2 times from usb_device_class.o(.text.USB_DeviceClassInit)
 <LI><a href="#[92]">USB_DeviceControlCallback</a> from usb_device_ch9.o(.text.USB_DeviceControlCallback) referenced 2 times from usb_device_ch9.o(.text.USB_DeviceControlPipeInit)
 <LI><a href="#[9a]">USB_DeviceHidDeinit</a> from usb_device_hid.o(.text.USB_DeviceHidDeinit) referenced from usb_device_class.o(.rodata.s_UsbDeviceClassInterfaceMap)
 <LI><a href="#[9b]">USB_DeviceHidEvent</a> from usb_device_hid.o(.text.USB_DeviceHidEvent) referenced from usb_device_class.o(.rodata.s_UsbDeviceClassInterfaceMap)
 <LI><a href="#[99]">USB_DeviceHidInit</a> from usb_device_hid.o(.text.USB_DeviceHidInit) referenced from usb_device_class.o(.rodata.s_UsbDeviceClassInterfaceMap)
 <LI><a href="#[94]">USB_DeviceHidInterruptIn</a> from usb_device_hid.o(.text.USB_DeviceHidInterruptIn) referenced 2 times from usb_device_hid.o(.text.USB_DeviceHidEndpointsInit)
 <LI><a href="#[93]">USB_DeviceHidInterruptOut</a> from usb_device_hid.o(.text.USB_DeviceHidInterruptOut) referenced 2 times from usb_device_hid.o(.text.USB_DeviceHidEndpointsInit)
 <LI><a href="#[0]">USB_DeviceHidKeyboardCallback</a> from hid_keyboard.o(.text.USB_DeviceHidKeyboardCallback) referenced 2 times from composite.o(.data.g_CompositeClassConfig)
 <LI><a href="#[a3]">USB_DeviceLpc3511IpCancel</a> from usb_device_lpcip3511.o(.text.USB_DeviceLpc3511IpCancel) referenced from usb_device_dci.o(.rodata.s_UsbDeviceLpc3511IpInterface)
 <LI><a href="#[a4]">USB_DeviceLpc3511IpControl</a> from usb_device_lpcip3511.o(.text.USB_DeviceLpc3511IpControl) referenced from usb_device_dci.o(.rodata.s_UsbDeviceLpc3511IpInterface)
 <LI><a href="#[a0]">USB_DeviceLpc3511IpDeinit</a> from usb_device_lpcip3511.o(.text.USB_DeviceLpc3511IpDeinit) referenced from usb_device_dci.o(.rodata.s_UsbDeviceLpc3511IpInterface)
 <LI><a href="#[9f]">USB_DeviceLpc3511IpInit</a> from usb_device_lpcip3511.o(.text.USB_DeviceLpc3511IpInit) referenced from usb_device_dci.o(.rodata.s_UsbDeviceLpc3511IpInterface)
 <LI><a href="#[a2]">USB_DeviceLpc3511IpRecv</a> from usb_device_lpcip3511.o(.text.USB_DeviceLpc3511IpRecv) referenced from usb_device_dci.o(.rodata.s_UsbDeviceLpc3511IpInterface)
 <LI><a href="#[a1]">USB_DeviceLpc3511IpSend</a> from usb_device_lpcip3511.o(.text.USB_DeviceLpc3511IpSend) referenced from usb_device_dci.o(.rodata.s_UsbDeviceLpc3511IpInterface)
 <LI><a href="#[56]">UTICK0_DriverIRQHandler</a> from fsl_utick.o(.text.UTICK0_DriverIRQHandler) referenced from startup_lpc55s69_cm33_core0.o(.text)
 <LI><a href="#[17]">UTICK0_IRQHandler</a> from startup_lpc55s69_cm33_core0.o(.text) referenced from startup_lpc55s69_cm33_core0.o(.isr_vector)
 <LI><a href="#[9]">UsageFault_Handler</a> from startup_lpc55s69_cm33_core0.o(.text) referenced from startup_lpc55s69_cm33_core0.o(.isr_vector)
 <LI><a href="#[4e]">WDT_BOD_DriverIRQHandler</a> from startup_lpc55s69_cm33_core0.o(.text) referenced from startup_lpc55s69_cm33_core0.o(.text)
 <LI><a href="#[f]">WDT_BOD_IRQHandler</a> from startup_lpc55s69_cm33_core0.o(.text) referenced from startup_lpc55s69_cm33_core0.o(.isr_vector)
 <LI><a href="#[4d]">__main</a> from entry.o(.ARM.Collect$$$$00000000) referenced from startup_lpc55s69_cm33_core0.o(.text)
 <LI><a href="#[4b]">main</a> from composite.o(.text.main) referenced from entry9a.o(.ARM.Collect$$$$0000000B)
 <LI><a href="#[97]">prvIdleTask</a> from tasks.o(.text.prvIdleTask) referenced 2 times from tasks.o(.text.vTaskStartScheduler)
 <LI><a href="#[96]">prvTaskExitError</a> from port.o(.text.prvTaskExitError) referenced 2 times from port.o(.text.pxPortInitialiseStack)
 <LI><a href="#[98]">prvTimerTask</a> from timers.o(.text.prvTimerTask) referenced 2 times from timers.o(.text.xTimerCreateTimerTask)
 <LI><a href="#[8d]">vPortSVCHandler_C</a> from port.o(.text.vPortSVCHandler_C) referenced from portasm.o(.text.SVC_Handler)
</UL>
<P>
<H3>
Global Symbols
</H3>
<P><STRONG><a name="[4d]"></a>__main</STRONG> (Thumb, 0 bytes, Stack size unknown bytes, entry.o(.ARM.Collect$$$$00000000))
<BR>[Address Reference Count : 1]<UL><LI> startup_lpc55s69_cm33_core0.o(.text)
</UL>
<P><STRONG><a name="[1cc]"></a>_main_stk</STRONG> (Thumb, 0 bytes, Stack size unknown bytes, entry4.o(.ARM.Collect$$$$00000003))

<P><STRONG><a name="[af]"></a>_main_scatterload</STRONG> (Thumb, 0 bytes, Stack size unknown bytes, entry5.o(.ARM.Collect$$$$00000004))
<BR><BR>[Calls]<UL><LI><a href="#[b0]">&gt;&gt;</a>&nbsp;&nbsp;&nbsp;__scatterload
</UL>

<P><STRONG><a name="[b7]"></a>__main_after_scatterload</STRONG> (Thumb, 0 bytes, Stack size unknown bytes, entry5.o(.ARM.Collect$$$$00000004))
<BR><BR>[Called By]<UL><LI><a href="#[b0]">&gt;&gt;</a>&nbsp;&nbsp;&nbsp;__scatterload
</UL>

<P><STRONG><a name="[1cd]"></a>_main_clock</STRONG> (Thumb, 0 bytes, Stack size unknown bytes, entry7b.o(.ARM.Collect$$$$00000008))

<P><STRONG><a name="[1ce]"></a>_main_cpp_init</STRONG> (Thumb, 0 bytes, Stack size unknown bytes, entry8b.o(.ARM.Collect$$$$0000000A))

<P><STRONG><a name="[1cf]"></a>_main_init</STRONG> (Thumb, 0 bytes, Stack size unknown bytes, entry9a.o(.ARM.Collect$$$$0000000B))

<P><STRONG><a name="[1d0]"></a>__rt_final_cpp</STRONG> (Thumb, 0 bytes, Stack size unknown bytes, entry10a.o(.ARM.Collect$$$$0000000D))

<P><STRONG><a name="[1d1]"></a>__rt_final_exit</STRONG> (Thumb, 0 bytes, Stack size unknown bytes, entry11a.o(.ARM.Collect$$$$0000000F))

<P><STRONG><a name="[4]"></a>Reset_Handler</STRONG> (Thumb, 32 bytes, Stack size unknown bytes, startup_lpc55s69_cm33_core0.o(.text))
<BR>[Address Reference Count : 1]<UL><LI> startup_lpc55s69_cm33_core0.o(.isr_vector)
</UL>
<P><STRONG><a name="[66]"></a>ACMP_DriverIRQHandler</STRONG> (Thumb, 4 bytes, Stack size unknown bytes, startup_lpc55s69_cm33_core0.o(.text))
<BR><BR>[Calls]<UL><LI><a href="#[3]">&gt;&gt;</a>&nbsp;&nbsp;&nbsp;DefaultISR
</UL>
<BR>[Address Reference Count : 1]<UL><LI> startup_lpc55s69_cm33_core0.o(.text)
</UL>
<P><STRONG><a name="[64]"></a>ADC0_DriverIRQHandler</STRONG> (Thumb, 4 bytes, Stack size unknown bytes, startup_lpc55s69_cm33_core0.o(.text))
<BR>[Address Reference Count : 1]<UL><LI> startup_lpc55s69_cm33_core0.o(.text)
</UL>
<P><STRONG><a name="[8]"></a>BusFault_Handler</STRONG> (Thumb, 4 bytes, Stack size unknown bytes, startup_lpc55s69_cm33_core0.o(.text))
<BR>[Address Reference Count : 1]<UL><LI> startup_lpc55s69_cm33_core0.o(.isr_vector)
</UL>
<P><STRONG><a name="[85]"></a>CASER_DriverIRQHandler</STRONG> (Thumb, 4 bytes, Stack size unknown bytes, startup_lpc55s69_cm33_core0.o(.text))
<BR>[Address Reference Count : 1]<UL><LI> startup_lpc55s69_cm33_core0.o(.text)
</UL>
<P><STRONG><a name="[c]"></a>DebugMon_Handler</STRONG> (Thumb, 4 bytes, Stack size unknown bytes, startup_lpc55s69_cm33_core0.o(.text))
<BR>[Address Reference Count : 1]<UL><LI> startup_lpc55s69_cm33_core0.o(.isr_vector)
</UL>
<P><STRONG><a name="[3]"></a>DefaultISR</STRONG> (Thumb, 4 bytes, Stack size unknown bytes, startup_lpc55s69_cm33_core0.o(.text))
<BR><BR>[Called By]<UL><LI><a href="#[66]">&gt;&gt;</a>&nbsp;&nbsp;&nbsp;ACMP_DriverIRQHandler
</UL>
<BR>[Address Reference Count : 1]<UL><LI> fsl_utick.o(.data.s_utickIsr)
</UL>
<P><STRONG><a name="[84]"></a>HASHCRYPT_DriverIRQHandler</STRONG> (Thumb, 4 bytes, Stack size unknown bytes, startup_lpc55s69_cm33_core0.o(.text))
<BR>[Address Reference Count : 1]<UL><LI> startup_lpc55s69_cm33_core0.o(.text)
</UL>
<P><STRONG><a name="[6d]"></a>MAILBOX_DriverIRQHandler</STRONG> (Thumb, 4 bytes, Stack size unknown bytes, startup_lpc55s69_cm33_core0.o(.text))
<BR>[Address Reference Count : 1]<UL><LI> startup_lpc55s69_cm33_core0.o(.text)
</UL>
<P><STRONG><a name="[57]"></a>MRT0_DriverIRQHandler</STRONG> (Thumb, 4 bytes, Stack size unknown bytes, startup_lpc55s69_cm33_core0.o(.text))
<BR>[Address Reference Count : 1]<UL><LI> startup_lpc55s69_cm33_core0.o(.text)
</UL>
<P><STRONG><a name="[7]"></a>MemManage_Handler</STRONG> (Thumb, 4 bytes, Stack size unknown bytes, startup_lpc55s69_cm33_core0.o(.text))
<BR>[Address Reference Count : 1]<UL><LI> startup_lpc55s69_cm33_core0.o(.isr_vector)
</UL>
<P><STRONG><a name="[74]"></a>OS_EVENT_DriverIRQHandler</STRONG> (Thumb, 4 bytes, Stack size unknown bytes, startup_lpc55s69_cm33_core0.o(.text))
<BR>[Address Reference Count : 1]<UL><LI> startup_lpc55s69_cm33_core0.o(.text)
</UL>
<P><STRONG><a name="[82]"></a>PLU_DriverIRQHandler</STRONG> (Thumb, 4 bytes, Stack size unknown bytes, startup_lpc55s69_cm33_core0.o(.text))
<BR>[Address Reference Count : 1]<UL><LI> startup_lpc55s69_cm33_core0.o(.text)
</UL>
<P><STRONG><a name="[87]"></a>PQ_DriverIRQHandler</STRONG> (Thumb, 4 bytes, Stack size unknown bytes, startup_lpc55s69_cm33_core0.o(.text))
<BR>[Address Reference Count : 1]<UL><LI> startup_lpc55s69_cm33_core0.o(.text)
</UL>
<P><STRONG><a name="[86]"></a>PUF_DriverIRQHandler</STRONG> (Thumb, 4 bytes, Stack size unknown bytes, startup_lpc55s69_cm33_core0.o(.text))
<BR>[Address Reference Count : 1]<UL><LI> startup_lpc55s69_cm33_core0.o(.text)
</UL>
<P><STRONG><a name="[6b]"></a>RTC_DriverIRQHandler</STRONG> (Thumb, 4 bytes, Stack size unknown bytes, startup_lpc55s69_cm33_core0.o(.text))
<BR>[Address Reference Count : 1]<UL><LI> startup_lpc55s69_cm33_core0.o(.text)
</UL>
<P><STRONG><a name="[65]"></a>Reserved39_DriverIRQHandler</STRONG> (Thumb, 4 bytes, Stack size unknown bytes, startup_lpc55s69_cm33_core0.o(.text))
<BR>[Address Reference Count : 1]<UL><LI> startup_lpc55s69_cm33_core0.o(.text)
</UL>
<P><STRONG><a name="[67]"></a>Reserved41_DriverIRQHandler</STRONG> (Thumb, 4 bytes, Stack size unknown bytes, startup_lpc55s69_cm33_core0.o(.text))
<BR>[Address Reference Count : 1]<UL><LI> startup_lpc55s69_cm33_core0.o(.text)
</UL>
<P><STRONG><a name="[68]"></a>Reserved42_DriverIRQHandler</STRONG> (Thumb, 4 bytes, Stack size unknown bytes, startup_lpc55s69_cm33_core0.o(.text))
<BR>[Address Reference Count : 1]<UL><LI> startup_lpc55s69_cm33_core0.o(.text)
</UL>
<P><STRONG><a name="[6c]"></a>Reserved46_DriverIRQHandler</STRONG> (Thumb, 4 bytes, Stack size unknown bytes, startup_lpc55s69_cm33_core0.o(.text))
<BR>[Address Reference Count : 1]<UL><LI> startup_lpc55s69_cm33_core0.o(.text)
</UL>
<P><STRONG><a name="[75]"></a>Reserved55_DriverIRQHandler</STRONG> (Thumb, 4 bytes, Stack size unknown bytes, startup_lpc55s69_cm33_core0.o(.text))
<BR>[Address Reference Count : 1]<UL><LI> startup_lpc55s69_cm33_core0.o(.text)
</UL>
<P><STRONG><a name="[76]"></a>Reserved56_DriverIRQHandler</STRONG> (Thumb, 4 bytes, Stack size unknown bytes, startup_lpc55s69_cm33_core0.o(.text))
<BR>[Address Reference Count : 1]<UL><LI> startup_lpc55s69_cm33_core0.o(.text)
</UL>
<P><STRONG><a name="[77]"></a>Reserved57_DriverIRQHandler</STRONG> (Thumb, 4 bytes, Stack size unknown bytes, startup_lpc55s69_cm33_core0.o(.text))
<BR>[Address Reference Count : 1]<UL><LI> startup_lpc55s69_cm33_core0.o(.text)
</UL>
<P><STRONG><a name="[79]"></a>Reserved59_DriverIRQHandler</STRONG> (Thumb, 4 bytes, Stack size unknown bytes, startup_lpc55s69_cm33_core0.o(.text))
<BR>[Address Reference Count : 1]<UL><LI> startup_lpc55s69_cm33_core0.o(.text)
</UL>
<P><STRONG><a name="[7a]"></a>Reserved60_DriverIRQHandler</STRONG> (Thumb, 4 bytes, Stack size unknown bytes, startup_lpc55s69_cm33_core0.o(.text))
<BR>[Address Reference Count : 1]<UL><LI> startup_lpc55s69_cm33_core0.o(.text)
</UL>
<P><STRONG><a name="[7b]"></a>Reserved61_DriverIRQHandler</STRONG> (Thumb, 4 bytes, Stack size unknown bytes, startup_lpc55s69_cm33_core0.o(.text))
<BR>[Address Reference Count : 1]<UL><LI> startup_lpc55s69_cm33_core0.o(.text)
</UL>
<P><STRONG><a name="[5a]"></a>SCT0_DriverIRQHandler</STRONG> (Thumb, 4 bytes, Stack size unknown bytes, startup_lpc55s69_cm33_core0.o(.text))
<BR>[Address Reference Count : 1]<UL><LI> startup_lpc55s69_cm33_core0.o(.text)
</UL>
<P><STRONG><a name="[78]"></a>SDIO_DriverIRQHandler</STRONG> (Thumb, 4 bytes, Stack size unknown bytes, startup_lpc55s69_cm33_core0.o(.text))
<BR>[Address Reference Count : 1]<UL><LI> startup_lpc55s69_cm33_core0.o(.text)
</UL>
<P><STRONG><a name="[7f]"></a>SEC_HYPERVISOR_CALL_DriverIRQHandler</STRONG> (Thumb, 4 bytes, Stack size unknown bytes, startup_lpc55s69_cm33_core0.o(.text))
<BR>[Address Reference Count : 1]<UL><LI> startup_lpc55s69_cm33_core0.o(.text)
</UL>
<P><STRONG><a name="[83]"></a>SEC_VIO_DriverIRQHandler</STRONG> (Thumb, 4 bytes, Stack size unknown bytes, startup_lpc55s69_cm33_core0.o(.text))
<BR>[Address Reference Count : 1]<UL><LI> startup_lpc55s69_cm33_core0.o(.text)
</UL>
<P><STRONG><a name="[a]"></a>SecureFault_Handler</STRONG> (Thumb, 4 bytes, Stack size unknown bytes, startup_lpc55s69_cm33_core0.o(.text))
<BR>[Address Reference Count : 1]<UL><LI> startup_lpc55s69_cm33_core0.o(.isr_vector)
</UL>
<P><STRONG><a name="[6a]"></a>USB0_DriverIRQHandler</STRONG> (Thumb, 4 bytes, Stack size unknown bytes, startup_lpc55s69_cm33_core0.o(.text))
<BR>[Address Reference Count : 1]<UL><LI> startup_lpc55s69_cm33_core0.o(.text)
</UL>
<P><STRONG><a name="[69]"></a>USB0_NEEDCLK_DriverIRQHandler</STRONG> (Thumb, 4 bytes, Stack size unknown bytes, startup_lpc55s69_cm33_core0.o(.text))
<BR>[Address Reference Count : 1]<UL><LI> startup_lpc55s69_cm33_core0.o(.text)
</UL>
<P><STRONG><a name="[7d]"></a>USB1_DriverIRQHandler</STRONG> (Thumb, 4 bytes, Stack size unknown bytes, startup_lpc55s69_cm33_core0.o(.text))
<BR>[Address Reference Count : 1]<UL><LI> startup_lpc55s69_cm33_core0.o(.text)
</UL>
<P><STRONG><a name="[7e]"></a>USB1_NEEDCLK_DriverIRQHandler</STRONG> (Thumb, 4 bytes, Stack size unknown bytes, startup_lpc55s69_cm33_core0.o(.text))
<BR>[Address Reference Count : 1]<UL><LI> startup_lpc55s69_cm33_core0.o(.text)
</UL>
<P><STRONG><a name="[7c]"></a>USB1_PHY_DriverIRQHandler</STRONG> (Thumb, 4 bytes, Stack size unknown bytes, startup_lpc55s69_cm33_core0.o(.text))
<BR>[Address Reference Count : 1]<UL><LI> startup_lpc55s69_cm33_core0.o(.text)
</UL>
<P><STRONG><a name="[9]"></a>UsageFault_Handler</STRONG> (Thumb, 4 bytes, Stack size unknown bytes, startup_lpc55s69_cm33_core0.o(.text))
<BR>[Address Reference Count : 1]<UL><LI> startup_lpc55s69_cm33_core0.o(.isr_vector)
</UL>
<P><STRONG><a name="[4e]"></a>WDT_BOD_DriverIRQHandler</STRONG> (Thumb, 4 bytes, Stack size unknown bytes, startup_lpc55s69_cm33_core0.o(.text))
<BR>[Address Reference Count : 1]<UL><LI> startup_lpc55s69_cm33_core0.o(.text)
</UL>
<P><STRONG><a name="[5]"></a>NMI_Handler</STRONG> (Thumb, 4 bytes, Stack size unknown bytes, startup_lpc55s69_cm33_core0.o(.text))
<BR>[Address Reference Count : 2]<UL><LI> startup_lpc55s69_cm33_core0.o(.text)
<LI> startup_lpc55s69_cm33_core0.o(.isr_vector)
</UL>
<P><STRONG><a name="[6]"></a>HardFault_Handler</STRONG> (Thumb, 4 bytes, Stack size unknown bytes, startup_lpc55s69_cm33_core0.o(.text))
<BR>[Address Reference Count : 2]<UL><LI> startup_lpc55s69_cm33_core0.o(.text)
<LI> startup_lpc55s69_cm33_core0.o(.isr_vector)
</UL>
<P><STRONG><a name="[f]"></a>WDT_BOD_IRQHandler</STRONG> (Thumb, 4 bytes, Stack size unknown bytes, startup_lpc55s69_cm33_core0.o(.text))
<BR>[Address Reference Count : 1]<UL><LI> startup_lpc55s69_cm33_core0.o(.isr_vector)
</UL>
<P><STRONG><a name="[10]"></a>DMA0_IRQHandler</STRONG> (Thumb, 4 bytes, Stack size unknown bytes, startup_lpc55s69_cm33_core0.o(.text))
<BR>[Address Reference Count : 1]<UL><LI> startup_lpc55s69_cm33_core0.o(.isr_vector)
</UL>
<P><STRONG><a name="[11]"></a>GINT0_IRQHandler</STRONG> (Thumb, 4 bytes, Stack size unknown bytes, startup_lpc55s69_cm33_core0.o(.text))
<BR>[Address Reference Count : 1]<UL><LI> startup_lpc55s69_cm33_core0.o(.isr_vector)
</UL>
<P><STRONG><a name="[12]"></a>GINT1_IRQHandler</STRONG> (Thumb, 4 bytes, Stack size unknown bytes, startup_lpc55s69_cm33_core0.o(.text))
<BR>[Address Reference Count : 1]<UL><LI> startup_lpc55s69_cm33_core0.o(.isr_vector)
</UL>
<P><STRONG><a name="[13]"></a>PIN_INT0_IRQHandler</STRONG> (Thumb, 4 bytes, Stack size unknown bytes, startup_lpc55s69_cm33_core0.o(.text))
<BR>[Address Reference Count : 1]<UL><LI> startup_lpc55s69_cm33_core0.o(.isr_vector)
</UL>
<P><STRONG><a name="[14]"></a>PIN_INT1_IRQHandler</STRONG> (Thumb, 4 bytes, Stack size unknown bytes, startup_lpc55s69_cm33_core0.o(.text))
<BR>[Address Reference Count : 1]<UL><LI> startup_lpc55s69_cm33_core0.o(.isr_vector)
</UL>
<P><STRONG><a name="[15]"></a>PIN_INT2_IRQHandler</STRONG> (Thumb, 4 bytes, Stack size unknown bytes, startup_lpc55s69_cm33_core0.o(.text))
<BR>[Address Reference Count : 1]<UL><LI> startup_lpc55s69_cm33_core0.o(.isr_vector)
</UL>
<P><STRONG><a name="[16]"></a>PIN_INT3_IRQHandler</STRONG> (Thumb, 4 bytes, Stack size unknown bytes, startup_lpc55s69_cm33_core0.o(.text))
<BR>[Address Reference Count : 1]<UL><LI> startup_lpc55s69_cm33_core0.o(.isr_vector)
</UL>
<P><STRONG><a name="[17]"></a>UTICK0_IRQHandler</STRONG> (Thumb, 4 bytes, Stack size unknown bytes, startup_lpc55s69_cm33_core0.o(.text))
<BR>[Address Reference Count : 1]<UL><LI> startup_lpc55s69_cm33_core0.o(.isr_vector)
</UL>
<P><STRONG><a name="[18]"></a>MRT0_IRQHandler</STRONG> (Thumb, 4 bytes, Stack size unknown bytes, startup_lpc55s69_cm33_core0.o(.text))
<BR>[Address Reference Count : 1]<UL><LI> startup_lpc55s69_cm33_core0.o(.isr_vector)
</UL>
<P><STRONG><a name="[19]"></a>CTIMER0_IRQHandler</STRONG> (Thumb, 4 bytes, Stack size unknown bytes, startup_lpc55s69_cm33_core0.o(.text))
<BR>[Address Reference Count : 1]<UL><LI> startup_lpc55s69_cm33_core0.o(.isr_vector)
</UL>
<P><STRONG><a name="[1a]"></a>CTIMER1_IRQHandler</STRONG> (Thumb, 4 bytes, Stack size unknown bytes, startup_lpc55s69_cm33_core0.o(.text))
<BR>[Address Reference Count : 1]<UL><LI> startup_lpc55s69_cm33_core0.o(.isr_vector)
</UL>
<P><STRONG><a name="[1b]"></a>SCT0_IRQHandler</STRONG> (Thumb, 4 bytes, Stack size unknown bytes, startup_lpc55s69_cm33_core0.o(.text))
<BR>[Address Reference Count : 1]<UL><LI> startup_lpc55s69_cm33_core0.o(.isr_vector)
</UL>
<P><STRONG><a name="[1c]"></a>CTIMER3_IRQHandler</STRONG> (Thumb, 4 bytes, Stack size unknown bytes, startup_lpc55s69_cm33_core0.o(.text))
<BR>[Address Reference Count : 1]<UL><LI> startup_lpc55s69_cm33_core0.o(.isr_vector)
</UL>
<P><STRONG><a name="[1d]"></a>FLEXCOMM0_IRQHandler</STRONG> (Thumb, 4 bytes, Stack size unknown bytes, startup_lpc55s69_cm33_core0.o(.text))
<BR>[Address Reference Count : 1]<UL><LI> startup_lpc55s69_cm33_core0.o(.isr_vector)
</UL>
<P><STRONG><a name="[1e]"></a>FLEXCOMM1_IRQHandler</STRONG> (Thumb, 4 bytes, Stack size unknown bytes, startup_lpc55s69_cm33_core0.o(.text))
<BR>[Address Reference Count : 1]<UL><LI> startup_lpc55s69_cm33_core0.o(.isr_vector)
</UL>
<P><STRONG><a name="[21]"></a>FLEXCOMM4_IRQHandler</STRONG> (Thumb, 4 bytes, Stack size unknown bytes, startup_lpc55s69_cm33_core0.o(.text))
<BR>[Address Reference Count : 1]<UL><LI> startup_lpc55s69_cm33_core0.o(.isr_vector)
</UL>
<P><STRONG><a name="[22]"></a>FLEXCOMM5_IRQHandler</STRONG> (Thumb, 4 bytes, Stack size unknown bytes, startup_lpc55s69_cm33_core0.o(.text))
<BR>[Address Reference Count : 1]<UL><LI> startup_lpc55s69_cm33_core0.o(.isr_vector)
</UL>
<P><STRONG><a name="[23]"></a>FLEXCOMM6_IRQHandler</STRONG> (Thumb, 4 bytes, Stack size unknown bytes, startup_lpc55s69_cm33_core0.o(.text))
<BR>[Address Reference Count : 1]<UL><LI> startup_lpc55s69_cm33_core0.o(.isr_vector)
</UL>
<P><STRONG><a name="[24]"></a>FLEXCOMM7_IRQHandler</STRONG> (Thumb, 4 bytes, Stack size unknown bytes, startup_lpc55s69_cm33_core0.o(.text))
<BR>[Address Reference Count : 1]<UL><LI> startup_lpc55s69_cm33_core0.o(.isr_vector)
</UL>
<P><STRONG><a name="[25]"></a>ADC0_IRQHandler</STRONG> (Thumb, 4 bytes, Stack size unknown bytes, startup_lpc55s69_cm33_core0.o(.text))
<BR>[Address Reference Count : 1]<UL><LI> startup_lpc55s69_cm33_core0.o(.isr_vector)
</UL>
<P><STRONG><a name="[26]"></a>Reserved39_IRQHandler</STRONG> (Thumb, 4 bytes, Stack size unknown bytes, startup_lpc55s69_cm33_core0.o(.text))
<BR>[Address Reference Count : 1]<UL><LI> startup_lpc55s69_cm33_core0.o(.isr_vector)
</UL>
<P><STRONG><a name="[27]"></a>ACMP_IRQHandler</STRONG> (Thumb, 4 bytes, Stack size unknown bytes, startup_lpc55s69_cm33_core0.o(.text))
<BR>[Address Reference Count : 1]<UL><LI> startup_lpc55s69_cm33_core0.o(.isr_vector)
</UL>
<P><STRONG><a name="[28]"></a>Reserved41_IRQHandler</STRONG> (Thumb, 4 bytes, Stack size unknown bytes, startup_lpc55s69_cm33_core0.o(.text))
<BR>[Address Reference Count : 1]<UL><LI> startup_lpc55s69_cm33_core0.o(.isr_vector)
</UL>
<P><STRONG><a name="[29]"></a>Reserved42_IRQHandler</STRONG> (Thumb, 4 bytes, Stack size unknown bytes, startup_lpc55s69_cm33_core0.o(.text))
<BR>[Address Reference Count : 1]<UL><LI> startup_lpc55s69_cm33_core0.o(.isr_vector)
</UL>
<P><STRONG><a name="[2a]"></a>USB0_NEEDCLK_IRQHandler</STRONG> (Thumb, 4 bytes, Stack size unknown bytes, startup_lpc55s69_cm33_core0.o(.text))
<BR>[Address Reference Count : 1]<UL><LI> startup_lpc55s69_cm33_core0.o(.isr_vector)
</UL>
<P><STRONG><a name="[2b]"></a>USB0_IRQHandler</STRONG> (Thumb, 4 bytes, Stack size unknown bytes, startup_lpc55s69_cm33_core0.o(.text))
<BR>[Address Reference Count : 1]<UL><LI> startup_lpc55s69_cm33_core0.o(.isr_vector)
</UL>
<P><STRONG><a name="[2c]"></a>RTC_IRQHandler</STRONG> (Thumb, 4 bytes, Stack size unknown bytes, startup_lpc55s69_cm33_core0.o(.text))
<BR>[Address Reference Count : 1]<UL><LI> startup_lpc55s69_cm33_core0.o(.isr_vector)
</UL>
<P><STRONG><a name="[2d]"></a>Reserved46_IRQHandler</STRONG> (Thumb, 4 bytes, Stack size unknown bytes, startup_lpc55s69_cm33_core0.o(.text))
<BR>[Address Reference Count : 1]<UL><LI> startup_lpc55s69_cm33_core0.o(.isr_vector)
</UL>
<P><STRONG><a name="[2f]"></a>PIN_INT4_IRQHandler</STRONG> (Thumb, 4 bytes, Stack size unknown bytes, startup_lpc55s69_cm33_core0.o(.text))
<BR>[Address Reference Count : 1]<UL><LI> startup_lpc55s69_cm33_core0.o(.isr_vector)
</UL>
<P><STRONG><a name="[30]"></a>PIN_INT5_IRQHandler</STRONG> (Thumb, 4 bytes, Stack size unknown bytes, startup_lpc55s69_cm33_core0.o(.text))
<BR>[Address Reference Count : 1]<UL><LI> startup_lpc55s69_cm33_core0.o(.isr_vector)
</UL>
<P><STRONG><a name="[31]"></a>PIN_INT6_IRQHandler</STRONG> (Thumb, 4 bytes, Stack size unknown bytes, startup_lpc55s69_cm33_core0.o(.text))
<BR>[Address Reference Count : 1]<UL><LI> startup_lpc55s69_cm33_core0.o(.isr_vector)
</UL>
<P><STRONG><a name="[32]"></a>PIN_INT7_IRQHandler</STRONG> (Thumb, 4 bytes, Stack size unknown bytes, startup_lpc55s69_cm33_core0.o(.text))
<BR>[Address Reference Count : 1]<UL><LI> startup_lpc55s69_cm33_core0.o(.isr_vector)
</UL>
<P><STRONG><a name="[33]"></a>CTIMER2_IRQHandler</STRONG> (Thumb, 4 bytes, Stack size unknown bytes, startup_lpc55s69_cm33_core0.o(.text))
<BR>[Address Reference Count : 1]<UL><LI> startup_lpc55s69_cm33_core0.o(.isr_vector)
</UL>
<P><STRONG><a name="[34]"></a>CTIMER4_IRQHandler</STRONG> (Thumb, 4 bytes, Stack size unknown bytes, startup_lpc55s69_cm33_core0.o(.text))
<BR>[Address Reference Count : 1]<UL><LI> startup_lpc55s69_cm33_core0.o(.isr_vector)
</UL>
<P><STRONG><a name="[35]"></a>OS_EVENT_IRQHandler</STRONG> (Thumb, 4 bytes, Stack size unknown bytes, startup_lpc55s69_cm33_core0.o(.text))
<BR>[Address Reference Count : 1]<UL><LI> startup_lpc55s69_cm33_core0.o(.isr_vector)
</UL>
<P><STRONG><a name="[36]"></a>Reserved55_IRQHandler</STRONG> (Thumb, 4 bytes, Stack size unknown bytes, startup_lpc55s69_cm33_core0.o(.text))
<BR>[Address Reference Count : 1]<UL><LI> startup_lpc55s69_cm33_core0.o(.isr_vector)
</UL>
<P><STRONG><a name="[37]"></a>Reserved56_IRQHandler</STRONG> (Thumb, 4 bytes, Stack size unknown bytes, startup_lpc55s69_cm33_core0.o(.text))
<BR>[Address Reference Count : 1]<UL><LI> startup_lpc55s69_cm33_core0.o(.isr_vector)
</UL>
<P><STRONG><a name="[38]"></a>Reserved57_IRQHandler</STRONG> (Thumb, 4 bytes, Stack size unknown bytes, startup_lpc55s69_cm33_core0.o(.text))
<BR>[Address Reference Count : 1]<UL><LI> startup_lpc55s69_cm33_core0.o(.isr_vector)
</UL>
<P><STRONG><a name="[39]"></a>SDIO_IRQHandler</STRONG> (Thumb, 4 bytes, Stack size unknown bytes, startup_lpc55s69_cm33_core0.o(.text))
<BR>[Address Reference Count : 1]<UL><LI> startup_lpc55s69_cm33_core0.o(.isr_vector)
</UL>
<P><STRONG><a name="[3a]"></a>Reserved59_IRQHandler</STRONG> (Thumb, 4 bytes, Stack size unknown bytes, startup_lpc55s69_cm33_core0.o(.text))
<BR>[Address Reference Count : 1]<UL><LI> startup_lpc55s69_cm33_core0.o(.isr_vector)
</UL>
<P><STRONG><a name="[3b]"></a>Reserved60_IRQHandler</STRONG> (Thumb, 4 bytes, Stack size unknown bytes, startup_lpc55s69_cm33_core0.o(.text))
<BR>[Address Reference Count : 1]<UL><LI> startup_lpc55s69_cm33_core0.o(.isr_vector)
</UL>
<P><STRONG><a name="[3c]"></a>Reserved61_IRQHandler</STRONG> (Thumb, 4 bytes, Stack size unknown bytes, startup_lpc55s69_cm33_core0.o(.text))
<BR>[Address Reference Count : 1]<UL><LI> startup_lpc55s69_cm33_core0.o(.isr_vector)
</UL>
<P><STRONG><a name="[3d]"></a>USB1_PHY_IRQHandler</STRONG> (Thumb, 4 bytes, Stack size unknown bytes, startup_lpc55s69_cm33_core0.o(.text))
<BR>[Address Reference Count : 1]<UL><LI> startup_lpc55s69_cm33_core0.o(.isr_vector)
</UL>
<P><STRONG><a name="[3f]"></a>USB1_NEEDCLK_IRQHandler</STRONG> (Thumb, 4 bytes, Stack size unknown bytes, startup_lpc55s69_cm33_core0.o(.text))
<BR>[Address Reference Count : 1]<UL><LI> startup_lpc55s69_cm33_core0.o(.isr_vector)
</UL>
<P><STRONG><a name="[40]"></a>SEC_HYPERVISOR_CALL_IRQHandler</STRONG> (Thumb, 4 bytes, Stack size unknown bytes, startup_lpc55s69_cm33_core0.o(.text))
<BR>[Address Reference Count : 1]<UL><LI> startup_lpc55s69_cm33_core0.o(.isr_vector)
</UL>
<P><STRONG><a name="[41]"></a>SEC_GPIO_INT0_IRQ0_IRQHandler</STRONG> (Thumb, 4 bytes, Stack size unknown bytes, startup_lpc55s69_cm33_core0.o(.text))
<BR>[Address Reference Count : 1]<UL><LI> startup_lpc55s69_cm33_core0.o(.isr_vector)
</UL>
<P><STRONG><a name="[42]"></a>SEC_GPIO_INT0_IRQ1_IRQHandler</STRONG> (Thumb, 4 bytes, Stack size unknown bytes, startup_lpc55s69_cm33_core0.o(.text))
<BR>[Address Reference Count : 1]<UL><LI> startup_lpc55s69_cm33_core0.o(.isr_vector)
</UL>
<P><STRONG><a name="[43]"></a>PLU_IRQHandler</STRONG> (Thumb, 4 bytes, Stack size unknown bytes, startup_lpc55s69_cm33_core0.o(.text))
<BR>[Address Reference Count : 1]<UL><LI> startup_lpc55s69_cm33_core0.o(.isr_vector)
</UL>
<P><STRONG><a name="[44]"></a>SEC_VIO_IRQHandler</STRONG> (Thumb, 4 bytes, Stack size unknown bytes, startup_lpc55s69_cm33_core0.o(.text))
<BR>[Address Reference Count : 1]<UL><LI> startup_lpc55s69_cm33_core0.o(.isr_vector)
</UL>
<P><STRONG><a name="[45]"></a>HASHCRYPT_IRQHandler</STRONG> (Thumb, 4 bytes, Stack size unknown bytes, startup_lpc55s69_cm33_core0.o(.text))
<BR>[Address Reference Count : 1]<UL><LI> startup_lpc55s69_cm33_core0.o(.isr_vector)
</UL>
<P><STRONG><a name="[46]"></a>CASER_IRQHandler</STRONG> (Thumb, 4 bytes, Stack size unknown bytes, startup_lpc55s69_cm33_core0.o(.text))
<BR>[Address Reference Count : 1]<UL><LI> startup_lpc55s69_cm33_core0.o(.isr_vector)
</UL>
<P><STRONG><a name="[47]"></a>PUF_IRQHandler</STRONG> (Thumb, 4 bytes, Stack size unknown bytes, startup_lpc55s69_cm33_core0.o(.text))
<BR>[Address Reference Count : 1]<UL><LI> startup_lpc55s69_cm33_core0.o(.isr_vector)
</UL>
<P><STRONG><a name="[48]"></a>PQ_IRQHandler</STRONG> (Thumb, 4 bytes, Stack size unknown bytes, startup_lpc55s69_cm33_core0.o(.text))
<BR>[Address Reference Count : 1]<UL><LI> startup_lpc55s69_cm33_core0.o(.isr_vector)
</UL>
<P><STRONG><a name="[49]"></a>DMA1_IRQHandler</STRONG> (Thumb, 4 bytes, Stack size unknown bytes, startup_lpc55s69_cm33_core0.o(.text))
<BR>[Address Reference Count : 1]<UL><LI> startup_lpc55s69_cm33_core0.o(.isr_vector)
</UL>
<P><STRONG><a name="[4a]"></a>FLEXCOMM8_IRQHandler</STRONG> (Thumb, 4 bytes, Stack size unknown bytes, startup_lpc55s69_cm33_core0.o(.text))
<BR>[Address Reference Count : 1]<UL><LI> startup_lpc55s69_cm33_core0.o(.isr_vector)
</UL>
<P><STRONG><a name="[b1]"></a>__aeabi_uldivmod</STRONG> (Thumb, 98 bytes, Stack size 40 bytes, uldiv.o(.text))
<BR><BR>[Stack]<UL><LI>Max Depth = 40<LI>Call Chain = __aeabi_uldivmod
</UL>
<BR>[Calls]<UL><LI><a href="#[b2]">&gt;&gt;</a>&nbsp;&nbsp;&nbsp;__aeabi_llsr
<LI><a href="#[b3]">&gt;&gt;</a>&nbsp;&nbsp;&nbsp;__aeabi_llsl
</UL>
<BR>[Called By]<UL><LI><a href="#[e9]">&gt;&gt;</a>&nbsp;&nbsp;&nbsp;SDK_DelayAtLeastUs
</UL>

<P><STRONG><a name="[1d2]"></a>___aeabi_memcpy4$ret</STRONG> (Thumb, 0 bytes, Stack size 8 bytes, memcpy.o(.text), UNUSED)

<P><STRONG><a name="[1d3]"></a>___aeabi_memcpy8$ret</STRONG> (Thumb, 0 bytes, Stack size 8 bytes, memcpy.o(.text), UNUSED)

<P><STRONG><a name="[1d4]"></a>__aeabi_memcpy</STRONG> (Thumb, 40 bytes, Stack size 8 bytes, memcpy.o(.text), UNUSED)

<P><STRONG><a name="[180]"></a>memcpy</STRONG> (Thumb, 0 bytes, Stack size 8 bytes, memcpy.o(.text))
<BR><BR>[Stack]<UL><LI>Max Depth = 8<LI>Call Chain = memcpy
</UL>
<BR>[Called By]<UL><LI><a href="#[1a2]">&gt;&gt;</a>&nbsp;&nbsp;&nbsp;prvCopyDataToQueue
<LI><a href="#[1a1]">&gt;&gt;</a>&nbsp;&nbsp;&nbsp;prvCopyDataFromQueue
<LI><a href="#[185]">&gt;&gt;</a>&nbsp;&nbsp;&nbsp;USB_DeviceLpc3511IpGetActualBufferAndPrime
<LI><a href="#[17f]">&gt;&gt;</a>&nbsp;&nbsp;&nbsp;USB_DeviceLpc3511IpDoPreviousTransactionMemcpy
</UL>

<P><STRONG><a name="[b5]"></a>__aeabi_memset</STRONG> (Thumb, 14 bytes, Stack size 0 bytes, memseta.o(.text))
<BR><BR>[Called By]<UL><LI><a href="#[b6]">&gt;&gt;</a>&nbsp;&nbsp;&nbsp;memset
<LI><a href="#[b4]">&gt;&gt;</a>&nbsp;&nbsp;&nbsp;__aeabi_memclr
</UL>

<P><STRONG><a name="[1d5]"></a>__aeabi_memset4</STRONG> (Thumb, 0 bytes, Stack size 0 bytes, memseta.o(.text), UNUSED)

<P><STRONG><a name="[1d6]"></a>__aeabi_memset8</STRONG> (Thumb, 0 bytes, Stack size 0 bytes, memseta.o(.text), UNUSED)

<P><STRONG><a name="[b4]"></a>__aeabi_memclr</STRONG> (Thumb, 4 bytes, Stack size 0 bytes, memseta.o(.text), UNUSED)
<BR><BR>[Calls]<UL><LI><a href="#[b5]">&gt;&gt;</a>&nbsp;&nbsp;&nbsp;__aeabi_memset
</UL>

<P><STRONG><a name="[1d7]"></a>__aeabi_memclr4</STRONG> (Thumb, 0 bytes, Stack size 0 bytes, memseta.o(.text), UNUSED)

<P><STRONG><a name="[1d8]"></a>__aeabi_memclr8</STRONG> (Thumb, 0 bytes, Stack size 0 bytes, memseta.o(.text), UNUSED)

<P><STRONG><a name="[b6]"></a>memset</STRONG> (Thumb, 18 bytes, Stack size 8 bytes, memseta.o(.text))
<BR><BR>[Stack]<UL><LI>Max Depth = 8<LI>Call Chain = memset
</UL>
<BR>[Calls]<UL><LI><a href="#[b5]">&gt;&gt;</a>&nbsp;&nbsp;&nbsp;__aeabi_memset
</UL>
<BR>[Called By]<UL><LI><a href="#[d4]">&gt;&gt;</a>&nbsp;&nbsp;&nbsp;I2S_TxTransferCreateHandleDMA
<LI><a href="#[111]">&gt;&gt;</a>&nbsp;&nbsp;&nbsp;I2S_TransferAbortDMA
<LI><a href="#[d2]">&gt;&gt;</a>&nbsp;&nbsp;&nbsp;DMA_CreateHandle
<LI><a href="#[1a7]">&gt;&gt;</a>&nbsp;&nbsp;&nbsp;prvInitialiseNewTask
</UL>

<P><STRONG><a name="[b3]"></a>__aeabi_llsl</STRONG> (Thumb, 30 bytes, Stack size 0 bytes, llshl.o(.text))
<BR><BR>[Called By]<UL><LI><a href="#[b1]">&gt;&gt;</a>&nbsp;&nbsp;&nbsp;__aeabi_uldivmod
</UL>

<P><STRONG><a name="[1d9]"></a>_ll_shift_l</STRONG> (Thumb, 0 bytes, Stack size 0 bytes, llshl.o(.text), UNUSED)

<P><STRONG><a name="[b2]"></a>__aeabi_llsr</STRONG> (Thumb, 32 bytes, Stack size 0 bytes, llushr.o(.text))
<BR><BR>[Called By]<UL><LI><a href="#[b1]">&gt;&gt;</a>&nbsp;&nbsp;&nbsp;__aeabi_uldivmod
</UL>

<P><STRONG><a name="[1da]"></a>_ll_ushift_r</STRONG> (Thumb, 0 bytes, Stack size 0 bytes, llushr.o(.text), UNUSED)

<P><STRONG><a name="[b0]"></a>__scatterload</STRONG> (Thumb, 28 bytes, Stack size 0 bytes, init.o(.text))
<BR><BR>[Calls]<UL><LI><a href="#[b7]">&gt;&gt;</a>&nbsp;&nbsp;&nbsp;__main_after_scatterload
</UL>
<BR>[Called By]<UL><LI><a href="#[af]">&gt;&gt;</a>&nbsp;&nbsp;&nbsp;_main_scatterload
</UL>

<P><STRONG><a name="[1db]"></a>__scatterload_rt2</STRONG> (Thumb, 0 bytes, Stack size 0 bytes, init.o(.text), UNUSED)

<P><STRONG><a name="[1dc]"></a>__decompress</STRONG> (Thumb, 0 bytes, Stack size unknown bytes, __dczerorl2.o(.text), UNUSED)

<P><STRONG><a name="[1dd]"></a>__decompress1</STRONG> (Thumb, 86 bytes, Stack size unknown bytes, __dczerorl2.o(.text), UNUSED)

<P><STRONG><a name="[b8]"></a>APPInit</STRONG> (Thumb, 100 bytes, Stack size 16 bytes, composite.o(.text.APPInit))
<BR><BR>[Stack]<UL><LI>Max Depth = 232<LI>Call Chain = APPInit &rArr; Init_Board_Audio &rArr; BOARD_DMA_EDMA_Start &rArr; I2S_TxTransferSendDMA &rArr; I2S_AddTransferDMA &rArr; DMA_SetupDescriptor &rArr; __aeabi_assert &rArr; fputs &rArr; fputc
</UL>
<BR>[Calls]<UL><LI><a href="#[bb]">&gt;&gt;</a>&nbsp;&nbsp;&nbsp;USB_DeviceAudioCompositeInit
<LI><a href="#[bf]">&gt;&gt;</a>&nbsp;&nbsp;&nbsp;USB_DeviceRun
<LI><a href="#[be]">&gt;&gt;</a>&nbsp;&nbsp;&nbsp;USB_DeviceIsrEnable
<LI><a href="#[bc]">&gt;&gt;</a>&nbsp;&nbsp;&nbsp;USB_DeviceHidKeyboardInit
<LI><a href="#[b9]">&gt;&gt;</a>&nbsp;&nbsp;&nbsp;USB_DeviceClockInit
<LI><a href="#[ba]">&gt;&gt;</a>&nbsp;&nbsp;&nbsp;USB_DeviceClassInit
<LI><a href="#[bd]">&gt;&gt;</a>&nbsp;&nbsp;&nbsp;Init_Board_Audio
</UL>
<BR>[Called By]<UL><LI><a href="#[95]">&gt;&gt;</a>&nbsp;&nbsp;&nbsp;APPTask
</UL>

<P><STRONG><a name="[95]"></a>APPTask</STRONG> (Thumb, 82 bytes, Stack size 0 bytes, composite.o(.text.APPTask))
<BR><BR>[Stack]<UL><LI>Max Depth = 232<LI>Call Chain = APPTask &rArr; APPInit &rArr; Init_Board_Audio &rArr; BOARD_DMA_EDMA_Start &rArr; I2S_TxTransferSendDMA &rArr; I2S_AddTransferDMA &rArr; DMA_SetupDescriptor &rArr; __aeabi_assert &rArr; fputs &rArr; fputc
</UL>
<BR>[Calls]<UL><LI><a href="#[c4]">&gt;&gt;</a>&nbsp;&nbsp;&nbsp;vTaskDelay
<LI><a href="#[b8]">&gt;&gt;</a>&nbsp;&nbsp;&nbsp;APPInit
<LI><a href="#[c0]">&gt;&gt;</a>&nbsp;&nbsp;&nbsp;__NVIC_ClearPendingIRQ
<LI><a href="#[c1]">&gt;&gt;</a>&nbsp;&nbsp;&nbsp;POWER_DisablePD
<LI><a href="#[c2]">&gt;&gt;</a>&nbsp;&nbsp;&nbsp;CLOCK_EnableClock
<LI><a href="#[c3]">&gt;&gt;</a>&nbsp;&nbsp;&nbsp;CLOCK_DisableClock
</UL>
<BR>[Address Reference Count : 1]<UL><LI> composite.o(.text.main)
</UL>
<P><STRONG><a name="[c5]"></a>BOARD_BootClockRUN</STRONG> (Thumb, 562 bytes, Stack size 64 bytes, clock_config.o(.text.BOARD_BootClockRUN))
<BR><BR>[Stack]<UL><LI>Max Depth = 128 + Unknown Stack Size
<LI>Call Chain = BOARD_BootClockRUN &rArr; CLOCK_SetPLL0Freq &rArr; SDK_DelayAtLeastUs &rArr; __aeabi_assert &rArr; fputs &rArr; fputc
</UL>
<BR>[Calls]<UL><LI><a href="#[ca]">&gt;&gt;</a>&nbsp;&nbsp;&nbsp;POWER_SetVoltageForFreq
<LI><a href="#[c7]">&gt;&gt;</a>&nbsp;&nbsp;&nbsp;CLOCK_SetupFROClocking
<LI><a href="#[c9]">&gt;&gt;</a>&nbsp;&nbsp;&nbsp;CLOCK_SetupExtClocking
<LI><a href="#[cc]">&gt;&gt;</a>&nbsp;&nbsp;&nbsp;CLOCK_SetPLL0Freq
<LI><a href="#[cb]">&gt;&gt;</a>&nbsp;&nbsp;&nbsp;CLOCK_SetFLASHAccessCyclesForFreq
<LI><a href="#[cd]">&gt;&gt;</a>&nbsp;&nbsp;&nbsp;CLOCK_SetClkDiv
<LI><a href="#[c8]">&gt;&gt;</a>&nbsp;&nbsp;&nbsp;CLOCK_AttachClk
<LI><a href="#[c6]">&gt;&gt;</a>&nbsp;&nbsp;&nbsp;POWER_DisablePD
</UL>
<BR>[Called By]<UL><LI><a href="#[4b]">&gt;&gt;</a>&nbsp;&nbsp;&nbsp;main
</UL>

<P><STRONG><a name="[ce]"></a>BOARD_DMA_EDMA_Config</STRONG> (Thumb, 80 bytes, Stack size 8 bytes, composite.o(.text.BOARD_DMA_EDMA_Config))
<BR><BR>[Stack]<UL><LI>Max Depth = 80<LI>Call Chain = BOARD_DMA_EDMA_Config &rArr; DMA_CreateHandle &rArr; DMA_GetVirtualStartChannel &rArr; DMA_GetInstance &rArr; __aeabi_assert &rArr; fputs &rArr; fputc
</UL>
<BR>[Calls]<UL><LI><a href="#[cf]">&gt;&gt;</a>&nbsp;&nbsp;&nbsp;DMA_Init
<LI><a href="#[d2]">&gt;&gt;</a>&nbsp;&nbsp;&nbsp;DMA_CreateHandle
<LI><a href="#[d1]">&gt;&gt;</a>&nbsp;&nbsp;&nbsp;DMA_SetChannelPriority
<LI><a href="#[d0]">&gt;&gt;</a>&nbsp;&nbsp;&nbsp;DMA_EnableChannel
</UL>
<BR>[Called By]<UL><LI><a href="#[bd]">&gt;&gt;</a>&nbsp;&nbsp;&nbsp;Init_Board_Audio
</UL>

<P><STRONG><a name="[d3]"></a>BOARD_DMA_EDMA_Start</STRONG> (Thumb, 182 bytes, Stack size 32 bytes, composite.o(.text.BOARD_DMA_EDMA_Start))
<BR><BR>[Stack]<UL><LI>Max Depth = 208<LI>Call Chain = BOARD_DMA_EDMA_Start &rArr; I2S_TxTransferSendDMA &rArr; I2S_AddTransferDMA &rArr; DMA_SetupDescriptor &rArr; __aeabi_assert &rArr; fputs &rArr; fputc
</UL>
<BR>[Calls]<UL><LI><a href="#[d7]">&gt;&gt;</a>&nbsp;&nbsp;&nbsp;I2S_TxTransferSendDMA
<LI><a href="#[d4]">&gt;&gt;</a>&nbsp;&nbsp;&nbsp;I2S_TxTransferCreateHandleDMA
<LI><a href="#[d6]">&gt;&gt;</a>&nbsp;&nbsp;&nbsp;I2S_RxTransferReceiveDMA
<LI><a href="#[d5]">&gt;&gt;</a>&nbsp;&nbsp;&nbsp;I2S_RxTransferCreateHandleDMA
</UL>
<BR>[Called By]<UL><LI><a href="#[bd]">&gt;&gt;</a>&nbsp;&nbsp;&nbsp;Init_Board_Audio
</UL>

<P><STRONG><a name="[d8]"></a>BOARD_InitPins</STRONG> (Thumb, 1770 bytes, Stack size 88 bytes, pin_mux.o(.text.BOARD_InitPins))
<BR><BR>[Stack]<UL><LI>Max Depth = 88<LI>Call Chain = BOARD_InitPins
</UL>
<BR>[Calls]<UL><LI><a href="#[da]">&gt;&gt;</a>&nbsp;&nbsp;&nbsp;GPIO_PinInit
<LI><a href="#[db]">&gt;&gt;</a>&nbsp;&nbsp;&nbsp;INPUTMUX_AttachSignal
<LI><a href="#[dc]">&gt;&gt;</a>&nbsp;&nbsp;&nbsp;Chip_GetVersion
<LI><a href="#[d9]">&gt;&gt;</a>&nbsp;&nbsp;&nbsp;CLOCK_EnableClock
</UL>
<BR>[Called By]<UL><LI><a href="#[4b]">&gt;&gt;</a>&nbsp;&nbsp;&nbsp;main
</UL>

<P><STRONG><a name="[dd]"></a>BOARD_USB_Audio_TxRxInit</STRONG> (Thumb, 14 bytes, Stack size 8 bytes, composite.o(.text.BOARD_USB_Audio_TxRxInit))
<BR><BR>[Stack]<UL><LI>Max Depth = 96<LI>Call Chain = BOARD_USB_Audio_TxRxInit &rArr; I2S_USB_Audio_TxInit &rArr; I2S_TxInit &rArr; FLEXCOMM_Init &rArr; RESET_PeripheralReset &rArr; RESET_SetPeripheralReset &rArr; __aeabi_assert &rArr; fputs &rArr; fputc
</UL>
<BR>[Calls]<UL><LI><a href="#[de]">&gt;&gt;</a>&nbsp;&nbsp;&nbsp;I2S_USB_Audio_TxInit
<LI><a href="#[df]">&gt;&gt;</a>&nbsp;&nbsp;&nbsp;I2S_USB_Audio_RxInit
</UL>
<BR>[Called By]<UL><LI><a href="#[bd]">&gt;&gt;</a>&nbsp;&nbsp;&nbsp;Init_Board_Audio
</UL>

<P><STRONG><a name="[c8]"></a>CLOCK_AttachClk</STRONG> (Thumb, 86 bytes, Stack size 8 bytes, fsl_clock.o(.text.CLOCK_AttachClk))
<BR><BR>[Stack]<UL><LI>Max Depth = 8<LI>Call Chain = CLOCK_AttachClk
</UL>
<BR>[Called By]<UL><LI><a href="#[c5]">&gt;&gt;</a>&nbsp;&nbsp;&nbsp;BOARD_BootClockRUN
<LI><a href="#[4b]">&gt;&gt;</a>&nbsp;&nbsp;&nbsp;main
</UL>

<P><STRONG><a name="[16b]"></a>CLOCK_EnableUsbhs0DeviceClock</STRONG> (Thumb, 48 bytes, Stack size 0 bytes, fsl_clock.o(.text.CLOCK_EnableUsbhs0DeviceClock))
<BR><BR>[Called By]<UL><LI><a href="#[b9]">&gt;&gt;</a>&nbsp;&nbsp;&nbsp;USB_DeviceClockInit
</UL>

<P><STRONG><a name="[e0]"></a>CLOCK_EnableUsbhs0PhyPllClock</STRONG> (Thumb, 170 bytes, Stack size 24 bytes, fsl_clock.o(.text.CLOCK_EnableUsbhs0PhyPllClock))
<BR><BR>[Stack]<UL><LI>Max Depth = 24<LI>Call Chain = CLOCK_EnableUsbhs0PhyPllClock
</UL>
<BR>[Calls]<UL><LI><a href="#[e1]">&gt;&gt;</a>&nbsp;&nbsp;&nbsp;POWER_DisablePD
</UL>
<BR>[Called By]<UL><LI><a href="#[b9]">&gt;&gt;</a>&nbsp;&nbsp;&nbsp;USB_DeviceClockInit
</UL>

<P><STRONG><a name="[e3]"></a>CLOCK_GetExtClkFreq</STRONG> (Thumb, 28 bytes, Stack size 0 bytes, fsl_clock.o(.text.CLOCK_GetExtClkFreq))
<BR><BR>[Called By]<UL><LI><a href="#[e2]">&gt;&gt;</a>&nbsp;&nbsp;&nbsp;CLOCK_GetPLL0InClockRate
</UL>

<P><STRONG><a name="[e4]"></a>CLOCK_GetFro1MFreq</STRONG> (Thumb, 26 bytes, Stack size 0 bytes, fsl_clock.o(.text.CLOCK_GetFro1MFreq))
<BR><BR>[Called By]<UL><LI><a href="#[e2]">&gt;&gt;</a>&nbsp;&nbsp;&nbsp;CLOCK_GetPLL0InClockRate
</UL>

<P><STRONG><a name="[e5]"></a>CLOCK_GetOsc32KFreq</STRONG> (Thumb, 40 bytes, Stack size 0 bytes, fsl_clock.o(.text.CLOCK_GetOsc32KFreq))
<BR><BR>[Called By]<UL><LI><a href="#[e2]">&gt;&gt;</a>&nbsp;&nbsp;&nbsp;CLOCK_GetPLL0InClockRate
</UL>

<P><STRONG><a name="[e2]"></a>CLOCK_GetPLL0InClockRate</STRONG> (Thumb, 50 bytes, Stack size 0 bytes, fsl_clock.o(.text.CLOCK_GetPLL0InClockRate))
<BR><BR>[Calls]<UL><LI><a href="#[e5]">&gt;&gt;</a>&nbsp;&nbsp;&nbsp;CLOCK_GetOsc32KFreq
<LI><a href="#[e4]">&gt;&gt;</a>&nbsp;&nbsp;&nbsp;CLOCK_GetFro1MFreq
<LI><a href="#[e3]">&gt;&gt;</a>&nbsp;&nbsp;&nbsp;CLOCK_GetExtClkFreq
</UL>
<BR>[Called By]<UL><LI><a href="#[cc]">&gt;&gt;</a>&nbsp;&nbsp;&nbsp;CLOCK_SetPLL0Freq
</UL>

<P><STRONG><a name="[11e]"></a>CLOCK_GetPll0OutFreq</STRONG> (Thumb, 12 bytes, Stack size 0 bytes, fsl_clock.o(.text.CLOCK_GetPll0OutFreq))
<BR><BR>[Called By]<UL><LI><a href="#[de]">&gt;&gt;</a>&nbsp;&nbsp;&nbsp;I2S_USB_Audio_TxInit
</UL>

<P><STRONG><a name="[cd]"></a>CLOCK_SetClkDiv</STRONG> (Thumb, 36 bytes, Stack size 0 bytes, fsl_clock.o(.text.CLOCK_SetClkDiv))
<BR><BR>[Called By]<UL><LI><a href="#[c5]">&gt;&gt;</a>&nbsp;&nbsp;&nbsp;BOARD_BootClockRUN
<LI><a href="#[4b]">&gt;&gt;</a>&nbsp;&nbsp;&nbsp;main
</UL>

<P><STRONG><a name="[cb]"></a>CLOCK_SetFLASHAccessCyclesForFreq</STRONG> (Thumb, 258 bytes, Stack size 0 bytes, fsl_clock.o(.text.CLOCK_SetFLASHAccessCyclesForFreq))
<BR><BR>[Called By]<UL><LI><a href="#[c5]">&gt;&gt;</a>&nbsp;&nbsp;&nbsp;BOARD_BootClockRUN
</UL>

<P><STRONG><a name="[cc]"></a>CLOCK_SetPLL0Freq</STRONG> (Thumb, 212 bytes, Stack size 16 bytes, fsl_clock.o(.text.CLOCK_SetPLL0Freq))
<BR><BR>[Stack]<UL><LI>Max Depth = 64<LI>Call Chain = CLOCK_SetPLL0Freq &rArr; SDK_DelayAtLeastUs &rArr; __aeabi_assert &rArr; fputs &rArr; fputc
</UL>
<BR>[Calls]<UL><LI><a href="#[e7]">&gt;&gt;</a>&nbsp;&nbsp;&nbsp;findPll0PreDiv
<LI><a href="#[e6]">&gt;&gt;</a>&nbsp;&nbsp;&nbsp;POWER_EnablePD
<LI><a href="#[e1]">&gt;&gt;</a>&nbsp;&nbsp;&nbsp;POWER_DisablePD
<LI><a href="#[e8]">&gt;&gt;</a>&nbsp;&nbsp;&nbsp;CLOCK_IsPLL0Locked
<LI><a href="#[e9]">&gt;&gt;</a>&nbsp;&nbsp;&nbsp;SDK_DelayAtLeastUs
<LI><a href="#[e2]">&gt;&gt;</a>&nbsp;&nbsp;&nbsp;CLOCK_GetPLL0InClockRate
</UL>
<BR>[Called By]<UL><LI><a href="#[c5]">&gt;&gt;</a>&nbsp;&nbsp;&nbsp;BOARD_BootClockRUN
<LI><a href="#[4b]">&gt;&gt;</a>&nbsp;&nbsp;&nbsp;main
</UL>

<P><STRONG><a name="[c9]"></a>CLOCK_SetupExtClocking</STRONG> (Thumb, 66 bytes, Stack size 8 bytes, fsl_clock.o(.text.CLOCK_SetupExtClocking))
<BR><BR>[Stack]<UL><LI>Max Depth = 8<LI>Call Chain = CLOCK_SetupExtClocking
</UL>
<BR>[Calls]<UL><LI><a href="#[e1]">&gt;&gt;</a>&nbsp;&nbsp;&nbsp;POWER_DisablePD
</UL>
<BR>[Called By]<UL><LI><a href="#[c5]">&gt;&gt;</a>&nbsp;&nbsp;&nbsp;BOARD_BootClockRUN
</UL>

<P><STRONG><a name="[c7]"></a>CLOCK_SetupFROClocking</STRONG> (Thumb, 100 bytes, Stack size 16 bytes, fsl_clock.o(.text.CLOCK_SetupFROClocking))
<BR><BR>[Stack]<UL><LI>Max Depth = 16<LI>Call Chain = CLOCK_SetupFROClocking
</UL>
<BR>[Calls]<UL><LI><a href="#[e1]">&gt;&gt;</a>&nbsp;&nbsp;&nbsp;POWER_DisablePD
</UL>
<BR>[Called By]<UL><LI><a href="#[c5]">&gt;&gt;</a>&nbsp;&nbsp;&nbsp;BOARD_BootClockRUN
</UL>

<P><STRONG><a name="[58]"></a>CTIMER0_DriverIRQHandler</STRONG> (Thumb, 6 bytes, Stack size 0 bytes, fsl_ctimer.o(.text.CTIMER0_DriverIRQHandler))
<BR><BR>[Stack]<UL><LI>Max Depth = 24<LI>Call Chain = CTIMER0_DriverIRQHandler &rArr; CTIMER_GenericIRQHandler
</UL>
<BR>[Calls]<UL><LI><a href="#[ea]">&gt;&gt;</a>&nbsp;&nbsp;&nbsp;CTIMER_GenericIRQHandler
</UL>
<BR>[Address Reference Count : 1]<UL><LI> startup_lpc55s69_cm33_core0.o(.text)
</UL>
<P><STRONG><a name="[59]"></a>CTIMER1_DriverIRQHandler</STRONG> (Thumb, 6 bytes, Stack size 0 bytes, fsl_ctimer.o(.text.CTIMER1_DriverIRQHandler))
<BR><BR>[Stack]<UL><LI>Max Depth = 24<LI>Call Chain = CTIMER1_DriverIRQHandler &rArr; CTIMER_GenericIRQHandler
</UL>
<BR>[Calls]<UL><LI><a href="#[ea]">&gt;&gt;</a>&nbsp;&nbsp;&nbsp;CTIMER_GenericIRQHandler
</UL>
<BR>[Address Reference Count : 1]<UL><LI> startup_lpc55s69_cm33_core0.o(.text)
</UL>
<P><STRONG><a name="[72]"></a>CTIMER2_DriverIRQHandler</STRONG> (Thumb, 6 bytes, Stack size 0 bytes, fsl_ctimer.o(.text.CTIMER2_DriverIRQHandler))
<BR><BR>[Stack]<UL><LI>Max Depth = 24<LI>Call Chain = CTIMER2_DriverIRQHandler &rArr; CTIMER_GenericIRQHandler
</UL>
<BR>[Calls]<UL><LI><a href="#[ea]">&gt;&gt;</a>&nbsp;&nbsp;&nbsp;CTIMER_GenericIRQHandler
</UL>
<BR>[Address Reference Count : 1]<UL><LI> startup_lpc55s69_cm33_core0.o(.text)
</UL>
<P><STRONG><a name="[5b]"></a>CTIMER3_DriverIRQHandler</STRONG> (Thumb, 6 bytes, Stack size 0 bytes, fsl_ctimer.o(.text.CTIMER3_DriverIRQHandler))
<BR><BR>[Stack]<UL><LI>Max Depth = 24<LI>Call Chain = CTIMER3_DriverIRQHandler &rArr; CTIMER_GenericIRQHandler
</UL>
<BR>[Calls]<UL><LI><a href="#[ea]">&gt;&gt;</a>&nbsp;&nbsp;&nbsp;CTIMER_GenericIRQHandler
</UL>
<BR>[Address Reference Count : 1]<UL><LI> startup_lpc55s69_cm33_core0.o(.text)
</UL>
<P><STRONG><a name="[73]"></a>CTIMER4_DriverIRQHandler</STRONG> (Thumb, 6 bytes, Stack size 0 bytes, fsl_ctimer.o(.text.CTIMER4_DriverIRQHandler))
<BR><BR>[Stack]<UL><LI>Max Depth = 24<LI>Call Chain = CTIMER4_DriverIRQHandler &rArr; CTIMER_GenericIRQHandler
</UL>
<BR>[Calls]<UL><LI><a href="#[ea]">&gt;&gt;</a>&nbsp;&nbsp;&nbsp;CTIMER_GenericIRQHandler
</UL>
<BR>[Address Reference Count : 1]<UL><LI> startup_lpc55s69_cm33_core0.o(.text)
</UL>
<P><STRONG><a name="[ea]"></a>CTIMER_GenericIRQHandler</STRONG> (Thumb, 122 bytes, Stack size 24 bytes, fsl_ctimer.o(.text.CTIMER_GenericIRQHandler))
<BR><BR>[Stack]<UL><LI>Max Depth = 24<LI>Call Chain = CTIMER_GenericIRQHandler
</UL>
<BR>[Calls]<UL><LI><a href="#[eb]">&gt;&gt;</a>&nbsp;&nbsp;&nbsp;CTIMER_GetStatusFlags
<LI><a href="#[ec]">&gt;&gt;</a>&nbsp;&nbsp;&nbsp;CTIMER_ClearStatusFlags
</UL>
<BR>[Called By]<UL><LI><a href="#[73]">&gt;&gt;</a>&nbsp;&nbsp;&nbsp;CTIMER4_DriverIRQHandler
<LI><a href="#[5b]">&gt;&gt;</a>&nbsp;&nbsp;&nbsp;CTIMER3_DriverIRQHandler
<LI><a href="#[72]">&gt;&gt;</a>&nbsp;&nbsp;&nbsp;CTIMER2_DriverIRQHandler
<LI><a href="#[59]">&gt;&gt;</a>&nbsp;&nbsp;&nbsp;CTIMER1_DriverIRQHandler
<LI><a href="#[58]">&gt;&gt;</a>&nbsp;&nbsp;&nbsp;CTIMER0_DriverIRQHandler
</UL>

<P><STRONG><a name="[4f]"></a>DMA0_DriverIRQHandler</STRONG> (Thumb, 12 bytes, Stack size 0 bytes, fsl_dma.o(.text.DMA0_DriverIRQHandler))
<BR><BR>[Stack]<UL><LI>Max Depth = 80<LI>Call Chain = DMA0_DriverIRQHandler &rArr; DMA_IRQHandle &rArr; DMA_GetVirtualStartChannel &rArr; DMA_GetInstance &rArr; __aeabi_assert &rArr; fputs &rArr; fputc
</UL>
<BR>[Calls]<UL><LI><a href="#[ed]">&gt;&gt;</a>&nbsp;&nbsp;&nbsp;DMA_IRQHandle
</UL>
<BR>[Address Reference Count : 1]<UL><LI> startup_lpc55s69_cm33_core0.o(.text)
</UL>
<P><STRONG><a name="[88]"></a>DMA1_DriverIRQHandler</STRONG> (Thumb, 12 bytes, Stack size 0 bytes, fsl_dma.o(.text.DMA1_DriverIRQHandler))
<BR><BR>[Stack]<UL><LI>Max Depth = 80<LI>Call Chain = DMA1_DriverIRQHandler &rArr; DMA_IRQHandle &rArr; DMA_GetVirtualStartChannel &rArr; DMA_GetInstance &rArr; __aeabi_assert &rArr; fputs &rArr; fputc
</UL>
<BR>[Calls]<UL><LI><a href="#[ed]">&gt;&gt;</a>&nbsp;&nbsp;&nbsp;DMA_IRQHandle
</UL>
<BR>[Address Reference Count : 1]<UL><LI> startup_lpc55s69_cm33_core0.o(.text)
</UL>
<P><STRONG><a name="[ee]"></a>DMA_AbortTransfer</STRONG> (Thumb, 90 bytes, Stack size 8 bytes, fsl_dma.o(.text.DMA_AbortTransfer))
<BR><BR>[Stack]<UL><LI>Max Depth = 48<LI>Call Chain = DMA_AbortTransfer &rArr; __aeabi_assert &rArr; fputs &rArr; fputc
</UL>
<BR>[Calls]<UL><LI><a href="#[f1]">&gt;&gt;</a>&nbsp;&nbsp;&nbsp;__aeabi_assert
<LI><a href="#[f0]">&gt;&gt;</a>&nbsp;&nbsp;&nbsp;DMA_EnableChannel
<LI><a href="#[ef]">&gt;&gt;</a>&nbsp;&nbsp;&nbsp;DMA_DisableChannel
</UL>
<BR>[Called By]<UL><LI><a href="#[111]">&gt;&gt;</a>&nbsp;&nbsp;&nbsp;I2S_TransferAbortDMA
</UL>

<P><STRONG><a name="[d2]"></a>DMA_CreateHandle</STRONG> (Thumb, 112 bytes, Stack size 24 bytes, fsl_dma.o(.text.DMA_CreateHandle))
<BR><BR>[Stack]<UL><LI>Max Depth = 72<LI>Call Chain = DMA_CreateHandle &rArr; DMA_GetVirtualStartChannel &rArr; DMA_GetInstance &rArr; __aeabi_assert &rArr; fputs &rArr; fputc
</UL>
<BR>[Calls]<UL><LI><a href="#[f1]">&gt;&gt;</a>&nbsp;&nbsp;&nbsp;__aeabi_assert
<LI><a href="#[f4]">&gt;&gt;</a>&nbsp;&nbsp;&nbsp;EnableIRQ
<LI><a href="#[f3]">&gt;&gt;</a>&nbsp;&nbsp;&nbsp;DMA_GetVirtualStartChannel
<LI><a href="#[f2]">&gt;&gt;</a>&nbsp;&nbsp;&nbsp;DMA_GetInstance
<LI><a href="#[f5]">&gt;&gt;</a>&nbsp;&nbsp;&nbsp;DMA_EnableChannelInterrupts
<LI><a href="#[b6]">&gt;&gt;</a>&nbsp;&nbsp;&nbsp;memset
</UL>
<BR>[Called By]<UL><LI><a href="#[ce]">&gt;&gt;</a>&nbsp;&nbsp;&nbsp;BOARD_DMA_EDMA_Config
</UL>

<P><STRONG><a name="[ed]"></a>DMA_IRQHandle</STRONG> (Thumb, 166 bytes, Stack size 32 bytes, fsl_dma.o(.text.DMA_IRQHandle))
<BR><BR>[Stack]<UL><LI>Max Depth = 80<LI>Call Chain = DMA_IRQHandle &rArr; DMA_GetVirtualStartChannel &rArr; DMA_GetInstance &rArr; __aeabi_assert &rArr; fputs &rArr; fputc
</UL>
<BR>[Calls]<UL><LI><a href="#[f3]">&gt;&gt;</a>&nbsp;&nbsp;&nbsp;DMA_GetVirtualStartChannel
</UL>
<BR>[Called By]<UL><LI><a href="#[88]">&gt;&gt;</a>&nbsp;&nbsp;&nbsp;DMA1_DriverIRQHandler
<LI><a href="#[4f]">&gt;&gt;</a>&nbsp;&nbsp;&nbsp;DMA0_DriverIRQHandler
</UL>

<P><STRONG><a name="[cf]"></a>DMA_Init</STRONG> (Thumb, 80 bytes, Stack size 16 bytes, fsl_dma.o(.text.DMA_Init))
<BR><BR>[Stack]<UL><LI>Max Depth = 64<LI>Call Chain = DMA_Init &rArr; RESET_PeripheralReset &rArr; RESET_SetPeripheralReset &rArr; __aeabi_assert &rArr; fputs &rArr; fputc
</UL>
<BR>[Calls]<UL><LI><a href="#[fa]">&gt;&gt;</a>&nbsp;&nbsp;&nbsp;RESET_PeripheralReset
<LI><a href="#[f2]">&gt;&gt;</a>&nbsp;&nbsp;&nbsp;DMA_GetInstance
<LI><a href="#[f9]">&gt;&gt;</a>&nbsp;&nbsp;&nbsp;CLOCK_EnableClock
</UL>
<BR>[Called By]<UL><LI><a href="#[ce]">&gt;&gt;</a>&nbsp;&nbsp;&nbsp;BOARD_DMA_EDMA_Config
</UL>

<P><STRONG><a name="[fb]"></a>DMA_SetCallback</STRONG> (Thumb, 44 bytes, Stack size 0 bytes, fsl_dma.o(.text.DMA_SetCallback))
<BR><BR>[Stack]<UL><LI>Max Depth = 40<LI>Call Chain = DMA_SetCallback &rArr; __aeabi_assert &rArr; fputs &rArr; fputc
</UL>
<BR>[Calls]<UL><LI><a href="#[f1]">&gt;&gt;</a>&nbsp;&nbsp;&nbsp;__aeabi_assert
</UL>
<BR>[Called By]<UL><LI><a href="#[d4]">&gt;&gt;</a>&nbsp;&nbsp;&nbsp;I2S_TxTransferCreateHandleDMA
</UL>

<P><STRONG><a name="[fc]"></a>DMA_SetupDescriptor</STRONG> (Thumb, 146 bytes, Stack size 24 bytes, fsl_dma.o(.text.DMA_SetupDescriptor))
<BR><BR>[Stack]<UL><LI>Max Depth = 64<LI>Call Chain = DMA_SetupDescriptor &rArr; __aeabi_assert &rArr; fputs &rArr; fputc
</UL>
<BR>[Calls]<UL><LI><a href="#[f1]">&gt;&gt;</a>&nbsp;&nbsp;&nbsp;__aeabi_assert
</UL>
<BR>[Called By]<UL><LI><a href="#[fe]">&gt;&gt;</a>&nbsp;&nbsp;&nbsp;DMA_SubmitChannelTransferParameter
<LI><a href="#[116]">&gt;&gt;</a>&nbsp;&nbsp;&nbsp;I2S_StartTransferDMA
<LI><a href="#[10d]">&gt;&gt;</a>&nbsp;&nbsp;&nbsp;I2S_AddTransferDMA
</UL>

<P><STRONG><a name="[fd]"></a>DMA_StartTransfer</STRONG> (Thumb, 104 bytes, Stack size 16 bytes, fsl_dma.o(.text.DMA_StartTransfer))
<BR><BR>[Stack]<UL><LI>Max Depth = 56<LI>Call Chain = DMA_StartTransfer &rArr; __aeabi_assert &rArr; fputs &rArr; fputc
</UL>
<BR>[Calls]<UL><LI><a href="#[f1]">&gt;&gt;</a>&nbsp;&nbsp;&nbsp;__aeabi_assert
<LI><a href="#[f0]">&gt;&gt;</a>&nbsp;&nbsp;&nbsp;DMA_EnableChannel
</UL>
<BR>[Called By]<UL><LI><a href="#[116]">&gt;&gt;</a>&nbsp;&nbsp;&nbsp;I2S_StartTransferDMA
</UL>

<P><STRONG><a name="[fe]"></a>DMA_SubmitChannelTransferParameter</STRONG> (Thumb, 184 bytes, Stack size 32 bytes, fsl_dma.o(.text.DMA_SubmitChannelTransferParameter))
<BR><BR>[Stack]<UL><LI>Max Depth = 96<LI>Call Chain = DMA_SubmitChannelTransferParameter &rArr; DMA_SetupDescriptor &rArr; __aeabi_assert &rArr; fputs &rArr; fputc
</UL>
<BR>[Calls]<UL><LI><a href="#[f1]">&gt;&gt;</a>&nbsp;&nbsp;&nbsp;__aeabi_assert
<LI><a href="#[fc]">&gt;&gt;</a>&nbsp;&nbsp;&nbsp;DMA_SetupDescriptor
<LI><a href="#[f2]">&gt;&gt;</a>&nbsp;&nbsp;&nbsp;DMA_GetInstance
</UL>
[...]
<BR><BR>[Stack]<UL><LI>Max Depth = 120<LI>Call Chain = USB_DeviceCh9GetInterface &rArr; USB_DeviceClassCallback &rArr; USB_DeviceClassEvent &rArr; USB_DeviceClassGetHandleByDeviceHandle &rArr; OSA_EnterCritical
</UL>
<BR>[Calls]<UL><LI><a href="#[161]">&gt;&gt;</a>&nbsp;&nbsp;&nbsp;USB_DeviceGetStatus
<LI><a href="#[91]">&gt;&gt;</a>&nbsp;&nbsp;&nbsp;USB_DeviceClassCallback
</UL>
<BR>[Address Reference Count : 1]<UL><LI> usb_device_ch9.o(.rodata.s_UsbDeviceStandardRequest)
</UL>
<P><STRONG><a name="[a5]"></a>USB_DeviceCh9GetStatus</STRONG> (Thumb, 134 bytes, Stack size 32 bytes, usb_device_ch9.o(.text.USB_DeviceCh9GetStatus))
<BR><BR>[Stack]<UL><LI>Max Depth = 32<LI>Call Chain = USB_DeviceCh9GetStatus
</UL>
<BR>[Calls]<UL><LI><a href="#[161]">&gt;&gt;</a>&nbsp;&nbsp;&nbsp;USB_DeviceGetStatus
</UL>
<BR>[Address Reference Count : 1]<UL><LI> usb_device_ch9.o(.rodata.s_UsbDeviceStandardRequest)
</UL>
<P><STRONG><a name="[a7]"></a>USB_DeviceCh9SetAddress</STRONG> (Thumb, 90 bytes, Stack size 24 bytes, usb_device_ch9.o(.text.USB_DeviceCh9SetAddress))
<BR><BR>[Stack]<UL><LI>Max Depth = 32<LI>Call Chain = USB_DeviceCh9SetAddress &rArr; USB_DeviceSetStatus
</UL>
<BR>[Calls]<UL><LI><a href="#[161]">&gt;&gt;</a>&nbsp;&nbsp;&nbsp;USB_DeviceGetStatus
<LI><a href="#[162]">&gt;&gt;</a>&nbsp;&nbsp;&nbsp;USB_DeviceSetStatus
</UL>
<BR>[Address Reference Count : 1]<UL><LI> usb_device_ch9.o(.rodata.s_UsbDeviceStandardRequest)
</UL>
<P><STRONG><a name="[a6]"></a>USB_DeviceCh9SetClearFeature</STRONG> (Thumb, 142 bytes, Stack size 24 bytes, usb_device_ch9.o(.text.USB_DeviceCh9SetClearFeature))
<BR><BR>[Stack]<UL><LI>Max Depth = 120<LI>Call Chain = USB_DeviceCh9SetClearFeature &rArr; USB_DeviceClassCallback &rArr; USB_DeviceClassEvent &rArr; USB_DeviceClassGetHandleByDeviceHandle &rArr; OSA_EnterCritical
</UL>
<BR>[Calls]<UL><LI><a href="#[161]">&gt;&gt;</a>&nbsp;&nbsp;&nbsp;USB_DeviceGetStatus
<LI><a href="#[163]">&gt;&gt;</a>&nbsp;&nbsp;&nbsp;USB_DeviceClassEvent
<LI><a href="#[91]">&gt;&gt;</a>&nbsp;&nbsp;&nbsp;USB_DeviceClassCallback
<LI><a href="#[143]">&gt;&gt;</a>&nbsp;&nbsp;&nbsp;USB_DeviceUnstallEndpoint
<LI><a href="#[142]">&gt;&gt;</a>&nbsp;&nbsp;&nbsp;USB_DeviceStallEndpoint
</UL>
<BR>[Address Reference Count : 1]<UL><LI> usb_device_ch9.o(.rodata.s_UsbDeviceStandardRequest)
</UL>
<P><STRONG><a name="[aa]"></a>USB_DeviceCh9SetConfiguration</STRONG> (Thumb, 100 bytes, Stack size 24 bytes, usb_device_ch9.o(.text.USB_DeviceCh9SetConfiguration))
<BR><BR>[Stack]<UL><LI>Max Depth = 120<LI>Call Chain = USB_DeviceCh9SetConfiguration &rArr; USB_DeviceClassCallback &rArr; USB_DeviceClassEvent &rArr; USB_DeviceClassGetHandleByDeviceHandle &rArr; OSA_EnterCritical
</UL>
<BR>[Calls]<UL><LI><a href="#[161]">&gt;&gt;</a>&nbsp;&nbsp;&nbsp;USB_DeviceGetStatus
<LI><a href="#[163]">&gt;&gt;</a>&nbsp;&nbsp;&nbsp;USB_DeviceClassEvent
<LI><a href="#[91]">&gt;&gt;</a>&nbsp;&nbsp;&nbsp;USB_DeviceClassCallback
<LI><a href="#[162]">&gt;&gt;</a>&nbsp;&nbsp;&nbsp;USB_DeviceSetStatus
</UL>
<BR>[Address Reference Count : 1]<UL><LI> usb_device_ch9.o(.rodata.s_UsbDeviceStandardRequest)
</UL>
<P><STRONG><a name="[ac]"></a>USB_DeviceCh9SetInterface</STRONG> (Thumb, 72 bytes, Stack size 24 bytes, usb_device_ch9.o(.text.USB_DeviceCh9SetInterface))
<BR><BR>[Stack]<UL><LI>Max Depth = 120<LI>Call Chain = USB_DeviceCh9SetInterface &rArr; USB_DeviceClassCallback &rArr; USB_DeviceClassEvent &rArr; USB_DeviceClassGetHandleByDeviceHandle &rArr; OSA_EnterCritical
</UL>
<BR>[Calls]<UL><LI><a href="#[161]">&gt;&gt;</a>&nbsp;&nbsp;&nbsp;USB_DeviceGetStatus
<LI><a href="#[163]">&gt;&gt;</a>&nbsp;&nbsp;&nbsp;USB_DeviceClassEvent
<LI><a href="#[91]">&gt;&gt;</a>&nbsp;&nbsp;&nbsp;USB_DeviceClassCallback
</UL>
<BR>[Address Reference Count : 1]<UL><LI> usb_device_ch9.o(.rodata.s_UsbDeviceStandardRequest)
</UL>
<P><STRONG><a name="[ad]"></a>USB_DeviceCh9SynchFrame</STRONG> (Thumb, 66 bytes, Stack size 24 bytes, usb_device_ch9.o(.text.USB_DeviceCh9SynchFrame))
<BR><BR>[Stack]<UL><LI>Max Depth = 24<LI>Call Chain = USB_DeviceCh9SynchFrame
</UL>
<BR>[Calls]<UL><LI><a href="#[161]">&gt;&gt;</a>&nbsp;&nbsp;&nbsp;USB_DeviceGetStatus
</UL>
<BR>[Address Reference Count : 1]<UL><LI> usb_device_ch9.o(.rodata.s_UsbDeviceStandardRequest)
</UL>
<P><STRONG><a name="[16d]"></a>USB_DeviceControlCallbackFeedback</STRONG> (Thumb, 122 bytes, Stack size 16 bytes, usb_device_ch9.o(.text.USB_DeviceControlCallbackFeedback))
<BR><BR>[Stack]<UL><LI>Max Depth = 56<LI>Call Chain = USB_DeviceControlCallbackFeedback &rArr; USB_DeviceSendRequest &rArr; USB_DeviceTransfer &rArr; OSA_EnterCritical
</UL>
<BR>[Calls]<UL><LI><a href="#[142]">&gt;&gt;</a>&nbsp;&nbsp;&nbsp;USB_DeviceStallEndpoint
<LI><a href="#[151]">&gt;&gt;</a>&nbsp;&nbsp;&nbsp;USB_DeviceSendRequest
<LI><a href="#[150]">&gt;&gt;</a>&nbsp;&nbsp;&nbsp;USB_DeviceRecvRequest
</UL>
<BR>[Called By]<UL><LI><a href="#[92]">&gt;&gt;</a>&nbsp;&nbsp;&nbsp;USB_DeviceControlCallback
</UL>

<P><STRONG><a name="[132]"></a>USB_DeviceAllocateHandle</STRONG> (Thumb, 86 bytes, Stack size 24 bytes, usb_device_dci.o(.text.USB_DeviceAllocateHandle))
<BR><BR>[Stack]<UL><LI>Max Depth = 32<LI>Call Chain = USB_DeviceAllocateHandle &rArr; OSA_EnterCritical
</UL>
<BR>[Calls]<UL><LI><a href="#[124]">&gt;&gt;</a>&nbsp;&nbsp;&nbsp;OSA_ExitCritical
<LI><a href="#[121]">&gt;&gt;</a>&nbsp;&nbsp;&nbsp;OSA_EnterCritical
</UL>
<BR>[Called By]<UL><LI><a href="#[169]">&gt;&gt;</a>&nbsp;&nbsp;&nbsp;USB_DeviceInit
</UL>

<P><STRONG><a name="[16f]"></a>USB_DeviceControl</STRONG> (Thumb, 24 bytes, Stack size 0 bytes, usb_device_dci.o(.text.USB_DeviceControl))
<BR><BR>[Called By]<UL><LI><a href="#[161]">&gt;&gt;</a>&nbsp;&nbsp;&nbsp;USB_DeviceGetStatus
<LI><a href="#[143]">&gt;&gt;</a>&nbsp;&nbsp;&nbsp;USB_DeviceUnstallEndpoint
<LI><a href="#[142]">&gt;&gt;</a>&nbsp;&nbsp;&nbsp;USB_DeviceStallEndpoint
<LI><a href="#[13e]">&gt;&gt;</a>&nbsp;&nbsp;&nbsp;USB_DeviceInitEndpoint
<LI><a href="#[13c]">&gt;&gt;</a>&nbsp;&nbsp;&nbsp;USB_DeviceDeinitEndpoint
<LI><a href="#[bf]">&gt;&gt;</a>&nbsp;&nbsp;&nbsp;USB_DeviceRun
<LI><a href="#[18a]">&gt;&gt;</a>&nbsp;&nbsp;&nbsp;USB_DeviceResetNotification
<LI><a href="#[162]">&gt;&gt;</a>&nbsp;&nbsp;&nbsp;USB_DeviceSetStatus
</UL>

<P><STRONG><a name="[16e]"></a>USB_DeviceFreeHandle</STRONG> (Thumb, 30 bytes, Stack size 16 bytes, usb_device_dci.o(.text.USB_DeviceFreeHandle))
<BR><BR>[Stack]<UL><LI>Max Depth = 24<LI>Call Chain = USB_DeviceFreeHandle &rArr; OSA_EnterCritical
</UL>
<BR>[Calls]<UL><LI><a href="#[124]">&gt;&gt;</a>&nbsp;&nbsp;&nbsp;OSA_ExitCritical
<LI><a href="#[121]">&gt;&gt;</a>&nbsp;&nbsp;&nbsp;OSA_EnterCritical
</UL>
<BR>[Called By]<UL><LI><a href="#[169]">&gt;&gt;</a>&nbsp;&nbsp;&nbsp;USB_DeviceInit
<LI><a href="#[16a]">&gt;&gt;</a>&nbsp;&nbsp;&nbsp;USB_DeviceDeinit
</UL>

<P><STRONG><a name="[176]"></a>USB_DeviceGetControllerInterface</STRONG> (Thumb, 26 bytes, Stack size 0 bytes, usb_device_dci.o(.text.USB_DeviceGetControllerInterface))
<BR><BR>[Called By]<UL><LI><a href="#[169]">&gt;&gt;</a>&nbsp;&nbsp;&nbsp;USB_DeviceInit
</UL>

<P><STRONG><a name="[189]"></a>USB_DeviceNotification</STRONG> (Thumb, 112 bytes, Stack size 24 bytes, usb_device_dci.o(.text.USB_DeviceNotification))
<BR><BR>[Stack]<UL><LI>Max Depth = 40<LI>Call Chain = USB_DeviceNotification &rArr; USB_DeviceResetNotification
</UL>
<BR>[Calls]<UL><LI><a href="#[18a]">&gt;&gt;</a>&nbsp;&nbsp;&nbsp;USB_DeviceResetNotification
</UL>
<BR>[Called By]<UL><LI><a href="#[179]">&gt;&gt;</a>&nbsp;&nbsp;&nbsp;USB_DeviceNotificationTrigger
</UL>

<P><STRONG><a name="[18a]"></a>USB_DeviceResetNotification</STRONG> (Thumb, 68 bytes, Stack size 16 bytes, usb_device_dci.o(.text.USB_DeviceResetNotification))
<BR><BR>[Stack]<UL><LI>Max Depth = 16<LI>Call Chain = USB_DeviceResetNotification
</UL>
<BR>[Calls]<UL><LI><a href="#[16f]">&gt;&gt;</a>&nbsp;&nbsp;&nbsp;USB_DeviceControl
</UL>
<BR>[Called By]<UL><LI><a href="#[189]">&gt;&gt;</a>&nbsp;&nbsp;&nbsp;USB_DeviceNotification
</UL>

<P><STRONG><a name="[18b]"></a>USB_DeviceTransfer</STRONG> (Thumb, 130 bytes, Stack size 32 bytes, usb_device_dci.o(.text.USB_DeviceTransfer))
<BR><BR>[Stack]<UL><LI>Max Depth = 40<LI>Call Chain = USB_DeviceTransfer &rArr; OSA_EnterCritical
</UL>
<BR>[Calls]<UL><LI><a href="#[124]">&gt;&gt;</a>&nbsp;&nbsp;&nbsp;OSA_ExitCritical
<LI><a href="#[121]">&gt;&gt;</a>&nbsp;&nbsp;&nbsp;OSA_EnterCritical
</UL>
<BR>[Called By]<UL><LI><a href="#[151]">&gt;&gt;</a>&nbsp;&nbsp;&nbsp;USB_DeviceSendRequest
<LI><a href="#[150]">&gt;&gt;</a>&nbsp;&nbsp;&nbsp;USB_DeviceRecvRequest
</UL>

<P><STRONG><a name="[17f]"></a>USB_DeviceLpc3511IpDoPreviousTransactionMemcpy</STRONG> (Thumb, 76 bytes, Stack size 8 bytes, usb_device_lpcip3511.o(.text.USB_DeviceLpc3511IpDoPreviousTransactionMemcpy))
<BR><BR>[Stack]<UL><LI>Max Depth = 16<LI>Call Chain = USB_DeviceLpc3511IpDoPreviousTransactionMemcpy &rArr; memcpy
</UL>
<BR>[Calls]<UL><LI><a href="#[180]">&gt;&gt;</a>&nbsp;&nbsp;&nbsp;memcpy
</UL>
<BR>[Called By]<UL><LI><a href="#[187]">&gt;&gt;</a>&nbsp;&nbsp;&nbsp;USB_DeviceLpc3511IpInterruptToken
</UL>

<P><STRONG><a name="[17b]"></a>USB_DeviceLpc3511IpEndpointDeinit</STRONG> (Thumb, 106 bytes, Stack size 24 bytes, usb_device_lpcip3511.o(.text.USB_DeviceLpc3511IpEndpointDeinit))
<BR><BR>[Stack]<UL><LI>Max Depth = 104<LI>Call Chain = USB_DeviceLpc3511IpEndpointDeinit &rArr; USB_DeviceLpc3511IpCancel &rArr; USB_DeviceNotificationTrigger &rArr; USB_DeviceNotification &rArr; USB_DeviceResetNotification
</UL>
<BR>[Calls]<UL><LI><a href="#[181]">&gt;&gt;</a>&nbsp;&nbsp;&nbsp;USB_DeviceLpcIp3511ReleaseMaxPacketBuffer
<LI><a href="#[178]">&gt;&gt;</a>&nbsp;&nbsp;&nbsp;USB_DeviceLpc3511IpGetEndpointStateStruct
<LI><a href="#[a3]">&gt;&gt;</a>&nbsp;&nbsp;&nbsp;USB_DeviceLpc3511IpCancel
</UL>
<BR>[Called By]<UL><LI><a href="#[a4]">&gt;&gt;</a>&nbsp;&nbsp;&nbsp;USB_DeviceLpc3511IpControl
</UL>

<P><STRONG><a name="[17a]"></a>USB_DeviceLpc3511IpEndpointInit</STRONG> (Thumb, 244 bytes, Stack size 24 bytes, usb_device_lpcip3511.o(.text.USB_DeviceLpc3511IpEndpointInit))
<BR><BR>[Stack]<UL><LI>Max Depth = 56<LI>Call Chain = USB_DeviceLpc3511IpEndpointInit &rArr; USB_DeviceLpcIp3511MallocMaxPacketBuffer &rArr; OSA_EnterCritical
</UL>
<BR>[Calls]<UL><LI><a href="#[182]">&gt;&gt;</a>&nbsp;&nbsp;&nbsp;USB_DeviceLpcIp3511MallocMaxPacketBuffer
<LI><a href="#[178]">&gt;&gt;</a>&nbsp;&nbsp;&nbsp;USB_DeviceLpc3511IpGetEndpointStateStruct
</UL>
<BR>[Called By]<UL><LI><a href="#[a4]">&gt;&gt;</a>&nbsp;&nbsp;&nbsp;USB_DeviceLpc3511IpControl
</UL>

<P><STRONG><a name="[183]"></a>USB_DeviceLpc3511IpEndpointPrime</STRONG> (Thumb, 178 bytes, Stack size 32 bytes, usb_device_lpcip3511.o(.text.USB_DeviceLpc3511IpEndpointPrime))
<BR><BR>[Stack]<UL><LI>Max Depth = 40<LI>Call Chain = USB_DeviceLpc3511IpEndpointPrime &rArr; OSA_EnterCritical
</UL>
<BR>[Calls]<UL><LI><a href="#[124]">&gt;&gt;</a>&nbsp;&nbsp;&nbsp;OSA_ExitCritical
<LI><a href="#[121]">&gt;&gt;</a>&nbsp;&nbsp;&nbsp;OSA_EnterCritical
</UL>
<BR>[Called By]<UL><LI><a href="#[187]">&gt;&gt;</a>&nbsp;&nbsp;&nbsp;USB_DeviceLpc3511IpInterruptToken
<LI><a href="#[185]">&gt;&gt;</a>&nbsp;&nbsp;&nbsp;USB_DeviceLpc3511IpGetActualBufferAndPrime
</UL>

<P><STRONG><a name="[17c]"></a>USB_DeviceLpc3511IpEndpointStall</STRONG> (Thumb, 84 bytes, Stack size 24 bytes, usb_device_lpcip3511.o(.text.USB_DeviceLpc3511IpEndpointStall))
<BR><BR>[Stack]<UL><LI>Max Depth = 104<LI>Call Chain = USB_DeviceLpc3511IpEndpointStall &rArr; USB_DeviceLpc3511IpCancel &rArr; USB_DeviceNotificationTrigger &rArr; USB_DeviceNotification &rArr; USB_DeviceResetNotification
</UL>
<BR>[Calls]<UL><LI><a href="#[178]">&gt;&gt;</a>&nbsp;&nbsp;&nbsp;USB_DeviceLpc3511IpGetEndpointStateStruct
<LI><a href="#[a3]">&gt;&gt;</a>&nbsp;&nbsp;&nbsp;USB_DeviceLpc3511IpCancel
</UL>
<BR>[Called By]<UL><LI><a href="#[a4]">&gt;&gt;</a>&nbsp;&nbsp;&nbsp;USB_DeviceLpc3511IpControl
</UL>

<P><STRONG><a name="[17d]"></a>USB_DeviceLpc3511IpEndpointUnstall</STRONG> (Thumb, 106 bytes, Stack size 24 bytes, usb_device_lpcip3511.o(.text.USB_DeviceLpc3511IpEndpointUnstall))
<BR><BR>[Stack]<UL><LI>Max Depth = 128<LI>Call Chain = USB_DeviceLpc3511IpEndpointUnstall &rArr; USB_DeviceLpc3511IpTransaction &rArr; USB_DeviceLpc3511IpGetActualBufferAndPrime &rArr; USB_DeviceLpc3511IpEndpointPrime &rArr; OSA_EnterCritical
</UL>
<BR>[Calls]<UL><LI><a href="#[184]">&gt;&gt;</a>&nbsp;&nbsp;&nbsp;USB_DeviceLpc3511IpTransaction
<LI><a href="#[178]">&gt;&gt;</a>&nbsp;&nbsp;&nbsp;USB_DeviceLpc3511IpGetEndpointStateStruct
<LI><a href="#[a3]">&gt;&gt;</a>&nbsp;&nbsp;&nbsp;USB_DeviceLpc3511IpCancel
</UL>
<BR>[Called By]<UL><LI><a href="#[a4]">&gt;&gt;</a>&nbsp;&nbsp;&nbsp;USB_DeviceLpc3511IpControl
</UL>

<P><STRONG><a name="[185]"></a>USB_DeviceLpc3511IpGetActualBufferAndPrime</STRONG> (Thumb, 194 bytes, Stack size 40 bytes, usb_device_lpcip3511.o(.text.USB_DeviceLpc3511IpGetActualBufferAndPrime))
<BR><BR>[Stack]<UL><LI>Max Depth = 80<LI>Call Chain = USB_DeviceLpc3511IpGetActualBufferAndPrime &rArr; USB_DeviceLpc3511IpEndpointPrime &rArr; OSA_EnterCritical
</UL>
<BR>[Calls]<UL><LI><a href="#[183]">&gt;&gt;</a>&nbsp;&nbsp;&nbsp;USB_DeviceLpc3511IpEndpointPrime
<LI><a href="#[180]">&gt;&gt;</a>&nbsp;&nbsp;&nbsp;memcpy
</UL>
<BR>[Called By]<UL><LI><a href="#[184]">&gt;&gt;</a>&nbsp;&nbsp;&nbsp;USB_DeviceLpc3511IpTransaction
</UL>

<P><STRONG><a name="[178]"></a>USB_DeviceLpc3511IpGetEndpointStateStruct</STRONG> (Thumb, 22 bytes, Stack size 0 bytes, usb_device_lpcip3511.o(.text.USB_DeviceLpc3511IpGetEndpointStateStruct))
<BR><BR>[Called By]<UL><LI><a href="#[187]">&gt;&gt;</a>&nbsp;&nbsp;&nbsp;USB_DeviceLpc3511IpInterruptToken
<LI><a href="#[17d]">&gt;&gt;</a>&nbsp;&nbsp;&nbsp;USB_DeviceLpc3511IpEndpointUnstall
<LI><a href="#[17c]">&gt;&gt;</a>&nbsp;&nbsp;&nbsp;USB_DeviceLpc3511IpEndpointStall
<LI><a href="#[17a]">&gt;&gt;</a>&nbsp;&nbsp;&nbsp;USB_DeviceLpc3511IpEndpointInit
<LI><a href="#[17b]">&gt;&gt;</a>&nbsp;&nbsp;&nbsp;USB_DeviceLpc3511IpEndpointDeinit
<LI><a href="#[a1]">&gt;&gt;</a>&nbsp;&nbsp;&nbsp;USB_DeviceLpc3511IpSend
<LI><a href="#[a4]">&gt;&gt;</a>&nbsp;&nbsp;&nbsp;USB_DeviceLpc3511IpControl
<LI><a href="#[a3]">&gt;&gt;</a>&nbsp;&nbsp;&nbsp;USB_DeviceLpc3511IpCancel
</UL>

<P><STRONG><a name="[186]"></a>USB_DeviceLpc3511IpInterruptReset</STRONG> (Thumb, 80 bytes, Stack size 24 bytes, usb_device_lpcip3511.o(.text.USB_DeviceLpc3511IpInterruptReset))
<BR><BR>[Stack]<UL><LI>Max Depth = 64<LI>Call Chain = USB_DeviceLpc3511IpInterruptReset &rArr; USB_DeviceNotificationTrigger &rArr; USB_DeviceNotification &rArr; USB_DeviceResetNotification
</UL>
<BR>[Calls]<UL><LI><a href="#[179]">&gt;&gt;</a>&nbsp;&nbsp;&nbsp;USB_DeviceNotificationTrigger
</UL>
<BR>[Called By]<UL><LI><a href="#[12f]">&gt;&gt;</a>&nbsp;&nbsp;&nbsp;USB_DeviceLpcIp3511IsrFunction
</UL>

<P><STRONG><a name="[187]"></a>USB_DeviceLpc3511IpInterruptToken</STRONG> (Thumb, 500 bytes, Stack size 48 bytes, usb_device_lpcip3511.o(.text.USB_DeviceLpc3511IpInterruptToken))
<BR><BR>[Stack]<UL><LI>Max Depth = 152<LI>Call Chain = USB_DeviceLpc3511IpInterruptToken &rArr; USB_DeviceLpc3511IpTransaction &rArr; USB_DeviceLpc3511IpGetActualBufferAndPrime &rArr; USB_DeviceLpc3511IpEndpointPrime &rArr; OSA_EnterCritical
</UL>
<BR>[Calls]<UL><LI><a href="#[184]">&gt;&gt;</a>&nbsp;&nbsp;&nbsp;USB_DeviceLpc3511IpTransaction
<LI><a href="#[188]">&gt;&gt;</a>&nbsp;&nbsp;&nbsp;USB_DeviceLpc3511IpTokenUpdate
<LI><a href="#[178]">&gt;&gt;</a>&nbsp;&nbsp;&nbsp;USB_DeviceLpc3511IpGetEndpointStateStruct
<LI><a href="#[183]">&gt;&gt;</a>&nbsp;&nbsp;&nbsp;USB_DeviceLpc3511IpEndpointPrime
<LI><a href="#[17f]">&gt;&gt;</a>&nbsp;&nbsp;&nbsp;USB_DeviceLpc3511IpDoPreviousTransactionMemcpy
<LI><a href="#[179]">&gt;&gt;</a>&nbsp;&nbsp;&nbsp;USB_DeviceNotificationTrigger
<LI><a href="#[a3]">&gt;&gt;</a>&nbsp;&nbsp;&nbsp;USB_DeviceLpc3511IpCancel
</UL>
<BR>[Called By]<UL><LI><a href="#[12f]">&gt;&gt;</a>&nbsp;&nbsp;&nbsp;USB_DeviceLpcIp3511IsrFunction
</UL>

<P><STRONG><a name="[17e]"></a>USB_DeviceLpc3511IpSetDefaultState</STRONG> (Thumb, 122 bytes, Stack size 16 bytes, usb_device_lpcip3511.o(.text.USB_DeviceLpc3511IpSetDefaultState))
<BR><BR>[Stack]<UL><LI>Max Depth = 16 + In Cycle
<LI>Call Chain = USB_DeviceLpc3511IpSetDefaultState &rArr;  USB_DeviceLpc3511IpControl (Cycle)
</UL>
<BR>[Calls]<UL><LI><a href="#[a4]">&gt;&gt;</a>&nbsp;&nbsp;&nbsp;USB_DeviceLpc3511IpControl
</UL>
<BR>[Called By]<UL><LI><a href="#[9f]">&gt;&gt;</a>&nbsp;&nbsp;&nbsp;USB_DeviceLpc3511IpInit
<LI><a href="#[a4]">&gt;&gt;</a>&nbsp;&nbsp;&nbsp;USB_DeviceLpc3511IpControl
</UL>

<P><STRONG><a name="[188]"></a>USB_DeviceLpc3511IpTokenUpdate</STRONG> (Thumb, 92 bytes, Stack size 8 bytes, usb_device_lpcip3511.o(.text.USB_DeviceLpc3511IpTokenUpdate))
<BR><BR>[Stack]<UL><LI>Max Depth = 8<LI>Call Chain = USB_DeviceLpc3511IpTokenUpdate
</UL>
<BR>[Called By]<UL><LI><a href="#[187]">&gt;&gt;</a>&nbsp;&nbsp;&nbsp;USB_DeviceLpc3511IpInterruptToken
</UL>

<P><STRONG><a name="[184]"></a>USB_DeviceLpc3511IpTransaction</STRONG> (Thumb, 154 bytes, Stack size 24 bytes, usb_device_lpcip3511.o(.text.USB_DeviceLpc3511IpTransaction))
<BR><BR>[Stack]<UL><LI>Max Depth = 104<LI>Call Chain = USB_DeviceLpc3511IpTransaction &rArr; USB_DeviceLpc3511IpGetActualBufferAndPrime &rArr; USB_DeviceLpc3511IpEndpointPrime &rArr; OSA_EnterCritical
</UL>
<BR>[Calls]<UL><LI><a href="#[124]">&gt;&gt;</a>&nbsp;&nbsp;&nbsp;OSA_ExitCritical
<LI><a href="#[121]">&gt;&gt;</a>&nbsp;&nbsp;&nbsp;OSA_EnterCritical
<LI><a href="#[185]">&gt;&gt;</a>&nbsp;&nbsp;&nbsp;USB_DeviceLpc3511IpGetActualBufferAndPrime
</UL>
<BR>[Called By]<UL><LI><a href="#[187]">&gt;&gt;</a>&nbsp;&nbsp;&nbsp;USB_DeviceLpc3511IpInterruptToken
<LI><a href="#[17d]">&gt;&gt;</a>&nbsp;&nbsp;&nbsp;USB_DeviceLpc3511IpEndpointUnstall
<LI><a href="#[a1]">&gt;&gt;</a>&nbsp;&nbsp;&nbsp;USB_DeviceLpc3511IpSend
</UL>

<P><STRONG><a name="[182]"></a>USB_DeviceLpcIp3511MallocMaxPacketBuffer</STRONG> (Thumb, 164 bytes, Stack size 24 bytes, usb_device_lpcip3511.o(.text.USB_DeviceLpcIp3511MallocMaxPacketBuffer))
<BR><BR>[Stack]<UL><LI>Max Depth = 32<LI>Call Chain = USB_DeviceLpcIp3511MallocMaxPacketBuffer &rArr; OSA_EnterCritical
</UL>
<BR>[Calls]<UL><LI><a href="#[124]">&gt;&gt;</a>&nbsp;&nbsp;&nbsp;OSA_ExitCritical
<LI><a href="#[121]">&gt;&gt;</a>&nbsp;&nbsp;&nbsp;OSA_EnterCritical
</UL>
<BR>[Called By]<UL><LI><a href="#[17a]">&gt;&gt;</a>&nbsp;&nbsp;&nbsp;USB_DeviceLpc3511IpEndpointInit
</UL>

<P><STRONG><a name="[181]"></a>USB_DeviceLpcIp3511ReleaseMaxPacketBuffer</STRONG> (Thumb, 106 bytes, Stack size 24 bytes, usb_device_lpcip3511.o(.text.USB_DeviceLpcIp3511ReleaseMaxPacketBuffer))
<BR><BR>[Stack]<UL><LI>Max Depth = 32<LI>Call Chain = USB_DeviceLpcIp3511ReleaseMaxPacketBuffer &rArr; OSA_EnterCritical
</UL>
<BR>[Calls]<UL><LI><a href="#[124]">&gt;&gt;</a>&nbsp;&nbsp;&nbsp;OSA_ExitCritical
<LI><a href="#[121]">&gt;&gt;</a>&nbsp;&nbsp;&nbsp;OSA_EnterCritical
</UL>
<BR>[Called By]<UL><LI><a href="#[17b]">&gt;&gt;</a>&nbsp;&nbsp;&nbsp;USB_DeviceLpc3511IpEndpointDeinit
</UL>

<P><STRONG><a name="[129]"></a>lowpower_set_dcdc_power_profile</STRONG> (Thumb, 72 bytes, Stack size unknown bytes, fsl_power_lib.o(.text.lowpower_set_dcdc_power_profile))
<BR><BR>[Called By]<UL><LI><a href="#[ca]">&gt;&gt;</a>&nbsp;&nbsp;&nbsp;POWER_SetVoltageForFreq
</UL>

<P><STRONG><a name="[191]"></a>lowpower_set_system_voltage</STRONG> (Thumb, 212 bytes, Stack size unknown bytes, fsl_power_lib.o(.text.lowpower_set_system_voltage))
<BR><BR>[Called By]<UL><LI><a href="#[12a]">&gt;&gt;</a>&nbsp;&nbsp;&nbsp;lowpower_set_voltage_for_process
</UL>

<P><STRONG><a name="[12a]"></a>lowpower_set_voltage_for_process</STRONG> (Thumb, 152 bytes, Stack size unknown bytes, fsl_power_lib.o(.text.lowpower_set_voltage_for_process))
<BR><BR>[Calls]<UL><LI><a href="#[191]">&gt;&gt;</a>&nbsp;&nbsp;&nbsp;lowpower_set_system_voltage
</UL>
<BR>[Called By]<UL><LI><a href="#[ca]">&gt;&gt;</a>&nbsp;&nbsp;&nbsp;POWER_SetVoltageForFreq
</UL>
<P>
<H3>
Undefined Global Symbols
</H3><HR></body></html>
