<html>
<body>
<pre>
<h1>µVision Build Log</h1>
<h2>Tool Versions:</h2>
IDE-Version: ¦ÌVision V5.29.0.0
Copyright (C) 2019 ARM Ltd and ARM Germany GmbH. All rights reserved.
License Information: ning jianwen, hhee, LIC=EXJT4-FNKEU-RAVDM-XQH1B-85HID-33TKQ
 
Tool Versions:
Toolchain:       MDK-ARM Plus  Version: 5.29.0.0
Toolchain Path:  C:\Keil_v5\ARM\ARMCLANG\Bin
C Compiler:      ArmClang.exe V6.13.1
Assembler:       Armasm.exe V6.13.1
Linker/Locator:  ArmLink.exe V6.13.1
Library Manager: ArmAr.exe V6.13.1
Hex Converter:   FromElf.exe V6.13.1
CPU DLL:         
Dialog DLL:      
Target DLL:      STLink\ST-LINKIII-KEIL_SWO.dll V3.0.7.0
Dialog DLL:      TCM.DLL V1.36.5.0
 
<h2>Project:</h2>
E:\LPC55S69-master\core0\project.uvprojx
Project File Date:  11/26/2020

<h2>Output:</h2>
*** Using Compiler 'V6.13.1', folder: 'C:\Keil_v5\ARM\ARMCLANG\Bin'
Build Project 'project' - Target 'core0'
compiling main.c...
compiling battery_app.c...
compiling led_app.c...
compiling ble_app.c...
compiling flash_app.c...
compiling adc_app.c...
compiling protocol.c...
compiling nbiot_app.c...
compiling si5351_drv.c...
compiling battery_drv.c...
compiling adc_drv.c...
compiling w25q128_drv.c...
compiling core1_app.c...
compiling nfc_app.c...
compiling list.c...
compiling soft_iic_drv.c...
compiling event_groups.c...
compiling pin_mux.c...
compiling clock_config.c...
compiling peripherals.c...
compiling iic_tp100_drv.c...
compiling stream_buffer.c...
compiling portasm.c...
compiling queue.c...
compiling heap_4.c...
compiling port.c...
compiling timers.c...
compiling tasks.c...
compiling fsl_common.c...
compiling fsl_flexcomm.c...
compiling fsl_gint.c...
compiling fsl_clock.c...
compiling fsl_dma.c...
compiling cJSON.c...
compiling fsl_ctimer.c...
compiling fsl_gpio.c...
compiling fsl_power.c...
compiling fsl_i2c.c...
compiling fsl_utick.c...
compiling fsl_spi.c...
compiling fsl_usart.c...
compiling memory.c...
compiling fsl_sysctl.c...
compiling fsl_usart_dma.c...
compiling fsl_inputmux.c...
compiling fsl_rtc.c...
compiling fsl_pint.c...
compiling fsl_iap.c...
compiling fsl_reset.c...
compiling fsl_powerquad_basic.c...
compiling fsl_powerquad_data.c...
compiling fsl_powerquad_cmsis.c...
compiling fsl_powerquad_transform.c...
compiling fsl_powerquad_matrix.c...
compiling fsl_powerquad_filter.c...
compiling fsl_powerquad_math.c...
compiling generic_list.c...
compiling EventRecorder.c...
compiling retarget_io.c...
compiling system_LPC55S69_cm33_core0.c...
linking...
Program Size: Code=81568 RO-data=3152 RW-data=92 ZI-data=199384  
FromELF: creating hex file...
After Build - User command #1: fromelf --bin ".\Objects\core0.axf" --output ".\core0.bin"
".\Objects\core0.axf" - 0 Error(s), 0 Warning(s).

<h2>Software Packages used:</h2>

Package Vendor: ARM
                http://www.keil.com/pack/ARM.CMSIS.5.6.0.pack
                ARM.CMSIS.5.6.0
                CMSIS (Cortex Microcontroller Software Interface Standard)
   * Component: CORE Version: 5.3.0

Package Vendor: NXP
                http://mcuxpresso.nxp.com/cmsis_pack/repo/NXP.LPC55S69_DFP.12.1.1.pack
                NXP.LPC55S69_DFP.12.1.1
                Device Family Pack for LPC55S69
   * Component: Startup Version: 1.0.0

Package Vendor: Keil
                http://www.keil.com/pack/Keil.ARM_Compiler.1.6.2.pack
                Keil.ARM_Compiler.1.6.2
                Keil ARM Compiler extensions for ARM Compiler 5 and ARM Compiler 6
   * Component: Event Recorder Variant: DAP Version: 1.4.0
   * Component: STDOUT Variant: EVR Version: 1.2.0

<h2>Collection of Component include folders:</h2>
  .\RTE\Compiler
  .\RTE\Device\LPC55S69JEV98_cm33_core0
  .\RTE\_core0
  C:\Users\Marvin.Ning\AppData\Local\Arm\Packs\ARM\CMSIS\5.6.0\CMSIS\Core\Include
  C:\Users\Marvin.Ning\AppData\Local\Arm\Packs\Keil\ARM_Compiler\1.6.2\Include

<h2>Collection of Component Files used:</h2>

   * Component: ARM::CMSIS:CORE:5.3.0
      Source file:   CMSIS\Core\Template\ARMv8-M\main_s.c
      Source file:   CMSIS\Core\Template\ARMv8-M\tz_context.c
      Include file:  CMSIS\Core\Include\tz_context.h

   * Component: Keil.ARM Compiler::Compiler:Event Recorder:DAP:1.4.0
      Source file:   Source\EventRecorder.c
      Include file:  Include\EventRecorder.h
      Include file:  Config\EventRecorderConf.h

   * Component: Keil.ARM Compiler::Compiler:I/O:STDOUT:EVR:1.2.0
      Source file:   Source\retarget_io.c

   * Component: NXP::Device:Startup:1.0.0
      Include file:  LPC55S69_cm33_core0_features.h
      Source file:   system_LPC55S69_cm33_core0.c
      Source file:   arm\startup_LPC55S69_cm33_core0.s
      Include file:  fsl_device_registers.h
      Include file:  LPC55S69_cm33_core0.h
      Include file:  system_LPC55S69_cm33_core0.h
Build Time Elapsed:  00:00:09
</pre>
</body>
</html>
