Component: ARM Compiler 6.13.1 Tool: armlink [5d895400]

==============================================================================

Section Cross References

    main.o(.text.main) refers to clock_config.o(.text.BOARD_BootClockRUN) for BOARD_BootClockRUN
    main.o(.text.main) refers to pin_mux.o(.text.BOARD_InitPins) for BOARD_InitPins
    main.o(.text.main) refers to peripherals.o(.text.BOARD_InitPeripherals) for BOARD_InitPeripherals
    main.o(.text.main) refers to adc_drv.o(.text.CTIMER1_Init) for CTIMER1_Init
    main.o(.text.main) refers to memory.o(.text.memory_init) for memory_init
    main.o(.text.main) refers to main.o(.bss.flashInstance) for flashInstance
    main.o(.text.main) refers to fsl_iap.o(.text.FLASH_Init) for FLASH_Init
    main.o(.text.main) refers to eventrecorder.o(.text.EventRecorderInitialize) for EventRecorderInitialize
    main.o(.text.main) refers to eventrecorder.o(.text.EventRecorderStart) for EventRecorderStart
    main.o(.text.main) refers to main.o(.rodata.str1.1) for .L.str
    main.o(.text.main) refers to printfa.o(i.__0printf) for printf
    main.o(.text.main) refers to main.o(.text.IOCON_PinMuxSet) for IOCON_PinMuxSet
    main.o(.text.main) refers to fsl_gpio.o(.text.GPIO_PinInit) for GPIO_PinInit
    main.o(.text.main) refers to led_app.o(.bss.LED_TaskHandle) for LED_TaskHandle
    main.o(.text.main) refers to led_app.o(.text.LED_AppTask) for LED_AppTask
    main.o(.text.main) refers to tasks.o(.text.xTaskCreate) for xTaskCreate
    main.o(.text.main) refers to tasks.o(.text.vTaskStartScheduler) for vTaskStartScheduler
    main.o(.text.main) refers to main.o(.text.GPIO_PortToggle) for GPIO_PortToggle
    main.o(.text.main) refers to fsl_common.o(.text.SDK_DelayAtLeastUs) for SDK_DelayAtLeastUs
    main.o(.ARM.exidx.text.main) refers to main.o(.text.main) for [Anonymous Symbol]
    main.o(.ARM.exidx.text.IOCON_PinMuxSet) refers to main.o(.text.IOCON_PinMuxSet) for [Anonymous Symbol]
    main.o(.ARM.exidx.text.GPIO_PortToggle) refers to main.o(.text.GPIO_PortToggle) for [Anonymous Symbol]
    main.o(.ARM.exidx.text.PINT0_CallBack) refers to main.o(.text.PINT0_CallBack) for [Anonymous Symbol]
    main.o(.ARM.exidx.text.UTICK0_Callback) refers to main.o(.text.UTICK0_Callback) for [Anonymous Symbol]
    led_app.o(.text.LED_AppTask) refers to led_app.o(.text.GPIO_PortToggle) for GPIO_PortToggle
    led_app.o(.text.LED_AppTask) refers to led_app.o(.bss.flag_led_chk) for flag_led_chk
    led_app.o(.text.LED_AppTask) refers to tasks.o(.text.vTaskDelay) for vTaskDelay
    led_app.o(.text.LED_AppTask) refers to main.o(.bss.g_sys_para) for g_sys_para
    led_app.o(.text.LED_AppTask) refers to led_app.o(.text.GPIO_PinWrite) for GPIO_PinWrite
    led_app.o(.text.LED_AppTask) refers to led_app.o(.bss.sys_led_cnt) for sys_led_cnt
    led_app.o(.text.LED_AppTask) refers to led_app.o(.bss.bat_led_cnt) for bat_led_cnt
    led_app.o(.text.LED_AppTask) refers to led_app.o(.bss.ble_led_cnt) for ble_led_cnt
    led_app.o(.ARM.exidx.text.LED_AppTask) refers to led_app.o(.text.LED_AppTask) for [Anonymous Symbol]
    led_app.o(.ARM.exidx.text.GPIO_PortToggle) refers to led_app.o(.text.GPIO_PortToggle) for [Anonymous Symbol]
    led_app.o(.ARM.exidx.text.GPIO_PinWrite) refers to led_app.o(.text.GPIO_PinWrite) for [Anonymous Symbol]
    led_app.o(.text.LED_CheckSelf) refers to led_app.o(.bss.flag_led_chk) for flag_led_chk
    led_app.o(.text.LED_CheckSelf) refers to led_app.o(.text.GPIO_PinWrite) for GPIO_PinWrite
    led_app.o(.text.LED_CheckSelf) refers to tasks.o(.text.vTaskDelay) for vTaskDelay
    led_app.o(.ARM.exidx.text.LED_CheckSelf) refers to led_app.o(.text.LED_CheckSelf) for [Anonymous Symbol]
    adc_app.o(.text.RTC_IRQHandler) refers to main.o(.bss.g_sys_para) for g_sys_para
    adc_app.o(.text.RTC_IRQHandler) refers to iic_temp_drv.o(.text.MXL_ReadObjTemp) for MXL_ReadObjTemp
    adc_app.o(.text.RTC_IRQHandler) refers to adc_app.o(.bss.Temperature) for Temperature
    adc_app.o(.text.RTC_IRQHandler) refers to main.o(.bss.sysTime) for sysTime
    adc_app.o(.text.RTC_IRQHandler) refers to fsl_rtc.o(.text.RTC_GetDatetime) for RTC_GetDatetime
    adc_app.o(.text.RTC_IRQHandler) refers to adc_app.o(.text.GPIO_PinWrite) for GPIO_PinWrite
    adc_app.o(.ARM.exidx.text.RTC_IRQHandler) refers to adc_app.o(.text.RTC_IRQHandler) for [Anonymous Symbol]
    adc_app.o(.ARM.exidx.text.GPIO_PinWrite) refers to adc_app.o(.text.GPIO_PinWrite) for [Anonymous Symbol]
    adc_app.o(.text.CTIMER1_Callback) refers to adc_app.o(.text.CTIMER_ClearStatusFlags) for CTIMER_ClearStatusFlags
    adc_app.o(.text.CTIMER1_Callback) refers to main.o(.bss.g_adc_set) for g_adc_set
    adc_app.o(.text.CTIMER1_Callback) refers to adc_app.o(.text.CTIMER_GetTimerCountValue) for CTIMER_GetTimerCountValue
    adc_app.o(.text.CTIMER1_Callback) refers to adc_app.o(.bss.SpeedADC) for SpeedADC
    adc_app.o(.ARM.exidx.text.CTIMER1_Callback) refers to adc_app.o(.text.CTIMER1_Callback) for [Anonymous Symbol]
[...]
    PLU_IRQHandler                           0x0000831d   Thumb Code     4  startup_lpc55s69_cm33_core0.o(.text)
    SEC_VIO_IRQHandler                       0x00008321   Thumb Code     4  startup_lpc55s69_cm33_core0.o(.text)
    HASHCRYPT_IRQHandler                     0x00008325   Thumb Code     4  startup_lpc55s69_cm33_core0.o(.text)
    CASER_IRQHandler                         0x00008329   Thumb Code     4  startup_lpc55s69_cm33_core0.o(.text)
    PUF_IRQHandler                           0x0000832d   Thumb Code     4  startup_lpc55s69_cm33_core0.o(.text)
    PQ_IRQHandler                            0x00008331   Thumb Code     4  startup_lpc55s69_cm33_core0.o(.text)
    DMA1_IRQHandler                          0x00008335   Thumb Code     4  startup_lpc55s69_cm33_core0.o(.text)
    FLEXCOMM8_IRQHandler                     0x00008339   Thumb Code     4  startup_lpc55s69_cm33_core0.o(.text)
    __aeabi_uldivmod                         0x00008441   Thumb Code    98  uldiv.o(.text)
    ___aeabi_memcpy4$ret                     0x000084a3   Thumb Code     0  memcpy.o(.text)
    ___aeabi_memcpy8$ret                     0x000084a3   Thumb Code     0  memcpy.o(.text)
    __aeabi_memcpy                           0x000084a3   Thumb Code    40  memcpy.o(.text)
    memcpy                                   0x000084a3   Thumb Code     0  memcpy.o(.text)
    __aeabi_memset                           0x000084cb   Thumb Code    14  memseta.o(.text)
    __aeabi_memset4                          0x000084cb   Thumb Code     0  memseta.o(.text)
    __aeabi_memset8                          0x000084cb   Thumb Code     0  memseta.o(.text)
    __aeabi_memclr                           0x000084d9   Thumb Code     4  memseta.o(.text)
    __aeabi_memclr4                          0x000084d9   Thumb Code     0  memseta.o(.text)
    __aeabi_memclr8                          0x000084d9   Thumb Code     0  memseta.o(.text)
    memset                                   0x000084dd   Thumb Code    18  memseta.o(.text)
    __aeabi_dadd                             0x000084ef   Thumb Code   322  dadd.o(.text)
    __aeabi_dsub                             0x00008631   Thumb Code     6  dadd.o(.text)
    __aeabi_drsub                            0x00008637   Thumb Code     6  dadd.o(.text)
    __aeabi_dmul                             0x0000863d   Thumb Code   228  dmul.o(.text)
    __aeabi_ddiv                             0x00008721   Thumb Code   222  ddiv.o(.text)
    __aeabi_uidiv                            0x000087ff   Thumb Code     0  uidiv.o(.text)
    __aeabi_uidivmod                         0x000087ff   Thumb Code    44  uidiv.o(.text)
    __aeabi_llsl                             0x0000882b   Thumb Code    30  llshl.o(.text)
    _ll_shift_l                              0x0000882b   Thumb Code     0  llshl.o(.text)
    __aeabi_llsr                             0x00008849   Thumb Code    32  llushr.o(.text)
    _ll_ushift_r                             0x00008849   Thumb Code     0  llushr.o(.text)
    __aeabi_lasr                             0x00008869   Thumb Code    36  llsshr.o(.text)
    _ll_sshift_r                             0x00008869   Thumb Code     0  llsshr.o(.text)
    __I$use$fp                               0x0000888d   Thumb Code     0  iusefp.o(.text)
    _double_round                            0x0000888d   Thumb Code    30  depilogue.o(.text)
    _double_epilogue                         0x000088ab   Thumb Code   156  depilogue.o(.text)
    __aeabi_d2ulz                            0x00008947   Thumb Code    48  dfixul.o(.text)
    __aeabi_cdrcmple                         0x00008979   Thumb Code    48  cdrcmple.o(.text)
    __scatterload                            0x000089a9   Thumb Code    28  init.o(.text)
    __scatterload_rt2                        0x000089a9   Thumb Code     0  init.o(.text)
    BOARD_BootClockRUN                       0x000089cd   Thumb Code   538  clock_config.o(.text.BOARD_BootClockRUN)
    BOARD_InitPeripherals                    0x00008be9   Thumb Code    68  peripherals.o(.text.BOARD_InitPeripherals)
    BOARD_InitPins                           0x00008c2d   Thumb Code  1886  pin_mux.o(.text.BOARD_InitPins)
    CLOCK_AttachClk                          0x0000938d   Thumb Code   168  fsl_clock.o(.text.CLOCK_AttachClk)
    CLOCK_GetClockOutClkFreq                 0x00009569   Thumb Code   150  fsl_clock.o(.text.CLOCK_GetClockOutClkFreq)
    CLOCK_GetCoreSysClkFreq                  0x00009601   Thumb Code   176  fsl_clock.o(.text.CLOCK_GetCoreSysClkFreq)
    CLOCK_GetExtClkFreq                      0x000096b1   Thumb Code    46  fsl_clock.o(.text.CLOCK_GetExtClkFreq)
    CLOCK_GetFreq                            0x000096e1   Thumb Code   150  fsl_clock.o(.text.CLOCK_GetFreq)
    CLOCK_GetFro12MFreq                      0x00009779   Thumb Code    28  fsl_clock.o(.text.CLOCK_GetFro12MFreq)
    CLOCK_GetFro1MFreq                       0x00009795   Thumb Code    28  fsl_clock.o(.text.CLOCK_GetFro1MFreq)
    CLOCK_GetFroHfFreq                       0x000097b1   Thumb Code    28  fsl_clock.o(.text.CLOCK_GetFroHfFreq)
    CLOCK_GetI2SMClkFreq                     0x000097cd   Thumb Code    12  fsl_clock.o(.text.CLOCK_GetI2SMClkFreq)
    CLOCK_GetMclkClkFreq                     0x000097d9   Thumb Code   114  fsl_clock.o(.text.CLOCK_GetMclkClkFreq)
    CLOCK_GetOsc32KFreq                      0x0000984d   Thumb Code   102  fsl_clock.o(.text.CLOCK_GetOsc32KFreq)
    CLOCK_GetPLL0InClockRate                 0x000098b5   Thumb Code    88  fsl_clock.o(.text.CLOCK_GetPLL0InClockRate)
    CLOCK_GetPll0OutFreq                     0x0000990d   Thumb Code    12  fsl_clock.o(.text.CLOCK_GetPll0OutFreq)
    CLOCK_GetPll1OutFreq                     0x00009919   Thumb Code    12  fsl_clock.o(.text.CLOCK_GetPll1OutFreq)
    CLOCK_SetClkDiv                          0x00009935   Thumb Code    98  fsl_clock.o(.text.CLOCK_SetClkDiv)
    CLOCK_SetFLASHAccessCyclesForFreq        0x00009999   Thumb Code   382  fsl_clock.o(.text.CLOCK_SetFLASHAccessCyclesForFreq)
    CLOCK_SetPLL0Freq                        0x00009b19   Thumb Code   308  fsl_clock.o(.text.CLOCK_SetPLL0Freq)
    CLOCK_SetupExtClocking                   0x00009c4d   Thumb Code    84  fsl_clock.o(.text.CLOCK_SetupExtClocking)
    CLOCK_SetupFROClocking                   0x00009ca1   Thumb Code   154  fsl_clock.o(.text.CLOCK_SetupFROClocking)
    CTIMER0_DriverIRQHandler                 0x00009d3d   Thumb Code    10  fsl_ctimer.o(.text.CTIMER0_DriverIRQHandler)
    CTIMER0_init                             0x00009d49   Thumb Code    56  peripherals.o(.text.CTIMER0_init)
    CTIMER1_Callback                         0x00009d81   Thumb Code    86  adc_app.o(.text.CTIMER1_Callback)
    CTIMER1_DriverIRQHandler                 0x00009dd9   Thumb Code    10  fsl_ctimer.o(.text.CTIMER1_DriverIRQHandler)
    CTIMER1_Init                             0x00009de5   Thumb Code    72  adc_drv.o(.text.CTIMER1_Init)
    CTIMER1_init                             0x00009e2d   Thumb Code    24  peripherals.o(.text.CTIMER1_init)
    CTIMER2_DriverIRQHandler                 0x00009e45   Thumb Code    10  fsl_ctimer.o(.text.CTIMER2_DriverIRQHandler)
    CTIMER2_init                             0x00009e51   Thumb Code    64  peripherals.o(.text.CTIMER2_init)
    CTIMER3_DriverIRQHandler                 0x00009e91   Thumb Code    10  fsl_ctimer.o(.text.CTIMER3_DriverIRQHandler)
    CTIMER4_DriverIRQHandler                 0x00009e9d   Thumb Code    10  fsl_ctimer.o(.text.CTIMER4_DriverIRQHandler)
    CTIMER_GenericIRQHandler                 0x00009ec9   Thumb Code   220  fsl_ctimer.o(.text.CTIMER_GenericIRQHandler)
    CTIMER_GetDefaultConfig                  0x00009fa5   Thumb Code    68  fsl_ctimer.o(.text.CTIMER_GetDefaultConfig)
    CTIMER_Init                              0x0000a065   Thumb Code   118  fsl_ctimer.o(.text.CTIMER_Init)
    CTIMER_RegisterCallBack                  0x0000a0dd   Thumb Code    60  fsl_ctimer.o(.text.CTIMER_RegisterCallBack)
    CTIMER_SetupCapture                      0x0000a119   Thumb Code   166  fsl_ctimer.o(.text.CTIMER_SetupCapture)
    CTIMER_SetupPwmPeriod                    0x0000a1c1   Thumb Code   224  fsl_ctimer.o(.text.CTIMER_SetupPwmPeriod)
    DMA0_DriverIRQHandler                    0x0000a2f1   Thumb Code    16  fsl_dma.o(.text.DMA0_DriverIRQHandler)
    DMA0_init                                0x0000a301   Thumb Code    42  peripherals.o(.text.DMA0_init)
    DMA1_DriverIRQHandler                    0x0000a32d   Thumb Code    16  fsl_dma.o(.text.DMA1_DriverIRQHandler)
    DMA_CreateHandle                         0x0000a33d   Thumb Code   188  fsl_dma.o(.text.DMA_CreateHandle)
    DMA_IRQHandle                            0x0000a52d   Thumb Code   368  fsl_dma.o(.text.DMA_IRQHandle)
    DMA_Init                                 0x0000a69d   Thumb Code    90  fsl_dma.o(.text.DMA_Init)
    EventRecordData                          0x0000a851   Thumb Code   446  eventrecorder.o(.text.EventRecordData)
    EventRecorderEnable                      0x0000ab11   Thumb Code   148  eventrecorder.o(.text.EventRecorderEnable)
    EventRecorderInitialize                  0x0000aba5   Thumb Code   470  eventrecorder.o(.text.EventRecorderInitialize)
    EventRecorderStart                       0x0000ad7d   Thumb Code    78  eventrecorder.o(.text.EventRecorderStart)
    EventRecorderTimerGetCount               0x0000adcd   Thumb Code    12  eventrecorder.o(.text.EventRecorderTimerGetCount)
    EventRecorderTimerSetup                  0x0000add9   Thumb Code    36  eventrecorder.o(.text.EventRecorderTimerSetup)
    FLASH_Init                               0x0000adfd   Thumb Code    98  fsl_iap.o(.text.FLASH_Init)
    FLEXCOMM0_DriverIRQHandler               0x0000ae61   Thumb Code    88  fsl_flexcomm.o(.text.FLEXCOMM0_DriverIRQHandler)
    FLEXCOMM0_init                           0x0000aeb9   Thumb Code    42  peripherals.o(.text.FLEXCOMM0_init)
    FLEXCOMM1_DriverIRQHandler               0x0000aee5   Thumb Code    88  fsl_flexcomm.o(.text.FLEXCOMM1_DriverIRQHandler)
    FLEXCOMM1_init                           0x0000af3d   Thumb Code    42  peripherals.o(.text.FLEXCOMM1_init)
    FLEXCOMM2_DriverIRQHandler               0x0000af69   Thumb Code    88  fsl_flexcomm.o(.text.FLEXCOMM2_DriverIRQHandler)
    FLEXCOMM2_init                           0x0000afc1   Thumb Code    42  peripherals.o(.text.FLEXCOMM2_init)
    FLEXCOMM3_DriverIRQHandler               0x0000afed   Thumb Code    88  fsl_flexcomm.o(.text.FLEXCOMM3_DriverIRQHandler)
    FLEXCOMM3_IRQHandler                     0x0000b045   Thumb Code   290  ble_app.o(.text.FLEXCOMM3_IRQHandler)
    FLEXCOMM3_init                           0x0000b169   Thumb Code    66  peripherals.o(.text.FLEXCOMM3_init)
    FLEXCOMM4_DriverIRQHandler               0x0000b1ad   Thumb Code    88  fsl_flexcomm.o(.text.FLEXCOMM4_DriverIRQHandler)
    FLEXCOMM4_init                           0x0000b205   Thumb Code    42  peripherals.o(.text.FLEXCOMM4_init)
    FLEXCOMM5_DriverIRQHandler               0x0000b231   Thumb Code    88  fsl_flexcomm.o(.text.FLEXCOMM5_DriverIRQHandler)
    FLEXCOMM6_DriverIRQHandler               0x0000b289   Thumb Code    90  fsl_flexcomm.o(.text.FLEXCOMM6_DriverIRQHandler)
    FLEXCOMM6_init                           0x0000b2e5   Thumb Code    42  peripherals.o(.text.FLEXCOMM6_init)
    FLEXCOMM7_DriverIRQHandler               0x0000b311   Thumb Code    90  fsl_flexcomm.o(.text.FLEXCOMM7_DriverIRQHandler)
    FLEXCOMM8_DriverIRQHandler               0x0000b36d   Thumb Code    90  fsl_flexcomm.o(.text.FLEXCOMM8_DriverIRQHandler)
    FLEXCOMM_GetInstance                     0x0000b3c9   Thumb Code    94  fsl_flexcomm.o(.text.FLEXCOMM_GetInstance)
    FLEXCOMM_Init                            0x0000b429   Thumb Code    74  fsl_flexcomm.o(.text.FLEXCOMM_Init)
    GPIO_PinInit                             0x0000b55d   Thumb Code   140  fsl_gpio.o(.text.GPIO_PinInit)
    I2C_MasterInit                           0x0000b6fd   Thumb Code    54  fsl_i2c.o(.text.I2C_MasterInit)
    I2C_MasterReadBlocking                   0x0000b735   Thumb Code   272  fsl_i2c.o(.text.I2C_MasterReadBlocking)
    I2C_MasterSetBaudRate                    0x0000b871   Thumb Code   216  fsl_i2c.o(.text.I2C_MasterSetBaudRate)
    I2C_MasterStart                          0x0000b949   Thumb Code    94  fsl_i2c.o(.text.I2C_MasterStart)
    I2C_MasterStop                           0x0000b9a9   Thumb Code    54  fsl_i2c.o(.text.I2C_MasterStop)
    I2C_MasterTransferBlocking               0x0000b9e1   Thumb Code   384  fsl_i2c.o(.text.I2C_MasterTransferBlocking)
    I2C_MasterWriteBlocking                  0x0000bb61   Thumb Code   326  fsl_i2c.o(.text.I2C_MasterWriteBlocking)
    INPUTMUX_AttachSignal                    0x0000bcd5   Thumb Code    40  fsl_inputmux.o(.text.INPUTMUX_AttachSignal)
    LED_AppTask                              0x0000bd65   Thumb Code   780  led_app.o(.text.LED_AppTask)
    MLX_ReadReg                              0x0000c0a9   Thumb Code   108  iic_temp_drv.o(.text.MLX_ReadReg)
    MXL_ReadObjTemp                          0x0000c115   Thumb Code    80  iic_temp_drv.o(.text.MXL_ReadObjTemp)
    PINT0_CallBack                           0x0000c165   Thumb Code    14  main.o(.text.PINT0_CallBack)
    PINT_Init                                0x0000c175   Thumb Code   258  fsl_pint.o(.text.PINT_Init)
    PINT_PatternMatchResetDetectLogic        0x0000c279   Thumb Code    44  fsl_pint.o(.text.PINT_PatternMatchResetDetectLogic)
    PINT_PinInterruptClrStatus               0x0000c2dd   Thumb Code    80  fsl_pint.o(.text.PINT_PinInterruptClrStatus)
    PINT_PinInterruptConfig                  0x0000c32d   Thumb Code   242  fsl_pint.o(.text.PINT_PinInterruptConfig)
    PINT_init                                0x0000c421   Thumb Code    42  peripherals.o(.text.PINT_init)
    PIN_INT0_DriverIRQHandler                0x0000c44d   Thumb Code    84  fsl_pint.o(.text.PIN_INT0_DriverIRQHandler)
    PIN_INT1_DriverIRQHandler                0x0000c4a1   Thumb Code    84  fsl_pint.o(.text.PIN_INT1_DriverIRQHandler)
    PIN_INT2_DriverIRQHandler                0x0000c4f5   Thumb Code    84  fsl_pint.o(.text.PIN_INT2_DriverIRQHandler)
    PIN_INT3_DriverIRQHandler                0x0000c549   Thumb Code    84  fsl_pint.o(.text.PIN_INT3_DriverIRQHandler)
    PIN_INT4_DriverIRQHandler                0x0000c59d   Thumb Code    84  fsl_pint.o(.text.PIN_INT4_DriverIRQHandler)
    PIN_INT5_DriverIRQHandler                0x0000c5f1   Thumb Code    84  fsl_pint.o(.text.PIN_INT5_DriverIRQHandler)
    PIN_INT6_DriverIRQHandler                0x0000c645   Thumb Code    84  fsl_pint.o(.text.PIN_INT6_DriverIRQHandler)
    PIN_INT7_DriverIRQHandler                0x0000c699   Thumb Code    84  fsl_pint.o(.text.PIN_INT7_DriverIRQHandler)
    POWER_SetVoltageForFreq                  0x0000c729   Thumb Code    72  fsl_power_lib.o(.text.POWER_SetVoltageForFreq)
    PendSV_Handler                           0x0000c771   Thumb Code    52  portasm.o(.text.PendSV_Handler)
    RESET_ClearPeripheralReset               0x0000c7a5   Thumb Code   108  fsl_reset.o(.text.RESET_ClearPeripheralReset)
    RESET_PeripheralReset                    0x0000c811   Thumb Code    22  fsl_reset.o(.text.RESET_PeripheralReset)
    RESET_SetPeripheralReset                 0x0000c829   Thumb Code   104  fsl_reset.o(.text.RESET_SetPeripheralReset)
    RTC_GetDatetime                          0x0000cc1d   Thumb Code    64  fsl_rtc.o(.text.RTC_GetDatetime)
    RTC_IRQHandler                           0x0000cc81   Thumb Code   150  adc_app.o(.text.RTC_IRQHandler)
    RTC_Init                                 0x0000cd19   Thumb Code    44  fsl_rtc.o(.text.RTC_Init)
    RTC_SetDatetime                          0x0000cd45   Thumb Code    80  fsl_rtc.o(.text.RTC_SetDatetime)
    RTC_init                                 0x0000cdbd   Thumb Code    58  peripherals.o(.text.RTC_init)
    SDK_DelayAtLeastUs                       0x0000cdf9   Thumb Code   124  fsl_common.o(.text.SDK_DelayAtLeastUs)
    SEC_GPIO_INT0_IRQ0_DriverIRQHandler      0x0000ce75   Thumb Code   100  fsl_pint.o(.text.SEC_GPIO_INT0_IRQ0_DriverIRQHandler)
    SEC_GPIO_INT0_IRQ1_DriverIRQHandler      0x0000ced9   Thumb Code    96  fsl_pint.o(.text.SEC_GPIO_INT0_IRQ1_DriverIRQHandler)
    SPI_GetInstance                          0x0000cf75   Thumb Code    90  fsl_spi.o(.text.SPI_GetInstance)
    SPI_MasterInit                           0x0000cfd1   Thumb Code   462  fsl_spi.o(.text.SPI_MasterInit)
    SPI_MasterSetBaud                        0x0000d1a1   Thumb Code   226  fsl_spi.o(.text.SPI_MasterSetBaud)
    SPI_SetDummyData                         0x0000d285   Thumb Code    42  fsl_spi.o(.text.SPI_SetDummyData)
    SVC_Handler                              0x0000d331   Thumb Code    36  portasm.o(.text.SVC_Handler)
    SysTick_Handler                          0x0000d355   Thumb Code    46  port.o(.text.SysTick_Handler)
    SystemInit                               0x0000d385   Thumb Code    92  system_lpc55s69_cm33_core0.o(.text.SystemInit)
    SystemInitHook                           0x0000d3e1   Thumb Code     2  system_lpc55s69_cm33_core0.o(.text.SystemInitHook)
    USART_Init                               0x0000d441   Thumb Code   436  fsl_usart.o(.text.USART_Init)
    USART_SetBaudRate                        0x0000d605   Thumb Code   382  fsl_usart.o(.text.USART_SetBaudRate)
    UTICK0_Callback                          0x0000d785   Thumb Code     2  main.o(.text.UTICK0_Callback)
    UTICK0_DriverIRQHandler                  0x0000d789   Thumb Code    44  fsl_utick.o(.text.UTICK0_DriverIRQHandler)
    UTICK0_init                              0x0000d7b5   Thumb Code    46  peripherals.o(.text.UTICK0_init)
    UTICK_ClearStatusFlags                   0x0000d7e5   Thumb Code    14  fsl_utick.o(.text.UTICK_ClearStatusFlags)
    UTICK_HandleIRQ                          0x0000d851   Thumb Code    32  fsl_utick.o(.text.UTICK_HandleIRQ)
    UTICK_Init                               0x0000d871   Thumb Code    72  fsl_utick.o(.text.UTICK_Init)
    UTICK_SetTick                            0x0000d8b9   Thumb Code    78  fsl_utick.o(.text.UTICK_SetTick)
    __aeabi_assert                           0x0000da29   Thumb Code   206  retarget_io.o(.text.__aeabi_assert)
    abort                                    0x0000daf9   Thumb Code     4  retarget_io.o(.text.abort)
    fputc                                    0x0000dc25   Thumb Code    48  retarget_io.o(.text.fputc)
    main                                     0x0000de09   Thumb Code   264  main.o(.text.main)
    memory_init                              0x0000df11   Thumb Code    66  memory.o(.text.memory_init)
    pvPortMalloc                             0x0000ed8d   Thumb Code   446  heap_4.o(.text.pvPortMalloc)
    pxPortInitialiseStack                    0x0000ef4d   Thumb Code   266  port.o(.text.pxPortInitialiseStack)
    ulSetInterruptMaskFromISR                0x0000f0d9   Thumb Code     8  portasm.o(.text.ulSetInterruptMaskFromISR)
    uxListRemove                             0x0000f0e1   Thumb Code    72  list.o(.text.uxListRemove)
    vClearInterruptMaskFromISR               0x0000f129   Thumb Code     6  portasm.o(.text.vClearInterruptMaskFromISR)
    vListInitialise                          0x0000f131   Thumb Code    46  list.o(.text.vListInitialise)
    vListInitialiseItem                      0x0000f161   Thumb Code    14  list.o(.text.vListInitialiseItem)
    vListInsert                              0x0000f171   Thumb Code   108  list.o(.text.vListInsert)
    vListInsertEnd                           0x0000f1dd   Thumb Code    58  list.o(.text.vListInsertEnd)
    vPortEnterCritical                       0x0000f219   Thumb Code    26  port.o(.text.vPortEnterCritical)
    vPortExitCritical                        0x0000f235   Thumb Code    50  port.o(.text.vPortExitCritical)
    vPortFree                                0x0000f269   Thumb Code   166  heap_4.o(.text.vPortFree)
    vPortSVCHandler_C                        0x0000f311   Thumb Code    48  port.o(.text.vPortSVCHandler_C)
    vPortSetupTimerInterrupt                 0x0000f341   Thumb Code    68  port.o(.text.vPortSetupTimerInterrupt)
    vPortYield                               0x0000f385   Thumb Code    24  port.o(.text.vPortYield)
    vQueueAddToRegistry                      0x0000f39d   Thumb Code    84  queue.o(.text.vQueueAddToRegistry)
    vQueueWaitForMessageRestricted           0x0000f3f1   Thumb Code   106  queue.o(.text.vQueueWaitForMessageRestricted)
    vRestoreContextOfFirstTask               0x0000f461   Thumb Code    36  portasm.o(.text.vRestoreContextOfFirstTask)
    vStartFirstTask                          0x0000f491   Thumb Code    36  portasm.o(.text.vStartFirstTask)
    vTaskDelay                               0x0000f4b5   Thumb Code    82  tasks.o(.text.vTaskDelay)
    vTaskInternalSetTimeOutState             0x0000f509   Thumb Code    36  tasks.o(.text.vTaskInternalSetTimeOutState)
    vTaskMissedYield                         0x0000f52d   Thumb Code    14  tasks.o(.text.vTaskMissedYield)
    vTaskPlaceOnEventList                    0x0000f53d   Thumb Code    52  tasks.o(.text.vTaskPlaceOnEventList)
    vTaskPlaceOnEventListRestricted          0x0000f571   Thumb Code    70  tasks.o(.text.vTaskPlaceOnEventListRestricted)
    vTaskStartScheduler                      0x0000f5b9   Thumb Code   158  tasks.o(.text.vTaskStartScheduler)
    vTaskSuspendAll                          0x0000f659   Thumb Code    16  tasks.o(.text.vTaskSuspendAll)
    vTaskSwitchContext                       0x0000f669   Thumb Code   188  tasks.o(.text.vTaskSwitchContext)
    xPortStartScheduler                      0x0000f725   Thumb Code    64  port.o(.text.xPortStartScheduler)
    xQueueGenericCreate                      0x0000f765   Thumb Code   116  queue.o(.text.xQueueGenericCreate)
    xQueueGenericReset                       0x0000f7d9   Thumb Code   160  queue.o(.text.xQueueGenericReset)
    xQueueGenericSend                        0x0000f879   Thumb Code   468  queue.o(.text.xQueueGenericSend)
    xQueueGenericSendFromISR                 0x0000fa4d   Thumb Code   264  queue.o(.text.xQueueGenericSendFromISR)
    xQueueReceive                            0x0000fb55   Thumb Code   426  queue.o(.text.xQueueReceive)
    xTaskCheckForTimeOut                     0x0000fd01   Thumb Code   178  tasks.o(.text.xTaskCheckForTimeOut)
    xTaskCreate                              0x0000fdb5   Thumb Code   168  tasks.o(.text.xTaskCreate)
    xTaskGenericNotify                       0x0000fe5d   Thumb Code   326  tasks.o(.text.xTaskGenericNotify)
    xTaskGetSchedulerState                   0x0000ffa5   Thumb Code    60  tasks.o(.text.xTaskGetSchedulerState)
    xTaskGetTickCount                        0x0000ffe1   Thumb Code    20  tasks.o(.text.xTaskGetTickCount)
    xTaskIncrementTick                       0x0000fff5   Thumb Code   410  tasks.o(.text.xTaskIncrementTick)
    xTaskPriorityDisinherit                  0x00010191   Thumb Code   216  tasks.o(.text.xTaskPriorityDisinherit)
    xTaskRemoveFromEventList                 0x00010269   Thumb Code   200  tasks.o(.text.xTaskRemoveFromEventList)
    xTaskResumeAll                           0x00010331   Thumb Code   376  tasks.o(.text.xTaskResumeAll)
    xTimerCreateTimerTask                    0x000104a9   Thumb Code    94  timers.o(.text.xTimerCreateTimerTask)
    xTimerGenericCommand                     0x00010509   Thumb Code   166  timers.o(.text.xTimerGenericCommand)
    __0printf                                0x000105b1   Thumb Code    22  printfa.o(i.__0printf)
    __1printf                                0x000105b1   Thumb Code     0  printfa.o(i.__0printf)
    __2printf                                0x000105b1   Thumb Code     0  printfa.o(i.__0printf)
    __c89printf                              0x000105b1   Thumb Code     0  printfa.o(i.__0printf)
    printf                                   0x000105b1   Thumb Code     0  printfa.o(i.__0printf)
    __scatterload_copy                       0x000105d1   Thumb Code    14  handlers.o(i.__scatterload_copy)
    __scatterload_null                       0x000105df   Thumb Code     2  handlers.o(i.__scatterload_null)
    __scatterload_zeroinit                   0x000105e1   Thumb Code    14  handlers.o(i.__scatterload_zeroinit)
    fputs                                    0x00010ea3   Thumb Code    24  fputs.o(i.fputs)
    CTIMER0_config                           0x00010efc   Data           8  peripherals.o(.rodata.CTIMER0_config)
    CTIMER1_config                           0x00010f04   Data           8  peripherals.o(.rodata.CTIMER1_config)
    CTIMER2_config                           0x00010f0c   Data           8  peripherals.o(.rodata.CTIMER2_config)
    EventRecorderInfo                        0x00010f14   Data          24  eventrecorder.o(.rodata.EventRecorderInfo)
    FLEXCOMM0_config                         0x00010f2c   Data          24  peripherals.o(.rodata.FLEXCOMM0_config)
    FLEXCOMM1_config                         0x00010f44   Data          12  peripherals.o(.rodata.FLEXCOMM1_config)
    FLEXCOMM2_config                         0x00010f50   Data          16  peripherals.o(.rodata.FLEXCOMM2_config)
    FLEXCOMM3_config                         0x00010f60   Data          16  peripherals.o(.rodata.FLEXCOMM3_config)
    FLEXCOMM4_config                         0x00010f70   Data          12  peripherals.o(.rodata.FLEXCOMM4_config)
    FLEXCOMM6_config                         0x00010f7c   Data          24  peripherals.o(.rodata.FLEXCOMM6_config)
    Region$$Table$$Base                      0x00011940   Number         0  anon$$obj.o(Region$$Table)
    Region$$Table$$Limit                     0x00011960   Number         0  anon$$obj.o(Region$$Table)
    __stdout                                 0x20000000   Data           4  stdout.o(.data)
    __stderr                                 0x20000004   Data           4  stderr.o(.data)
    CTIMER1_callback                         0x20000008   Data           4  adc_drv.o(.data.CTIMER1_callback)
    RTC_dateTimeStruct                       0x2000000c   Data           8  peripherals.o(.data.RTC_dateTimeStruct)
    SystemCoreClock                          0x20000014   Data           4  system_lpc55s69_cm33_core0.o(.data.SystemCoreClock)
    BLE_TaskHandle                           0x20000200   Data           4  ble_app.o(.bss.BLE_TaskHandle)
    DMA0_CH0_Handle                          0x20000204   Data          16  peripherals.o(.bss.DMA0_CH0_Handle)
    LED_TaskHandle                           0x20000214   Data           4  led_app.o(.bss.LED_TaskHandle)
    SpeedADC                                 0x20000218   Data         400  adc_app.o(.bss.SpeedADC)
    Temperature                              0x200003a8   Data         256  adc_app.o(.bss.Temperature)
    flashInstance                            0x200004b8   Data          60  main.o(.bss.flashInstance)
    g_adc_set                                0x20000530   Data         552  main.o(.bss.g_adc_set)
    g_flexcomm3Buf                           0x2000076a   Data        1024  ble_app.o(.bss.g_flexcomm3Buf)
    g_flexcomm3RxCnt                         0x20000b6a   Data           2  ble_app.o(.bss.g_flexcomm3RxCnt)
    g_flexcomm3RxTimeCnt                     0x20000b6c   Data           4  ble_app.o(.bss.g_flexcomm3RxTimeCnt)
    g_flexcomm3StartRx                       0x20000b70   Data           1  ble_app.o(.bss.g_flexcomm3StartRx)
    g_sys_para                               0x20000b74   Data         152  main.o(.bss.g_sys_para)
    pxCurrentTCB                             0x200010e8   Data           4  tasks.o(.bss.pxCurrentTCB)
    s_dma_descriptor_table0                  0x20001400   Data         368  fsl_dma.o(.bss.s_dma_descriptor_table0)
    s_dma_descriptor_table1                  0x20001600   Data         368  fsl_dma.o(.bss.s_dma_descriptor_table1)
    s_dummyData                              0x20001770   Data           9  fsl_spi.o(.bss.s_dummyData)
    sysTime                                  0x200017fc   Data           8  main.o(.bss.sysTime)
    xQueueRegistry                           0x200040a0   Data          64  queue.o(.bss.xQueueRegistry)
    Image$$ARM_LIB_HEAP$$ZI$$Base            0x20004124   Number         0  anon$$obj.o ABSOLUTE
    Image$$ARM_LIB_HEAP$$ZI$$Limit           0x20004524   Number         0  anon$$obj.o ABSOLUTE
    Image$$ARM_LIB_STACK$$ZI$$Base           0x20031000   Number         0  anon$$obj.o ABSOLUTE
    Image$$ARM_LIB_STACK$$ZI$$Limit          0x20033000   Number         0  anon$$obj.o ABSOLUTE



==============================================================================

Memory Map of the image

  Image Entry point : 0x00008201

  Load Region LR_m_text (Base: 0x00000000, Size: 0x00011c00, Max: 0x0004ee00, ABSOLUTE)

    Execution Region VECTOR_ROM (Exec base: 0x00000000, Load base: 0x00000000, Size: 0x00000130, Max: 0x00000200, ABSOLUTE)

    Exec Addr    Load Addr    Size         Type   Attr      Idx    E Section Name        Object

    0x00000000   0x00000000   0x00000130   Data   RO         2355    .isr_vector         startup_lpc55s69_cm33_core0.o


    Execution Region ER_m_text (Exec base: 0x00008200, Load base: 0x00008200, Size: 0x00009760, Max: 0x0004ec00, ABSOLUTE, FIXED)

    Exec Addr    Load Addr    Size         Type   Attr      Idx    E Section Name        Object

    0x00008200   0x00008200   0x00000000   Code   RO         2436  * .ARM.Collect$$$$00000000  mc_w.l(entry.o)
    0x00008200   0x00008200   0x00000004   Code   RO         2553    .ARM.Collect$$$$00000003  mc_w.l(entry4.o)
    0x00008204   0x00008204   0x00000004   Code   RO         2556    .ARM.Collect$$$$00000004  mc_w.l(entry5.o)
    0x00008208   0x00008208   0x00000000   Code   RO         2558    .ARM.Collect$$$$00000008  mc_w.l(entry7b.o)
    0x00008208   0x00008208   0x00000000   Code   RO         2560    .ARM.Collect$$$$0000000A  mc_w.l(entry8b.o)
    0x00008208   0x00008208   0x00000008   Code   RO         2561    .ARM.Collect$$$$0000000B  mc_w.l(entry9a.o)
    0x00008210   0x00008210   0x00000000   Code   RO         2563    .ARM.Collect$$$$0000000D  mc_w.l(entry10a.o)
    0x00008210   0x00008210   0x00000000   Code   RO         2565    .ARM.Collect$$$$0000000F  mc_w.l(entry11a.o)
    0x00008210   0x00008210   0x00000004   Code   RO         2554    .ARM.Collect$$$$00002714  mc_w.l(entry4.o)
    0x00008214   0x00008214   0x0000022c   Code   RO         2354    .text               startup_lpc55s69_cm33_core0.o
    0x00008440   0x00008440   0x00000062   Code   RO         2445    .text               mc_w.l(uldiv.o)
    0x000084a2   0x000084a2   0x00000028   Code   RO         2449    .text               mc_w.l(memcpy.o)
    0x000084ca   0x000084ca   0x00000024   Code   RO         2455    .text               mc_w.l(memseta.o)
    0x000084ee   0x000084ee   0x0000014e   Code   RO         2529    .text               mf_w.l(dadd.o)
    0x0000863c   0x0000863c   0x000000e4   Code   RO         2531    .text               mf_w.l(dmul.o)
    0x00008720   0x00008720   0x000000de   Code   RO         2533    .text               mf_w.l(ddiv.o)
    0x000087fe   0x000087fe   0x0000002c   Code   RO         2567    .text               mc_w.l(uidiv.o)
    0x0000882a   0x0000882a   0x0000001e   Code   RO         2569    .text               mc_w.l(llshl.o)
    0x00008848   0x00008848   0x00000020   Code   RO         2571    .text               mc_w.l(llushr.o)
    0x00008868   0x00008868   0x00000024   Code   RO         2573    .text               mc_w.l(llsshr.o)
    0x0000888c   0x0000888c   0x00000000   Code   RO         2594    .text               mc_w.l(iusefp.o)
    0x0000888c   0x0000888c   0x000000ba   Code   RO         2597    .text               mf_w.l(depilogue.o)
    0x00008946   0x00008946   0x00000030   Code   RO         2599    .text               mf_w.l(dfixul.o)
    0x00008976   0x00008976   0x00000002   PAD
    0x00008978   0x00008978   0x00000030   Code   RO         2601    .text               mf_w.l(cdrcmple.o)
    0x000089a8   0x000089a8   0x00000024   Code   RO         2603    .text               mc_w.l(init.o)
    0x000089cc   0x000089cc   0x0000021a   Code   RO          418    .text.BOARD_BootClockRUN  clock_config.o
    0x00008be6   0x00008be6   0x00000002   PAD
    0x00008be8   0x00008be8   0x00000044   Code   RO          469    .text.BOARD_InitPeripherals  peripherals.o
    0x00008c2c   0x00008c2c   0x0000075e   Code   RO          497    .text.BOARD_InitPins  pin_mux.o
    0x0000938a   0x0000938a   0x00000002   PAD
    0x0000938c   0x0000938c   0x000000a8   Code   RO         1413    .text.CLOCK_AttachClk  fsl_clock.o
    0x00009434   0x00009434   0x0000002a   Code   RO          499    .text.CLOCK_EnableClock  pin_mux.o
    0x0000945e   0x0000945e   0x00000002   PAD
    0x00009460   0x00009460   0x0000002a   Code   RO         1582    .text.CLOCK_EnableClock  fsl_ctimer.o
    0x0000948a   0x0000948a   0x00000002   PAD
    0x0000948c   0x0000948c   0x0000002a   Code   RO         1647    .text.CLOCK_EnableClock  fsl_dma.o
    0x000094b6   0x000094b6   0x00000002   PAD
    0x000094b8   0x000094b8   0x0000002a   Code   RO         1736    .text.CLOCK_EnableClock  fsl_flexcomm.o
    0x000094e2   0x000094e2   0x00000002   PAD
    0x000094e4   0x000094e4   0x0000002a   Code   RO         2003    .text.CLOCK_EnableClock  fsl_pint.o
    0x0000950e   0x0000950e   0x00000002   PAD
    0x00009510   0x00009510   0x0000002a   Code   RO         2094    .text.CLOCK_EnableClock  fsl_rtc.o
    0x0000953a   0x0000953a   0x00000002   PAD
    0x0000953c   0x0000953c   0x0000002a   Code   RO         2324    .text.CLOCK_EnableClock  fsl_utick.o
    0x00009566   0x00009566   0x00000002   PAD
    0x00009568   0x00009568   0x00000096   Code   RO         1435    .text.CLOCK_GetClockOutClkFreq  fsl_clock.o
    0x000095fe   0x000095fe   0x00000002   PAD
    0x00009600   0x00009600   0x000000b0   Code   RO         1437    .text.CLOCK_GetCoreSysClkFreq  fsl_clock.o
    0x000096b0   0x000096b0   0x0000002e   Code   RO         1441    .text.CLOCK_GetExtClkFreq  fsl_clock.o
    0x000096de   0x000096de   0x00000002   PAD
    0x000096e0   0x000096e0   0x00000096   Code   RO         1483    .text.CLOCK_GetFreq  fsl_clock.o
    0x00009776   0x00009776   0x00000002   PAD
    0x00009778   0x00009778   0x0000001c   Code   RO         1465    .text.CLOCK_GetFro12MFreq  fsl_clock.o
    0x00009794   0x00009794   0x0000001c   Code   RO         1445    .text.CLOCK_GetFro1MFreq  fsl_clock.o
    0x000097b0   0x000097b0   0x0000001c   Code   RO         1443    .text.CLOCK_GetFroHfFreq  fsl_clock.o
    0x000097cc   0x000097cc   0x0000000c   Code   RO         1461    .text.CLOCK_GetI2SMClkFreq  fsl_clock.o
    0x000097d8   0x000097d8   0x00000072   Code   RO         1457    .text.CLOCK_GetMclkClkFreq  fsl_clock.o
    0x0000984a   0x0000984a   0x00000002   PAD
    0x0000984c   0x0000984c   0x00000066   Code   RO         1449    .text.CLOCK_GetOsc32KFreq  fsl_clock.o
    0x000098b2   0x000098b2   0x00000002   PAD
    0x000098b4   0x000098b4   0x00000058   Code   RO         1485    .text.CLOCK_GetPLL0InClockRate  fsl_clock.o
    0x0000990c   0x0000990c   0x0000000c   Code   RO         1439    .text.CLOCK_GetPll0OutFreq  fsl_clock.o
    0x00009918   0x00009918   0x0000000c   Code   RO         1447    .text.CLOCK_GetPll1OutFreq  fsl_clock.o
    0x00009924   0x00009924   0x00000010   Code   RO         1511    .text.CLOCK_IsPLL0Locked  fsl_clock.o
    0x00009934   0x00009934   0x00000062   Code   RO         1417    .text.CLOCK_SetClkDiv  fsl_clock.o
    0x00009996   0x00009996   0x00000002   PAD
    0x00009998   0x00009998   0x0000017e   Code   RO         1427    .text.CLOCK_SetFLASHAccessCyclesForFreq  fsl_clock.o
    0x00009b16   0x00009b16   0x00000002   PAD
    0x00009b18   0x00009b18   0x00000134   Code   RO         1513    .text.CLOCK_SetPLL0Freq  fsl_clock.o
    0x00009c4c   0x00009c4c   0x00000054   Code   RO         1429    .text.CLOCK_SetupExtClocking  fsl_clock.o
    0x00009ca0   0x00009ca0   0x0000009a   Code   RO         1423    .text.CLOCK_SetupFROClocking  fsl_clock.o
    0x00009d3a   0x00009d3a   0x00000002   PAD
    0x00009d3c   0x00009d3c   0x0000000a   Code   RO         1614    .text.CTIMER0_DriverIRQHandler  fsl_ctimer.o
    0x00009d46   0x00009d46   0x00000002   PAD
    0x00009d48   0x00009d48   0x00000038   Code   RO          435    .text.CTIMER0_init  peripherals.o
    0x00009d80   0x00009d80   0x00000056   Code   RO           52    .text.CTIMER1_Callback  adc_app.o
    0x00009dd6   0x00009dd6   0x00000002   PAD
    0x00009dd8   0x00009dd8   0x0000000a   Code   RO         1616    .text.CTIMER1_DriverIRQHandler  fsl_ctimer.o
    0x00009de2   0x00009de2   0x00000002   PAD
    0x00009de4   0x00009de4   0x00000048   Code   RO          299    .text.CTIMER1_Init  adc_drv.o
    0x00009e2c   0x00009e2c   0x00000018   Code   RO          465    .text.CTIMER1_init  peripherals.o
    0x00009e44   0x00009e44   0x0000000a   Code   RO         1618    .text.CTIMER2_DriverIRQHandler  fsl_ctimer.o
    0x00009e4e   0x00009e4e   0x00000002   PAD
    0x00009e50   0x00009e50   0x00000040   Code   RO          439    .text.CTIMER2_init  peripherals.o
    0x00009e90   0x00009e90   0x0000000a   Code   RO         1620    .text.CTIMER3_DriverIRQHandler  fsl_ctimer.o
    0x00009e9a   0x00009e9a   0x00000002   PAD
    0x00009e9c   0x00009e9c   0x0000000a   Code   RO         1622    .text.CTIMER4_DriverIRQHandler  fsl_ctimer.o
    0x00009ea6   0x00009ea6   0x00000002   PAD
    0x00009ea8   0x00009ea8   0x00000010   Code   RO           54    .text.CTIMER_ClearStatusFlags  adc_app.o
    0x00009eb8   0x00009eb8   0x00000010   Code   RO         1596    .text.CTIMER_ClearStatusFlags  fsl_ctimer.o
    0x00009ec8   0x00009ec8   0x000000dc   Code   RO         1610    .text.CTIMER_GenericIRQHandler  fsl_ctimer.o
    0x00009fa4   0x00009fa4   0x00000044   Code   RO         1592    .text.CTIMER_GetDefaultConfig  fsl_ctimer.o
    0x00009fe8   0x00009fe8   0x00000062   Code   RO         1584    .text.CTIMER_GetInstance  fsl_ctimer.o
    0x0000a04a   0x0000a04a   0x00000002   PAD
    0x0000a04c   0x0000a04c   0x0000000c   Code   RO         1612    .text.CTIMER_GetStatusFlags  fsl_ctimer.o
    0x0000a058   0x0000a058   0x0000000c   Code   RO           56    .text.CTIMER_GetTimerCountValue  adc_app.o
    0x0000a064   0x0000a064   0x00000076   Code   RO         1580    .text.CTIMER_Init   fsl_ctimer.o
    0x0000a0da   0x0000a0da   0x00000002   PAD
    0x0000a0dc   0x0000a0dc   0x0000003c   Code   RO         1608    .text.CTIMER_RegisterCallBack  fsl_ctimer.o
    0x0000a118   0x0000a118   0x000000a6   Code   RO         1606    .text.CTIMER_SetupCapture  fsl_ctimer.o
    0x0000a1be   0x0000a1be   0x00000002   PAD
    0x0000a1c0   0x0000a1c0   0x000000e0   Code   RO         1600    .text.CTIMER_SetupPwmPeriod  fsl_ctimer.o
    0x0000a2a0   0x0000a2a0   0x00000012   Code   RO          437    .text.CTIMER_StartTimer  peripherals.o
    0x0000a2b2   0x0000a2b2   0x00000002   PAD
    0x0000a2b4   0x0000a2b4   0x0000003a   Code   RO          501    .text.Chip_GetVersion  pin_mux.o
    0x0000a2ee   0x0000a2ee   0x00000002   PAD
    0x0000a2f0   0x0000a2f0   0x00000010   Code   RO         1709    .text.DMA0_DriverIRQHandler  fsl_dma.o
    0x0000a300   0x0000a300   0x0000002a   Code   RO          431    .text.DMA0_init     peripherals.o
    0x0000a32a   0x0000a32a   0x00000002   PAD
    0x0000a32c   0x0000a32c   0x00000010   Code   RO         1711    .text.DMA1_DriverIRQHandler  fsl_dma.o
    0x0000a33c   0x0000a33c   0x000000bc   Code   RO         1673    .text.DMA_CreateHandle  fsl_dma.o
    0x0000a3f8   0x0000a3f8   0x0000004a   Code   RO          433    .text.DMA_EnableChannel  peripherals.o
    0x0000a442   0x0000a442   0x00000002   PAD
    0x0000a444   0x0000a444   0x0000004a   Code   RO         1679    .text.DMA_EnableChannelInterrupts  fsl_dma.o
    0x0000a48e   0x0000a48e   0x00000002   PAD
    0x0000a490   0x0000a490   0x0000005a   Code   RO         1645    .text.DMA_GetInstance  fsl_dma.o
    0x0000a4ea   0x0000a4ea   0x00000002   PAD
    0x0000a4ec   0x0000a4ec   0x00000040   Code   RO         1675    .text.DMA_GetVirtualStartChannel  fsl_dma.o
    0x0000a52c   0x0000a52c   0x00000170   Code   RO         1707    .text.DMA_IRQHandle  fsl_dma.o
    0x0000a69c   0x0000a69c   0x0000005a   Code   RO         1643    .text.DMA_Init      fsl_dma.o
    0x0000a6f6   0x0000a6f6   0x00000002   PAD
    0x0000a6f8   0x0000a6f8   0x00000012   Code   RO         1569    .text.DelayLoop     fsl_common.o
    0x0000a70a   0x0000a70a   0x00000002   PAD
    0x0000a70c   0x0000a70c   0x00000030   Code   RO          451    .text.EnableIRQ     peripherals.o
    0x0000a73c   0x0000a73c   0x00000030   Code   RO         1598    .text.EnableIRQ     fsl_ctimer.o
    0x0000a76c   0x0000a76c   0x00000030   Code   RO         1677    .text.EnableIRQ     fsl_dma.o
    0x0000a79c   0x0000a79c   0x00000030   Code   RO         2320    .text.EnableIRQ     fsl_utick.o
    0x0000a7cc   0x0000a7cc   0x00000040   Code   RO         1265    .text.EventCheckFilter  eventrecorder.o
    0x0000a80c   0x0000a80c   0x00000042   Code   RO         1251    .text.EventGetTS    eventrecorder.o
    0x0000a84e   0x0000a84e   0x00000002   PAD
    0x0000a850   0x0000a850   0x000001be   Code   RO         1263    .text.EventRecordData  eventrecorder.o
    0x0000aa0e   0x0000aa0e   0x00000002   PAD
    0x0000aa10   0x0000aa10   0x00000100   Code   RO         1253    .text.EventRecordItem  eventrecorder.o
    0x0000ab10   0x0000ab10   0x00000094   Code   RO         1249    .text.EventRecorderEnable  eventrecorder.o
    0x0000aba4   0x0000aba4   0x000001d6   Code   RO         1245    .text.EventRecorderInitialize  eventrecorder.o
    0x0000ad7a   0x0000ad7a   0x00000002   PAD
    0x0000ad7c   0x0000ad7c   0x0000004e   Code   RO         1255    .text.EventRecorderStart  eventrecorder.o
    0x0000adca   0x0000adca   0x00000002   PAD
    0x0000adcc   0x0000adcc   0x0000000c   Code   RO         1243    .text.EventRecorderTimerGetCount  eventrecorder.o
    0x0000add8   0x0000add8   0x00000024   Code   RO         1239    .text.EventRecorderTimerSetup  eventrecorder.o
    0x0000adfc   0x0000adfc   0x00000062   Code   RO         1940    .text.FLASH_Init    fsl_iap.o
    0x0000ae5e   0x0000ae5e   0x00000002   PAD
    0x0000ae60   0x0000ae60   0x00000058   Code   RO         1742    .text.FLEXCOMM0_DriverIRQHandler  fsl_flexcomm.o
    0x0000aeb8   0x0000aeb8   0x0000002a   Code   RO          441    .text.FLEXCOMM0_init  peripherals.o
    0x0000aee2   0x0000aee2   0x00000002   PAD
    0x0000aee4   0x0000aee4   0x00000058   Code   RO         1744    .text.FLEXCOMM1_DriverIRQHandler  fsl_flexcomm.o
    0x0000af3c   0x0000af3c   0x0000002a   Code   RO          443    .text.FLEXCOMM1_init  peripherals.o
    0x0000af66   0x0000af66   0x00000002   PAD
    0x0000af68   0x0000af68   0x00000058   Code   RO         1746    .text.FLEXCOMM2_DriverIRQHandler  fsl_flexcomm.o
    0x0000afc0   0x0000afc0   0x0000002a   Code   RO          445    .text.FLEXCOMM2_init  peripherals.o
    0x0000afea   0x0000afea   0x00000002   PAD
    0x0000afec   0x0000afec   0x00000058   Code   RO         1748    .text.FLEXCOMM3_DriverIRQHandler  fsl_flexcomm.o
    0x0000b044   0x0000b044   0x00000122   Code   RO          124    .text.FLEXCOMM3_IRQHandler  ble_app.o
    0x0000b166   0x0000b166   0x00000002   PAD
    0x0000b168   0x0000b168   0x00000042   Code   RO          447    .text.FLEXCOMM3_init  peripherals.o
    0x0000b1aa   0x0000b1aa   0x00000002   PAD
    0x0000b1ac   0x0000b1ac   0x00000058   Code   RO         1750    .text.FLEXCOMM4_DriverIRQHandler  fsl_flexcomm.o
    0x0000b204   0x0000b204   0x0000002a   Code   RO          453    .text.FLEXCOMM4_init  peripherals.o
    0x0000b22e   0x0000b22e   0x00000002   PAD
    0x0000b230   0x0000b230   0x00000058   Code   RO         1752    .text.FLEXCOMM5_DriverIRQHandler  fsl_flexcomm.o
    0x0000b288   0x0000b288   0x0000005a   Code   RO         1754    .text.FLEXCOMM6_DriverIRQHandler  fsl_flexcomm.o
    0x0000b2e2   0x0000b2e2   0x00000002   PAD
    0x0000b2e4   0x0000b2e4   0x0000002a   Code   RO          467    .text.FLEXCOMM6_init  peripherals.o
    0x0000b30e   0x0000b30e   0x00000002   PAD
    0x0000b310   0x0000b310   0x0000005a   Code   RO         1756    .text.FLEXCOMM7_DriverIRQHandler  fsl_flexcomm.o
    0x0000b36a   0x0000b36a   0x00000002   PAD
    0x0000b36c   0x0000b36c   0x0000005a   Code   RO         1758    .text.FLEXCOMM8_DriverIRQHandler  fsl_flexcomm.o
    0x0000b3c6   0x0000b3c6   0x00000002   PAD
    0x0000b3c8   0x0000b3c8   0x0000005e   Code   RO         1732    .text.FLEXCOMM_GetInstance  fsl_flexcomm.o
    0x0000b426   0x0000b426   0x00000002   PAD
    0x0000b428   0x0000b428   0x0000004a   Code   RO         1734    .text.FLEXCOMM_Init  fsl_flexcomm.o
    0x0000b472   0x0000b472   0x00000002   PAD
    0x0000b474   0x0000b474   0x00000068   Code   RO         1760    .text.FLEXCOMM_PeripheralIsPresent  fsl_flexcomm.o
    0x0000b4dc   0x0000b4dc   0x0000007e   Code   RO         1738    .text.FLEXCOMM_SetPeriph  fsl_flexcomm.o
    0x0000b55a   0x0000b55a   0x00000002   PAD
    0x0000b55c   0x0000b55c   0x0000008c   Code   RO         1781    .text.GPIO_PinInit  fsl_gpio.o
    0x0000b5e8   0x0000b5e8   0x00000022   Code   RO           31    .text.GPIO_PinWrite  led_app.o
    0x0000b60a   0x0000b60a   0x00000002   PAD
    0x0000b60c   0x0000b60c   0x00000022   Code   RO           50    .text.GPIO_PinWrite  adc_app.o
    0x0000b62e   0x0000b62e   0x00000002   PAD
    0x0000b630   0x0000b630   0x0000001c   Code   RO            8    .text.GPIO_PortToggle  main.o
    0x0000b64c   0x0000b64c   0x0000001c   Code   RO           29    .text.GPIO_PortToggle  led_app.o
    0x0000b668   0x0000b668   0x00000012   Code   RO         1267    .text.GetContext    eventrecorder.o
    0x0000b67a   0x0000b67a   0x00000002   PAD
    0x0000b67c   0x0000b67c   0x00000012   Code   RO         1281    .text.GetRecordIndex  eventrecorder.o
    0x0000b68e   0x0000b68e   0x00000002   PAD
    0x0000b690   0x0000b690   0x0000000e   Code   RO         1884    .text.I2C_GetStatusFlags  fsl_i2c.o
    0x0000b69e   0x0000b69e   0x00000002   PAD
    0x0000b6a0   0x0000b6a0   0x00000016   Code   RO         1832    .text.I2C_MasterClearStatusFlags  fsl_i2c.o
    0x0000b6b6   0x0000b6b6   0x00000002   PAD
    0x0000b6b8   0x0000b6b8   0x00000042   Code   RO         1800    .text.I2C_MasterEnable  fsl_i2c.o
    0x0000b6fa   0x0000b6fa   0x00000002   PAD
    0x0000b6fc   0x0000b6fc   0x00000036   Code   RO         1798    .text.I2C_MasterInit  fsl_i2c.o
    0x0000b732   0x0000b732   0x00000002   PAD
    0x0000b734   0x0000b734   0x00000110   Code   RO         1814    .text.I2C_MasterReadBlocking  fsl_i2c.o
    0x0000b844   0x0000b844   0x0000002a   Code   RO         1818    .text.I2C_MasterRepeatedStart  fsl_i2c.o
    0x0000b86e   0x0000b86e   0x00000002   PAD
    0x0000b870   0x0000b870   0x000000d8   Code   RO         1802    .text.I2C_MasterSetBaudRate  fsl_i2c.o
    0x0000b948   0x0000b948   0x0000005e   Code   RO         1806    .text.I2C_MasterStart  fsl_i2c.o
    0x0000b9a6   0x0000b9a6   0x00000002   PAD
    0x0000b9a8   0x0000b9a8   0x00000036   Code   RO         1810    .text.I2C_MasterStop  fsl_i2c.o
    0x0000b9de   0x0000b9de   0x00000002   PAD
    0x0000b9e0   0x0000b9e0   0x00000180   Code   RO         1816    .text.I2C_MasterTransferBlocking  fsl_i2c.o
    0x0000bb60   0x0000bb60   0x00000146   Code   RO         1812    .text.I2C_MasterWriteBlocking  fsl_i2c.o
    0x0000bca6   0x0000bca6   0x00000002   PAD
    0x0000bca8   0x0000bca8   0x0000002c   Code   RO         1808    .text.I2C_PendingStatusWait  fsl_i2c.o
    0x0000bcd4   0x0000bcd4   0x00000028   Code   RO         1987    .text.INPUTMUX_AttachSignal  fsl_inputmux.o
    0x0000bcfc   0x0000bcfc   0x0000002c   Code   RO            6    .text.IOCON_PinMuxSet  main.o
    0x0000bd28   0x0000bd28   0x00000012   Code   RO         1275    .text.IncrementOverflowTS  eventrecorder.o
    0x0000bd3a   0x0000bd3a   0x00000002   PAD
    0x0000bd3c   0x0000bd3c   0x00000012   Code   RO         1289    .text.IncrementRecordsDumped  eventrecorder.o
    0x0000bd4e   0x0000bd4e   0x00000002   PAD
    0x0000bd50   0x0000bd50   0x00000012   Code   RO         1287    .text.IncrementRecordsWritten  eventrecorder.o
    0x0000bd62   0x0000bd62   0x00000002   PAD
    0x0000bd64   0x0000bd64   0x0000030c   Code   RO           27    .text.LED_AppTask   led_app.o
    0x0000c070   0x0000c070   0x00000036   Code   RO         1283    .text.LockRecord    eventrecorder.o
    0x0000c0a6   0x0000c0a6   0x00000002   PAD
    0x0000c0a8   0x0000c0a8   0x0000006c   Code   RO          230    .text.MLX_ReadReg   iic_temp_drv.o
    0x0000c114   0x0000c114   0x00000050   Code   RO          234    .text.MXL_ReadObjTemp  iic_temp_drv.o
    0x0000c164   0x0000c164   0x0000000e   Code   RO           10    .text.PINT0_CallBack  main.o
    0x0000c172   0x0000c172   0x00000002   PAD
    0x0000c174   0x0000c174   0x00000102   Code   RO         2001    .text.PINT_Init     fsl_pint.o
    0x0000c276   0x0000c276   0x00000002   PAD
    0x0000c278   0x0000c278   0x0000002c   Code   RO         2017    .text.PINT_PatternMatchResetDetectLogic  fsl_pint.o
    0x0000c2a4   0x0000c2a4   0x0000001c   Code   RO         2009    .text.PINT_PinInterruptClrFallFlag  fsl_pint.o
    0x0000c2c0   0x0000c2c0   0x0000001c   Code   RO         2007    .text.PINT_PinInterruptClrRiseFlag  fsl_pint.o
    0x0000c2dc   0x0000c2dc   0x00000050   Code   RO         2019    .text.PINT_PinInterruptClrStatus  fsl_pint.o
    0x0000c32c   0x0000c32c   0x000000f2   Code   RO         2005    .text.PINT_PinInterruptConfig  fsl_pint.o
    0x0000c41e   0x0000c41e   0x00000002   PAD
    0x0000c420   0x0000c420   0x0000002a   Code   RO          455    .text.PINT_init     peripherals.o
    0x0000c44a   0x0000c44a   0x00000002   PAD
    0x0000c44c   0x0000c44c   0x00000054   Code   RO         2045    .text.PIN_INT0_DriverIRQHandler  fsl_pint.o
    0x0000c4a0   0x0000c4a0   0x00000054   Code   RO         2047    .text.PIN_INT1_DriverIRQHandler  fsl_pint.o
    0x0000c4f4   0x0000c4f4   0x00000054   Code   RO         2049    .text.PIN_INT2_DriverIRQHandler  fsl_pint.o
    0x0000c548   0x0000c548   0x00000054   Code   RO         2051    .text.PIN_INT3_DriverIRQHandler  fsl_pint.o
    0x0000c59c   0x0000c59c   0x00000054   Code   RO         2053    .text.PIN_INT4_DriverIRQHandler  fsl_pint.o
    0x0000c5f0   0x0000c5f0   0x00000054   Code   RO         2055    .text.PIN_INT5_DriverIRQHandler  fsl_pint.o
    0x0000c644   0x0000c644   0x00000054   Code   RO         2057    .text.PIN_INT6_DriverIRQHandler  fsl_pint.o
    0x0000c698   0x0000c698   0x00000054   Code   RO         2059    .text.PIN_INT7_DriverIRQHandler  fsl_pint.o
    0x0000c6ec   0x0000c6ec   0x00000012   Code   RO          420    .text.POWER_DisablePD  clock_config.o
    0x0000c6fe   0x0000c6fe   0x00000002   PAD
    0x0000c700   0x0000c700   0x00000012   Code   RO         1425    .text.POWER_DisablePD  fsl_clock.o
    0x0000c712   0x0000c712   0x00000002   PAD
    0x0000c714   0x0000c714   0x00000012   Code   RO         1509    .text.POWER_EnablePD  fsl_clock.o
    0x0000c726   0x0000c726   0x00000002   PAD
    0x0000c728   0x0000c728   0x00000048   Code   RO         2414    .text.POWER_SetVoltageForFreq  keil_lib_power_cm33_core0.lib(fsl_power_lib.o)
    0x0000c770   0x0000c770   0x00000034   Code   RO         1006    .text.PendSV_Handler  portasm.o
    0x0000c7a4   0x0000c7a4   0x0000006c   Code   RO         2079    .text.RESET_ClearPeripheralReset  fsl_reset.o
    0x0000c810   0x0000c810   0x00000016   Code   RO         2081    .text.RESET_PeripheralReset  fsl_reset.o
    0x0000c826   0x0000c826   0x00000002   PAD
    0x0000c828   0x0000c828   0x00000068   Code   RO         2077    .text.RESET_SetPeripheralReset  fsl_reset.o
    0x0000c890   0x0000c890   0x00000138   Code   RO         2098    .text.RTC_CheckDatetimeFormat  fsl_rtc.o
    0x0000c9c8   0x0000c9c8   0x000000ca   Code   RO         2100    .text.RTC_ConvertDatetimeToSeconds  fsl_rtc.o
    0x0000ca92   0x0000ca92   0x00000002   PAD
    0x0000ca94   0x0000ca94   0x00000186   Code   RO         2106    .text.RTC_ConvertSecondsToDatetime  fsl_rtc.o
    0x0000cc1a   0x0000cc1a   0x00000002   PAD
    0x0000cc1c   0x0000cc1c   0x00000040   Code   RO         2102    .text.RTC_GetDatetime  fsl_rtc.o
    0x0000cc5c   0x0000cc5c   0x00000024   Code   RO         2104    .text.RTC_GetSecondsTimerCount  fsl_rtc.o
    0x0000cc80   0x0000cc80   0x00000096   Code   RO           48    .text.RTC_IRQHandler  adc_app.o
    0x0000cd16   0x0000cd16   0x00000002   PAD
    0x0000cd18   0x0000cd18   0x0000002c   Code   RO         2092    .text.RTC_Init      fsl_rtc.o
    0x0000cd44   0x0000cd44   0x00000050   Code   RO         2096    .text.RTC_SetDatetime  fsl_rtc.o
    0x0000cd94   0x0000cd94   0x00000012   Code   RO          461    .text.RTC_StartTimer  peripherals.o
    0x0000cda6   0x0000cda6   0x00000002   PAD
    0x0000cda8   0x0000cda8   0x00000012   Code   RO          459    .text.RTC_StopTimer  peripherals.o
    0x0000cdba   0x0000cdba   0x00000002   PAD
    0x0000cdbc   0x0000cdbc   0x0000003a   Code   RO          457    .text.RTC_init      peripherals.o
    0x0000cdf6   0x0000cdf6   0x00000002   PAD
    0x0000cdf8   0x0000cdf8   0x0000007c   Code   RO         1567    .text.SDK_DelayAtLeastUs  fsl_common.o
    0x0000ce74   0x0000ce74   0x00000064   Code   RO         2041    .text.SEC_GPIO_INT0_IRQ0_DriverIRQHandler  fsl_pint.o
    0x0000ced8   0x0000ced8   0x00000060   Code   RO         2043    .text.SEC_GPIO_INT0_IRQ1_DriverIRQHandler  fsl_pint.o
    0x0000cf38   0x0000cf38   0x0000003a   Code   RO         2138    .text.SPI_Enable    fsl_spi.o
    0x0000cf72   0x0000cf72   0x00000002   PAD
    0x0000cf74   0x0000cf74   0x0000005a   Code   RO         2124    .text.SPI_GetInstance  fsl_spi.o
    0x0000cfce   0x0000cfce   0x00000002   PAD
    0x0000cfd0   0x0000cfd0   0x000001ce   Code   RO         2132    .text.SPI_MasterInit  fsl_spi.o
    0x0000d19e   0x0000d19e   0x00000002   PAD
    0x0000d1a0   0x0000d1a0   0x000000e2   Code   RO         2134    .text.SPI_MasterSetBaud  fsl_spi.o
    0x0000d282   0x0000d282   0x00000002   PAD
    0x0000d284   0x0000d284   0x0000002a   Code   RO         2126    .text.SPI_SetDummyData  fsl_spi.o
    0x0000d2ae   0x0000d2ae   0x00000002   PAD
    0x0000d2b0   0x0000d2b0   0x00000076   Code   RO         2136    .text.SPI_SetTransferDelay  fsl_spi.o
    0x0000d326   0x0000d326   0x0000000a   PAD
    0x0000d330   0x0000d330   0x00000024   Code   RO         1008    .text.SVC_Handler   portasm.o
    0x0000d354   0x0000d354   0x0000002e   Code   RO          971    .text.SysTick_Handler  port.o
    0x0000d382   0x0000d382   0x00000002   PAD
    0x0000d384   0x0000d384   0x0000005c   Code   RO         2361    .text.SystemInit    system_lpc55s69_cm33_core0.o
    0x0000d3e0   0x0000d3e0   0x00000002   Code   RO         2363    .text.SystemInitHook  system_lpc55s69_cm33_core0.o
    0x0000d3e2   0x0000d3e2   0x00000002   PAD
    0x0000d3e4   0x0000d3e4   0x00000032   Code   RO         2237    .text.USART_EnableContinuousSCLK  fsl_usart.o
    0x0000d416   0x0000d416   0x00000002   PAD
    0x0000d418   0x0000d418   0x00000016   Code   RO          449    .text.USART_EnableInterrupts  peripherals.o
    0x0000d42e   0x0000d42e   0x00000002   PAD
    0x0000d430   0x0000d430   0x0000000e   Code   RO          126    .text.USART_GetStatusFlags  ble_app.o
    0x0000d43e   0x0000d43e   0x00000002   PAD
    0x0000d440   0x0000d440   0x000001b4   Code   RO         2233    .text.USART_Init    fsl_usart.o
    0x0000d5f4   0x0000d5f4   0x00000010   Code   RO          128    .text.USART_ReadByte  ble_app.o
    0x0000d604   0x0000d604   0x0000017e   Code   RO         2235    .text.USART_SetBaudRate  fsl_usart.o
    0x0000d782   0x0000d782   0x00000002   PAD
    0x0000d784   0x0000d784   0x00000002   Code   RO           12    .text.UTICK0_Callback  main.o
    0x0000d786   0x0000d786   0x00000002   PAD
    0x0000d788   0x0000d788   0x0000002c   Code   RO         2336    .text.UTICK0_DriverIRQHandler  fsl_utick.o
    0x0000d7b4   0x0000d7b4   0x0000002e   Code   RO          463    .text.UTICK0_init   peripherals.o
    0x0000d7e2   0x0000d7e2   0x00000002   PAD
    0x0000d7e4   0x0000d7e4   0x0000000e   Code   RO         2334    .text.UTICK_ClearStatusFlags  fsl_utick.o
    0x0000d7f2   0x0000d7f2   0x00000002   PAD
    0x0000d7f4   0x0000d7f4   0x0000005a   Code   RO         2318    .text.UTICK_GetInstance  fsl_utick.o
    0x0000d84e   0x0000d84e   0x00000002   PAD
    0x0000d850   0x0000d850   0x00000020   Code   RO         2326    .text.UTICK_HandleIRQ  fsl_utick.o
    0x0000d870   0x0000d870   0x00000048   Code   RO         2322    .text.UTICK_Init    fsl_utick.o
    0x0000d8b8   0x0000d8b8   0x0000004e   Code   RO         2316    .text.UTICK_SetTick  fsl_utick.o
    0x0000d906   0x0000d906   0x00000002   PAD
    0x0000d908   0x0000d908   0x00000032   Code   RO         1285    .text.UnlockRecord  eventrecorder.o
    0x0000d93a   0x0000d93a   0x00000002   PAD
    0x0000d93c   0x0000d93c   0x0000001a   Code   RO         1273    .text.UpdateTS      eventrecorder.o
    0x0000d956   0x0000d956   0x00000002   PAD
    0x0000d958   0x0000d958   0x00000034   Code   RO          473    .text.__NVIC_EnableIRQ  peripherals.o
    0x0000d98c   0x0000d98c   0x00000034   Code   RO         1626    .text.__NVIC_EnableIRQ  fsl_ctimer.o
    0x0000d9c0   0x0000d9c0   0x00000034   Code   RO         1713    .text.__NVIC_EnableIRQ  fsl_dma.o
    0x0000d9f4   0x0000d9f4   0x00000034   Code   RO         2338    .text.__NVIC_EnableIRQ  fsl_utick.o
    0x0000da28   0x0000da28   0x000000ce   Code   RO         1311    .text.__aeabi_assert  retarget_io.o
    0x0000daf6   0x0000daf6   0x00000002   PAD
    0x0000daf8   0x0000daf8   0x00000004   Code   RO         1313    .text.abort         retarget_io.o
    0x0000dafc   0x0000dafc   0x00000020   Code   RO         1279    .text.atomic_inc32  eventrecorder.o
    0x0000db1c   0x0000db1c   0x00000024   Code   RO         1291    .text.atomic_inc8   eventrecorder.o
    0x0000db40   0x0000db40   0x00000020   Code   RO         1277    .text.atomic_xch32  eventrecorder.o
    0x0000db60   0x0000db60   0x00000086   Code   RO         1247    .text.crc16_ccitt   eventrecorder.o
    0x0000dbe6   0x0000dbe6   0x00000002   PAD
    0x0000dbe8   0x0000dbe8   0x0000003c   Code   RO         1491    .text.findPll0PreDiv  fsl_clock.o
    0x0000dc24   0x0000dc24   0x00000030   Code   RO         1303    .text.fputc         retarget_io.o
    0x0000dc54   0x0000dc54   0x00000048   Code   RO         2416    .text.lowpower_set_dcdc_power_profile  keil_lib_power_cm33_core0.lib(fsl_power_lib.o)
    0x0000dc9c   0x0000dc9c   0x000000d4   Code   RO         2428    .text.lowpower_set_system_voltage  keil_lib_power_cm33_core0.lib(fsl_power_lib.o)
    0x0000dd70   0x0000dd70   0x00000098   Code   RO         2418    .text.lowpower_set_voltage_for_process  keil_lib_power_cm33_core0.lib(fsl_power_lib.o)
    0x0000de08   0x0000de08   0x00000108   Code   RO            4    .text.main          main.o
    0x0000df10   0x0000df10   0x00000042   Code   RO          350    .text.memory_init   memory.o
    0x0000df52   0x0000df52   0x00000002   PAD
    0x0000df54   0x0000df54   0x000000da   Code   RO          735    .text.prvAddCurrentTaskToDelayedList  tasks.o
    0x0000e02e   0x0000e02e   0x00000002   PAD
    0x0000e030   0x0000e030   0x0000011c   Code   RO          723    .text.prvAddNewTaskToReadyList  tasks.o
    0x0000e14c   0x0000e14c   0x0000008e   Code   RO          871    .text.prvCheckForValidListAndQueue  timers.o
    0x0000e1da   0x0000e1da   0x00000002   PAD
    0x0000e1dc   0x0000e1dc   0x0000005e   Code   RO          837    .text.prvCheckTasksWaitingTermination  tasks.o
    0x0000e23a   0x0000e23a   0x00000002   PAD
    0x0000e23c   0x0000e23c   0x0000004a   Code   RO          616    .text.prvCopyDataFromQueue  queue.o
    0x0000e286   0x0000e286   0x00000002   PAD
    0x0000e288   0x0000e288   0x000000e0   Code   RO          604    .text.prvCopyDataToQueue  queue.o
    0x0000e368   0x0000e368   0x00000018   Code   RO          727    .text.prvDeleteTCB  tasks.o
    0x0000e380   0x0000e380   0x00000042   Code   RO          905    .text.prvGetNextExpireTime  timers.o
    0x0000e3c2   0x0000e3c2   0x00000002   PAD
    0x0000e3c4   0x0000e3c4   0x000000be   Code   RO          937    .text.prvHeapInit   heap_4.o
    0x0000e482   0x0000e482   0x00000002   PAD
    0x0000e484   0x0000e484   0x00000026   Code   RO          761    .text.prvIdleTask   tasks.o
    0x0000e4aa   0x0000e4aa   0x00000002   PAD
    0x0000e4ac   0x0000e4ac   0x0000004c   Code   RO          588    .text.prvInitialiseNewQueue  queue.o
    0x0000e4f8   0x0000e4f8   0x0000014a   Code   RO          721    .text.prvInitialiseNewTask  tasks.o
    0x0000e642   0x0000e642   0x00000002   PAD
    0x0000e644   0x0000e644   0x0000008e   Code   RO          835    .text.prvInitialiseTaskLists  tasks.o
    0x0000e6d2   0x0000e6d2   0x00000002   PAD
    0x0000e6d4   0x0000e6d4   0x000000c6   Code   RO          939    .text.prvInsertBlockIntoFreeList  heap_4.o
    0x0000e79a   0x0000e79a   0x00000002   PAD
    0x0000e79c   0x0000e79c   0x00000086   Code   RO          917    .text.prvInsertTimerInActiveList  timers.o
    0x0000e822   0x0000e822   0x00000002   PAD
    0x0000e824   0x0000e824   0x0000002a   Code   RO          618    .text.prvIsQueueEmpty  queue.o
    0x0000e84e   0x0000e84e   0x00000002   PAD
    0x0000e850   0x0000e850   0x0000002e   Code   RO          606    .text.prvIsQueueFull  queue.o
    0x0000e87e   0x0000e87e   0x00000002   PAD
    0x0000e880   0x0000e880   0x0000008a   Code   RO          913    .text.prvProcessExpiredTimer  timers.o
    0x0000e90a   0x0000e90a   0x00000002   PAD
    0x0000e90c   0x0000e90c   0x00000186   Code   RO          909    .text.prvProcessReceivedCommands  timers.o
    0x0000ea92   0x0000ea92   0x00000002   PAD
    0x0000ea94   0x0000ea94   0x00000096   Code   RO          907    .text.prvProcessTimerOrBlockTask  timers.o
    0x0000eb2a   0x0000eb2a   0x00000002   PAD
    0x0000eb2c   0x0000eb2c   0x00000048   Code   RO          729    .text.prvResetNextTaskUnblockTime  tasks.o
    0x0000eb74   0x0000eb74   0x00000044   Code   RO          911    .text.prvSampleTimeNow  timers.o
    0x0000ebb8   0x0000ebb8   0x000000ca   Code   RO          915    .text.prvSwitchTimerLists  timers.o
    0x0000ec82   0x0000ec82   0x00000002   PAD
    0x0000ec84   0x0000ec84   0x00000030   Code   RO          977    .text.prvTaskExitError  port.o
    0x0000ecb4   0x0000ecb4   0x0000001e   Code   RO          873    .text.prvTimerTask  timers.o
    0x0000ecd2   0x0000ecd2   0x00000002   PAD
    0x0000ecd4   0x0000ecd4   0x000000b6   Code   RO          608    .text.prvUnlockQueue  queue.o
    0x0000ed8a   0x0000ed8a   0x00000002   PAD
    0x0000ed8c   0x0000ed8c   0x000001be   Code   RO          935    .text.pvPortMalloc  heap_4.o
    0x0000ef4a   0x0000ef4a   0x00000002   PAD
    0x0000ef4c   0x0000ef4c   0x0000010a   Code   RO          975    .text.pxPortInitialiseStack  port.o
    0x0000f056   0x0000f056   0x00000002   PAD
    0x0000f058   0x0000f058   0x0000007e   Code   RO         1305    .text.stdout_putchar  retarget_io.o
    0x0000f0d6   0x0000f0d6   0x00000002   PAD
    0x0000f0d8   0x0000f0d8   0x00000008   Code   RO         1002    .text.ulSetInterruptMaskFromISR  portasm.o
    0x0000f0e0   0x0000f0e0   0x00000048   Code   RO          574    .text.uxListRemove  list.o
    0x0000f128   0x0000f128   0x00000006   Code   RO         1004    .text.vClearInterruptMaskFromISR  portasm.o
    0x0000f12e   0x0000f12e   0x00000002   PAD
    0x0000f130   0x0000f130   0x0000002e   Code   RO          566    .text.vListInitialise  list.o
    0x0000f15e   0x0000f15e   0x00000002   PAD
    0x0000f160   0x0000f160   0x0000000e   Code   RO          568    .text.vListInitialiseItem  list.o
    0x0000f16e   0x0000f16e   0x00000002   PAD
    0x0000f170   0x0000f170   0x0000006c   Code   RO          572    .text.vListInsert   list.o
    0x0000f1dc   0x0000f1dc   0x0000003a   Code   RO          570    .text.vListInsertEnd  list.o
    0x0000f216   0x0000f216   0x00000002   PAD
    0x0000f218   0x0000f218   0x0000001a   Code   RO          967    .text.vPortEnterCritical  port.o
    0x0000f232   0x0000f232   0x00000002   PAD
    0x0000f234   0x0000f234   0x00000032   Code   RO          969    .text.vPortExitCritical  port.o
    0x0000f266   0x0000f266   0x00000002   PAD
    0x0000f268   0x0000f268   0x000000a6   Code   RO          941    .text.vPortFree     heap_4.o
    0x0000f30e   0x0000f30e   0x00000002   PAD
    0x0000f310   0x0000f310   0x00000030   Code   RO          973    .text.vPortSVCHandler_C  port.o
    0x0000f340   0x0000f340   0x00000044   Code   RO          963    .text.vPortSetupTimerInterrupt  port.o
    0x0000f384   0x0000f384   0x00000018   Code   RO          965    .text.vPortYield    port.o
    0x0000f39c   0x0000f39c   0x00000054   Code   RO          648    .text.vQueueAddToRegistry  queue.o
    0x0000f3f0   0x0000f3f0   0x0000006a   Code   RO          652    .text.vQueueWaitForMessageRestricted  queue.o
    0x0000f45a   0x0000f45a   0x00000006   PAD
    0x0000f460   0x0000f460   0x00000024   Code   RO          992    .text.vRestoreContextOfFirstTask  portasm.o
    0x0000f484   0x0000f484   0x0000000c   PAD
    0x0000f490   0x0000f490   0x00000024   Code   RO         1000    .text.vStartFirstTask  portasm.o
    0x0000f4b4   0x0000f4b4   0x00000052   Code   RO          739    .text.vTaskDelay    tasks.o
    0x0000f506   0x0000f506   0x00000002   PAD
    0x0000f508   0x0000f508   0x00000024   Code   RO          791    .text.vTaskInternalSetTimeOutState  tasks.o
    0x0000f52c   0x0000f52c   0x0000000e   Code   RO          795    .text.vTaskMissedYield  tasks.o
    0x0000f53a   0x0000f53a   0x00000002   PAD
    0x0000f53c   0x0000f53c   0x00000034   Code   RO          779    .text.vTaskPlaceOnEventList  tasks.o
    0x0000f570   0x0000f570   0x00000046   Code   RO          783    .text.vTaskPlaceOnEventListRestricted  tasks.o
    0x0000f5b6   0x0000f5b6   0x00000002   PAD
    0x0000f5b8   0x0000f5b8   0x0000009e   Code   RO          759    .text.vTaskStartScheduler  tasks.o
    0x0000f656   0x0000f656   0x00000002   PAD
    0x0000f658   0x0000f658   0x00000010   Code   RO          733    .text.vTaskSuspendAll  tasks.o
    0x0000f668   0x0000f668   0x000000bc   Code   RO          751    .text.vTaskSwitchContext  tasks.o
    0x0000f724   0x0000f724   0x00000040   Code   RO          979    .text.xPortStartScheduler  port.o
    0x0000f764   0x0000f764   0x00000074   Code   RO          586    .text.xQueueGenericCreate  queue.o
    0x0000f7d8   0x0000f7d8   0x000000a0   Code   RO          584    .text.xQueueGenericReset  queue.o
    0x0000f878   0x0000f878   0x000001d4   Code   RO          596    .text.xQueueGenericSend  queue.o
    0x0000fa4c   0x0000fa4c   0x00000108   Code   RO          610    .text.xQueueGenericSendFromISR  queue.o
    0x0000fb54   0x0000fb54   0x000001aa   Code   RO          614    .text.xQueueReceive  queue.o
    0x0000fcfe   0x0000fcfe   0x00000002   PAD
    0x0000fd00   0x0000fd00   0x000000b2   Code   RO          793    .text.xTaskCheckForTimeOut  tasks.o
    0x0000fdb2   0x0000fdb2   0x00000002   PAD
    0x0000fdb4   0x0000fdb4   0x000000a8   Code   RO          719    .text.xTaskCreate   tasks.o
    0x0000fe5c   0x0000fe5c   0x00000146   Code   RO          827    .text.xTaskGenericNotify  tasks.o
    0x0000ffa2   0x0000ffa2   0x00000002   PAD
    0x0000ffa4   0x0000ffa4   0x0000003c   Code   RO          811    .text.xTaskGetSchedulerState  tasks.o
    0x0000ffe0   0x0000ffe0   0x00000014   Code   RO          767    .text.xTaskGetTickCount  tasks.o
    0x0000fff4   0x0000fff4   0x0000019a   Code   RO          765    .text.xTaskIncrementTick  tasks.o
    0x0001018e   0x0001018e   0x00000002   PAD
    0x00010190   0x00010190   0x000000d8   Code   RO          815    .text.xTaskPriorityDisinherit  tasks.o
    0x00010268   0x00010268   0x000000c8   Code   RO          785    .text.xTaskRemoveFromEventList  tasks.o
    0x00010330   0x00010330   0x00000178   Code   RO          737    .text.xTaskResumeAll  tasks.o
    0x000104a8   0x000104a8   0x0000005e   Code   RO          869    .text.xTimerCreateTimerTask  timers.o
    0x00010506   0x00010506   0x00000002   PAD
    0x00010508   0x00010508   0x000000a6   Code   RO          879    .text.xTimerGenericCommand  timers.o
    0x000105ae   0x000105ae   0x00000002   PAD
    0x000105b0   0x000105b0   0x00000020   Code   RO         2472    i.__0printf         mc_w.l(printfa.o)
    0x000105d0   0x000105d0   0x0000000e   Code   RO         2618    i.__scatterload_copy  mc_w.l(handlers.o)
    0x000105de   0x000105de   0x00000002   Code   RO         2619    i.__scatterload_null  mc_w.l(handlers.o)
    0x000105e0   0x000105e0   0x0000000e   Code   RO         2620    i.__scatterload_zeroinit  mc_w.l(handlers.o)
    0x000105ee   0x000105ee   0x00000002   PAD
    0x000105f0   0x000105f0   0x00000184   Code   RO         2479    i._fp_digits        mc_w.l(printfa.o)
    0x00010774   0x00010774   0x000006dc   Code   RO         2480    i._printf_core      mc_w.l(printfa.o)
    0x00010e50   0x00010e50   0x00000024   Code   RO         2481    i._printf_post_padding  mc_w.l(printfa.o)
    0x00010e74   0x00010e74   0x0000002e   Code   RO         2482    i._printf_pre_padding  mc_w.l(printfa.o)
    0x00010ea2   0x00010ea2   0x00000018   Code   RO         2439    i.fputs             mc_w.l(fputs.o)
    0x00010eba   0x00010eba   0x00000002   Data   RO          503    .rodata..L__const.BOARD_InitPins.ADC_MODE_config  pin_mux.o
    0x00010ebc   0x00010ebc   0x00000002   Data   RO          520    .rodata..L__const.BOARD_InitPins.BT_MODE_config  pin_mux.o
    0x00010ebe   0x00010ebe   0x00000002   Data   RO          519    .rodata..L__const.BOARD_InitPins.BT_PWR_config  pin_mux.o
    0x00010ec0   0x00010ec0   0x00000002   Data   RO          518    .rodata..L__const.BOARD_InitPins.BT_RST_config  pin_mux.o
    0x00010ec2   0x00010ec2   0x00000002   Data   RO          516    .rodata..L__const.BOARD_InitPins.LED_BAT_GREEN_config  pin_mux.o
    0x00010ec4   0x00010ec4   0x00000002   Data   RO          515    .rodata..L__const.BOARD_InitPins.LED_BAT_RED_config  pin_mux.o
    0x00010ec6   0x00010ec6   0x00000002   Data   RO          506    .rodata..L__const.BOARD_InitPins.LED_BLE_GREEN_config  pin_mux.o
    0x00010ec8   0x00010ec8   0x00000002   Data   RO          505    .rodata..L__const.BOARD_InitPins.LED_BLE_RED_config  pin_mux.o
    0x00010eca   0x00010eca   0x00000002   Data   RO          512    .rodata..L__const.BOARD_InitPins.LED_SYS_GREEN_config  pin_mux.o
    0x00010ecc   0x00010ecc   0x00000002   Data   RO          511    .rodata..L__const.BOARD_InitPins.LED_SYS_RED_config  pin_mux.o
    0x00010ece   0x00010ece   0x00000002   Data   RO          517    .rodata..L__const.BOARD_InitPins.NB_PWR_config  pin_mux.o
    0x00010ed0   0x00010ed0   0x00000002   Data   RO          504    .rodata..L__const.BOARD_InitPins.NB_RELOAD_config  pin_mux.o
    0x00010ed2   0x00010ed2   0x00000002   Data   RO          521    .rodata..L__const.BOARD_InitPins.NB_RST_config  pin_mux.o
    0x00010ed4   0x00010ed4   0x00000002   Data   RO          509    .rodata..L__const.BOARD_InitPins.NB_ST_config  pin_mux.o
    0x00010ed6   0x00010ed6   0x00000002   Data   RO          508    .rodata..L__const.BOARD_InitPins.PWR_5V_config  pin_mux.o
    0x00010ed8   0x00010ed8   0x00000002   Data   RO          514    .rodata..L__const.BOARD_InitPins.PWR_ADC_config  pin_mux.o
    0x00010eda   0x00010eda   0x00000002   Data   RO          513    .rodata..L__const.BOARD_InitPins.PWR_CHG_COMPLETE_config  pin_mux.o
    0x00010edc   0x00010edc   0x00000002   Data   RO          507    .rodata..L__const.BOARD_InitPins.PWR_OFF_config  pin_mux.o
    0x00010ede   0x00010ede   0x00000002   Data   RO          510    .rodata..L__const.BOARD_InitPins.TEMP_ALT_config  pin_mux.o
    0x00010ee0   0x00010ee0   0x0000001a   Data   RO         2114    .rodata..L__const.RTC_ConvertDatetimeToSeconds.monthDays  fsl_rtc.o
    0x00010efa   0x00010efa   0x00000002   PAD
    0x00010efc   0x00010efc   0x00000008   Data   RO          476    .rodata.CTIMER0_config  peripherals.o
    0x00010f04   0x00010f04   0x00000008   Data   RO          484    .rodata.CTIMER1_config  peripherals.o
    0x00010f0c   0x00010f0c   0x00000008   Data   RO          477    .rodata.CTIMER2_config  peripherals.o
    0x00010f14   0x00010f14   0x00000018   Data   RO         1294    .rodata.EventRecorderInfo  eventrecorder.o
    0x00010f2c   0x00010f2c   0x00000018   Data   RO          478    .rodata.FLEXCOMM0_config  peripherals.o
    0x00010f44   0x00010f44   0x0000000c   Data   RO          479    .rodata.FLEXCOMM1_config  peripherals.o
    0x00010f50   0x00010f50   0x00000010   Data   RO          480    .rodata.FLEXCOMM2_config  peripherals.o
    0x00010f60   0x00010f60   0x00000010   Data   RO          481    .rodata.FLEXCOMM3_config  peripherals.o
    0x00010f70   0x00010f70   0x0000000c   Data   RO          482    .rodata.FLEXCOMM4_config  peripherals.o
    0x00010f7c   0x00010f7c   0x00000018   Data   RO          485    .rodata.FLEXCOMM6_config  peripherals.o
    0x00010f94   0x00010f94   0x00000020   Data   RO          422    .rodata.cst32       clock_config.o
    0x00010fb4   0x00010fb4   0x00000014   Data   RO         1634    .rodata.s_ctimerBases  fsl_ctimer.o
    0x00010fc8   0x00010fc8   0x0000000a   Data   RO         1629    .rodata.s_ctimerClocks  fsl_ctimer.o
    0x00010fd2   0x00010fd2   0x00000005   Data   RO         1631    .rodata.s_ctimerIRQ  fsl_ctimer.o
    0x00010fd7   0x00010fd7   0x00000001   PAD
    0x00010fd8   0x00010fd8   0x00000014   Data   RO         1630    .rodata.s_ctimerResets  fsl_ctimer.o
    0x00010fec   0x00010fec   0x00000008   Data   RO         1723    .rodata.s_dmaBases  fsl_dma.o
    0x00010ff4   0x00010ff4   0x00000004   Data   RO         1715    .rodata.s_dmaClockName  fsl_dma.o
    0x00010ff8   0x00010ff8   0x00000002   Data   RO         1720    .rodata.s_dmaIRQNumber  fsl_dma.o
    0x00010ffa   0x00010ffa   0x00000002   PAD
    0x00010ffc   0x00010ffc   0x00000008   Data   RO         1716    .rodata.s_dmaResets  fsl_dma.o
    0x00011004   0x00011004   0x00000024   Data   RO         1763    .rodata.s_flexcommBaseAddrs  fsl_flexcomm.o
    0x00011028   0x00011028   0x00000012   Data   RO         1765    .rodata.s_flexcommClocks  fsl_flexcomm.o
    0x0001103a   0x0001103a   0x00000002   PAD
    0x0001103c   0x0001103c   0x00000024   Data   RO         1766    .rodata.s_flexcommResets  fsl_flexcomm.o
    0x00011060   0x00011060   0x00000024   Data   RO         2177    .rodata.s_spiBaseAddrs  fsl_spi.o
    0x00011084   0x00011084   0x00000004   Data   RO         2345    .rodata.s_utickBases  fsl_utick.o
    0x00011088   0x00011088   0x00000002   Data   RO         2342    .rodata.s_utickClock  fsl_utick.o
    0x0001108a   0x0001108a   0x00000001   Data   RO         2341    .rodata.s_utickIRQ  fsl_utick.o
    0x0001108b   0x0001108b   0x00000001   PAD
    0x0001108c   0x0001108c   0x00000004   Data   RO         2343    .rodata.s_utickResets  fsl_utick.o
    0x00011090   0x00011090   0x00000014   Data   RO           15    .rodata.str1.1      main.o
    0x000110a4   0x000110a4   0x00000053   Data   RO          486    .rodata.str1.1      peripherals.o
    0x000110f7   0x000110f7   0x00000005   Data   RO          853    .rodata.str1.1      tasks.o
    0x000110fc   0x000110fc   0x0000000d   Data   RO          920    .rodata.str1.1      timers.o
    0x00011109   0x00011109   0x00000027   Data   RO         1315    .rodata.str1.1      retarget_io.o
    0x00011130   0x00011130   0x0000005a   Data   RO         1546    .rodata.str1.1      fsl_clock.o
    0x0001118a   0x0001118a   0x00000078   Data   RO         1571    .rodata.str1.1      fsl_common.o
    0x00011202   0x00011202   0x00000080   Data   RO         1628    .rodata.str1.1      fsl_ctimer.o
    0x00011282   0x00011282   0x0000011a   Data   RO         1718    .rodata.str1.1      fsl_dma.o
    0x0001139c   0x0001139c   0x00000152   Data   RO         1764    .rodata.str1.1      fsl_flexcomm.o
    0x000114ee   0x000114ee   0x00000065   Data   RO         1889    .rodata.str1.1      fsl_i2c.o
    0x00011553   0x00011553   0x0000006a   Data   RO         1972    .rodata.str1.1      fsl_iap.o
    0x000115bd   0x000115bd   0x00000060   Data   RO         2065    .rodata.str1.1      fsl_pint.o
    0x0001161d   0x0001161d   0x00000061   Data   RO         2083    .rodata.str1.1      fsl_reset.o
    0x0001167e   0x0001167e   0x0000005b   Data   RO         2112    .rodata.str1.1      fsl_rtc.o
    0x000116d9   0x000116d9   0x0000015c   Data   RO         2178    .rodata.str1.1      fsl_spi.o
    0x00011835   0x00011835   0x00000093   Data   RO         2276    .rodata.str1.1      fsl_usart.o
    0x000118c8   0x000118c8   0x00000078   Data   RO         2346    .rodata.str1.1      fsl_utick.o
    0x00011940   0x00011940   0x00000020   Data   RO         2617    Region$$Table       anon$$obj.o


    Execution Region RW_m_data (Exec base: 0x20000000, Load base: 0x00011a00, Size: 0x00004124, Max: 0x00030c00, ABSOLUTE)

    Exec Addr    Load Addr    Size         Type   Attr      Idx    E Section Name        Object

    0x20000000   0x00011a00   0x00000004   Data   RW         2443    .data               mc_w.l(stdout.o)
    0x20000004   0x00011a04   0x00000004   Data   RW         2444    .data               mc_w.l(stderr.o)
    0x20000008   0x00011a08   0x00000004   Data   RW          305    .data.CTIMER1_callback  adc_drv.o
    0x2000000c   0x00011a0c   0x00000008   Data   RW          483    .data.RTC_dateTimeStruct  peripherals.o
    0x20000014   0x00011a14   0x00000004   Data   RW         2389    .data.SystemCoreClock  system_lpc55s69_cm33_core0.o
    0x20000018   0x00011a18   0x00000004   Data   RW         1543    .data.s_Ext_Clk_Freq  fsl_clock.o
    0x2000001c   0x00011a1c   0x00000008   Data   RW         1717    .data.s_dma_descriptor_table  fsl_dma.o
    0x20000024   0x00011a24   0x00000004   Data   RW         2344    .data.s_utickIsr    fsl_utick.o
    0x20000028   0x00011a28   0x00000004   Data   RW          983    .data.ulCriticalNesting  port.o
    0x2000002c   0x00011a2c   0x000001d4   PAD
    0x20000200        -       0x00000004   Zero   RW          138    .bss.BLE_TaskHandle  ble_app.o
    0x20000204        -       0x00000010   Zero   RW          475    .bss.DMA0_CH0_Handle  peripherals.o
    0x20000214        -       0x00000004   Zero   RW           35    .bss.LED_TaskHandle  led_app.o
    0x20000218        -       0x00000190   Zero   RW           77    .bss.SpeedADC       adc_app.o
    0x200003a8        -       0x00000100   Zero   RW           76    .bss.Temperature    adc_app.o
    0x200004a8        -       0x00000004   Zero   RW           38    .bss.bat_led_cnt    led_app.o
    0x200004ac        -       0x00000004   Zero   RW           39    .bss.ble_led_cnt    led_app.o
    0x200004b0        -       0x00000005   Zero   RW         1633    .bss.ctimerCallbackType  fsl_ctimer.o
    0x200004b5        -       0x00000001   Zero   RW           36    .bss.flag_led_chk   led_app.o
    0x200004b6   0x00011a2c   0x00000002   PAD
    0x200004b8        -       0x0000003c   Zero   RW           14    .bss.flashInstance  main.o
    0x200004f4        -       0x0000003c   Zero   RW          364    .bss.flashInstance  memory.o
    0x20000530        -       0x00000228   Zero   RW           17    .bss.g_adc_set      main.o
    0x20000758        -       0x00000012   Zero   RW         2179    .bss.g_configs      fsl_spi.o
    0x2000076a        -       0x00000400   Zero   RW          131    .bss.g_flexcomm3Buf  ble_app.o
    0x20000b6a        -       0x00000002   Zero   RW          132    .bss.g_flexcomm3RxCnt  ble_app.o
    0x20000b6c        -       0x00000004   Zero   RW          135    .bss.g_flexcomm3RxTimeCnt  ble_app.o
    0x20000b70        -       0x00000001   Zero   RW          134    .bss.g_flexcomm3StartRx  ble_app.o
    0x20000b71   0x00011a2c   0x00000003   PAD
    0x20000b74        -       0x00000098   Zero   RW           16    .bss.g_sys_para     main.o
    0x20000c0c   0x00011a2c   0x00000034   PAD
    0x20000c40        -       0x000004a4   Zero   RW         1293    .bss.noinit         eventrecorder.o
    0x200010e4        -       0x00000004   Zero   RW          924    .bss.prvSampleTimeNow.xLastTime  timers.o
    0x200010e8        -       0x00000004   Zero   RW          839    .bss.pxCurrentTCB   tasks.o
    0x200010ec        -       0x00000004   Zero   RW          922    .bss.pxCurrentTimerList  timers.o
    0x200010f0        -       0x00000004   Zero   RW          847    .bss.pxDelayedTaskList  tasks.o
    0x200010f4        -       0x00000004   Zero   RW          949    .bss.pxEnd          heap_4.o
    0x200010f8        -       0x00000004   Zero   RW          848    .bss.pxOverflowDelayedTaskList  tasks.o
    0x200010fc        -       0x00000004   Zero   RW          923    .bss.pxOverflowTimerList  timers.o
    0x20001100        -       0x00000064   Zero   RW          850    .bss.pxReadyTasksLists  tasks.o
    0x20001164        -       0x000000b8   Zero   RW         1719    .bss.s_DMAHandle    fsl_dma.o
    0x2000121c        -       0x00000004   Zero   RW         1544    .bss.s_I2S_Mclk_Freq  fsl_clock.o
    0x20001220        -       0x00000004   Zero   RW         1547    .bss.s_Pll0_Freq    fsl_clock.o
    0x20001224        -       0x00000004   Zero   RW         1548    .bss.s_Pll1_Freq    fsl_clock.o
    0x20001228        -       0x00000014   Zero   RW         1632    .bss.s_ctimerCallback  fsl_ctimer.o
    0x2000123c   0x00011a2c   0x000001c4   PAD
    0x20001400        -       0x00000170   Zero   RW         1721    .bss.s_dma_descriptor_table0  fsl_dma.o
    0x20001570   0x00011a2c   0x00000090   PAD
    0x20001600        -       0x00000170   Zero   RW         1722    .bss.s_dma_descriptor_table1  fsl_dma.o
    0x20001770        -       0x00000009   Zero   RW         2176    .bss.s_dummyData    fsl_spi.o
    0x20001779   0x00011a2c   0x00000003   PAD
    0x2000177c        -       0x00000024   Zero   RW         1768    .bss.s_flexcommHandle  fsl_flexcomm.o
    0x200017a0        -       0x00000024   Zero   RW         1767    .bss.s_flexcommIrqHandler  fsl_flexcomm.o
    0x200017c4        -       0x00000028   Zero   RW         2066    .bss.s_pintCallback  fsl_pint.o
    0x200017ec        -       0x00000004   Zero   RW         2340    .bss.s_utickHandle  fsl_utick.o
    0x200017f0        -       0x00000008   Zero   RW         1317    .bss.stdout_putchar.buffer  retarget_io.o
    0x200017f8        -       0x00000004   Zero   RW         1316    .bss.stdout_putchar.index  retarget_io.o
    0x200017fc        -       0x00000008   Zero   RW           18    .bss.sysTime        main.o
    0x20001804        -       0x00000004   Zero   RW           37    .bss.sys_led_cnt    led_app.o
    0x20001808        -       0x00002800   Zero   RW          954    .bss.ucHeap         heap_4.o
    0x20004008        -       0x00000004   Zero   RW          843    .bss.uxCurrentNumberOfTasks  tasks.o
    0x2000400c        -       0x00000004   Zero   RW          842    .bss.uxDeletedTasksWaitingCleanUp  tasks.o
    0x20004010        -       0x00000004   Zero   RW          857    .bss.uxPendedTicks  tasks.o
    0x20004014        -       0x00000004   Zero   RW          845    .bss.uxSchedulerSuspended  tasks.o
    0x20004018        -       0x00000004   Zero   RW          840    .bss.uxTaskNumber   tasks.o
    0x2000401c        -       0x00000004   Zero   RW          851    .bss.uxTopReadyPriority  tasks.o
    0x20004020        -       0x00000004   Zero   RW         1973    .bss.versionMajor   fsl_iap.o
    0x20004024        -       0x00000014   Zero   RW          925    .bss.xActiveTimerList1  timers.o
    0x20004038        -       0x00000014   Zero   RW          926    .bss.xActiveTimerList2  timers.o
    0x2000404c        -       0x00000004   Zero   RW          950    .bss.xBlockAllocatedBit  heap_4.o
    0x20004050        -       0x00000014   Zero   RW          859    .bss.xDelayedTaskList1  tasks.o
    0x20004064        -       0x00000014   Zero   RW          860    .bss.xDelayedTaskList2  tasks.o
    0x20004078        -       0x00000004   Zero   RW          951    .bss.xFreeBytesRemaining  heap_4.o
    0x2000407c        -       0x00000004   Zero   RW          854    .bss.xIdleTaskHandle  tasks.o
    0x20004080        -       0x00000004   Zero   RW          953    .bss.xMinimumEverFreeBytesRemaining  heap_4.o
    0x20004084        -       0x00000004   Zero   RW          855    .bss.xNextTaskUnblockTime  tasks.o
    0x20004088        -       0x00000004   Zero   RW          858    .bss.xNumOfOverflows  tasks.o
    0x2000408c        -       0x00000014   Zero   RW          852    .bss.xPendingReadyList  tasks.o
    0x200040a0        -       0x00000040   Zero   RW          654    .bss.xQueueRegistry  queue.o
    0x200040e0        -       0x00000004   Zero   RW          844    .bss.xSchedulerRunning  tasks.o
    0x200040e4        -       0x00000008   Zero   RW          952    .bss.xStart         heap_4.o
    0x200040ec        -       0x00000014   Zero   RW          849    .bss.xSuspendedTaskList  tasks.o
    0x20004100        -       0x00000014   Zero   RW          841    .bss.xTasksWaitingTermination  tasks.o
    0x20004114        -       0x00000004   Zero   RW          846    .bss.xTickCount     tasks.o
    0x20004118        -       0x00000004   Zero   RW          919    .bss.xTimerQueue    timers.o
    0x2000411c        -       0x00000004   Zero   RW          921    .bss.xTimerTaskHandle  timers.o
    0x20004120        -       0x00000004   Zero   RW          856    .bss.xYieldPending  tasks.o


    Execution Region ARM_LIB_HEAP (Exec base: 0x20004124, Load base: 0x00011c00, Size: 0x00000400, Max: 0x00000400, ABSOLUTE)

    Exec Addr    Load Addr    Size         Type   Attr      Idx    E Section Name        Object

    0x20004124        -       0x00000400   Zero   RW            1    ARM_LIB_HEAP.bss    anon$$obj.o


    Execution Region ARM_LIB_STACK (Exec base: 0x20031000, Load base: 0x00011c00, Size: 0x00002000, Max: 0x00002000, ABSOLUTE)

    Exec Addr    Load Addr    Size         Type   Attr      Idx    E Section Name        Object

    0x20031000        -       0x00002000   Zero   RW            2    ARM_LIB_STACK.bss   anon$$obj.o


    Execution Region RW_m_usb_bdt (Exec base: 0x40100000, Load base: 0x00011c00, Size: 0x00000000, Max: 0x00000000, ABSOLUTE, UNINIT)

    **** No section assigned to this execution region ****


    Execution Region RW_m_usb_ram (Exec base: 0x40100000, Load base: 0x00011c00, Size: 0x00000000, Max: 0x00004000, ABSOLUTE, UNINIT)

    **** No section assigned to this execution region ****


==============================================================================

Image component sizes


      Code (inc. data)   RO Data    RW Data    ZI Data      Debug   Object Name

       298          0          0          0        656       7464   adc_app.o
        72          0          0          4          0       4569   adc_drv.o
       320          0          0          0       1035       6976   ble_app.o
       556          0         32          0          0      12500   clock_config.o
      2030          0         24          0       1188       9859   eventrecorder.o
      2252         26         90          4         12      33164   fsl_clock.o
       142          0        120          0          0       1787   fsl_common.o
      1174          0        183          0         25      19007   fsl_ctimer.o
      1048          0        304          8        920      24402   fsl_dma.o
      1238          0        428          0         72      14541   fsl_flexcomm.o
       140          0          0          0          0      10941   fsl_gpio.o
      1588          0        101          0          0      21165   fsl_i2c.o
        98          0        106          0          4       8594   fsl_iap.o
        40          0          0          0          0      23883   fsl_inputmux.o
      1590          0         96          0         40      20741   fsl_pint.o
       234          0         97          0          0       7936   fsl_reset.o
      1170          0        117          0          0      12699   fsl_rtc.o
       996          0        384          0         27      15934   fsl_spi.o
       868          0        147          0          0      14878   fsl_usart.o
       472          0        131          4          4      14203   fsl_utick.o
      1000          0          0          0      10264       3066   heap_4.o
       188          8          0          0          0       2758   iic_temp_drv.o
       842         10          0          0         17       2445   led_app.o
       298          0          0          0          0       2083   list.o
       352          0         20          0        772       5965   main.o
        66          0          0          0         60       7929   memory.o
       926          0        211          8         16      15980   peripherals.o
      1986          0         38          0          0      26549   pin_mux.o
       640          0          0          4          0       2439   port.o
       174         16          0          0          0       1306   portasm.o
      2268          0          0          0         64      12676   queue.o
       384          0         39          0         12       1971   retarget_io.o
       556        272        304          0          0       2904   startup_lpc55s69_cm33_core0.o
        94          0          0          4          0       9815   system_lpc55s69_cm33_core0.o
      3772          6          5          0        260      20114   tasks.o
      1580         10         13          0         60       8406   timers.o

    ----------------------------------------------------------------------
     31764        360       3030         36      25848     411649   Object Totals
         0          0         32          0       9216          0   (incl. Generated)
       312         12          8          0       1124          0   (incl. Padding)

    ----------------------------------------------------------------------

      Code (inc. data)   RO Data    RW Data    ZI Data      Debug   Library Member Name

       508         36          0          0          0          0   fsl_power_lib.o
         0          0          0          0          0          0   entry.o
         0          0          0          0          0          0   entry10a.o
         0          0          0          0          0          0   entry11a.o
         8          4          0          0          0          0   entry4.o
         4          0          0          0          0          0   entry5.o
         0          0          0          0          0          0   entry7b.o
         0          0          0          0          0          0   entry8b.o
         8          4          0          0          0          0   entry9a.o
        24          0          0          0          0         80   fputs.o
        30          0          0          0          0          0   handlers.o
        36          8          0          0          0         68   init.o
         0          0          0          0          0          0   iusefp.o
        30          0          0          0          0         68   llshl.o
        36          0          0          0          0         68   llsshr.o
        32          0          0          0          0         68   llushr.o
        40          0          0          0          0         76   memcpy.o
        36          0          0          0          0        108   memseta.o
      2258         90          0          0          0        452   printfa.o
         0          0          0          4          0          0   stderr.o
         0          0          0          4          0          0   stdout.o
        44          0          0          0          0         80   uidiv.o
        98          0          0          0          0         92   uldiv.o
        48          0          0          0          0         68   cdrcmple.o
       334          0          0          0          0        148   dadd.o
       222          0          0          0          0        100   ddiv.o
       186          0          0          0          0        176   depilogue.o
        48          0          0          0          0         68   dfixul.o
       228          0          0          0          0         96   dmul.o

    ----------------------------------------------------------------------
      4262        142          0          8          0       1816   Library Totals
         4          0          0          0          0          0   (incl. Padding)

    ----------------------------------------------------------------------

      Code (inc. data)   RO Data    RW Data    ZI Data      Debug   Library Name

       508         36          0          0          0          0   keil_lib_power_cm33_core0.lib
      2684        106          0          8          0       1160   mc_w.l
      1066          0          0          0          0        656   mf_w.l

    ----------------------------------------------------------------------
      4262        142          0          8          0       1816   Library Totals

    ----------------------------------------------------------------------

==============================================================================


      Code (inc. data)   RO Data    RW Data    ZI Data      Debug   

     36026        502       3030         44      25848     412189   Grand Totals
     36026        502       3030         44      25848     412189   ELF Image Totals
     36026        502       3030         44          0          0   ROM Totals

==============================================================================

    Total RO  Size (Code + RO Data)                39056 (  38.14kB)
    Total RW  Size (RW Data + ZI Data)             25892 (  25.29kB)
    Total ROM Size (Code + RO Data + RW Data)      39100 (  38.18kB)

==============================================================================

