Component: ARM Compiler 6.13.1 Tool: armlink [5d895400]

==============================================================================

Section Cross References

    main.o(.text.main) refers to clock_config.o(.text.BOARD_BootClockRUN) for BOARD_BootClockRUN
    main.o(.text.main) refers to pin_mux.o(.text.BOARD_InitPins) for BOARD_InitPins
    main.o(.text.main) refers to peripherals.o(.text.BOARD_InitPeripherals) for BOARD_InitPeripherals
    main.o(.text.main) refers to eventrecorder.o(.text.EventRecorderInitialize) for EventRecorderInitialize
    main.o(.text.main) refers to eventrecorder.o(.text.EventRecorderStart) for EventRecorderStart
    main.o(.text.main) refers to main.o(.rodata.str1.1) for .L.str
    main.o(.text.main) refers to printfa.o(i.__0printf) for printf
    main.o(.text.main) refers to main.o(.text.IOCON_PinMuxSet) for IOCON_PinMuxSet
    main.o(.text.main) refers to fsl_gpio.o(.text.GPIO_PinInit) for GPIO_PinInit
    main.o(.text.main) refers to led_app.o(.bss.LED_TaskHandle) for LED_TaskHandle
    main.o(.text.main) refers to led_app.o(.text.LED_AppTask) for LED_AppTask
    main.o(.text.main) refers to tasks.o(.text.xTaskCreate) for xTaskCreate
    main.o(.text.main) refers to tasks.o(.text.vTaskStartScheduler) for vTaskStartScheduler
    main.o(.text.main) refers to main.o(.text.GPIO_PortToggle) for GPIO_PortToggle
    main.o(.text.main) refers to fsl_common.o(.text.SDK_DelayAtLeastUs) for SDK_DelayAtLeastUs
    main.o(.ARM.exidx.text.main) refers to main.o(.text.main) for [Anonymous Symbol]
    main.o(.ARM.exidx.text.IOCON_PinMuxSet) refers to main.o(.text.IOCON_PinMuxSet) for [Anonymous Symbol]
    main.o(.ARM.exidx.text.GPIO_PortToggle) refers to main.o(.text.GPIO_PortToggle) for [Anonymous Symbol]
    main.o(.ARM.exidx.text.PINT0_CallBack) refers to main.o(.text.PINT0_CallBack) for [Anonymous Symbol]
    led_app.o(.text.LED_AppTask) refers to led_app.o(.text.GPIO_PortToggle) for GPIO_PortToggle
    led_app.o(.text.LED_AppTask) refers to led_app.o(.bss.flag_led_chk) for flag_led_chk
    led_app.o(.text.LED_AppTask) refers to tasks.o(.text.vTaskDelay) for vTaskDelay
    led_app.o(.text.LED_AppTask) refers to main.o(.bss.g_sys_para) for g_sys_para
    led_app.o(.text.LED_AppTask) refers to led_app.o(.text.GPIO_PinWrite) for GPIO_PinWrite
    led_app.o(.text.LED_AppTask) refers to led_app.o(.bss.sys_led_cnt) for sys_led_cnt
    led_app.o(.text.LED_AppTask) refers to led_app.o(.bss.bat_led_cnt) for bat_led_cnt
    led_app.o(.text.LED_AppTask) refers to led_app.o(.bss.ble_led_cnt) for ble_led_cnt
    led_app.o(.ARM.exidx.text.LED_AppTask) refers to led_app.o(.text.LED_AppTask) for [Anonymous Symbol]
    led_app.o(.ARM.exidx.text.GPIO_PortToggle) refers to led_app.o(.text.GPIO_PortToggle) for [Anonymous Symbol]
    led_app.o(.ARM.exidx.text.GPIO_PinWrite) refers to led_app.o(.text.GPIO_PinWrite) for [Anonymous Symbol]
    led_app.o(.text.LED_CheckSelf) refers to led_app.o(.bss.flag_led_chk) for flag_led_chk
    led_app.o(.text.LED_CheckSelf) refers to led_app.o(.text.GPIO_PinWrite) for GPIO_PinWrite
    led_app.o(.text.LED_CheckSelf) refers to tasks.o(.text.vTaskDelay) for vTaskDelay
    led_app.o(.ARM.exidx.text.LED_CheckSelf) refers to led_app.o(.text.LED_CheckSelf) for [Anonymous Symbol]
    adc_drv.o(.text.CTIMER_GetPwmPeriodValue) refers to adc_drv.o(.bss.g_pwmPeriod) for g_pwmPeriod
    adc_drv.o(.text.CTIMER_GetPwmPeriodValue) refers to adc_drv.o(.bss.g_pulsePeriod) for g_pulsePeriod
    adc_drv.o(.ARM.exidx.text.CTIMER_GetPwmPeriodValue) refers to adc_drv.o(.text.CTIMER_GetPwmPeriodValue) for [Anonymous Symbol]
    adc_drv.o(.text.ADC_PwmClkConfig) refers to adc_drv.o(.text.CTIMER_GetPwmPeriodValue) for CTIMER_GetPwmPeriodValue
    adc_drv.o(.text.ADC_PwmClkConfig) refers to adc_drv.o(.bss.g_pwmPeriod) for g_pwmPeriod
    adc_drv.o(.text.ADC_PwmClkConfig) refers to adc_drv.o(.bss.g_pulsePeriod) for g_pulsePeriod
    adc_drv.o(.text.ADC_PwmClkConfig) refers to fsl_ctimer.o(.text.CTIMER_SetupPwmPeriod) for CTIMER_SetupPwmPeriod
    adc_drv.o(.ARM.exidx.text.ADC_PwmClkConfig) refers to adc_drv.o(.text.ADC_PwmClkConfig) for [Anonymous Symbol]
    adc_drv.o(.text.ADC_PwmClkStart) refers to adc_drv.o(.text.CTIMER_StartTimer) for CTIMER_StartTimer
    adc_drv.o(.ARM.exidx.text.ADC_PwmClkStart) refers to adc_drv.o(.text.ADC_PwmClkStart) for [Anonymous Symbol]
    adc_drv.o(.ARM.exidx.text.CTIMER_StartTimer) refers to adc_drv.o(.text.CTIMER_StartTimer) for [Anonymous Symbol]
    adc_drv.o(.text.ADC_PwmClkStop) refers to adc_drv.o(.text.CTIMER_StopTimer) for CTIMER_StopTimer
    adc_drv.o(.ARM.exidx.text.ADC_PwmClkStop) refers to adc_drv.o(.text.ADC_PwmClkStop) for [Anonymous Symbol]
    adc_drv.o(.ARM.exidx.text.CTIMER_StopTimer) refers to adc_drv.o(.text.CTIMER_StopTimer) for [Anonymous Symbol]
    adc_drv.o(.text.Filter_PwmClkConfig) refers to adc_drv.o(.text.CTIMER_GetPwmPeriodValue) for CTIMER_GetPwmPeriodValue
[...]
    Removing event_groups.o(.ARM.exidx.text.prvTestWaitCondition), (8 bytes).
    Removing event_groups.o(.text.xEventGroupClearBits), (74 bytes).
    Removing event_groups.o(.ARM.exidx.text.xEventGroupClearBits), (8 bytes).
    Removing event_groups.o(.text.xEventGroupClearBitsFromISR), (34 bytes).
    Removing event_groups.o(.ARM.exidx.text.xEventGroupClearBitsFromISR), (8 bytes).
    Removing event_groups.o(.text.vEventGroupClearBitsCallback), (20 bytes).
    Removing event_groups.o(.ARM.exidx.text.vEventGroupClearBitsCallback), (8 bytes).
    Removing event_groups.o(.text.xEventGroupGetBitsFromISR), (34 bytes).
    Removing event_groups.o(.ARM.exidx.text.xEventGroupGetBitsFromISR), (8 bytes).
    Removing event_groups.o(.text.vEventGroupDelete), (80 bytes).
    Removing event_groups.o(.ARM.exidx.text.vEventGroupDelete), (8 bytes).
    Removing event_groups.o(.text.vEventGroupSetBitsCallback), (20 bytes).
    Removing event_groups.o(.ARM.exidx.text.vEventGroupSetBitsCallback), (8 bytes).
    Removing event_groups.o(.text.xEventGroupSetBitsFromISR), (36 bytes).
    Removing event_groups.o(.ARM.exidx.text.xEventGroupSetBitsFromISR), (8 bytes).
    Removing event_groups.o(.text.uxEventGroupGetNumber), (36 bytes).
    Removing event_groups.o(.ARM.exidx.text.uxEventGroupGetNumber), (8 bytes).
    Removing event_groups.o(.text.vEventGroupSetNumber), (16 bytes).
    Removing event_groups.o(.ARM.exidx.text.vEventGroupSetNumber), (8 bytes).
    Removing list.o(.text), (0 bytes).
    Removing list.o(.ARM.exidx.text.vListInitialise), (8 bytes).
    Removing list.o(.ARM.exidx.text.vListInitialiseItem), (8 bytes).
    Removing list.o(.ARM.exidx.text.vListInsertEnd), (8 bytes).
    Removing list.o(.ARM.exidx.text.vListInsert), (8 bytes).
    Removing list.o(.ARM.exidx.text.uxListRemove), (8 bytes).
    Removing queue.o(.text), (0 bytes).
    Removing queue.o(.ARM.exidx.text.xQueueGenericReset), (8 bytes).
    Removing queue.o(.ARM.exidx.text.xQueueGenericCreate), (8 bytes).
    Removing queue.o(.ARM.exidx.text.prvInitialiseNewQueue), (8 bytes).
    Removing queue.o(.text.xQueueCreateMutex), (46 bytes).
    Removing queue.o(.ARM.exidx.text.xQueueCreateMutex), (8 bytes).
    Removing queue.o(.text.prvInitialiseMutex), (48 bytes).
    Removing queue.o(.ARM.exidx.text.prvInitialiseMutex), (8 bytes).
    Removing queue.o(.text.xQueueGiveMutexRecursive), (96 bytes).
    Removing queue.o(.ARM.exidx.text.xQueueGiveMutexRecursive), (8 bytes).
    Removing queue.o(.ARM.exidx.text.xQueueGenericSend), (8 bytes).
    Removing queue.o(.text.xQueueTakeMutexRecursive), (96 bytes).
    Removing queue.o(.ARM.exidx.text.xQueueTakeMutexRecursive), (8 bytes).
    Removing queue.o(.text.xQueueSemaphoreTake), (498 bytes).
    Removing queue.o(.ARM.exidx.text.xQueueSemaphoreTake), (8 bytes).
    Removing queue.o(.text.xQueueCreateCountingSemaphore), (74 bytes).
    Removing queue.o(.ARM.exidx.text.xQueueCreateCountingSemaphore), (8 bytes).
    Removing queue.o(.ARM.exidx.text.prvCopyDataToQueue), (8 bytes).
    Removing queue.o(.ARM.exidx.text.prvIsQueueFull), (8 bytes).
    Removing queue.o(.ARM.exidx.text.prvUnlockQueue), (8 bytes).
    Removing queue.o(.ARM.exidx.text.xQueueGenericSendFromISR), (8 bytes).
    Removing queue.o(.text.xQueueGiveFromISR), (230 bytes).
    Removing queue.o(.ARM.exidx.text.xQueueGiveFromISR), (8 bytes).
    Removing queue.o(.ARM.exidx.text.xQueueReceive), (8 bytes).
    Removing queue.o(.ARM.exidx.text.prvCopyDataFromQueue), (8 bytes).
    Removing queue.o(.ARM.exidx.text.prvIsQueueEmpty), (8 bytes).
    Removing queue.o(.text.prvGetDisinheritPriorityAfterTimeout), (40 bytes).
    Removing queue.o(.ARM.exidx.text.prvGetDisinheritPriorityAfterTimeout), (8 bytes).
    Removing queue.o(.text.xQueuePeek), (430 bytes).
    Removing queue.o(.ARM.exidx.text.xQueuePeek), (8 bytes).
    Removing queue.o(.text.xQueueReceiveFromISR), (218 bytes).
    Removing queue.o(.ARM.exidx.text.xQueueReceiveFromISR), (8 bytes).
    Removing queue.o(.text.xQueuePeekFromISR), (144 bytes).
    Removing queue.o(.ARM.exidx.text.xQueuePeekFromISR), (8 bytes).
    Removing queue.o(.text.uxQueueMessagesWaiting), (40 bytes).
    Removing queue.o(.ARM.exidx.text.uxQueueMessagesWaiting), (8 bytes).
    Removing queue.o(.text.uxQueueSpacesAvailable), (48 bytes).
    Removing queue.o(.ARM.exidx.text.uxQueueSpacesAvailable), (8 bytes).
    Removing queue.o(.text.uxQueueMessagesWaitingFromISR), (34 bytes).
    Removing queue.o(.ARM.exidx.text.uxQueueMessagesWaitingFromISR), (8 bytes).
    Removing queue.o(.text.vQueueDelete), (40 bytes).
    Removing queue.o(.ARM.exidx.text.vQueueDelete), (8 bytes).
    Removing queue.o(.text.vQueueUnregisterQueue), (84 bytes).
    Removing queue.o(.ARM.exidx.text.vQueueUnregisterQueue), (8 bytes).
    Removing queue.o(.text.uxQueueGetQueueNumber), (12 bytes).
    Removing queue.o(.ARM.exidx.text.uxQueueGetQueueNumber), (8 bytes).
    Removing queue.o(.text.vQueueSetQueueNumber), (16 bytes).
    Removing queue.o(.ARM.exidx.text.vQueueSetQueueNumber), (8 bytes).
    Removing queue.o(.text.ucQueueGetQueueType), (14 bytes).
    Removing queue.o(.ARM.exidx.text.ucQueueGetQueueType), (8 bytes).
    Removing queue.o(.text.xQueueIsQueueEmptyFromISR), (50 bytes).
    Removing queue.o(.ARM.exidx.text.xQueueIsQueueEmptyFromISR), (8 bytes).
    Removing queue.o(.text.xQueueIsQueueFullFromISR), (54 bytes).
    Removing queue.o(.ARM.exidx.text.xQueueIsQueueFullFromISR), (8 bytes).
    Removing queue.o(.ARM.exidx.text.vQueueAddToRegistry), (8 bytes).
    Removing queue.o(.text.pcQueueGetName), (80 bytes).
    Removing queue.o(.ARM.exidx.text.pcQueueGetName), (8 bytes).
    Removing queue.o(.ARM.exidx.text.vQueueWaitForMessageRestricted), (8 bytes).
    Removing stream_buffer.o(.text), (0 bytes).
    Removing stream_buffer.o(.text.xStreamBufferGenericCreate), (150 bytes).
    Removing stream_buffer.o(.ARM.exidx.text.xStreamBufferGenericCreate), (8 bytes).
    Removing stream_buffer.o(.text.prvInitialiseNewStreamBuffer), (92 bytes).
    Removing stream_buffer.o(.ARM.exidx.text.prvInitialiseNewStreamBuffer), (8 bytes).
    Removing stream_buffer.o(.text.vStreamBufferDelete), (60 bytes).
    Removing stream_buffer.o(.ARM.exidx.text.vStreamBufferDelete), (8 bytes).
    Removing stream_buffer.o(.text.xStreamBufferReset), (104 bytes).
    Removing stream_buffer.o(.ARM.exidx.text.xStreamBufferReset), (8 bytes).
    Removing stream_buffer.o(.text.xStreamBufferSetTriggerLevel), (74 bytes).
    Removing stream_buffer.o(.ARM.exidx.text.xStreamBufferSetTriggerLevel), (8 bytes).
    Removing stream_buffer.o(.text.xStreamBufferSpacesAvailable), (80 bytes).
    Removing stream_buffer.o(.ARM.exidx.text.xStreamBufferSpacesAvailable), (8 bytes).
    Removing stream_buffer.o(.text.xStreamBufferBytesAvailable), (38 bytes).
    Removing stream_buffer.o(.ARM.exidx.text.xStreamBufferBytesAvailable), (8 bytes).
    Removing stream_buffer.o(.text.prvBytesInBuffer), (56 bytes).
    Removing stream_buffer.o(.ARM.exidx.text.prvBytesInBuffer), (8 bytes).
    Removing stream_buffer.o(.text.xStreamBufferSend), (334 bytes).
    Removing stream_buffer.o(.ARM.exidx.text.xStreamBufferSend), (8 bytes).
    Removing stream_buffer.o(.text.prvWriteMessageToBuffer), (144 bytes).
    Removing stream_buffer.o(.ARM.exidx.text.prvWriteMessageToBuffer), (8 bytes).
    Removing stream_buffer.o(.text.xStreamBufferSendFromISR), (192 bytes).
    Removing stream_buffer.o(.ARM.exidx.text.xStreamBufferSendFromISR), (8 bytes).
    Removing stream_buffer.o(.text.xStreamBufferReceive), (296 bytes).
    Removing stream_buffer.o(.ARM.exidx.text.xStreamBufferReceive), (8 bytes).
    Removing stream_buffer.o(.text.prvReadMessageFromBuffer), (106 bytes).
    Removing stream_buffer.o(.ARM.exidx.text.prvReadMessageFromBuffer), (8 bytes).
    Removing stream_buffer.o(.text.xStreamBufferNextMessageLengthBytes), (116 bytes).
    Removing stream_buffer.o(.ARM.exidx.text.xStreamBufferNextMessageLengthBytes), (8 bytes).
    Removing stream_buffer.o(.text.prvReadBytesFromBuffer), (246 bytes).
    Removing stream_buffer.o(.ARM.exidx.text.prvReadBytesFromBuffer), (8 bytes).
    Removing stream_buffer.o(.text.xStreamBufferReceiveFromISR), (188 bytes).
    Removing stream_buffer.o(.ARM.exidx.text.xStreamBufferReceiveFromISR), (8 bytes).
    Removing stream_buffer.o(.text.xStreamBufferIsEmpty), (58 bytes).
    Removing stream_buffer.o(.ARM.exidx.text.xStreamBufferIsEmpty), (8 bytes).
    Removing stream_buffer.o(.text.xStreamBufferIsFull), (80 bytes).
    Removing stream_buffer.o(.ARM.exidx.text.xStreamBufferIsFull), (8 bytes).
    Removing stream_buffer.o(.text.xStreamBufferSendCompletedFromISR), (94 bytes).
    Removing stream_buffer.o(.ARM.exidx.text.xStreamBufferSendCompletedFromISR), (8 bytes).
    Removing stream_buffer.o(.text.xStreamBufferReceiveCompletedFromISR), (94 bytes).
    Removing stream_buffer.o(.ARM.exidx.text.xStreamBufferReceiveCompletedFromISR), (8 bytes).
    Removing stream_buffer.o(.text.uxStreamBufferGetStreamBufferNumber), (12 bytes).
    Removing stream_buffer.o(.ARM.exidx.text.uxStreamBufferGetStreamBufferNumber), (8 bytes).
    Removing stream_buffer.o(.text.vStreamBufferSetStreamBufferNumber), (16 bytes).
    Removing stream_buffer.o(.ARM.exidx.text.vStreamBufferSetStreamBufferNumber), (8 bytes).
    Removing stream_buffer.o(.text.ucStreamBufferGetStreamBufferType), (16 bytes).
    Removing stream_buffer.o(.ARM.exidx.text.ucStreamBufferGetStreamBufferType), (8 bytes).
    Removing stream_buffer.o(.text.prvWriteBytesToBuffer), (206 bytes).
    Removing stream_buffer.o(.ARM.exidx.text.prvWriteBytesToBuffer), (8 bytes).
    Removing tasks.o(.text), (0 bytes).
    Removing tasks.o(.ARM.exidx.text.xTaskCreate), (8 bytes).
    Removing tasks.o(.ARM.exidx.text.prvInitialiseNewTask), (8 bytes).
    Removing tasks.o(.ARM.exidx.text.prvAddNewTaskToReadyList), (8 bytes).
    Removing tasks.o(.text.vTaskDelete), (246 bytes).
    Removing tasks.o(.ARM.exidx.text.vTaskDelete), (8 bytes).
    Removing tasks.o(.ARM.exidx.text.prvDeleteTCB), (8 bytes).
    Removing tasks.o(.ARM.exidx.text.prvResetNextTaskUnblockTime), (8 bytes).
    Removing tasks.o(.text.vTaskDelayUntil), (220 bytes).
    Removing tasks.o(.ARM.exidx.text.vTaskDelayUntil), (8 bytes).
    Removing tasks.o(.ARM.exidx.text.vTaskSuspendAll), (8 bytes).
    Removing tasks.o(.ARM.exidx.text.prvAddCurrentTaskToDelayedList), (8 bytes).
    Removing tasks.o(.ARM.exidx.text.xTaskResumeAll), (8 bytes).
    Removing tasks.o(.ARM.exidx.text.vTaskDelay), (8 bytes).
    Removing tasks.o(.text.eTaskGetState), (236 bytes).
    Removing tasks.o(.ARM.exidx.text.eTaskGetState), (8 bytes).
    Removing tasks.o(.text.uxTaskPriorityGet), (58 bytes).
    Removing tasks.o(.ARM.exidx.text.uxTaskPriorityGet), (8 bytes).
    Removing tasks.o(.text.uxTaskPriorityGetFromISR), (62 bytes).
    Removing tasks.o(.ARM.exidx.text.uxTaskPriorityGetFromISR), (8 bytes).
    Removing tasks.o(.text.vTaskPrioritySet), (390 bytes).
    Removing tasks.o(.ARM.exidx.text.vTaskPrioritySet), (8 bytes).
    Removing tasks.o(.text.vTaskSuspend), (274 bytes).
    Removing tasks.o(.ARM.exidx.text.vTaskSuspend), (8 bytes).
    Removing tasks.o(.ARM.exidx.text.vTaskSwitchContext), (8 bytes).
    Removing tasks.o(.text.vTaskResume), (188 bytes).
    Removing tasks.o(.ARM.exidx.text.vTaskResume), (8 bytes).
    Removing tasks.o(.text.prvTaskIsTaskSuspended), (94 bytes).
    Removing tasks.o(.ARM.exidx.text.prvTaskIsTaskSuspended), (8 bytes).
    Removing tasks.o(.text.xTaskResumeFromISR), (206 bytes).
    Removing tasks.o(.ARM.exidx.text.xTaskResumeFromISR), (8 bytes).
    Removing tasks.o(.ARM.exidx.text.vTaskStartScheduler), (8 bytes).
    Removing tasks.o(.ARM.exidx.text.prvIdleTask), (8 bytes).
    Removing tasks.o(.text.vTaskEndScheduler), (22 bytes).
    Removing tasks.o(.ARM.exidx.text.vTaskEndScheduler), (8 bytes).
    Removing tasks.o(.ARM.exidx.text.xTaskIncrementTick), (8 bytes).
    Removing tasks.o(.ARM.exidx.text.xTaskGetTickCount), (8 bytes).
    Removing tasks.o(.text.xTaskGetTickCountFromISR), (24 bytes).
    Removing tasks.o(.ARM.exidx.text.xTaskGetTickCountFromISR), (8 bytes).
    Removing tasks.o(.text.uxTaskGetNumberOfTasks), (12 bytes).
    Removing tasks.o(.ARM.exidx.text.uxTaskGetNumberOfTasks), (8 bytes).
    Removing tasks.o(.text.pcTaskGetName), (58 bytes).
    Removing tasks.o(.ARM.exidx.text.pcTaskGetName), (8 bytes).
    Removing tasks.o(.text.uxTaskGetSystemState), (268 bytes).
    Removing tasks.o(.ARM.exidx.text.uxTaskGetSystemState), (8 bytes).
    Removing tasks.o(.text.prvListTasksWithinSingleList), (166 bytes).
    Removing tasks.o(.ARM.exidx.text.prvListTasksWithinSingleList), (8 bytes).
    Removing tasks.o(.ARM.exidx.text.vTaskPlaceOnEventList), (8 bytes).
    Removing tasks.o(.text.vTaskPlaceOnUnorderedEventList), (86 bytes).
    Removing tasks.o(.ARM.exidx.text.vTaskPlaceOnUnorderedEventList), (8 bytes).
    Removing tasks.o(.ARM.exidx.text.vTaskPlaceOnEventListRestricted), (8 bytes).
    Removing tasks.o(.ARM.exidx.text.xTaskRemoveFromEventList), (8 bytes).
    Removing tasks.o(.text.vTaskRemoveFromUnorderedEventList), (186 bytes).
    Removing tasks.o(.ARM.exidx.text.vTaskRemoveFromUnorderedEventList), (8 bytes).
    Removing tasks.o(.text.vTaskSetTimeOutState), (60 bytes).
    Removing tasks.o(.ARM.exidx.text.vTaskSetTimeOutState), (8 bytes).
    Removing tasks.o(.ARM.exidx.text.vTaskInternalSetTimeOutState), (8 bytes).
    Removing tasks.o(.ARM.exidx.text.xTaskCheckForTimeOut), (8 bytes).
    Removing tasks.o(.ARM.exidx.text.vTaskMissedYield), (8 bytes).
    Removing tasks.o(.text.uxTaskGetTaskNumber), (36 bytes).
    Removing tasks.o(.ARM.exidx.text.uxTaskGetTaskNumber), (8 bytes).
    Removing tasks.o(.text.vTaskSetTaskNumber), (30 bytes).
    Removing tasks.o(.ARM.exidx.text.vTaskSetTaskNumber), (8 bytes).
    Removing tasks.o(.text.vTaskSetThreadLocalStoragePointer), (66 bytes).
    Removing tasks.o(.ARM.exidx.text.vTaskSetThreadLocalStoragePointer), (8 bytes).
    Removing tasks.o(.text.pvTaskGetThreadLocalStoragePointer), (76 bytes).
    Removing tasks.o(.ARM.exidx.text.pvTaskGetThreadLocalStoragePointer), (8 bytes).
    Removing tasks.o(.text.vTaskGetInfo), (232 bytes).
    Removing tasks.o(.ARM.exidx.text.vTaskGetInfo), (8 bytes).
    Removing tasks.o(.text.prvTaskCheckFreeStackSpace), (48 bytes).
    Removing tasks.o(.ARM.exidx.text.prvTaskCheckFreeStackSpace), (8 bytes).
    Removing tasks.o(.text.xTaskGetCurrentTaskHandle), (20 bytes).
    Removing tasks.o(.ARM.exidx.text.xTaskGetCurrentTaskHandle), (8 bytes).
    Removing tasks.o(.ARM.exidx.text.xTaskGetSchedulerState), (8 bytes).
    Removing tasks.o(.text.xTaskPriorityInherit), (278 bytes).
    Removing tasks.o(.ARM.exidx.text.xTaskPriorityInherit), (8 bytes).
    Removing tasks.o(.ARM.exidx.text.xTaskPriorityDisinherit), (8 bytes).
    Removing tasks.o(.text.vTaskPriorityDisinheritAfterTimeout), (286 bytes).
    Removing tasks.o(.ARM.exidx.text.vTaskPriorityDisinheritAfterTimeout), (8 bytes).
    Removing tasks.o(.text.uxTaskResetEventItemValue), (34 bytes).
    Removing tasks.o(.ARM.exidx.text.uxTaskResetEventItemValue), (8 bytes).
    Removing tasks.o(.text.pvTaskIncrementMutexHeldCount), (46 bytes).
    Removing tasks.o(.ARM.exidx.text.pvTaskIncrementMutexHeldCount), (8 bytes).
    Removing tasks.o(.text.ulTaskNotifyTake), (176 bytes).
    Removing tasks.o(.ARM.exidx.text.ulTaskNotifyTake), (8 bytes).
    Removing tasks.o(.text.xTaskNotifyWait), (204 bytes).
    Removing tasks.o(.ARM.exidx.text.xTaskNotifyWait), (8 bytes).
    Removing tasks.o(.ARM.exidx.text.xTaskGenericNotify), (8 bytes).
    Removing tasks.o(.text.xTaskGenericNotifyFromISR), (394 bytes).
    Removing tasks.o(.ARM.exidx.text.xTaskGenericNotifyFromISR), (8 bytes).
    Removing tasks.o(.text.vTaskNotifyGiveFromISR), (264 bytes).
    Removing tasks.o(.ARM.exidx.text.vTaskNotifyGiveFromISR), (8 bytes).
    Removing tasks.o(.text.xTaskNotifyStateClear), (84 bytes).
    Removing tasks.o(.ARM.exidx.text.xTaskNotifyStateClear), (8 bytes).
    Removing tasks.o(.ARM.exidx.text.prvInitialiseTaskLists), (8 bytes).
    Removing tasks.o(.ARM.exidx.text.prvCheckTasksWaitingTermination), (8 bytes).
    Removing timers.o(.text), (0 bytes).
    Removing timers.o(.ARM.exidx.text.xTimerCreateTimerTask), (8 bytes).
    Removing timers.o(.ARM.exidx.text.prvCheckForValidListAndQueue), (8 bytes).
    Removing timers.o(.ARM.exidx.text.prvTimerTask), (8 bytes).
    Removing timers.o(.text.xTimerCreate), (82 bytes).
    Removing timers.o(.ARM.exidx.text.xTimerCreate), (8 bytes).
    Removing timers.o(.text.prvInitialiseNewTimer), (108 bytes).
    Removing timers.o(.ARM.exidx.text.prvInitialiseNewTimer), (8 bytes).
    Removing timers.o(.ARM.exidx.text.xTimerGenericCommand), (8 bytes).
    Removing timers.o(.text.xTimerGetTimerDaemonTaskHandle), (34 bytes).
    Removing timers.o(.ARM.exidx.text.xTimerGetTimerDaemonTaskHandle), (8 bytes).
    Removing timers.o(.text.xTimerGetPeriod), (30 bytes).
    Removing timers.o(.ARM.exidx.text.xTimerGetPeriod), (8 bytes).
    Removing timers.o(.text.vTimerSetReloadMode), (78 bytes).
    Removing timers.o(.ARM.exidx.text.vTimerSetReloadMode), (8 bytes).
    Removing timers.o(.text.xTimerGetExpiryTime), (34 bytes).
    Removing timers.o(.ARM.exidx.text.xTimerGetExpiryTime), (8 bytes).
    Removing timers.o(.text.pcTimerGetName), (30 bytes).
    Removing timers.o(.ARM.exidx.text.pcTimerGetName), (8 bytes).
    Removing timers.o(.text.xTimerIsTimerActive), (64 bytes).
    Removing timers.o(.ARM.exidx.text.xTimerIsTimerActive), (8 bytes).
    Removing timers.o(.text.pvTimerGetTimerID), (44 bytes).
    Removing timers.o(.ARM.exidx.text.pvTimerGetTimerID), (8 bytes).
    Removing timers.o(.text.vTimerSetTimerID), (44 bytes).
    Removing timers.o(.ARM.exidx.text.vTimerSetTimerID), (8 bytes).
    Removing timers.o(.text.xTimerPendFunctionCallFromISR), (58 bytes).
    Removing timers.o(.ARM.exidx.text.xTimerPendFunctionCallFromISR), (8 bytes).
    Removing timers.o(.text.xTimerPendFunctionCall), (80 bytes).
    Removing timers.o(.ARM.exidx.text.xTimerPendFunctionCall), (8 bytes).
    Removing timers.o(.text.uxTimerGetTimerNumber), (12 bytes).
    Removing timers.o(.ARM.exidx.text.uxTimerGetTimerNumber), (8 bytes).
    Removing timers.o(.text.vTimerSetTimerNumber), (16 bytes).
    Removing timers.o(.ARM.exidx.text.vTimerSetTimerNumber), (8 bytes).
    Removing timers.o(.ARM.exidx.text.prvGetNextExpireTime), (8 bytes).
    Removing timers.o(.ARM.exidx.text.prvProcessTimerOrBlockTask), (8 bytes).
    Removing timers.o(.ARM.exidx.text.prvProcessReceivedCommands), (8 bytes).
    Removing timers.o(.ARM.exidx.text.prvSampleTimeNow), (8 bytes).
    Removing timers.o(.ARM.exidx.text.prvProcessExpiredTimer), (8 bytes).
    Removing timers.o(.ARM.exidx.text.prvSwitchTimerLists), (8 bytes).
    Removing timers.o(.ARM.exidx.text.prvInsertTimerInActiveList), (8 bytes).
    Removing heap_4.o(.text), (0 bytes).
    Removing heap_4.o(.ARM.exidx.text.pvPortMalloc), (8 bytes).
    Removing heap_4.o(.ARM.exidx.text.prvHeapInit), (8 bytes).
    Removing heap_4.o(.ARM.exidx.text.prvInsertBlockIntoFreeList), (8 bytes).
    Removing heap_4.o(.ARM.exidx.text.vPortFree), (8 bytes).
    Removing heap_4.o(.text.xPortGetFreeHeapSize), (12 bytes).
    Removing heap_4.o(.ARM.exidx.text.xPortGetFreeHeapSize), (8 bytes).
    Removing heap_4.o(.text.xPortGetMinimumEverFreeHeapSize), (12 bytes).
    Removing heap_4.o(.ARM.exidx.text.xPortGetMinimumEverFreeHeapSize), (8 bytes).
    Removing heap_4.o(.text.vPortInitialiseBlocks), (2 bytes).
    Removing heap_4.o(.ARM.exidx.text.vPortInitialiseBlocks), (8 bytes).
    Removing port.o(.text), (0 bytes).
    Removing port.o(.ARM.exidx.text.vPortSetupTimerInterrupt), (8 bytes).
    Removing port.o(.ARM.exidx.text.vPortYield), (8 bytes).
    Removing port.o(.ARM.exidx.text.vPortEnterCritical), (8 bytes).
    Removing port.o(.ARM.exidx.text.vPortExitCritical), (8 bytes).
    Removing port.o(.ARM.exidx.text.SysTick_Handler), (8 bytes).
    Removing port.o(.ARM.exidx.text.vPortSVCHandler_C), (8 bytes).
    Removing port.o(.ARM.exidx.text.pxPortInitialiseStack), (8 bytes).
    Removing port.o(.ARM.exidx.text.prvTaskExitError), (8 bytes).
    Removing port.o(.ARM.exidx.text.xPortStartScheduler), (8 bytes).
    Removing port.o(.text.vPortEndScheduler), (26 bytes).
    Removing port.o(.ARM.exidx.text.vPortEndScheduler), (8 bytes).
    Removing portasm.o(.text), (0 bytes).
    Removing portasm.o(.ARM.exidx.text.vRestoreContextOfFirstTask), (8 bytes).
    Removing portasm.o(.text.xIsPrivileged), (16 bytes).
    Removing portasm.o(.ARM.exidx.text.xIsPrivileged), (8 bytes).
    Removing portasm.o(.text.vRaisePrivilege), (14 bytes).
    Removing portasm.o(.ARM.exidx.text.vRaisePrivilege), (8 bytes).
    Removing portasm.o(.text.vResetPrivilege), (14 bytes).
    Removing portasm.o(.ARM.exidx.text.vResetPrivilege), (8 bytes).
    Removing portasm.o(.ARM.exidx.text.vStartFirstTask), (8 bytes).
    Removing portasm.o(.ARM.exidx.text.ulSetInterruptMaskFromISR), (8 bytes).
    Removing portasm.o(.ARM.exidx.text.vClearInterruptMaskFromISR), (8 bytes).
    Removing portasm.o(.ARM.exidx.text.PendSV_Handler), (8 bytes).
    Removing portasm.o(.ARM.exidx.text.SVC_Handler), (8 bytes).
    Removing cjson.o(.text), (0 bytes).
    Removing cjson.o(.text.cJSON_GetErrorPtr), (16 bytes).
    Removing cjson.o(.ARM.exidx.text.cJSON_GetErrorPtr), (8 bytes).
    Removing cjson.o(.text.cJSON_GetStringValue), (38 bytes).
    Removing cjson.o(.ARM.exidx.text.cJSON_GetStringValue), (8 bytes).
    Removing cjson.o(.text.cJSON_IsString), (40 bytes).
    Removing cjson.o(.ARM.exidx.text.cJSON_IsString), (8 bytes).
    Removing cjson.o(.text.cJSON_Version), (46 bytes).
    Removing cjson.o(.ARM.exidx.text.cJSON_Version), (8 bytes).
    Removing cjson.o(.text.cJSON_InitHooks), (216 bytes).
    Removing cjson.o(.ARM.exidx.text.cJSON_InitHooks), (8 bytes).
    Removing cjson.o(.text.cJSON_Delete), (180 bytes).
    Removing cjson.o(.ARM.exidx.text.cJSON_Delete), (8 bytes).
    Removing cjson.o(.text.cJSON_SetNumberHelper), (128 bytes).
    Removing cjson.o(.ARM.exidx.text.cJSON_SetNumberHelper), (8 bytes).
    Removing cjson.o(.text.cJSON_ParseWithOpts), (322 bytes).
    Removing cjson.o(.ARM.exidx.text.cJSON_ParseWithOpts), (8 bytes).
    Removing cjson.o(.text.cJSON_New_Item), (48 bytes).
    Removing cjson.o(.ARM.exidx.text.cJSON_New_Item), (8 bytes).
    Removing cjson.o(.text.parse_value), (468 bytes).
    Removing cjson.o(.ARM.exidx.text.parse_value), (8 bytes).
    Removing cjson.o(.text.buffer_skip_whitespace), (132 bytes).
    Removing cjson.o(.ARM.exidx.text.buffer_skip_whitespace), (8 bytes).
    Removing cjson.o(.text.skip_utf8_bom), (112 bytes).
    Removing cjson.o(.ARM.exidx.text.skip_utf8_bom), (8 bytes).
    Removing cjson.o(.text.cJSON_Parse), (22 bytes).
    Removing cjson.o(.ARM.exidx.text.cJSON_Parse), (8 bytes).
    Removing cjson.o(.text.cJSON_Print), (26 bytes).
    Removing cjson.o(.ARM.exidx.text.cJSON_Print), (8 bytes).
    Removing cjson.o(.text.print), (314 bytes).
    Removing cjson.o(.ARM.exidx.text.print), (8 bytes).
    Removing cjson.o(.text.cJSON_PrintUnformatted), (26 bytes).
    Removing cjson.o(.ARM.exidx.text.cJSON_PrintUnformatted), (8 bytes).
    Removing cjson.o(.text.cJSON_PrintBuffered), (156 bytes).
    Removing cjson.o(.ARM.exidx.text.cJSON_PrintBuffered), (8 bytes).
    Removing cjson.o(.text.print_value), (370 bytes).
    Removing cjson.o(.ARM.exidx.text.print_value), (8 bytes).
    Removing cjson.o(.text.cJSON_PrintPreallocated), (100 bytes).
    Removing cjson.o(.ARM.exidx.text.cJSON_PrintPreallocated), (8 bytes).
    Removing cjson.o(.text.cJSON_GetArraySize), (66 bytes).
    Removing cjson.o(.ARM.exidx.text.cJSON_GetArraySize), (8 bytes).
    Removing cjson.o(.text.cJSON_GetArrayItem), (42 bytes).
    Removing cjson.o(.ARM.exidx.text.cJSON_GetArrayItem), (8 bytes).
    Removing cjson.o(.text.get_array_item), (92 bytes).
    Removing cjson.o(.ARM.exidx.text.get_array_item), (8 bytes).
    Removing cjson.o(.text.cJSON_GetObjectItem), (22 bytes).
    Removing cjson.o(.ARM.exidx.text.cJSON_GetObjectItem), (8 bytes).
    Removing cjson.o(.text.get_object_item), (170 bytes).
    Removing cjson.o(.ARM.exidx.text.get_object_item), (8 bytes).
    Removing cjson.o(.text.cJSON_GetObjectItemCaseSensitive), (22 bytes).
    Removing cjson.o(.ARM.exidx.text.cJSON_GetObjectItemCaseSensitive), (8 bytes).
    Removing cjson.o(.text.cJSON_HasObjectItem), (26 bytes).
    Removing cjson.o(.ARM.exidx.text.cJSON_HasObjectItem), (8 bytes).
    Removing cjson.o(.text.cJSON_AddItemToArray), (20 bytes).
    Removing cjson.o(.ARM.exidx.text.cJSON_AddItemToArray), (8 bytes).
    Removing cjson.o(.text.add_item_to_array), (98 bytes).
    Removing cjson.o(.ARM.exidx.text.add_item_to_array), (8 bytes).
    Removing cjson.o(.text.cJSON_AddItemToObject), (42 bytes).
    Removing cjson.o(.ARM.exidx.text.cJSON_AddItemToObject), (8 bytes).
    Removing cjson.o(.text.add_item_to_object), (186 bytes).
    Removing cjson.o(.ARM.exidx.text.add_item_to_object), (8 bytes).
    Removing cjson.o(.text.cJSON_AddItemToObjectCS), (42 bytes).
    Removing cjson.o(.ARM.exidx.text.cJSON_AddItemToObjectCS), (8 bytes).
    Removing cjson.o(.text.cJSON_AddItemReferenceToArray), (58 bytes).
    Removing cjson.o(.ARM.exidx.text.cJSON_AddItemReferenceToArray), (8 bytes).
    Removing cjson.o(.text.create_reference), (94 bytes).
    Removing cjson.o(.ARM.exidx.text.create_reference), (8 bytes).
    Removing cjson.o(.text.cJSON_AddItemReferenceToObject), (84 bytes).
    Removing cjson.o(.ARM.exidx.text.cJSON_AddItemReferenceToObject), (8 bytes).
    Removing cjson.o(.text.cJSON_AddNullToObject), (72 bytes).
    Removing cjson.o(.ARM.exidx.text.cJSON_AddNullToObject), (8 bytes).
    Removing cjson.o(.text.cJSON_CreateNull), (40 bytes).
    Removing cjson.o(.ARM.exidx.text.cJSON_CreateNull), (8 bytes).
    Removing cjson.o(.text.cJSON_AddTrueToObject), (72 bytes).
    Removing cjson.o(.ARM.exidx.text.cJSON_AddTrueToObject), (8 bytes).
    Removing cjson.o(.text.cJSON_CreateTrue), (40 bytes).
    Removing cjson.o(.ARM.exidx.text.cJSON_CreateTrue), (8 bytes).
    Removing cjson.o(.text.cJSON_AddFalseToObject), (72 bytes).
    Removing cjson.o(.ARM.exidx.text.cJSON_AddFalseToObject), (8 bytes).
    Removing cjson.o(.text.cJSON_CreateFalse), (40 bytes).
    Removing cjson.o(.ARM.exidx.text.cJSON_CreateFalse), (8 bytes).
    Removing cjson.o(.text.cJSON_AddBoolToObject), (76 bytes).
    Removing cjson.o(.ARM.exidx.text.cJSON_AddBoolToObject), (8 bytes).
    Removing cjson.o(.text.cJSON_CreateBool), (50 bytes).
    Removing cjson.o(.ARM.exidx.text.cJSON_CreateBool), (8 bytes).
    Removing cjson.o(.text.cJSON_AddNumberToObject), (80 bytes).
    Removing cjson.o(.ARM.exidx.text.cJSON_AddNumberToObject), (8 bytes).
    Removing cjson.o(.text.cJSON_CreateNumber), (148 bytes).
    Removing cjson.o(.ARM.exidx.text.cJSON_CreateNumber), (8 bytes).
    Removing cjson.o(.text.cJSON_AddStringToObject), (76 bytes).
    Removing cjson.o(.ARM.exidx.text.cJSON_AddStringToObject), (8 bytes).
    Removing cjson.o(.text.cJSON_CreateString), (88 bytes).
    Removing cjson.o(.ARM.exidx.text.cJSON_CreateString), (8 bytes).
    Removing cjson.o(.text.cJSON_AddRawToObject), (76 bytes).
    Removing cjson.o(.ARM.exidx.text.cJSON_AddRawToObject), (8 bytes).
    Removing cjson.o(.text.cJSON_CreateRaw), (88 bytes).
    Removing cjson.o(.ARM.exidx.text.cJSON_CreateRaw), (8 bytes).
    Removing cjson.o(.text.cJSON_AddObjectToObject), (72 bytes).
    Removing cjson.o(.ARM.exidx.text.cJSON_AddObjectToObject), (8 bytes).
    Removing cjson.o(.text.cJSON_CreateObject), (40 bytes).
    Removing cjson.o(.ARM.exidx.text.cJSON_CreateObject), (8 bytes).
    Removing cjson.o(.text.cJSON_AddArrayToObject), (72 bytes).
    Removing cjson.o(.ARM.exidx.text.cJSON_AddArrayToObject), (8 bytes).
    Removing cjson.o(.text.cJSON_CreateArray), (40 bytes).
    Removing cjson.o(.ARM.exidx.text.cJSON_CreateArray), (8 bytes).
    Removing cjson.o(.text.cJSON_DetachItemViaPointer), (112 bytes).
    Removing cjson.o(.ARM.exidx.text.cJSON_DetachItemViaPointer), (8 bytes).
    Removing cjson.o(.text.cJSON_DetachItemFromArray), (56 bytes).
    Removing cjson.o(.ARM.exidx.text.cJSON_DetachItemFromArray), (8 bytes).
    Removing cjson.o(.text.cJSON_DeleteItemFromArray), (24 bytes).
    Removing cjson.o(.ARM.exidx.text.cJSON_DeleteItemFromArray), (8 bytes).
    Removing cjson.o(.text.cJSON_DetachItemFromObject), (30 bytes).
    Removing cjson.o(.ARM.exidx.text.cJSON_DetachItemFromObject), (8 bytes).
    Removing cjson.o(.text.cJSON_DetachItemFromObjectCaseSensitive), (30 bytes).
    Removing cjson.o(.ARM.exidx.text.cJSON_DetachItemFromObjectCaseSensitive), (8 bytes).
    Removing cjson.o(.text.cJSON_DeleteItemFromObject), (24 bytes).
    Removing cjson.o(.ARM.exidx.text.cJSON_DeleteItemFromObject), (8 bytes).
    Removing cjson.o(.text.cJSON_DeleteItemFromObjectCaseSensitive), (24 bytes).
    Removing cjson.o(.ARM.exidx.text.cJSON_DeleteItemFromObjectCaseSensitive), (8 bytes).
    Removing cjson.o(.text.cJSON_InsertItemInArray), (106 bytes).
    Removing cjson.o(.ARM.exidx.text.cJSON_InsertItemInArray), (8 bytes).
    Removing cjson.o(.text.cJSON_ReplaceItemViaPointer), (156 bytes).
    Removing cjson.o(.ARM.exidx.text.cJSON_ReplaceItemViaPointer), (8 bytes).
    Removing cjson.o(.text.cJSON_ReplaceItemInArray), (52 bytes).
    Removing cjson.o(.ARM.exidx.text.cJSON_ReplaceItemInArray), (8 bytes).
    Removing cjson.o(.text.cJSON_ReplaceItemInObject), (26 bytes).
    Removing cjson.o(.ARM.exidx.text.cJSON_ReplaceItemInObject), (8 bytes).
    Removing cjson.o(.text.replace_item_in_object), (132 bytes).
    Removing cjson.o(.ARM.exidx.text.replace_item_in_object), (8 bytes).
    Removing cjson.o(.text.cJSON_ReplaceItemInObjectCaseSensitive), (26 bytes).
    Removing cjson.o(.ARM.exidx.text.cJSON_ReplaceItemInObjectCaseSensitive), (8 bytes).
    Removing cjson.o(.text.cJSON_strdup), (90 bytes).
    Removing cjson.o(.ARM.exidx.text.cJSON_strdup), (8 bytes).
    Removing cjson.o(.text.cJSON_CreateStringReference), (54 bytes).
    Removing cjson.o(.ARM.exidx.text.cJSON_CreateStringReference), (8 bytes).
    Removing cjson.o(.text.cast_away_const), (10 bytes).
    Removing cjson.o(.ARM.exidx.text.cast_away_const), (8 bytes).
    Removing cjson.o(.text.cJSON_CreateObjectReference), (54 bytes).
    Removing cjson.o(.ARM.exidx.text.cJSON_CreateObjectReference), (8 bytes).
    Removing cjson.o(.text.cJSON_CreateArrayReference), (54 bytes).
    Removing cjson.o(.ARM.exidx.text.cJSON_CreateArrayReference), (8 bytes).
    Removing cjson.o(.text.cJSON_CreateIntArray), (184 bytes).
    Removing cjson.o(.ARM.exidx.text.cJSON_CreateIntArray), (8 bytes).
    Removing cjson.o(.text.suffix_object), (22 bytes).
    Removing cjson.o(.ARM.exidx.text.suffix_object), (8 bytes).
    Removing cjson.o(.text.cJSON_CreateFloatArray), (180 bytes).
    Removing cjson.o(.ARM.exidx.text.cJSON_CreateFloatArray), (8 bytes).
    Removing cjson.o(.text.cJSON_CreateDoubleArray), (192 bytes).
    Removing cjson.o(.ARM.exidx.text.cJSON_CreateDoubleArray), (8 bytes).
    Removing cjson.o(.text.cJSON_CreateStringArray), (176 bytes).
    Removing cjson.o(.ARM.exidx.text.cJSON_CreateStringArray), (8 bytes).
    Removing cjson.o(.text.cJSON_Duplicate), (328 bytes).
    Removing cjson.o(.ARM.exidx.text.cJSON_Duplicate), (8 bytes).
    Removing cjson.o(.text.cJSON_Minify), (450 bytes).
    Removing cjson.o(.ARM.exidx.text.cJSON_Minify), (8 bytes).
    Removing cjson.o(.text.cJSON_IsInvalid), (38 bytes).
    Removing cjson.o(.ARM.exidx.text.cJSON_IsInvalid), (8 bytes).
    Removing cjson.o(.text.cJSON_IsFalse), (40 bytes).
    Removing cjson.o(.ARM.exidx.text.cJSON_IsFalse), (8 bytes).
    Removing cjson.o(.text.cJSON_IsTrue), (40 bytes).
    Removing cjson.o(.ARM.exidx.text.cJSON_IsTrue), (8 bytes).
    Removing cjson.o(.text.cJSON_IsBool), (42 bytes).
    Removing cjson.o(.ARM.exidx.text.cJSON_IsBool), (8 bytes).
    Removing cjson.o(.text.cJSON_IsNull), (40 bytes).
    Removing cjson.o(.ARM.exidx.text.cJSON_IsNull), (8 bytes).
    Removing cjson.o(.text.cJSON_IsNumber), (40 bytes).
    Removing cjson.o(.ARM.exidx.text.cJSON_IsNumber), (8 bytes).
    Removing cjson.o(.text.cJSON_IsArray), (40 bytes).
    Removing cjson.o(.ARM.exidx.text.cJSON_IsArray), (8 bytes).
    Removing cjson.o(.text.cJSON_IsObject), (40 bytes).
    Removing cjson.o(.ARM.exidx.text.cJSON_IsObject), (8 bytes).
    Removing cjson.o(.text.cJSON_IsRaw), (40 bytes).
    Removing cjson.o(.ARM.exidx.text.cJSON_IsRaw), (8 bytes).
    Removing cjson.o(.text.cJSON_Compare), (632 bytes).
    Removing cjson.o(.ARM.exidx.text.cJSON_Compare), (8 bytes).
    Removing cjson.o(.text.cJSON_malloc), (30 bytes).
    Removing cjson.o(.ARM.exidx.text.cJSON_malloc), (8 bytes).
    Removing cjson.o(.text.cJSON_free), (30 bytes).
    Removing cjson.o(.ARM.exidx.text.cJSON_free), (8 bytes).
    Removing cjson.o(.text.update_offset), (60 bytes).
    Removing cjson.o(.ARM.exidx.text.update_offset), (8 bytes).
    Removing cjson.o(.text.parse_string), (620 bytes).
    Removing cjson.o(.ARM.exidx.text.parse_string), (8 bytes).
    Removing cjson.o(.text.parse_number), (448 bytes).
    Removing cjson.o(.ARM.exidx.text.parse_number), (8 bytes).
    Removing cjson.o(.text.parse_array), (402 bytes).
    Removing cjson.o(.ARM.exidx.text.parse_array), (8 bytes).
    Removing cjson.o(.text.parse_object), (514 bytes).
    Removing cjson.o(.ARM.exidx.text.parse_object), (8 bytes).
    Removing cjson.o(.text.utf16_literal_to_utf8), (460 bytes).
    Removing cjson.o(.ARM.exidx.text.utf16_literal_to_utf8), (8 bytes).
    Removing cjson.o(.text.parse_hex4), (188 bytes).
    Removing cjson.o(.ARM.exidx.text.parse_hex4), (8 bytes).
    Removing cjson.o(.text.get_decimal_point), (4 bytes).
    Removing cjson.o(.ARM.exidx.text.get_decimal_point), (8 bytes).
    Removing cjson.o(.text.ensure), (372 bytes).
    Removing cjson.o(.ARM.exidx.text.ensure), (8 bytes).
    Removing cjson.o(.text.print_number), (344 bytes).
    Removing cjson.o(.ARM.exidx.text.print_number), (8 bytes).
    Removing cjson.o(.text.print_string), (22 bytes).
    Removing cjson.o(.ARM.exidx.text.print_string), (8 bytes).
    Removing cjson.o(.text.print_array), (286 bytes).
    Removing cjson.o(.ARM.exidx.text.print_array), (8 bytes).
    Removing cjson.o(.text.print_object), (624 bytes).
    Removing cjson.o(.ARM.exidx.text.print_object), (8 bytes).
    Removing cjson.o(.text.print_string_ptr), (552 bytes).
    Removing cjson.o(.ARM.exidx.text.print_string_ptr), (8 bytes).
    Removing cjson.o(.text.case_insensitive_strcmp), (142 bytes).
    Removing cjson.o(.ARM.exidx.text.case_insensitive_strcmp), (8 bytes).
    Removing cjson.o(.bss.global_error), (8 bytes).
    Removing cjson.o(.bss.cJSON_Version.version), (15 bytes).
    Removing cjson.o(.rodata.str1.1), (48 bytes).
    Removing cjson.o(.data.global_hooks), (12 bytes).
    Removing cjson.o(.rodata.print.default_buffer_size), (4 bytes).
    Removing eventrecorder.o(.text), (0 bytes).
    Removing eventrecorder.o(.ARM.exidx.text.EventRecorderTimerSetup), (8 bytes).
    Removing eventrecorder.o(.text.EventRecorderTimerGetFreq), (12 bytes).
    Removing eventrecorder.o(.ARM.exidx.text.EventRecorderTimerGetFreq), (8 bytes).
    Removing eventrecorder.o(.ARM.exidx.text.EventRecorderTimerGetCount), (8 bytes).
    Removing eventrecorder.o(.ARM.exidx.text.EventRecorderInitialize), (8 bytes).
    Removing eventrecorder.o(.ARM.exidx.text.crc16_ccitt), (8 bytes).
    Removing eventrecorder.o(.ARM.exidx.text.EventRecorderEnable), (8 bytes).
    Removing eventrecorder.o(.ARM.exidx.text.EventGetTS), (8 bytes).
    Removing eventrecorder.o(.ARM.exidx.text.EventRecordItem), (8 bytes).
    Removing eventrecorder.o(.ARM.exidx.text.EventRecorderStart), (8 bytes).
    Removing eventrecorder.o(.text.EventRecorderDisable), (150 bytes).
    Removing eventrecorder.o(.ARM.exidx.text.EventRecorderDisable), (8 bytes).
    Removing eventrecorder.o(.text.EventRecorderStop), (76 bytes).
    Removing eventrecorder.o(.ARM.exidx.text.EventRecorderStop), (8 bytes).
    Removing eventrecorder.o(.text.EventRecorderClockUpdate), (56 bytes).
    Removing eventrecorder.o(.ARM.exidx.text.EventRecorderClockUpdate), (8 bytes).
    Removing eventrecorder.o(.ARM.exidx.text.EventRecordData), (8 bytes).
    Removing eventrecorder.o(.ARM.exidx.text.EventCheckFilter), (8 bytes).
    Removing eventrecorder.o(.ARM.exidx.text.GetContext), (8 bytes).
    Removing eventrecorder.o(.text.EventRecord2), (92 bytes).
    Removing eventrecorder.o(.ARM.exidx.text.EventRecord2), (8 bytes).
    Removing eventrecorder.o(.text.EventRecord4), (158 bytes).
    Removing eventrecorder.o(.ARM.exidx.text.EventRecord4), (8 bytes).
    Removing eventrecorder.o(.ARM.exidx.text.UpdateTS), (8 bytes).
    Removing eventrecorder.o(.ARM.exidx.text.IncrementOverflowTS), (8 bytes).
    Removing eventrecorder.o(.ARM.exidx.text.atomic_xch32), (8 bytes).
    Removing eventrecorder.o(.ARM.exidx.text.atomic_inc32), (8 bytes).
    Removing eventrecorder.o(.ARM.exidx.text.GetRecordIndex), (8 bytes).
    Removing eventrecorder.o(.ARM.exidx.text.LockRecord), (8 bytes).
    Removing eventrecorder.o(.ARM.exidx.text.UnlockRecord), (8 bytes).
    Removing eventrecorder.o(.ARM.exidx.text.IncrementRecordsWritten), (8 bytes).
    Removing eventrecorder.o(.ARM.exidx.text.IncrementRecordsDumped), (8 bytes).
    Removing eventrecorder.o(.ARM.exidx.text.atomic_inc8), (8 bytes).
    Removing retarget_io.o(.text), (0 bytes).
    Removing retarget_io.o(.ARM.exidx.text.fputc), (8 bytes).
    Removing retarget_io.o(.ARM.exidx.text.stdout_putchar), (8 bytes).
    Removing retarget_io.o(.text.fgetc), (12 bytes).
    Removing retarget_io.o(.ARM.exidx.text.fgetc), (8 bytes).
    Removing retarget_io.o(.text.__backspace), (12 bytes).
    Removing retarget_io.o(.ARM.exidx.text.__backspace), (8 bytes).
    Removing retarget_io.o(.ARM.exidx.text.__aeabi_assert), (8 bytes).
    Removing retarget_io.o(.ARM.exidx.text.abort), (8 bytes).
    Removing generic_list.o(.text), (0 bytes).
    Removing generic_list.o(.text.LIST_Init), (30 bytes).
    Removing generic_list.o(.ARM.exidx.text.LIST_Init), (8 bytes).
    Removing generic_list.o(.text.LIST_GetList), (12 bytes).
    Removing generic_list.o(.ARM.exidx.text.LIST_GetList), (8 bytes).
    Removing generic_list.o(.text.LIST_AddTail), (172 bytes).
    Removing generic_list.o(.ARM.exidx.text.LIST_AddTail), (8 bytes).
    Removing generic_list.o(.text.DisableGlobalIRQ), (26 bytes).
    Removing generic_list.o(.ARM.exidx.text.DisableGlobalIRQ), (8 bytes).
    Removing generic_list.o(.text.EnableGlobalIRQ), (18 bytes).
    Removing generic_list.o(.ARM.exidx.text.EnableGlobalIRQ), (8 bytes).
    Removing generic_list.o(.text.LIST_Scan), (66 bytes).
    Removing generic_list.o(.ARM.exidx.text.LIST_Scan), (8 bytes).
    Removing generic_list.o(.text.LIST_AddHead), (172 bytes).
    Removing generic_list.o(.ARM.exidx.text.LIST_AddHead), (8 bytes).
    Removing generic_list.o(.text.LIST_RemoveHead), (116 bytes).
    Removing generic_list.o(.ARM.exidx.text.LIST_RemoveHead), (8 bytes).
    Removing generic_list.o(.text.LIST_GetHead), (12 bytes).
    Removing generic_list.o(.ARM.exidx.text.LIST_GetHead), (8 bytes).
    Removing generic_list.o(.text.LIST_GetNext), (12 bytes).
    Removing generic_list.o(.ARM.exidx.text.LIST_GetNext), (8 bytes).
    Removing generic_list.o(.text.LIST_GetPrev), (12 bytes).
    Removing generic_list.o(.ARM.exidx.text.LIST_GetPrev), (8 bytes).
    Removing generic_list.o(.text.LIST_RemoveElement), (152 bytes).
    Removing generic_list.o(.ARM.exidx.text.LIST_RemoveElement), (8 bytes).
    Removing generic_list.o(.text.LIST_AddPrevElement), (202 bytes).
    Removing generic_list.o(.ARM.exidx.text.LIST_AddPrevElement), (8 bytes).
    Removing generic_list.o(.text.LIST_GetSize), (12 bytes).
    Removing generic_list.o(.ARM.exidx.text.LIST_GetSize), (8 bytes).
    Removing generic_list.o(.text.LIST_GetAvailableSize), (16 bytes).
    Removing generic_list.o(.ARM.exidx.text.LIST_GetAvailableSize), (8 bytes).
    Removing mem_manager.o(.text), (0 bytes).
    Removing mem_manager.o(.text.MEM_AddBuffer), (464 bytes).
    Removing mem_manager.o(.ARM.exidx.text.MEM_AddBuffer), (8 bytes).
    Removing mem_manager.o(.text.DisableGlobalIRQ), (26 bytes).
    Removing mem_manager.o(.ARM.exidx.text.DisableGlobalIRQ), (8 bytes).
    Removing mem_manager.o(.text.MEM_Init), (50 bytes).
    Removing mem_manager.o(.ARM.exidx.text.MEM_Init), (8 bytes).
    Removing mem_manager.o(.text.EnableGlobalIRQ), (18 bytes).
    Removing mem_manager.o(.ARM.exidx.text.EnableGlobalIRQ), (8 bytes).
    Removing mem_manager.o(.text.MEM_BufferAlloc), (126 bytes).
    Removing mem_manager.o(.ARM.exidx.text.MEM_BufferAlloc), (8 bytes).
    Removing mem_manager.o(.text.MEM_BufferFree), (230 bytes).
    Removing mem_manager.o(.ARM.exidx.text.MEM_BufferFree), (8 bytes).
    Removing mem_manager.o(.text.MEM_BufferGetSize), (70 bytes).
    Removing mem_manager.o(.ARM.exidx.text.MEM_BufferGetSize), (8 bytes).
    Removing mem_manager.o(.rodata.str1.1), (290 bytes).
    Removing mem_manager.o(.bss.s_memmanager), (8 bytes).
    Removing mem_manager.o(.bss.MEM_Init.initialized), (1 bytes).
    Removing usart_adapter.o(.text), (0 bytes).
    Removing usart_adapter.o(.text.HAL_UartInit), (356 bytes).
    Removing usart_adapter.o(.ARM.exidx.text.HAL_UartInit), (8 bytes).
    Removing usart_adapter.o(.text.HAL_UartGetStatus), (38 bytes).
    Removing usart_adapter.o(.ARM.exidx.text.HAL_UartGetStatus), (8 bytes).
    Removing usart_adapter.o(.text.HAL_UartDeinit), (70 bytes).
    Removing usart_adapter.o(.ARM.exidx.text.HAL_UartDeinit), (8 bytes).
    Removing usart_adapter.o(.text.HAL_UartReceiveBlocking), (152 bytes).
    Removing usart_adapter.o(.ARM.exidx.text.HAL_UartReceiveBlocking), (8 bytes).
    Removing usart_adapter.o(.text.HAL_UartSendBlocking), (146 bytes).
    Removing usart_adapter.o(.ARM.exidx.text.HAL_UartSendBlocking), (8 bytes).
    Removing usart_adapter.o(.text.HAL_UartEnterLowpower), (44 bytes).
    Removing usart_adapter.o(.ARM.exidx.text.HAL_UartEnterLowpower), (8 bytes).
    Removing usart_adapter.o(.text.HAL_UartExitLowpower), (44 bytes).
    Removing usart_adapter.o(.ARM.exidx.text.HAL_UartExitLowpower), (8 bytes).
    Removing usart_adapter.o(.rodata.str1.1), (230 bytes).
    Removing usart_adapter.o(.rodata.s_UsartAdapterBase), (32 bytes).
    Removing fsl_clock.o(.text), (0 bytes).
    Removing fsl_clock.o(.ARM.exidx.text.CLOCK_AttachClk), (8 bytes).
    Removing fsl_clock.o(.text.CLOCK_GetClockAttachId), (188 bytes).
    Removing fsl_clock.o(.ARM.exidx.text.CLOCK_GetClockAttachId), (8 bytes).
    Removing fsl_clock.o(.ARM.exidx.text.CLOCK_SetClkDiv), (8 bytes).
    Removing fsl_clock.o(.text.CLOCK_SetRtc1khzClkDiv), (34 bytes).
    Removing fsl_clock.o(.ARM.exidx.text.CLOCK_SetRtc1khzClkDiv), (8 bytes).
    Removing fsl_clock.o(.text.CLOCK_SetRtc1hzClkDiv), (62 bytes).
    Removing fsl_clock.o(.ARM.exidx.text.CLOCK_SetRtc1hzClkDiv), (8 bytes).
    Removing fsl_clock.o(.ARM.exidx.text.CLOCK_SetupFROClocking), (8 bytes).
    Removing fsl_clock.o(.ARM.exidx.text.POWER_DisablePD), (8 bytes).
    Removing fsl_clock.o(.ARM.exidx.text.CLOCK_SetFLASHAccessCyclesForFreq), (8 bytes).
    Removing fsl_clock.o(.ARM.exidx.text.CLOCK_SetupExtClocking), (8 bytes).
    Removing fsl_clock.o(.text.CLOCK_SetupI2SMClkClocking), (22 bytes).
    Removing fsl_clock.o(.ARM.exidx.text.CLOCK_SetupI2SMClkClocking), (8 bytes).
    Removing fsl_clock.o(.text.CLOCK_SetupPLUClkInClocking), (22 bytes).
    Removing fsl_clock.o(.ARM.exidx.text.CLOCK_SetupPLUClkInClocking), (8 bytes).
    Removing fsl_clock.o(.text.CLOCK_GetClockOutClkFreq), (150 bytes).
    Removing fsl_clock.o(.ARM.exidx.text.CLOCK_GetClockOutClkFreq), (8 bytes).
    Removing fsl_clock.o(.text.CLOCK_GetCoreSysClkFreq), (176 bytes).
    Removing fsl_clock.o(.ARM.exidx.text.CLOCK_GetCoreSysClkFreq), (8 bytes).
    Removing fsl_clock.o(.text.CLOCK_GetPll0OutFreq), (12 bytes).
    Removing fsl_clock.o(.ARM.exidx.text.CLOCK_GetPll0OutFreq), (8 bytes).
    Removing fsl_clock.o(.ARM.exidx.text.CLOCK_GetExtClkFreq), (8 bytes).
    Removing fsl_clock.o(.text.CLOCK_GetFroHfFreq), (28 bytes).
    Removing fsl_clock.o(.ARM.exidx.text.CLOCK_GetFroHfFreq), (8 bytes).
    Removing fsl_clock.o(.ARM.exidx.text.CLOCK_GetFro1MFreq), (8 bytes).
    Removing fsl_clock.o(.text.CLOCK_GetPll1OutFreq), (12 bytes).
    Removing fsl_clock.o(.ARM.exidx.text.CLOCK_GetPll1OutFreq), (8 bytes).
    Removing fsl_clock.o(.ARM.exidx.text.CLOCK_GetOsc32KFreq), (8 bytes).
    Removing fsl_clock.o(.text.CLOCK_GetAdcClkFreq), (118 bytes).
    Removing fsl_clock.o(.ARM.exidx.text.CLOCK_GetAdcClkFreq), (8 bytes).
    Removing fsl_clock.o(.text.CLOCK_GetUsb0ClkFreq), (126 bytes).
    Removing fsl_clock.o(.ARM.exidx.text.CLOCK_GetUsb0ClkFreq), (8 bytes).
    Removing fsl_clock.o(.text.CLOCK_GetUsb1ClkFreq), (46 bytes).
    Removing fsl_clock.o(.ARM.exidx.text.CLOCK_GetUsb1ClkFreq), (8 bytes).
    Removing fsl_clock.o(.text.CLOCK_GetMclkClkFreq), (114 bytes).
    Removing fsl_clock.o(.ARM.exidx.text.CLOCK_GetMclkClkFreq), (8 bytes).
    Removing fsl_clock.o(.text.CLOCK_GetSctClkFreq), (134 bytes).
    Removing fsl_clock.o(.ARM.exidx.text.CLOCK_GetSctClkFreq), (8 bytes).
    Removing fsl_clock.o(.text.CLOCK_GetI2SMClkFreq), (12 bytes).
    Removing fsl_clock.o(.ARM.exidx.text.CLOCK_GetI2SMClkFreq), (8 bytes).
    Removing fsl_clock.o(.text.CLOCK_GetSdioClkFreq), (126 bytes).
    Removing fsl_clock.o(.ARM.exidx.text.CLOCK_GetSdioClkFreq), (8 bytes).
    Removing fsl_clock.o(.text.CLOCK_GetFro12MFreq), (28 bytes).
    Removing fsl_clock.o(.ARM.exidx.text.CLOCK_GetFro12MFreq), (8 bytes).
    Removing fsl_clock.o(.text.CLOCK_GetWdtClkFreq), (28 bytes).
    Removing fsl_clock.o(.ARM.exidx.text.CLOCK_GetWdtClkFreq), (8 bytes).
    Removing fsl_clock.o(.text.CLOCK_GetPLUClkInFreq), (12 bytes).
    Removing fsl_clock.o(.ARM.exidx.text.CLOCK_GetPLUClkInFreq), (8 bytes).
    Removing fsl_clock.o(.text.CLOCK_GetFlexCommInputClock), (176 bytes).
    Removing fsl_clock.o(.ARM.exidx.text.CLOCK_GetFlexCommInputClock), (8 bytes).
    Removing fsl_clock.o(.text.CLOCK_GetFlexCommClkFreq), (68 bytes).
    Removing fsl_clock.o(.ARM.exidx.text.CLOCK_GetFlexCommClkFreq), (8 bytes).
    Removing fsl_clock.o(.text.CLOCK_GetHsLspiClkFreq), (162 bytes).
    Removing fsl_clock.o(.ARM.exidx.text.CLOCK_GetHsLspiClkFreq), (8 bytes).
    Removing fsl_clock.o(.text.CLOCK_GetCTimerClkFreq), (128 bytes).
    Removing fsl_clock.o(.ARM.exidx.text.CLOCK_GetCTimerClkFreq), (8 bytes).
    Removing fsl_clock.o(.text.CLOCK_GetSystickClkFreq), (114 bytes).
    Removing fsl_clock.o(.ARM.exidx.text.CLOCK_GetSystickClkFreq), (8 bytes).
    Removing fsl_clock.o(.text.CLOCK_SetFlexCommClock), (144 bytes).
    Removing fsl_clock.o(.ARM.exidx.text.CLOCK_SetFlexCommClock), (8 bytes).
    Removing fsl_clock.o(.text.CLOCK_GetFreq), (150 bytes).
    Removing fsl_clock.o(.ARM.exidx.text.CLOCK_GetFreq), (8 bytes).
    Removing fsl_clock.o(.ARM.exidx.text.CLOCK_GetPLL0InClockRate), (8 bytes).
    Removing fsl_clock.o(.text.CLOCK_GetPLL1InClockRate), (88 bytes).
    Removing fsl_clock.o(.ARM.exidx.text.CLOCK_GetPLL1InClockRate), (8 bytes).
    Removing fsl_clock.o(.text.CLOCK_GetPLL0OutFromSetup), (174 bytes).
    Removing fsl_clock.o(.ARM.exidx.text.CLOCK_GetPLL0OutFromSetup), (8 bytes).
    Removing fsl_clock.o(.ARM.exidx.text.findPll0PreDiv), (8 bytes).
    Removing fsl_clock.o(.text.findPll0PostDiv), (102 bytes).
    Removing fsl_clock.o(.ARM.exidx.text.findPll0PostDiv), (8 bytes).
    Removing fsl_clock.o(.text.findPll0MMult), (176 bytes).
    Removing fsl_clock.o(.ARM.exidx.text.findPll0MMult), (8 bytes).
    Removing fsl_clock.o(.text.CLOCK_SetStoredPLL0ClockRate), (20 bytes).
    Removing fsl_clock.o(.ARM.exidx.text.CLOCK_SetStoredPLL0ClockRate), (8 bytes).
    Removing fsl_clock.o(.text.CLOCK_GetPLL0OutClockRate), (124 bytes).
    Removing fsl_clock.o(.ARM.exidx.text.CLOCK_GetPLL0OutClockRate), (8 bytes).
    Removing fsl_clock.o(.text.CLOCK_GetPLL0OutFromSetupUpdate), (26 bytes).
    Removing fsl_clock.o(.ARM.exidx.text.CLOCK_GetPLL0OutFromSetupUpdate), (8 bytes).
    Removing fsl_clock.o(.text.CLOCK_SetupPLL0Data), (154 bytes).
    Removing fsl_clock.o(.ARM.exidx.text.CLOCK_SetupPLL0Data), (8 bytes).
    Removing fsl_clock.o(.text.CLOCK_GetPll0Config), (382 bytes).
    Removing fsl_clock.o(.ARM.exidx.text.CLOCK_GetPll0Config), (8 bytes).
    Removing fsl_clock.o(.text.CLOCK_SetupPLL0Prec), (336 bytes).
    Removing fsl_clock.o(.ARM.exidx.text.CLOCK_SetupPLL0Prec), (8 bytes).
    Removing fsl_clock.o(.ARM.exidx.text.POWER_EnablePD), (8 bytes).
    Removing fsl_clock.o(.ARM.exidx.text.CLOCK_IsPLL0Locked), (8 bytes).
    Removing fsl_clock.o(.ARM.exidx.text.CLOCK_SetPLL0Freq), (8 bytes).
    Removing fsl_clock.o(.text.CLOCK_SetPLL1Freq), (230 bytes).
    Removing fsl_clock.o(.ARM.exidx.text.CLOCK_SetPLL1Freq), (8 bytes).
    Removing fsl_clock.o(.text.findPll1PreDiv), (60 bytes).
    Removing fsl_clock.o(.ARM.exidx.text.findPll1PreDiv), (8 bytes).
    Removing fsl_clock.o(.text.CLOCK_IsPLL1Locked), (16 bytes).
    Removing fsl_clock.o(.ARM.exidx.text.CLOCK_IsPLL1Locked), (8 bytes).
    Removing fsl_clock.o(.text.CLOCK_SetupPLL0Mult), (256 bytes).
    Removing fsl_clock.o(.ARM.exidx.text.CLOCK_SetupPLL0Mult), (8 bytes).
    Removing fsl_clock.o(.text.CLOCK_EnableUsbfs0DeviceClock), (310 bytes).
    Removing fsl_clock.o(.ARM.exidx.text.CLOCK_EnableUsbfs0DeviceClock), (8 bytes).
    Removing fsl_clock.o(.text.CLOCK_DisableClock), (42 bytes).
    Removing fsl_clock.o(.ARM.exidx.text.CLOCK_DisableClock), (8 bytes).
    Removing fsl_clock.o(.text.CLOCK_EnableClock), (42 bytes).
    Removing fsl_clock.o(.ARM.exidx.text.CLOCK_EnableClock), (8 bytes).
    Removing fsl_clock.o(.text.CLOCK_EnableUsbfs0HostClock), (326 bytes).
    Removing fsl_clock.o(.ARM.exidx.text.CLOCK_EnableUsbfs0HostClock), (8 bytes).
    Removing fsl_clock.o(.text.CLOCK_EnableUsbhs0PhyPllClock), (198 bytes).
    Removing fsl_clock.o(.ARM.exidx.text.CLOCK_EnableUsbhs0PhyPllClock), (8 bytes).
    Removing fsl_clock.o(.text.CLOCK_EnableUsbhs0DeviceClock), (60 bytes).
    Removing fsl_clock.o(.ARM.exidx.text.CLOCK_EnableUsbhs0DeviceClock), (8 bytes).
    Removing fsl_clock.o(.text.CLOCK_EnableUsbhs0HostClock), (60 bytes).
    Removing fsl_clock.o(.ARM.exidx.text.CLOCK_EnableUsbhs0HostClock), (8 bytes).
    Removing fsl_clock.o(.text.CLOCK_GetPll0ConfigInternal), (600 bytes).
    Removing fsl_clock.o(.ARM.exidx.text.CLOCK_GetPll0ConfigInternal), (8 bytes).
    Removing fsl_clock.o(.text.FindGreatestCommonDivisor), (46 bytes).
    Removing fsl_clock.o(.ARM.exidx.text.FindGreatestCommonDivisor), (8 bytes).
    Removing fsl_clock.o(.text.pllFindSel), (170 bytes).
    Removing fsl_clock.o(.ARM.exidx.text.pllFindSel), (8 bytes).
    Removing fsl_clock.o(.bss.s_I2S_Mclk_Freq), (4 bytes).
    Removing fsl_clock.o(.bss.s_PLU_ClkIn_Freq), (4 bytes).
    Removing fsl_clock.o(.rodata.str1.1), (90 bytes).
    Removing fsl_clock.o(.bss.s_Pll1_Freq), (4 bytes).
    Removing fsl_clock.o(.rodata.cst32), (64 bytes).
    Removing fsl_clock.o(.bss.s_FinHzCache), (8 bytes).
    Removing fsl_clock.o(.bss.s_FoutHzCache), (8 bytes).
    Removing fsl_clock.o(.bss.s_UseSSCache), (2 bytes).
    Removing fsl_clock.o(.bss.s_PllSetupCacheStruct), (64 bytes).
    Removing fsl_clock.o(.bss.s_PllSetupCacheIdx), (4 bytes).
    Removing fsl_common.o(.text), (0 bytes).
    Removing fsl_common.o(.text.SDK_Malloc), (100 bytes).
    Removing fsl_common.o(.ARM.exidx.text.SDK_Malloc), (8 bytes).
    Removing fsl_common.o(.text.SDK_Free), (54 bytes).
    Removing fsl_common.o(.ARM.exidx.text.SDK_Free), (8 bytes).
    Removing fsl_common.o(.ARM.exidx.text.SDK_DelayAtLeastUs), (8 bytes).
    Removing fsl_common.o(.ARM.exidx.text.DelayLoop), (8 bytes).
    Removing fsl_ctimer.o(.text), (0 bytes).
    Removing fsl_ctimer.o(.ARM.exidx.text.CTIMER_Init), (8 bytes).
    Removing fsl_ctimer.o(.ARM.exidx.text.CLOCK_EnableClock), (8 bytes).
    Removing fsl_ctimer.o(.ARM.exidx.text.CTIMER_GetInstance), (8 bytes).
    Removing fsl_ctimer.o(.text.CTIMER_Deinit), (62 bytes).
    Removing fsl_ctimer.o(.ARM.exidx.text.CTIMER_Deinit), (8 bytes).
    Removing fsl_ctimer.o(.text.CLOCK_DisableClock), (42 bytes).
    Removing fsl_ctimer.o(.ARM.exidx.text.CLOCK_DisableClock), (8 bytes).
    Removing fsl_ctimer.o(.text.DisableIRQ), (48 bytes).
    Removing fsl_ctimer.o(.ARM.exidx.text.DisableIRQ), (8 bytes).
    Removing fsl_ctimer.o(.text.CTIMER_GetDefaultConfig), (68 bytes).
    Removing fsl_ctimer.o(.ARM.exidx.text.CTIMER_GetDefaultConfig), (8 bytes).
    Removing fsl_ctimer.o(.text.CTIMER_SetupPwm), (340 bytes).
    Removing fsl_ctimer.o(.ARM.exidx.text.CTIMER_SetupPwm), (8 bytes).
    Removing fsl_ctimer.o(.ARM.exidx.text.CTIMER_ClearStatusFlags), (8 bytes).
    Removing fsl_ctimer.o(.ARM.exidx.text.EnableIRQ), (8 bytes).
    Removing fsl_ctimer.o(.ARM.exidx.text.CTIMER_SetupPwmPeriod), (8 bytes).
    Removing fsl_ctimer.o(.text.CTIMER_UpdatePwmDutycycle), (94 bytes).
    Removing fsl_ctimer.o(.ARM.exidx.text.CTIMER_UpdatePwmDutycycle), (8 bytes).
    Removing fsl_ctimer.o(.text.CTIMER_SetupMatch), (288 bytes).
    Removing fsl_ctimer.o(.ARM.exidx.text.CTIMER_SetupMatch), (8 bytes).
    Removing fsl_ctimer.o(.text.CTIMER_SetupCapture), (166 bytes).
    Removing fsl_ctimer.o(.ARM.exidx.text.CTIMER_SetupCapture), (8 bytes).
    Removing fsl_ctimer.o(.text.CTIMER_RegisterCallBack), (60 bytes).
    Removing fsl_ctimer.o(.ARM.exidx.text.CTIMER_RegisterCallBack), (8 bytes).
    Removing fsl_ctimer.o(.ARM.exidx.text.CTIMER_GenericIRQHandler), (8 bytes).
    Removing fsl_ctimer.o(.ARM.exidx.text.CTIMER_GetStatusFlags), (8 bytes).
    Removing fsl_ctimer.o(.ARM.exidx.text.CTIMER0_DriverIRQHandler), (8 bytes).
    Removing fsl_ctimer.o(.ARM.exidx.text.CTIMER1_DriverIRQHandler), (8 bytes).
    Removing fsl_ctimer.o(.ARM.exidx.text.CTIMER2_DriverIRQHandler), (8 bytes).
    Removing fsl_ctimer.o(.ARM.exidx.text.CTIMER3_DriverIRQHandler), (8 bytes).
    Removing fsl_ctimer.o(.ARM.exidx.text.CTIMER4_DriverIRQHandler), (8 bytes).
    Removing fsl_ctimer.o(.text.__NVIC_DisableIRQ), (60 bytes).
    Removing fsl_ctimer.o(.ARM.exidx.text.__NVIC_DisableIRQ), (8 bytes).
    Removing fsl_ctimer.o(.ARM.exidx.text.__NVIC_EnableIRQ), (8 bytes).
    Removing fsl_dma.o(.text), (0 bytes).
    Removing fsl_dma.o(.ARM.exidx.text.DMA_Init), (8 bytes).
    Removing fsl_dma.o(.ARM.exidx.text.DMA_GetInstance), (8 bytes).
    Removing fsl_dma.o(.ARM.exidx.text.CLOCK_EnableClock), (8 bytes).
    Removing fsl_dma.o(.text.DMA_Deinit), (42 bytes).
    Removing fsl_dma.o(.ARM.exidx.text.DMA_Deinit), (8 bytes).
    Removing fsl_dma.o(.text.CLOCK_DisableClock), (42 bytes).
    Removing fsl_dma.o(.ARM.exidx.text.CLOCK_DisableClock), (8 bytes).
    Removing fsl_dma.o(.text.DMA_ConfigureChannelTrigger), (134 bytes).
    Removing fsl_dma.o(.ARM.exidx.text.DMA_ConfigureChannelTrigger), (8 bytes).
    Removing fsl_dma.o(.text.DMA_GetRemainingBytes), (128 bytes).
    Removing fsl_dma.o(.ARM.exidx.text.DMA_GetRemainingBytes), (8 bytes).
    Removing fsl_dma.o(.text.DMA_ChannelIsActive), (70 bytes).
    Removing fsl_dma.o(.ARM.exidx.text.DMA_ChannelIsActive), (8 bytes).
    Removing fsl_dma.o(.text.DMA_SetupDescriptor), (288 bytes).
    Removing fsl_dma.o(.ARM.exidx.text.DMA_SetupDescriptor), (8 bytes).
    Removing fsl_dma.o(.text.DMA_SetupChannelDescriptor), (520 bytes).
    Removing fsl_dma.o(.ARM.exidx.text.DMA_SetupChannelDescriptor), (8 bytes).
    Removing fsl_dma.o(.text.DMA_CreateDescriptor), (282 bytes).
    Removing fsl_dma.o(.ARM.exidx.text.DMA_CreateDescriptor), (8 bytes).
    Removing fsl_dma.o(.text.DMA_SetupXferCFG), (442 bytes).
    Removing fsl_dma.o(.ARM.exidx.text.DMA_SetupXferCFG), (8 bytes).
    Removing fsl_dma.o(.text.DMA_AbortTransfer), (144 bytes).
    Removing fsl_dma.o(.ARM.exidx.text.DMA_AbortTransfer), (8 bytes).
    Removing fsl_dma.o(.text.DMA_DisableChannel), (74 bytes).
    Removing fsl_dma.o(.ARM.exidx.text.DMA_DisableChannel), (8 bytes).
    Removing fsl_dma.o(.text.DMA_EnableChannel), (74 bytes).
    Removing fsl_dma.o(.ARM.exidx.text.DMA_EnableChannel), (8 bytes).
    Removing fsl_dma.o(.ARM.exidx.text.DMA_CreateHandle), (8 bytes).
    Removing fsl_dma.o(.ARM.exidx.text.DMA_GetVirtualStartChannel), (8 bytes).
    Removing fsl_dma.o(.ARM.exidx.text.EnableIRQ), (8 bytes).
    Removing fsl_dma.o(.ARM.exidx.text.DMA_EnableChannelInterrupts), (8 bytes).
    Removing fsl_dma.o(.text.DMA_SetCallback), (58 bytes).
    Removing fsl_dma.o(.ARM.exidx.text.DMA_SetCallback), (8 bytes).
    Removing fsl_dma.o(.text.DMA_PrepareTransfer), (524 bytes).
    Removing fsl_dma.o(.ARM.exidx.text.DMA_PrepareTransfer), (8 bytes).
    Removing fsl_dma.o(.text.DMA_SetChannelConfig), (150 bytes).
    Removing fsl_dma.o(.ARM.exidx.text.DMA_SetChannelConfig), (8 bytes).
    Removing fsl_dma.o(.text.DMA_PrepareChannelTransfer), (262 bytes).
    Removing fsl_dma.o(.ARM.exidx.text.DMA_PrepareChannelTransfer), (8 bytes).
    Removing fsl_dma.o(.text.DMA_LoadChannelDescriptor), (160 bytes).
    Removing fsl_dma.o(.ARM.exidx.text.DMA_LoadChannelDescriptor), (8 bytes).
    Removing fsl_dma.o(.text.DMA_InstallDescriptorMemory), (88 bytes).
    Removing fsl_dma.o(.ARM.exidx.text.DMA_InstallDescriptorMemory), (8 bytes).
    Removing fsl_dma.o(.text.DMA_SubmitChannelTransferParameter), (196 bytes).
    Removing fsl_dma.o(.ARM.exidx.text.DMA_SubmitChannelTransferParameter), (8 bytes).
    Removing fsl_dma.o(.text.DMA_SubmitChannelDescriptor), (98 bytes).
    Removing fsl_dma.o(.ARM.exidx.text.DMA_SubmitChannelDescriptor), (8 bytes).
    Removing fsl_dma.o(.text.DMA_SubmitChannelTransfer), (354 bytes).
    Removing fsl_dma.o(.ARM.exidx.text.DMA_SubmitChannelTransfer), (8 bytes).
    Removing fsl_dma.o(.text.DMA_SubmitTransfer), (286 bytes).
    Removing fsl_dma.o(.ARM.exidx.text.DMA_SubmitTransfer), (8 bytes).
    Removing fsl_dma.o(.text.DMA_EnableChannelPeriphRq), (64 bytes).
    Removing fsl_dma.o(.ARM.exidx.text.DMA_EnableChannelPeriphRq), (8 bytes).
    Removing fsl_dma.o(.text.DMA_DisableChannelPeriphRq), (64 bytes).
    Removing fsl_dma.o(.ARM.exidx.text.DMA_DisableChannelPeriphRq), (8 bytes).
    Removing fsl_dma.o(.text.DMA_StartTransfer), (140 bytes).
    Removing fsl_dma.o(.ARM.exidx.text.DMA_StartTransfer), (8 bytes).
    Removing fsl_dma.o(.ARM.exidx.text.DMA_IRQHandle), (8 bytes).
    Removing fsl_dma.o(.ARM.exidx.text.DMA0_DriverIRQHandler), (8 bytes).
    Removing fsl_dma.o(.ARM.exidx.text.DMA1_DriverIRQHandler), (8 bytes).
    Removing fsl_dma.o(.ARM.exidx.text.__NVIC_EnableIRQ), (8 bytes).
    Removing fsl_flexcomm.o(.text), (0 bytes).
    Removing fsl_flexcomm.o(.ARM.exidx.text.FLEXCOMM_GetInstance), (8 bytes).
    Removing fsl_flexcomm.o(.ARM.exidx.text.FLEXCOMM_Init), (8 bytes).
    Removing fsl_flexcomm.o(.ARM.exidx.text.CLOCK_EnableClock), (8 bytes).
    Removing fsl_flexcomm.o(.ARM.exidx.text.FLEXCOMM_SetPeriph), (8 bytes).
    Removing fsl_flexcomm.o(.text.FLEXCOMM_SetIRQHandler), (62 bytes).
    Removing fsl_flexcomm.o(.ARM.exidx.text.FLEXCOMM_SetIRQHandler), (8 bytes).
    Removing fsl_flexcomm.o(.ARM.exidx.text.FLEXCOMM0_DriverIRQHandler), (8 bytes).
    Removing fsl_flexcomm.o(.ARM.exidx.text.FLEXCOMM1_DriverIRQHandler), (8 bytes).
    Removing fsl_flexcomm.o(.ARM.exidx.text.FLEXCOMM2_DriverIRQHandler), (8 bytes).
    Removing fsl_flexcomm.o(.ARM.exidx.text.FLEXCOMM3_DriverIRQHandler), (8 bytes).
    Removing fsl_flexcomm.o(.ARM.exidx.text.FLEXCOMM4_DriverIRQHandler), (8 bytes).
    Removing fsl_flexcomm.o(.ARM.exidx.text.FLEXCOMM5_DriverIRQHandler), (8 bytes).
    Removing fsl_flexcomm.o(.ARM.exidx.text.FLEXCOMM6_DriverIRQHandler), (8 bytes).
    Removing fsl_flexcomm.o(.ARM.exidx.text.FLEXCOMM7_DriverIRQHandler), (8 bytes).
    Removing fsl_flexcomm.o(.ARM.exidx.text.FLEXCOMM8_DriverIRQHandler), (8 bytes).
    Removing fsl_flexcomm.o(.ARM.exidx.text.FLEXCOMM_PeripheralIsPresent), (8 bytes).
    Removing fsl_flexcomm.o(.rodata.kFlexcommIrqs), (9 bytes).
    Removing fsl_gpio.o(.text), (0 bytes).
    Removing fsl_gpio.o(.text.GPIO_PortInit), (80 bytes).
    Removing fsl_gpio.o(.ARM.exidx.text.GPIO_PortInit), (8 bytes).
    Removing fsl_gpio.o(.text.CLOCK_EnableClock), (42 bytes).
    Removing fsl_gpio.o(.ARM.exidx.text.CLOCK_EnableClock), (8 bytes).
    Removing fsl_gpio.o(.ARM.exidx.text.GPIO_PinInit), (8 bytes).
    Removing fsl_gpio.o(.rodata.str1.1), (118 bytes).
    Removing fsl_gpio.o(.rodata.s_gpioClockName), (8 bytes).
    Removing fsl_gpio.o(.rodata.s_gpioResets), (24 bytes).
    Removing fsl_i2c.o(.text), (0 bytes).
    Removing fsl_i2c.o(.text.I2C_GetInstance), (90 bytes).
    Removing fsl_i2c.o(.ARM.exidx.text.I2C_GetInstance), (8 bytes).
    Removing fsl_i2c.o(.text.I2C_MasterGetDefaultConfig), (46 bytes).
    Removing fsl_i2c.o(.ARM.exidx.text.I2C_MasterGetDefaultConfig), (8 bytes).
    Removing fsl_i2c.o(.ARM.exidx.text.I2C_MasterInit), (8 bytes).
    Removing fsl_i2c.o(.ARM.exidx.text.I2C_MasterEnable), (8 bytes).
    Removing fsl_i2c.o(.ARM.exidx.text.I2C_MasterSetBaudRate), (8 bytes).
    Removing fsl_i2c.o(.text.I2C_MasterDeinit), (18 bytes).
    Removing fsl_i2c.o(.ARM.exidx.text.I2C_MasterDeinit), (8 bytes).
    Removing fsl_i2c.o(.text.I2C_MasterStart), (94 bytes).
    Removing fsl_i2c.o(.ARM.exidx.text.I2C_MasterStart), (8 bytes).
    Removing fsl_i2c.o(.text.I2C_PendingStatusWait), (44 bytes).
    Removing fsl_i2c.o(.ARM.exidx.text.I2C_PendingStatusWait), (8 bytes).
    Removing fsl_i2c.o(.text.I2C_MasterStop), (54 bytes).
    Removing fsl_i2c.o(.ARM.exidx.text.I2C_MasterStop), (8 bytes).
    Removing fsl_i2c.o(.text.I2C_MasterWriteBlocking), (326 bytes).
    Removing fsl_i2c.o(.ARM.exidx.text.I2C_MasterWriteBlocking), (8 bytes).
    Removing fsl_i2c.o(.text.I2C_MasterReadBlocking), (272 bytes).
    Removing fsl_i2c.o(.ARM.exidx.text.I2C_MasterReadBlocking), (8 bytes).
    Removing fsl_i2c.o(.text.I2C_MasterTransferBlocking), (384 bytes).
    Removing fsl_i2c.o(.ARM.exidx.text.I2C_MasterTransferBlocking), (8 bytes).
    Removing fsl_i2c.o(.text.I2C_MasterRepeatedStart), (42 bytes).
    Removing fsl_i2c.o(.ARM.exidx.text.I2C_MasterRepeatedStart), (8 bytes).
    Removing fsl_i2c.o(.text.I2C_MasterTransferCreateHandle), (128 bytes).
    Removing fsl_i2c.o(.ARM.exidx.text.I2C_MasterTransferCreateHandle), (8 bytes).
    Removing fsl_i2c.o(.text.I2C_MasterTransferHandleIRQ), (112 bytes).
    Removing fsl_i2c.o(.ARM.exidx.text.I2C_MasterTransferHandleIRQ), (8 bytes).
    Removing fsl_i2c.o(.text.I2C_DisableInterrupts), (18 bytes).
    Removing fsl_i2c.o(.ARM.exidx.text.I2C_DisableInterrupts), (8 bytes).
    Removing fsl_i2c.o(.text.EnableIRQ), (48 bytes).
    Removing fsl_i2c.o(.ARM.exidx.text.EnableIRQ), (8 bytes).
    Removing fsl_i2c.o(.text.I2C_MasterTransferNonBlocking), (182 bytes).
    Removing fsl_i2c.o(.ARM.exidx.text.I2C_MasterTransferNonBlocking), (8 bytes).
    Removing fsl_i2c.o(.text.I2C_InitTransferStateMachine), (266 bytes).
    Removing fsl_i2c.o(.ARM.exidx.text.I2C_InitTransferStateMachine), (8 bytes).
    Removing fsl_i2c.o(.text.I2C_MasterClearStatusFlags), (22 bytes).
    Removing fsl_i2c.o(.ARM.exidx.text.I2C_MasterClearStatusFlags), (8 bytes).
    Removing fsl_i2c.o(.text.I2C_EnableInterrupts), (18 bytes).
    Removing fsl_i2c.o(.ARM.exidx.text.I2C_EnableInterrupts), (8 bytes).
    Removing fsl_i2c.o(.text.I2C_MasterTransferGetCount), (98 bytes).
    Removing fsl_i2c.o(.ARM.exidx.text.I2C_MasterTransferGetCount), (8 bytes).
    Removing fsl_i2c.o(.text.I2C_MasterTransferAbort), (108 bytes).
    Removing fsl_i2c.o(.ARM.exidx.text.I2C_MasterTransferAbort), (8 bytes).
    Removing fsl_i2c.o(.text.I2C_RunTransferStateMachine), (756 bytes).
    Removing fsl_i2c.o(.ARM.exidx.text.I2C_RunTransferStateMachine), (8 bytes).
    Removing fsl_i2c.o(.text.I2C_SlaveSetSendBuffer), (60 bytes).
    Removing fsl_i2c.o(.ARM.exidx.text.I2C_SlaveSetSendBuffer), (8 bytes).
    Removing fsl_i2c.o(.text.I2C_SlaveTransferNonBlockingInternal), (172 bytes).
    Removing fsl_i2c.o(.ARM.exidx.text.I2C_SlaveTransferNonBlockingInternal), (8 bytes).
    Removing fsl_i2c.o(.text.I2C_SlaveSetReceiveBuffer), (58 bytes).
    Removing fsl_i2c.o(.ARM.exidx.text.I2C_SlaveSetReceiveBuffer), (8 bytes).
    Removing fsl_i2c.o(.text.I2C_SlaveSetAddress), (60 bytes).
    Removing fsl_i2c.o(.ARM.exidx.text.I2C_SlaveSetAddress), (8 bytes).
    Removing fsl_i2c.o(.text.I2C_SlaveGetDefaultConfig), (82 bytes).
    Removing fsl_i2c.o(.ARM.exidx.text.I2C_SlaveGetDefaultConfig), (8 bytes).
    Removing fsl_i2c.o(.text.I2C_SlaveInit), (196 bytes).
    Removing fsl_i2c.o(.ARM.exidx.text.I2C_SlaveInit), (8 bytes).
    Removing fsl_i2c.o(.text.I2C_SlaveDivVal), (164 bytes).
    Removing fsl_i2c.o(.ARM.exidx.text.I2C_SlaveDivVal), (8 bytes).
    Removing fsl_i2c.o(.text.I2C_SlaveDeinit), (18 bytes).
    Removing fsl_i2c.o(.ARM.exidx.text.I2C_SlaveDeinit), (8 bytes).
    Removing fsl_i2c.o(.text.I2C_SlaveEnable), (30 bytes).
    Removing fsl_i2c.o(.ARM.exidx.text.I2C_SlaveEnable), (8 bytes).
    Removing fsl_i2c.o(.text.I2C_SlaveWriteBlocking), (316 bytes).
    Removing fsl_i2c.o(.ARM.exidx.text.I2C_SlaveWriteBlocking), (8 bytes).
    Removing fsl_i2c.o(.text.I2C_SlavePollPending), (34 bytes).
    Removing fsl_i2c.o(.ARM.exidx.text.I2C_SlavePollPending), (8 bytes).
    Removing fsl_i2c.o(.text.I2C_SlaveInternalStateMachineReset), (18 bytes).
    Removing fsl_i2c.o(.ARM.exidx.text.I2C_SlaveInternalStateMachineReset), (8 bytes).
    Removing fsl_i2c.o(.text.I2C_SlaveReadBlocking), (316 bytes).
    Removing fsl_i2c.o(.ARM.exidx.text.I2C_SlaveReadBlocking), (8 bytes).
    Removing fsl_i2c.o(.text.I2C_SlaveTransferCreateHandle), (144 bytes).
    Removing fsl_i2c.o(.ARM.exidx.text.I2C_SlaveTransferCreateHandle), (8 bytes).
    Removing fsl_i2c.o(.text.I2C_SlaveTransferHandleIRQ), (570 bytes).
    Removing fsl_i2c.o(.ARM.exidx.text.I2C_SlaveTransferHandleIRQ), (8 bytes).
    Removing fsl_i2c.o(.text.I2C_SlaveTransferNonBlocking), (38 bytes).
    Removing fsl_i2c.o(.ARM.exidx.text.I2C_SlaveTransferNonBlocking), (8 bytes).
    Removing fsl_i2c.o(.text.I2C_SlaveTransferGetCount), (102 bytes).
    Removing fsl_i2c.o(.ARM.exidx.text.I2C_SlaveTransferGetCount), (8 bytes).
    Removing fsl_i2c.o(.text.I2C_SlaveTransferAbort), (48 bytes).
    Removing fsl_i2c.o(.ARM.exidx.text.I2C_SlaveTransferAbort), (8 bytes).
    Removing fsl_i2c.o(.text.I2C_SlaveInvokeEvent), (180 bytes).
    Removing fsl_i2c.o(.ARM.exidx.text.I2C_SlaveInvokeEvent), (8 bytes).
    Removing fsl_i2c.o(.text.I2C_SlaveClearStatusFlags), (22 bytes).
    Removing fsl_i2c.o(.ARM.exidx.text.I2C_SlaveClearStatusFlags), (8 bytes).
    Removing fsl_i2c.o(.text.I2C_SlaveAddressIRQ), (232 bytes).
    Removing fsl_i2c.o(.ARM.exidx.text.I2C_SlaveAddressIRQ), (8 bytes).
    Removing fsl_i2c.o(.text.I2C_GetStatusFlags), (14 bytes).
    Removing fsl_i2c.o(.ARM.exidx.text.I2C_GetStatusFlags), (8 bytes).
    Removing fsl_i2c.o(.text.__NVIC_EnableIRQ), (52 bytes).
    Removing fsl_i2c.o(.ARM.exidx.text.__NVIC_EnableIRQ), (8 bytes).
    Removing fsl_i2c.o(.rodata.s_i2cBaseAddrs), (32 bytes).
    Removing fsl_i2c.o(.rodata.str1.1), (199 bytes).
    Removing fsl_i2c.o(.rodata.s_i2cIRQ), (8 bytes).
    Removing fsl_i2c_dma.o(.text), (0 bytes).
    Removing fsl_i2c_dma.o(.text.I2C_MasterTransferDMAHandleIRQ), (112 bytes).
    Removing fsl_i2c_dma.o(.ARM.exidx.text.I2C_MasterTransferDMAHandleIRQ), (8 bytes).
    Removing fsl_i2c_dma.o(.text.I2C_RunTransferStateMachineDMA), (884 bytes).
    Removing fsl_i2c_dma.o(.ARM.exidx.text.I2C_RunTransferStateMachineDMA), (8 bytes).
    Removing fsl_i2c_dma.o(.text.I2C_DisableInterrupts), (18 bytes).
    Removing fsl_i2c_dma.o(.ARM.exidx.text.I2C_DisableInterrupts), (8 bytes).
    Removing fsl_i2c_dma.o(.text.I2C_MasterTransferCreateHandleDMA), (224 bytes).
    Removing fsl_i2c_dma.o(.ARM.exidx.text.I2C_MasterTransferCreateHandleDMA), (8 bytes).
    Removing fsl_i2c_dma.o(.text.EnableIRQ), (48 bytes).
    Removing fsl_i2c_dma.o(.ARM.exidx.text.EnableIRQ), (8 bytes).
    Removing fsl_i2c_dma.o(.text.I2C_MasterTransferCallbackDMA), (52 bytes).
    Removing fsl_i2c_dma.o(.ARM.exidx.text.I2C_MasterTransferCallbackDMA), (8 bytes).
    Removing fsl_i2c_dma.o(.text.I2C_MasterTransferDMA), (172 bytes).
    Removing fsl_i2c_dma.o(.ARM.exidx.text.I2C_MasterTransferDMA), (8 bytes).
    Removing fsl_i2c_dma.o(.text.I2C_InitTransferStateMachineDMA), (276 bytes).
    Removing fsl_i2c_dma.o(.ARM.exidx.text.I2C_InitTransferStateMachineDMA), (8 bytes).
    Removing fsl_i2c_dma.o(.text.I2C_MasterClearStatusFlags), (22 bytes).
    Removing fsl_i2c_dma.o(.ARM.exidx.text.I2C_MasterClearStatusFlags), (8 bytes).
    Removing fsl_i2c_dma.o(.text.I2C_EnableInterrupts), (18 bytes).
    Removing fsl_i2c_dma.o(.ARM.exidx.text.I2C_EnableInterrupts), (8 bytes).
    Removing fsl_i2c_dma.o(.text.I2C_MasterTransferGetCountDMA), (98 bytes).
    Removing fsl_i2c_dma.o(.ARM.exidx.text.I2C_MasterTransferGetCountDMA), (8 bytes).
    Removing fsl_i2c_dma.o(.text.I2C_MasterTransferAbortDMA), (144 bytes).
    Removing fsl_i2c_dma.o(.ARM.exidx.text.I2C_MasterTransferAbortDMA), (8 bytes).
    Removing fsl_i2c_dma.o(.text.I2C_GetStatusFlags), (14 bytes).
    Removing fsl_i2c_dma.o(.ARM.exidx.text.I2C_GetStatusFlags), (8 bytes).
    Removing fsl_i2c_dma.o(.text.I2C_RunDMATransfer), (278 bytes).
    Removing fsl_i2c_dma.o(.ARM.exidx.text.I2C_RunDMATransfer), (8 bytes).
    Removing fsl_i2c_dma.o(.text.__NVIC_EnableIRQ), (52 bytes).
    Removing fsl_i2c_dma.o(.ARM.exidx.text.__NVIC_EnableIRQ), (8 bytes).
    Removing fsl_i2c_dma.o(.rodata.str1.1), (170 bytes).
    Removing fsl_i2c_dma.o(.rodata.s_i2cIRQ), (8 bytes).
    Removing fsl_i2c_dma.o(.bss.s_dmaPrivateHandle), (64 bytes).
    Removing fsl_iap.o(.text), (0 bytes).
    Removing fsl_iap.o(.text.FLASH_Init), (98 bytes).
    Removing fsl_iap.o(.ARM.exidx.text.FLASH_Init), (8 bytes).
    Removing fsl_iap.o(.text.FLASH_Erase), (166 bytes).
    Removing fsl_iap.o(.ARM.exidx.text.FLASH_Erase), (8 bytes).
    Removing fsl_iap.o(.text.FLASH_Program), (166 bytes).
    Removing fsl_iap.o(.ARM.exidx.text.FLASH_Program), (8 bytes).
    Removing fsl_iap.o(.text.FLASH_VerifyErase), (84 bytes).
    Removing fsl_iap.o(.ARM.exidx.text.FLASH_VerifyErase), (8 bytes).
    Removing fsl_iap.o(.text.FLASH_VerifyProgram), (202 bytes).
    Removing fsl_iap.o(.ARM.exidx.text.FLASH_VerifyProgram), (8 bytes).
    Removing fsl_iap.o(.text.FLASH_GetProperty), (90 bytes).
    Removing fsl_iap.o(.ARM.exidx.text.FLASH_GetProperty), (8 bytes).
    Removing fsl_iap.o(.text.FFR_Init), (160 bytes).
    Removing fsl_iap.o(.ARM.exidx.text.FFR_Init), (8 bytes).
    Removing fsl_iap.o(.text.FFR_Deinit), (164 bytes).
    Removing fsl_iap.o(.ARM.exidx.text.FFR_Deinit), (8 bytes).
    Removing fsl_iap.o(.text.FFR_CustFactoryPageWrite), (200 bytes).
    Removing fsl_iap.o(.ARM.exidx.text.FFR_CustFactoryPageWrite), (8 bytes).
    Removing fsl_iap.o(.text.FFR_GetUUID), (174 bytes).
    Removing fsl_iap.o(.ARM.exidx.text.FFR_GetUUID), (8 bytes).
    Removing fsl_iap.o(.text.FFR_GetCustomerData), (202 bytes).
    Removing fsl_iap.o(.ARM.exidx.text.FFR_GetCustomerData), (8 bytes).
    Removing fsl_iap.o(.text.FFR_KeystoreWrite), (174 bytes).
    Removing fsl_iap.o(.ARM.exidx.text.FFR_KeystoreWrite), (8 bytes).
    Removing fsl_iap.o(.text.FFR_KeystoreGetAC), (174 bytes).
    Removing fsl_iap.o(.ARM.exidx.text.FFR_KeystoreGetAC), (8 bytes).
    Removing fsl_iap.o(.text.FFR_KeystoreGetKC), (192 bytes).
    Removing fsl_iap.o(.ARM.exidx.text.FFR_KeystoreGetKC), (8 bytes).
    Removing fsl_iap.o(.text.FFR_InfieldPageWrite), (184 bytes).
    Removing fsl_iap.o(.ARM.exidx.text.FFR_InfieldPageWrite), (8 bytes).
    Removing fsl_iap.o(.text.FFR_GetCustomerInfieldData), (202 bytes).
    Removing fsl_iap.o(.ARM.exidx.text.FFR_GetCustomerInfieldData), (8 bytes).
    Removing fsl_iap.o(.rodata.str1.1), (130 bytes).
    Removing fsl_iap.o(.bss.versionMajor), (4 bytes).
    Removing fsl_iap.o(.bss.runCmdFuncOption), (4 bytes).
    Removing fsl_inputmux.o(.text), (0 bytes).
    Removing fsl_inputmux.o(.text.INPUTMUX_Init), (16 bytes).
    Removing fsl_inputmux.o(.ARM.exidx.text.INPUTMUX_Init), (8 bytes).
    Removing fsl_inputmux.o(.text.CLOCK_EnableClock), (42 bytes).
    Removing fsl_inputmux.o(.ARM.exidx.text.CLOCK_EnableClock), (8 bytes).
    Removing fsl_inputmux.o(.ARM.exidx.text.INPUTMUX_AttachSignal), (8 bytes).
    Removing fsl_inputmux.o(.text.INPUTMUX_Deinit), (16 bytes).
    Removing fsl_inputmux.o(.ARM.exidx.text.INPUTMUX_Deinit), (8 bytes).
    Removing fsl_inputmux.o(.text.CLOCK_DisableClock), (42 bytes).
    Removing fsl_inputmux.o(.ARM.exidx.text.CLOCK_DisableClock), (8 bytes).
    Removing fsl_pint.o(.text), (0 bytes).
    Removing fsl_pint.o(.ARM.exidx.text.PINT_Init), (8 bytes).
    Removing fsl_pint.o(.ARM.exidx.text.CLOCK_EnableClock), (8 bytes).
    Removing fsl_pint.o(.ARM.exidx.text.PINT_PinInterruptConfig), (8 bytes).
    Removing fsl_pint.o(.ARM.exidx.text.PINT_PinInterruptClrRiseFlag), (8 bytes).
    Removing fsl_pint.o(.ARM.exidx.text.PINT_PinInterruptClrFallFlag), (8 bytes).
    Removing fsl_pint.o(.text.PINT_PinInterruptGetConfig), (216 bytes).
    Removing fsl_pint.o(.ARM.exidx.text.PINT_PinInterruptGetConfig), (8 bytes).
    Removing fsl_pint.o(.text.PINT_PatternMatchConfig), (218 bytes).
    Removing fsl_pint.o(.ARM.exidx.text.PINT_PatternMatchConfig), (8 bytes).
    Removing fsl_pint.o(.text.PINT_PatternMatchGetConfig), (182 bytes).
    Removing fsl_pint.o(.ARM.exidx.text.PINT_PatternMatchGetConfig), (8 bytes).
    Removing fsl_pint.o(.ARM.exidx.text.PINT_PatternMatchResetDetectLogic), (8 bytes).
    Removing fsl_pint.o(.ARM.exidx.text.PINT_PinInterruptClrStatus), (8 bytes).
    Removing fsl_pint.o(.text.PINT_PinInterruptClrStatusAll), (106 bytes).
    Removing fsl_pint.o(.ARM.exidx.text.PINT_PinInterruptClrStatusAll), (8 bytes).
    Removing fsl_pint.o(.text.PINT_EnableCallback), (106 bytes).
    Removing fsl_pint.o(.ARM.exidx.text.PINT_EnableCallback), (8 bytes).
    Removing fsl_pint.o(.text.__NVIC_ClearPendingIRQ), (52 bytes).
    Removing fsl_pint.o(.ARM.exidx.text.__NVIC_ClearPendingIRQ), (8 bytes).
    Removing fsl_pint.o(.text.EnableIRQ), (48 bytes).
    Removing fsl_pint.o(.ARM.exidx.text.EnableIRQ), (8 bytes).
    Removing fsl_pint.o(.text.PINT_EnableCallbackByIndex), (92 bytes).
    Removing fsl_pint.o(.ARM.exidx.text.PINT_EnableCallbackByIndex), (8 bytes).
    Removing fsl_pint.o(.text.PINT_DisableCallback), (112 bytes).
    Removing fsl_pint.o(.ARM.exidx.text.PINT_DisableCallback), (8 bytes).
    Removing fsl_pint.o(.text.DisableIRQ), (48 bytes).
    Removing fsl_pint.o(.ARM.exidx.text.DisableIRQ), (8 bytes).
    Removing fsl_pint.o(.text.PINT_DisableCallbackByIndex), (98 bytes).
    Removing fsl_pint.o(.ARM.exidx.text.PINT_DisableCallbackByIndex), (8 bytes).
    Removing fsl_pint.o(.text.PINT_Deinit), (190 bytes).
    Removing fsl_pint.o(.ARM.exidx.text.PINT_Deinit), (8 bytes).
    Removing fsl_pint.o(.text.CLOCK_DisableClock), (42 bytes).
    Removing fsl_pint.o(.ARM.exidx.text.CLOCK_DisableClock), (8 bytes).
    Removing fsl_pint.o(.ARM.exidx.text.SEC_GPIO_INT0_IRQ0_DriverIRQHandler), (8 bytes).
    Removing fsl_pint.o(.ARM.exidx.text.SEC_GPIO_INT0_IRQ1_DriverIRQHandler), (8 bytes).
    Removing fsl_pint.o(.ARM.exidx.text.PIN_INT0_DriverIRQHandler), (8 bytes).
    Removing fsl_pint.o(.ARM.exidx.text.PIN_INT1_DriverIRQHandler), (8 bytes).
    Removing fsl_pint.o(.ARM.exidx.text.PIN_INT2_DriverIRQHandler), (8 bytes).
    Removing fsl_pint.o(.ARM.exidx.text.PIN_INT3_DriverIRQHandler), (8 bytes).
    Removing fsl_pint.o(.ARM.exidx.text.PIN_INT4_DriverIRQHandler), (8 bytes).
    Removing fsl_pint.o(.ARM.exidx.text.PIN_INT5_DriverIRQHandler), (8 bytes).
    Removing fsl_pint.o(.ARM.exidx.text.PIN_INT6_DriverIRQHandler), (8 bytes).
    Removing fsl_pint.o(.ARM.exidx.text.PIN_INT7_DriverIRQHandler), (8 bytes).
    Removing fsl_pint.o(.text.__NVIC_EnableIRQ), (52 bytes).
    Removing fsl_pint.o(.ARM.exidx.text.__NVIC_EnableIRQ), (8 bytes).
    Removing fsl_pint.o(.text.__NVIC_DisableIRQ), (60 bytes).
    Removing fsl_pint.o(.ARM.exidx.text.__NVIC_DisableIRQ), (8 bytes).
    Removing fsl_pint.o(.rodata.s_pintIRQ), (10 bytes).
    Removing fsl_power.o(.text), (0 bytes).
    Removing fsl_reset.o(.text), (0 bytes).
    Removing fsl_reset.o(.ARM.exidx.text.RESET_SetPeripheralReset), (8 bytes).
    Removing fsl_reset.o(.ARM.exidx.text.RESET_ClearPeripheralReset), (8 bytes).
    Removing fsl_reset.o(.ARM.exidx.text.RESET_PeripheralReset), (8 bytes).
    Removing fsl_rtc.o(.text), (0 bytes).
    Removing fsl_rtc.o(.ARM.exidx.text.RTC_Init), (8 bytes).
    Removing fsl_rtc.o(.ARM.exidx.text.CLOCK_EnableClock), (8 bytes).
    Removing fsl_rtc.o(.ARM.exidx.text.RTC_SetDatetime), (8 bytes).
    Removing fsl_rtc.o(.ARM.exidx.text.RTC_CheckDatetimeFormat), (8 bytes).
    Removing fsl_rtc.o(.ARM.exidx.text.RTC_ConvertDatetimeToSeconds), (8 bytes).
    Removing fsl_rtc.o(.text.RTC_GetDatetime), (64 bytes).
    Removing fsl_rtc.o(.ARM.exidx.text.RTC_GetDatetime), (8 bytes).
    Removing fsl_rtc.o(.text.RTC_GetSecondsTimerCount), (36 bytes).
    Removing fsl_rtc.o(.ARM.exidx.text.RTC_GetSecondsTimerCount), (8 bytes).
    Removing fsl_rtc.o(.text.RTC_ConvertSecondsToDatetime), (390 bytes).
    Removing fsl_rtc.o(.ARM.exidx.text.RTC_ConvertSecondsToDatetime), (8 bytes).
    Removing fsl_rtc.o(.text.RTC_SetAlarm), (116 bytes).
    Removing fsl_rtc.o(.ARM.exidx.text.RTC_SetAlarm), (8 bytes).
    Removing fsl_rtc.o(.text.RTC_GetAlarm), (64 bytes).
    Removing fsl_rtc.o(.ARM.exidx.text.RTC_GetAlarm), (8 bytes).
    Removing fsl_rtc.o(.rodata..L__const.RTC_CheckDatetimeFormat.daysPerMonth), (13 bytes).
    Removing fsl_rtc.o(.rodata..L__const.RTC_ConvertSecondsToDatetime.daysPerMonth), (13 bytes).
    Removing fsl_spi.o(.text), (0 bytes).
    Removing fsl_spi.o(.ARM.exidx.text.SPI_GetInstance), (8 bytes).
    Removing fsl_spi.o(.ARM.exidx.text.SPI_SetDummyData), (8 bytes).
    Removing fsl_spi.o(.text.SPI_GetConfig), (32 bytes).
    Removing fsl_spi.o(.ARM.exidx.text.SPI_GetConfig), (8 bytes).
    Removing fsl_spi.o(.text.SPI_MasterGetDefaultConfig), (128 bytes).
    Removing fsl_spi.o(.ARM.exidx.text.SPI_MasterGetDefaultConfig), (8 bytes).
    Removing fsl_spi.o(.ARM.exidx.text.SPI_MasterInit), (8 bytes).
    Removing fsl_spi.o(.ARM.exidx.text.SPI_MasterSetBaud), (8 bytes).
    Removing fsl_spi.o(.ARM.exidx.text.SPI_SetTransferDelay), (8 bytes).
    Removing fsl_spi.o(.ARM.exidx.text.SPI_Enable), (8 bytes).
    Removing fsl_spi.o(.text.SPI_SlaveGetDefaultConfig), (92 bytes).
    Removing fsl_spi.o(.ARM.exidx.text.SPI_SlaveGetDefaultConfig), (8 bytes).
    Removing fsl_spi.o(.text.SPI_SlaveInit), (360 bytes).
    Removing fsl_spi.o(.ARM.exidx.text.SPI_SlaveInit), (8 bytes).
    Removing fsl_spi.o(.text.SPI_Deinit), (78 bytes).
    Removing fsl_spi.o(.ARM.exidx.text.SPI_Deinit), (8 bytes).
    Removing fsl_spi.o(.text.SPI_EnableTxDMA), (58 bytes).
    Removing fsl_spi.o(.ARM.exidx.text.SPI_EnableTxDMA), (8 bytes).
    Removing fsl_spi.o(.text.SPI_EnableRxDMA), (58 bytes).
    Removing fsl_spi.o(.ARM.exidx.text.SPI_EnableRxDMA), (8 bytes).
    Removing fsl_spi.o(.text.SPI_WriteData), (186 bytes).
    Removing fsl_spi.o(.ARM.exidx.text.SPI_WriteData), (8 bytes).
    Removing fsl_spi.o(.text.SPI_MasterTransferCreateHandle), (260 bytes).
    Removing fsl_spi.o(.ARM.exidx.text.SPI_MasterTransferCreateHandle), (8 bytes).
    Removing fsl_spi.o(.text.SPI_MasterTransferHandleIRQ), (486 bytes).
    Removing fsl_spi.o(.ARM.exidx.text.SPI_MasterTransferHandleIRQ), (8 bytes).
    Removing fsl_spi.o(.text.SPI_SlaveTransferHandleIRQ), (20 bytes).
    Removing fsl_spi.o(.ARM.exidx.text.SPI_SlaveTransferHandleIRQ), (8 bytes).
    Removing fsl_spi.o(.text.EnableIRQ), (48 bytes).
    Removing fsl_spi.o(.ARM.exidx.text.EnableIRQ), (8 bytes).
    Removing fsl_spi.o(.text.SPI_MasterTransferBlocking), (874 bytes).
    Removing fsl_spi.o(.ARM.exidx.text.SPI_MasterTransferBlocking), (8 bytes).
    Removing fsl_spi.o(.text.SPI_MasterTransferNonBlocking), (488 bytes).
    Removing fsl_spi.o(.ARM.exidx.text.SPI_MasterTransferNonBlocking), (8 bytes).
    Removing fsl_spi.o(.text.SPI_MasterHalfDuplexTransferBlocking), (236 bytes).
    Removing fsl_spi.o(.ARM.exidx.text.SPI_MasterHalfDuplexTransferBlocking), (8 bytes).
    Removing fsl_spi.o(.text.SPI_MasterHalfDuplexTransferNonBlocking), (274 bytes).
    Removing fsl_spi.o(.ARM.exidx.text.SPI_MasterHalfDuplexTransferNonBlocking), (8 bytes).
    Removing fsl_spi.o(.text.SPI_MasterTransferGetCount), (104 bytes).
    Removing fsl_spi.o(.ARM.exidx.text.SPI_MasterTransferGetCount), (8 bytes).
    Removing fsl_spi.o(.text.SPI_MasterTransferAbort), (90 bytes).
    Removing fsl_spi.o(.ARM.exidx.text.SPI_MasterTransferAbort), (8 bytes).
    Removing fsl_spi.o(.text.SPI_TransferHandleIRQInternal), (602 bytes).
    Removing fsl_spi.o(.ARM.exidx.text.SPI_TransferHandleIRQInternal), (8 bytes).
    Removing fsl_spi.o(.text.__NVIC_EnableIRQ), (52 bytes).
    Removing fsl_spi.o(.ARM.exidx.text.__NVIC_EnableIRQ), (8 bytes).
    Removing fsl_spi.o(.rodata.s_spiIRQ), (9 bytes).
    Removing fsl_spi_dma.o(.text), (0 bytes).
    Removing fsl_spi_dma.o(.text.SPI_MasterTransferCreateHandleDMA), (256 bytes).
    Removing fsl_spi_dma.o(.ARM.exidx.text.SPI_MasterTransferCreateHandleDMA), (8 bytes).
    Removing fsl_spi_dma.o(.text.SPI_TxDMACallback), (114 bytes).
    Removing fsl_spi_dma.o(.ARM.exidx.text.SPI_TxDMACallback), (8 bytes).
    Removing fsl_spi_dma.o(.text.SPI_RxDMACallback), (114 bytes).
    Removing fsl_spi_dma.o(.ARM.exidx.text.SPI_RxDMACallback), (8 bytes).
    Removing fsl_spi_dma.o(.text.SPI_MasterTransferDMA), (1306 bytes).
    Removing fsl_spi_dma.o(.ARM.exidx.text.SPI_MasterTransferDMA), (8 bytes).
    Removing fsl_spi_dma.o(.text.PrepareTxLastWord), (84 bytes).
    Removing fsl_spi_dma.o(.ARM.exidx.text.PrepareTxLastWord), (8 bytes).
    Removing fsl_spi_dma.o(.text.SPI_SetupDummy), (108 bytes).
    Removing fsl_spi_dma.o(.ARM.exidx.text.SPI_SetupDummy), (8 bytes).
    Removing fsl_spi_dma.o(.text.XferToFifoWR), (56 bytes).
    Removing fsl_spi_dma.o(.ARM.exidx.text.XferToFifoWR), (8 bytes).
    Removing fsl_spi_dma.o(.text.SpiConfigToFifoWR), (56 bytes).
    Removing fsl_spi_dma.o(.ARM.exidx.text.SpiConfigToFifoWR), (8 bytes).
    Removing fsl_spi_dma.o(.text.SPI_MasterHalfDuplexTransferDMA), (274 bytes).
    Removing fsl_spi_dma.o(.ARM.exidx.text.SPI_MasterHalfDuplexTransferDMA), (8 bytes).
    Removing fsl_spi_dma.o(.text.SPI_MasterTransferAbortDMA), (76 bytes).
    Removing fsl_spi_dma.o(.ARM.exidx.text.SPI_MasterTransferAbortDMA), (8 bytes).
    Removing fsl_spi_dma.o(.text.SPI_MasterTransferGetCountDMA), (124 bytes).
    Removing fsl_spi_dma.o(.ARM.exidx.text.SPI_MasterTransferGetCountDMA), (8 bytes).
    Removing fsl_spi_dma.o(.rodata.str1.1), (208 bytes).
    Removing fsl_spi_dma.o(.bss.s_dmaPrivateHandle), (72 bytes).
    Removing fsl_spi_dma.o(.bss.s_rxDummy), (2 bytes).
    Removing fsl_spi_dma.o(.bss.s_txLastWord), (36 bytes).
    Removing fsl_spi_dma.o(.bss.s_spi_descriptor_table), (144 bytes).
    Removing fsl_spi_dma.o(.bss.s_txDummy), (72 bytes).
    Removing fsl_usart.o(.text), (0 bytes).
    Removing fsl_usart.o(.text.USART_GetInstance), (90 bytes).
    Removing fsl_usart.o(.ARM.exidx.text.USART_GetInstance), (8 bytes).
    Removing fsl_usart.o(.text.USART_TransferGetRxRingBufferLength), (106 bytes).
    Removing fsl_usart.o(.ARM.exidx.text.USART_TransferGetRxRingBufferLength), (8 bytes).
    Removing fsl_usart.o(.text.USART_TransferStartRingBuffer), (146 bytes).
    Removing fsl_usart.o(.ARM.exidx.text.USART_TransferStartRingBuffer), (8 bytes).
    Removing fsl_usart.o(.text.USART_TransferStopRingBuffer), (114 bytes).
    Removing fsl_usart.o(.ARM.exidx.text.USART_TransferStopRingBuffer), (8 bytes).
    Removing fsl_usart.o(.ARM.exidx.text.USART_Init), (8 bytes).
    Removing fsl_usart.o(.ARM.exidx.text.USART_SetBaudRate), (8 bytes).
    Removing fsl_usart.o(.ARM.exidx.text.USART_EnableContinuousSCLK), (8 bytes).
    Removing fsl_usart.o(.text.USART_Deinit), (90 bytes).
    Removing fsl_usart.o(.ARM.exidx.text.USART_Deinit), (8 bytes).
    Removing fsl_usart.o(.text.USART_GetDefaultConfig), (112 bytes).
    Removing fsl_usart.o(.ARM.exidx.text.USART_GetDefaultConfig), (8 bytes).
    Removing fsl_usart.o(.text.USART_WriteBlocking), (184 bytes).
    Removing fsl_usart.o(.ARM.exidx.text.USART_WriteBlocking), (8 bytes).
    Removing fsl_usart.o(.text.USART_ReadBlocking), (326 bytes).
    Removing fsl_usart.o(.ARM.exidx.text.USART_ReadBlocking), (8 bytes).
    Removing fsl_usart.o(.text.USART_TransferCreateHandle), (240 bytes).
    Removing fsl_usart.o(.ARM.exidx.text.USART_TransferCreateHandle), (8 bytes).
    Removing fsl_usart.o(.text.USART_TransferHandleIRQ), (1008 bytes).
    Removing fsl_usart.o(.ARM.exidx.text.USART_TransferHandleIRQ), (8 bytes).
    Removing fsl_usart.o(.text.EnableIRQ), (48 bytes).
    Removing fsl_usart.o(.ARM.exidx.text.EnableIRQ), (8 bytes).
    Removing fsl_usart.o(.text.USART_TransferSendNonBlocking), (308 bytes).
    Removing fsl_usart.o(.ARM.exidx.text.USART_TransferSendNonBlocking), (8 bytes).
    Removing fsl_usart.o(.text.USART_TransferAbortSend), (80 bytes).
    Removing fsl_usart.o(.ARM.exidx.text.USART_TransferAbortSend), (8 bytes).
    Removing fsl_usart.o(.text.USART_DisableInterrupts), (22 bytes).
    Removing fsl_usart.o(.ARM.exidx.text.USART_DisableInterrupts), (8 bytes).
    Removing fsl_usart.o(.text.USART_TransferGetSendCount), (118 bytes).
    Removing fsl_usart.o(.ARM.exidx.text.USART_TransferGetSendCount), (8 bytes).
    Removing fsl_usart.o(.text.USART_TransferReceiveNonBlocking), (594 bytes).
    Removing fsl_usart.o(.ARM.exidx.text.USART_TransferReceiveNonBlocking), (8 bytes).
    Removing fsl_usart.o(.text.DisableGlobalIRQ), (26 bytes).
    Removing fsl_usart.o(.ARM.exidx.text.DisableGlobalIRQ), (8 bytes).
    Removing fsl_usart.o(.text.EnableGlobalIRQ), (18 bytes).
    Removing fsl_usart.o(.ARM.exidx.text.EnableGlobalIRQ), (8 bytes).
    Removing fsl_usart.o(.text.USART_TransferAbortReceive), (94 bytes).
    Removing fsl_usart.o(.ARM.exidx.text.USART_TransferAbortReceive), (8 bytes).
    Removing fsl_usart.o(.text.USART_TransferGetReceiveCount), (118 bytes).
    Removing fsl_usart.o(.ARM.exidx.text.USART_TransferGetReceiveCount), (8 bytes).
    Removing fsl_usart.o(.text.USART_TransferIsRxRingBufferFull), (84 bytes).
    Removing fsl_usart.o(.ARM.exidx.text.USART_TransferIsRxRingBufferFull), (8 bytes).
    Removing fsl_usart.o(.text.__NVIC_EnableIRQ), (52 bytes).
    Removing fsl_usart.o(.ARM.exidx.text.__NVIC_EnableIRQ), (8 bytes).
    Removing fsl_usart.o(.rodata.s_usartBaseAddrs), (32 bytes).
    Removing fsl_usart.o(.rodata.s_usartIRQ), (8 bytes).
    Removing fsl_usart_dma.o(.text), (0 bytes).
    Removing fsl_usart_dma.o(.text.USART_TransferCreateHandleDMA), (286 bytes).
    Removing fsl_usart_dma.o(.ARM.exidx.text.USART_TransferCreateHandleDMA), (8 bytes).
    Removing fsl_usart_dma.o(.text.USART_TransferSendDMACallback), (170 bytes).
    Removing fsl_usart_dma.o(.ARM.exidx.text.USART_TransferSendDMACallback), (8 bytes).
    Removing fsl_usart_dma.o(.text.USART_TransferReceiveDMACallback), (150 bytes).
    Removing fsl_usart_dma.o(.ARM.exidx.text.USART_TransferReceiveDMACallback), (8 bytes).
    Removing fsl_usart_dma.o(.text.USART_TransferSendDMA), (300 bytes).
    Removing fsl_usart_dma.o(.ARM.exidx.text.USART_TransferSendDMA), (8 bytes).
    Removing fsl_usart_dma.o(.text.USART_EnableTxDMA), (58 bytes).
    Removing fsl_usart_dma.o(.ARM.exidx.text.USART_EnableTxDMA), (8 bytes).
    Removing fsl_usart_dma.o(.text.USART_TransferReceiveDMA), (302 bytes).
    Removing fsl_usart_dma.o(.ARM.exidx.text.USART_TransferReceiveDMA), (8 bytes).
    Removing fsl_usart_dma.o(.text.USART_EnableRxDMA), (58 bytes).
    Removing fsl_usart_dma.o(.ARM.exidx.text.USART_EnableRxDMA), (8 bytes).
    Removing fsl_usart_dma.o(.text.USART_TransferAbortSendDMA), (96 bytes).
    Removing fsl_usart_dma.o(.ARM.exidx.text.USART_TransferAbortSendDMA), (8 bytes).
    Removing fsl_usart_dma.o(.text.USART_TransferAbortReceiveDMA), (96 bytes).
    Removing fsl_usart_dma.o(.ARM.exidx.text.USART_TransferAbortReceiveDMA), (8 bytes).
    Removing fsl_usart_dma.o(.text.USART_TransferGetReceiveCountDMA), (174 bytes).
    Removing fsl_usart_dma.o(.ARM.exidx.text.USART_TransferGetReceiveCountDMA), (8 bytes).
    Removing fsl_usart_dma.o(.rodata.str1.1), (283 bytes).
    Removing fsl_usart_dma.o(.bss.s_dmaPrivateHandle), (64 bytes).
    Removing fsl_utick.o(.text), (0 bytes).
    Removing fsl_utick.o(.ARM.exidx.text.UTICK_SetTick), (8 bytes).
    Removing fsl_utick.o(.ARM.exidx.text.UTICK_GetInstance), (8 bytes).
    Removing fsl_utick.o(.ARM.exidx.text.EnableIRQ), (8 bytes).
    Removing fsl_utick.o(.ARM.exidx.text.UTICK_Init), (8 bytes).
    Removing fsl_utick.o(.ARM.exidx.text.CLOCK_EnableClock), (8 bytes).
    Removing fsl_utick.o(.ARM.exidx.text.UTICK_HandleIRQ), (8 bytes).
    Removing fsl_utick.o(.text.UTICK_Deinit), (38 bytes).
    Removing fsl_utick.o(.ARM.exidx.text.UTICK_Deinit), (8 bytes).
    Removing fsl_utick.o(.text.CLOCK_DisableClock), (42 bytes).
    Removing fsl_utick.o(.ARM.exidx.text.CLOCK_DisableClock), (8 bytes).
    Removing fsl_utick.o(.text.UTICK_GetStatusFlags), (12 bytes).
    Removing fsl_utick.o(.ARM.exidx.text.UTICK_GetStatusFlags), (8 bytes).
    Removing fsl_utick.o(.ARM.exidx.text.UTICK_ClearStatusFlags), (8 bytes).
    Removing fsl_utick.o(.ARM.exidx.text.UTICK0_DriverIRQHandler), (8 bytes).
    Removing fsl_utick.o(.ARM.exidx.text.__NVIC_EnableIRQ), (8 bytes).
    Removing system_lpc55s69_cm33_core0.o(.text), (0 bytes).
    Removing system_lpc55s69_cm33_core0.o(.ARM.exidx.text.SystemInit), (8 bytes).
    Removing system_lpc55s69_cm33_core0.o(.ARM.exidx.text.SystemInitHook), (8 bytes).
    Removing system_lpc55s69_cm33_core0.o(.text.SystemCoreClockUpdate), (554 bytes).
    Removing system_lpc55s69_cm33_core0.o(.ARM.exidx.text.SystemCoreClockUpdate), (8 bytes).
    Removing system_lpc55s69_cm33_core0.o(.text.CLOCK_GetFro12MFreq), (28 bytes).
    Removing system_lpc55s69_cm33_core0.o(.ARM.exidx.text.CLOCK_GetFro12MFreq), (8 bytes).
    Removing system_lpc55s69_cm33_core0.o(.text.CLOCK_GetExtClkFreq), (28 bytes).
    Removing system_lpc55s69_cm33_core0.o(.ARM.exidx.text.CLOCK_GetExtClkFreq), (8 bytes).
    Removing system_lpc55s69_cm33_core0.o(.text.CLOCK_GetFro1MFreq), (28 bytes).
    Removing system_lpc55s69_cm33_core0.o(.ARM.exidx.text.CLOCK_GetFro1MFreq), (8 bytes).
    Removing system_lpc55s69_cm33_core0.o(.text.CLOCK_GetFroHfFreq), (28 bytes).
    Removing system_lpc55s69_cm33_core0.o(.ARM.exidx.text.CLOCK_GetFroHfFreq), (8 bytes).
    Removing system_lpc55s69_cm33_core0.o(.text.CLOCK_GetOsc32KFreq), (102 bytes).
    Removing system_lpc55s69_cm33_core0.o(.ARM.exidx.text.CLOCK_GetOsc32KFreq), (8 bytes).
    Removing system_lpc55s69_cm33_core0.o(.text.findPll0PreDiv), (60 bytes).
    Removing system_lpc55s69_cm33_core0.o(.ARM.exidx.text.findPll0PreDiv), (8 bytes).
    Removing system_lpc55s69_cm33_core0.o(.text.findPll0PostDiv), (102 bytes).
    Removing system_lpc55s69_cm33_core0.o(.ARM.exidx.text.findPll0PostDiv), (8 bytes).
    Removing system_lpc55s69_cm33_core0.o(.text.findPll0MMult), (172 bytes).
    Removing system_lpc55s69_cm33_core0.o(.ARM.exidx.text.findPll0MMult), (8 bytes).
    Removing system_lpc55s69_cm33_core0.o(.text.findPll1PreDiv), (60 bytes).
    Removing system_lpc55s69_cm33_core0.o(.ARM.exidx.text.findPll1PreDiv), (8 bytes).
    Removing system_lpc55s69_cm33_core0.o(.text.findPll1PostDiv), (102 bytes).
    Removing system_lpc55s69_cm33_core0.o(.ARM.exidx.text.findPll1PostDiv), (8 bytes).
    Removing system_lpc55s69_cm33_core0.o(.text.findPll1MMult), (40 bytes).
    Removing system_lpc55s69_cm33_core0.o(.ARM.exidx.text.findPll1MMult), (8 bytes).
    Removing fsl_power_lib.o(.text), (0 bytes).
    Removing fsl_power_lib.o(.text.POWER_CycleCpuAndFlash), (32 bytes).
    Removing fsl_power_lib.o(.ARM.exidx.text.POWER_CycleCpuAndFlash), (8 bytes).
    Removing fsl_power_lib.o(.text.POWER_EnterDeepSleep), (228 bytes).
    Removing fsl_power_lib.o(.ARM.exidx.text.POWER_EnterDeepSleep), (8 bytes).
    Removing fsl_power_lib.o(.text.lf_set_ldo_ao_ldo_mem_voltage), (88 bytes).
    Removing fsl_power_lib.o(.ARM.exidx.text.lf_set_ldo_ao_ldo_mem_voltage), (8 bytes).
    Removing fsl_power_lib.o(.text.POWER_EnterLowPower), (136 bytes).
    Removing fsl_power_lib.o(.ARM.exidx.text.POWER_EnterLowPower), (8 bytes).
    Removing fsl_power_lib.o(.text.POWER_EnterPowerDown), (316 bytes).
    Removing fsl_power_lib.o(.ARM.exidx.text.POWER_EnterPowerDown), (8 bytes).
    Removing fsl_power_lib.o(.text.POWER_EnterDeepPowerDown), (456 bytes).
    Removing fsl_power_lib.o(.ARM.exidx.text.POWER_EnterDeepPowerDown), (8 bytes).
    Removing fsl_power_lib.o(.text.POWER_EnterSleep), (32 bytes).
    Removing fsl_power_lib.o(.ARM.exidx.text.POWER_EnterSleep), (8 bytes).
    Removing fsl_power_lib.o(.text.POWER_GetLibVersion), (6 bytes).
    Removing fsl_power_lib.o(.ARM.exidx.text.POWER_GetLibVersion), (8 bytes).
    Removing fsl_power_lib.o(.ARM.exidx.text.POWER_SetVoltageForFreq), (8 bytes).
    Removing fsl_power_lib.o(.ARM.exidx.text.lowpower_set_dcdc_power_profile), (8 bytes).
    Removing fsl_power_lib.o(.ARM.exidx.text.lowpower_set_voltage_for_process), (8 bytes).
    Removing fsl_power_lib.o(.text.POWER_Xtal16mhzCapabankTrim), (36 bytes).
    Removing fsl_power_lib.o(.ARM.exidx.text.POWER_Xtal16mhzCapabankTrim), (8 bytes).
    Removing fsl_power_lib.o(.text.POWER_SetXtal16mhzLdo), (40 bytes).
    Removing fsl_power_lib.o(.ARM.exidx.text.POWER_SetXtal16mhzLdo), (8 bytes).
    Removing fsl_power_lib.o(.text.POWER_Xtal32khzCapabankTrim), (16 bytes).
    Removing fsl_power_lib.o(.ARM.exidx.text.POWER_Xtal32khzCapabankTrim), (8 bytes).
    Removing fsl_power_lib.o(.text.POWER_SetXtal16mhzTrim), (28 bytes).
    Removing fsl_power_lib.o(.ARM.exidx.text.POWER_SetXtal16mhzTrim), (8 bytes).
    Removing fsl_power_lib.o(.ARM.exidx.text.lowpower_set_system_voltage), (8 bytes).
    Removing dcmplt.o(.text), (54 bytes).
    Removing dcmpgt.o(.text), (54 bytes).
    Removing dcmpeq.o(.text), (56 bytes).
    Removing dfltui.o(.text), (26 bytes).
    Removing dfixi.o(.text), (62 bytes).
    Removing dfixui.o(.text), (50 bytes).
    Removing f2d.o(.text), (38 bytes).
    Removing d2f.o(.text), (56 bytes).
    Removing fepilogue.o(.text), (110 bytes).
    Removing dfltul.o(.text), (24 bytes).

1536 unused section(s) (total 88845 bytes) removed from the image.
